[12/11/14  18:45:15]
<pre>PDOException Object
(
    [message:protected] => SQLSTATE[42S02]: Base table or view not found: 1146 Table 'cofein.news_' doesn't exist
    [string:Exception:private] => 
    [code:protected] => 42S02
    [file:protected] => D:\Programs\Xampp\htdocs\CofeinWebsite\classes\Database.php
    [line:protected] => 33
    [trace:Exception:private] => Array
        (
            [0] => Array
                (
                    [file] => D:\Programs\Xampp\htdocs\CofeinWebsite\classes\Database.php
                    [line] => 33
                    [function] => execute
                    [class] => PDOStatement
                    [type] => ->
                    [args] => Array
                        (
                            [0] => Array
                                (
                                )

                        )

                )

            [1] => Array
                (
                    [file] => D:\Programs\Xampp\htdocs\CofeinWebsite\classes\Index.php
                    [line] => 11
                    [function] => execute
                    [class] => Database
                    [type] => ->
                    [args] => Array
                        (
                        )

                )

            [2] => Array
                (
                    [file] => D:\Programs\Xampp\htdocs\CofeinWebsite\classes\Main.php
                    [line] => 52
                    [function] => getContent
                    [class] => Index
                    [type] => ->
                    [args] => Array
                        (
                        )

                )

            [3] => Array
                (
                    [file] => D:\Programs\Xampp\htdocs\CofeinWebsite\classes\Main.php
                    [line] => 35
                    [function] => prepareContent
                    [class] => Main
                    [type] => ->
                    [args] => Array
                        (
                        )

                )

            [4] => Array
                (
                    [file] => D:\Programs\Xampp\htdocs\CofeinWebsite\classes\Main.php
                    [line] => 22
                    [function] => processRequest
                    [class] => Main
                    [type] => ->
                    [args] => Array
                        (
                        )

                )

            [5] => Array
                (
                    [file] => D:\Programs\Xampp\htdocs\CofeinWebsite\classes\Main.php
                    [line] => 118
                    [function] => __construct
                    [class] => Main
                    [type] => ->
                    [args] => Array
                        (
                        )

                )

            [6] => Array
                (
                    [file] => D:\Programs\Xampp\htdocs\CofeinWebsite\index.php
                    [line] => 12
                    [function] => getInstance
                    [class] => Main
                    [type] => ::
                    [args] => Array
                        (
                        )

                )

        )

    [previous:Exception:private] => 
    [errorInfo] => Array
        (
            [0] => 42S02
            [1] => 1146
            [2] => Table 'cofein.news_' doesn't exist
        )

)
</pre>


[12/11/14  19:00:06]
exception 'Exception' with message 'Bad request.' in D:\Programs\Xampp\htdocs\CofeinWebsite\classes\Main.php:43
Stack trace:
#0 D:\Programs\Xampp\htdocs\CofeinWebsite\classes\Main.php(22): Main->processRequest()
#1 D:\Programs\Xampp\htdocs\CofeinWebsite\classes\Main.php(119): Main->__construct()
#2 D:\Programs\Xampp\htdocs\CofeinWebsite\index.php(12): Main::getInstance()
#3 {main}


[12/11/14  21:00:23]
exception 'Exception' with message 'Bad request.' in D:\Programs\Xampp\htdocs\CofeinWebsite\classes\Main.php:43
Stack trace:
#0 D:\Programs\Xampp\htdocs\CofeinWebsite\classes\Main.php(22): Main->processRequest()
#1 D:\Programs\Xampp\htdocs\CofeinWebsite\classes\Main.php(125): Main->__construct()
#2 D:\Programs\Xampp\htdocs\CofeinWebsite\index.php(12): Main::getInstance()
#3 {main}


[12/11/14  21:00:26]
exception 'Exception' with message 'Bad request.' in D:\Programs\Xampp\htdocs\CofeinWebsite\classes\Main.php:43
Stack trace:
#0 D:\Programs\Xampp\htdocs\CofeinWebsite\classes\Main.php(22): Main->processRequest()
#1 D:\Programs\Xampp\htdocs\CofeinWebsite\classes\Main.php(125): Main->__construct()
#2 D:\Programs\Xampp\htdocs\CofeinWebsite\index.php(12): Main::getInstance()
#3 {main}


[12/11/14  21:00:27]
exception 'Exception' with message 'Bad request.' in D:\Programs\Xampp\htdocs\CofeinWebsite\classes\Main.php:43
Stack trace:
#0 D:\Programs\Xampp\htdocs\CofeinWebsite\classes\Main.php(22): Main->processRequest()
#1 D:\Programs\Xampp\htdocs\CofeinWebsite\classes\Main.php(125): Main->__construct()
#2 D:\Programs\Xampp\htdocs\CofeinWebsite\index.php(12): Main::getInstance()
#3 {main}


[12/11/14  21:00:34]
exception 'Exception' with message 'Bad request.' in D:\Programs\Xampp\htdocs\CofeinWebsite\classes\Main.php:43
Stack trace:
#0 D:\Programs\Xampp\htdocs\CofeinWebsite\classes\Main.php(22): Main->processRequest()
#1 D:\Programs\Xampp\htdocs\CofeinWebsite\classes\Main.php(125): Main->__construct()
#2 D:\Programs\Xampp\htdocs\CofeinWebsite\index.php(12): Main::getInstance()
#3 {main}


[12/11/14  21:00:35]
exception 'Exception' with message 'Bad request.' in D:\Programs\Xampp\htdocs\CofeinWebsite\classes\Main.php:43
Stack trace:
#0 D:\Programs\Xampp\htdocs\CofeinWebsite\classes\Main.php(22): Main->processRequest()
#1 D:\Programs\Xampp\htdocs\CofeinWebsite\classes\Main.php(125): Main->__construct()
#2 D:\Programs\Xampp\htdocs\CofeinWebsite\index.php(12): Main::getInstance()
#3 {main}


[12/11/14  21:00:35]
exception 'Exception' with message 'Bad request.' in D:\Programs\Xampp\htdocs\CofeinWebsite\classes\Main.php:43
Stack trace:
#0 D:\Programs\Xampp\htdocs\CofeinWebsite\classes\Main.php(22): Main->processRequest()
#1 D:\Programs\Xampp\htdocs\CofeinWebsite\classes\Main.php(125): Main->__construct()
#2 D:\Programs\Xampp\htdocs\CofeinWebsite\index.php(12): Main::getInstance()
#3 {main}


[12/11/14  21:19:05]
exception 'Exception' with message 'Bad request.' in D:\Programs\Xampp\htdocs\CofeinWebsite\classes\Main.php:43
Stack trace:
#0 D:\Programs\Xampp\htdocs\CofeinWebsite\classes\Main.php(22): Main->processRequest()
#1 D:\Programs\Xampp\htdocs\CofeinWebsite\classes\Main.php(127): Main->__construct()
#2 D:\Programs\Xampp\htdocs\CofeinWebsite\index.php(12): Main::getInstance()
#3 {main}


[25/11/14  13:56:38]
exception 'Exception' with message 'Could not upload file in Admin->news())' in D:\Programs\Xampp\htdocs\CofeinWebsite\classes\Admin.php:34
Stack trace:
#0 D:\Programs\Xampp\htdocs\CofeinWebsite\classes\Admin.php(25): Admin->news()
#1 D:\Programs\Xampp\htdocs\CofeinWebsite\classes\Main.php(57): Admin->getContent()
#2 D:\Programs\Xampp\htdocs\CofeinWebsite\classes\Main.php(36): Main->setContent()
#3 D:\Programs\Xampp\htdocs\CofeinWebsite\classes\Main.php(22): Main->processRequest()
#4 D:\Programs\Xampp\htdocs\CofeinWebsite\classes\Main.php(127): Main->__construct()
#5 D:\Programs\Xampp\htdocs\CofeinWebsite\index.php(12): Main::getInstance()
#6 {main}


[25/11/14  13:57:20]
exception 'Exception' with message 'Could not upload file in Admin->news())' in D:\Programs\Xampp\htdocs\CofeinWebsite\classes\Admin.php:34
Stack trace:
#0 D:\Programs\Xampp\htdocs\CofeinWebsite\classes\Admin.php(25): Admin->news()
#1 D:\Programs\Xampp\htdocs\CofeinWebsite\classes\Main.php(57): Admin->getContent()
#2 D:\Programs\Xampp\htdocs\CofeinWebsite\classes\Main.php(36): Main->setContent()
#3 D:\Programs\Xampp\htdocs\CofeinWebsite\classes\Main.php(22): Main->processRequest()
#4 D:\Programs\Xampp\htdocs\CofeinWebsite\classes\Main.php(127): Main->__construct()
#5 D:\Programs\Xampp\htdocs\CofeinWebsite\index.php(12): Main::getInstance()
#6 {main}


[25/11/14  14:01:21]
exception 'Exception' with message 'Could not upload file in Admin->news())' in D:\Programs\Xampp\htdocs\CofeinWebsite\classes\Admin.php:36
Stack trace:
#0 D:\Programs\Xampp\htdocs\CofeinWebsite\classes\Admin.php(25): Admin->news()
#1 D:\Programs\Xampp\htdocs\CofeinWebsite\classes\Main.php(57): Admin->getContent()
#2 D:\Programs\Xampp\htdocs\CofeinWebsite\classes\Main.php(36): Main->setContent()
#3 D:\Programs\Xampp\htdocs\CofeinWebsite\classes\Main.php(22): Main->processRequest()
#4 D:\Programs\Xampp\htdocs\CofeinWebsite\classes\Main.php(127): Main->__construct()
#5 D:\Programs\Xampp\htdocs\CofeinWebsite\index.php(12): Main::getInstance()
#6 {main}


[27/11/14  14:17:07]
exception 'Twig_Error_Loader' with message 'Unable to find template "views/layouts/default.html.php" (looked into: views/templates).' in D:\Programs\Xampp\htdocs\CofeinWebsite\classes\Twig\vendor\twig\twig\lib\Twig\Loader\Filesystem.php:191
Stack trace:
#0 D:\Programs\Xampp\htdocs\CofeinWebsite\classes\Twig\vendor\twig\twig\lib\Twig\Loader\Filesystem.php(138): Twig_Loader_Filesystem->findTemplate('views/layouts/d...')
#1 D:\Programs\Xampp\htdocs\CofeinWebsite\classes\Twig\vendor\twig\twig\lib\Twig\Environment.php(265): Twig_Loader_Filesystem->getCacheKey('views/layouts/d...')
#2 D:\Programs\Xampp\htdocs\CofeinWebsite\classes\Twig\vendor\twig\twig\lib\Twig\Environment.php(323): Twig_Environment->getTemplateClass('views/layouts/d...', NULL)
#3 D:\Programs\Xampp\htdocs\CofeinWebsite\classes\Twig\vendor\twig\twig\lib\Twig\Environment.php(292): Twig_Environment->loadTemplate('views/layouts/d...')
#4 D:\Programs\Xampp\htdocs\CofeinWebsite\classes\Main.php(98): Twig_Environment->render('views/layouts/d...', Array)
#5 D:\Programs\Xampp\htdocs\CofeinWebsite\classes\Main.php(38): Main->render()
#6 D:\Programs\Xampp\htdocs\CofeinWebsite\classes\Main.php(20): Main->processRequest()
#7 D:\Programs\Xampp\htdocs\CofeinWebsite\classes\Main.php(133): Main->__construct()
#8 D:\Programs\Xampp\htdocs\CofeinWebsite\index.php(13): Main::getInstance()
#9 {main}


[27/11/14  14:18:59]
exception 'Twig_Error_Loader' with message 'Unable to find template "views/layouts/layout_en.html.twig" (looked into: views/templates).' in D:\Programs\Xampp\htdocs\CofeinWebsite\classes\Twig\vendor\twig\twig\lib\Twig\Loader\Filesystem.php:191
Stack trace:
#0 D:\Programs\Xampp\htdocs\CofeinWebsite\classes\Twig\vendor\twig\twig\lib\Twig\Loader\Filesystem.php(138): Twig_Loader_Filesystem->findTemplate('views/layouts/l...')
#1 D:\Programs\Xampp\htdocs\CofeinWebsite\classes\Twig\vendor\twig\twig\lib\Twig\Environment.php(265): Twig_Loader_Filesystem->getCacheKey('views/layouts/l...')
#2 D:\Programs\Xampp\htdocs\CofeinWebsite\classes\Twig\vendor\twig\twig\lib\Twig\Environment.php(323): Twig_Environment->getTemplateClass('views/layouts/l...', NULL)
#3 D:\Programs\Xampp\htdocs\CofeinWebsite\classes\Twig\vendor\twig\twig\lib\Twig\Environment.php(292): Twig_Environment->loadTemplate('views/layouts/l...')
#4 D:\Programs\Xampp\htdocs\CofeinWebsite\classes\Main.php(98): Twig_Environment->render('views/layouts/l...', Array)
#5 D:\Programs\Xampp\htdocs\CofeinWebsite\classes\Main.php(38): Main->render()
#6 D:\Programs\Xampp\htdocs\CofeinWebsite\classes\Main.php(20): Main->processRequest()
#7 D:\Programs\Xampp\htdocs\CofeinWebsite\classes\Main.php(133): Main->__construct()
#8 D:\Programs\Xampp\htdocs\CofeinWebsite\index.php(13): Main::getInstance()
#9 {main}


[27/11/14  14:21:40]
exception 'Twig_Error_Loader' with message 'Unable to find template "views/layouts/default.html.php" (looked into: views/templates).' in D:\Programs\Xampp\htdocs\CofeinWebsite\classes\Twig\vendor\twig\twig\lib\Twig\Loader\Filesystem.php:191
Stack trace:
#0 D:\Programs\Xampp\htdocs\CofeinWebsite\classes\Twig\vendor\twig\twig\lib\Twig\Loader\Filesystem.php(138): Twig_Loader_Filesystem->findTemplate('views/layouts/d...')
#1 D:\Programs\Xampp\htdocs\CofeinWebsite\classes\Twig\vendor\twig\twig\lib\Twig\Environment.php(265): Twig_Loader_Filesystem->getCacheKey('views/layouts/d...')
#2 D:\Programs\Xampp\htdocs\CofeinWebsite\classes\Twig\vendor\twig\twig\lib\Twig\Environment.php(323): Twig_Environment->getTemplateClass('views/layouts/d...', NULL)
#3 D:\Programs\Xampp\htdocs\CofeinWebsite\classes\Twig\vendor\twig\twig\lib\Twig\Environment.php(292): Twig_Environment->loadTemplate('views/layouts/d...')
#4 D:\Programs\Xampp\htdocs\CofeinWebsite\classes\Main.php(98): Twig_Environment->render('views/layouts/d...', Array)
#5 D:\Programs\Xampp\htdocs\CofeinWebsite\classes\Main.php(38): Main->render()
#6 D:\Programs\Xampp\htdocs\CofeinWebsite\classes\Main.php(20): Main->processRequest()
#7 D:\Programs\Xampp\htdocs\CofeinWebsite\classes\Main.php(133): Main->__construct()
#8 D:\Programs\Xampp\htdocs\CofeinWebsite\index.php(13): Main::getInstance()
#9 {main}


[27/11/14  14:21:59]
exception 'Twig_Error_Loader' with message 'Unable to find template "views/layouts/layout_en.html.twig" (looked into: views/templates).' in D:\Programs\Xampp\htdocs\CofeinWebsite\classes\Twig\vendor\twig\twig\lib\Twig\Loader\Filesystem.php:191
Stack trace:
#0 D:\Programs\Xampp\htdocs\CofeinWebsite\classes\Twig\vendor\twig\twig\lib\Twig\Loader\Filesystem.php(138): Twig_Loader_Filesystem->findTemplate('views/layouts/l...')
#1 D:\Programs\Xampp\htdocs\CofeinWebsite\classes\Twig\vendor\twig\twig\lib\Twig\Environment.php(265): Twig_Loader_Filesystem->getCacheKey('views/layouts/l...')
#2 D:\Programs\Xampp\htdocs\CofeinWebsite\classes\Twig\vendor\twig\twig\lib\Twig\Environment.php(323): Twig_Environment->getTemplateClass('views/layouts/l...', NULL)
#3 D:\Programs\Xampp\htdocs\CofeinWebsite\classes\Twig\vendor\twig\twig\lib\Twig\Environment.php(292): Twig_Environment->loadTemplate('views/layouts/l...')
#4 D:\Programs\Xampp\htdocs\CofeinWebsite\classes\Main.php(98): Twig_Environment->render('views/layouts/l...', Array)
#5 D:\Programs\Xampp\htdocs\CofeinWebsite\classes\Main.php(38): Main->render()
#6 D:\Programs\Xampp\htdocs\CofeinWebsite\classes\Main.php(20): Main->processRequest()
#7 D:\Programs\Xampp\htdocs\CofeinWebsite\classes\Main.php(133): Main->__construct()
#8 D:\Programs\Xampp\htdocs\CofeinWebsite\index.php(13): Main::getInstance()
#9 {main}


[27/11/14  14:26:01]
exception 'Twig_Error_Loader' with message 'Unable to find template "views/layouts/layout_en.html.twig" (looked into: views/layouts).' in D:\Programs\Xampp\htdocs\CofeinWebsite\classes\Twig\vendor\twig\twig\lib\Twig\Loader\Filesystem.php:191
Stack trace:
#0 D:\Programs\Xampp\htdocs\CofeinWebsite\classes\Twig\vendor\twig\twig\lib\Twig\Loader\Filesystem.php(138): Twig_Loader_Filesystem->findTemplate('views/layouts/l...')
#1 D:\Programs\Xampp\htdocs\CofeinWebsite\classes\Twig\vendor\twig\twig\lib\Twig\Environment.php(265): Twig_Loader_Filesystem->getCacheKey('views/layouts/l...')
#2 D:\Programs\Xampp\htdocs\CofeinWebsite\classes\Twig\vendor\twig\twig\lib\Twig\Environment.php(323): Twig_Environment->getTemplateClass('views/layouts/l...', NULL)
#3 D:\Programs\Xampp\htdocs\CofeinWebsite\classes\Twig\vendor\twig\twig\lib\Twig\Environment.php(292): Twig_Environment->loadTemplate('views/layouts/l...')
#4 D:\Programs\Xampp\htdocs\CofeinWebsite\classes\Main.php(99): Twig_Environment->render('views/layouts/l...', Array)
#5 D:\Programs\Xampp\htdocs\CofeinWebsite\classes\Main.php(39): Main->render()
#6 D:\Programs\Xampp\htdocs\CofeinWebsite\classes\Main.php(21): Main->processRequest()
#7 D:\Programs\Xampp\htdocs\CofeinWebsite\classes\Main.php(134): Main->__construct()
#8 D:\Programs\Xampp\htdocs\CofeinWebsite\index.php(13): Main::getInstance()
#9 {main}


[27/11/14  14:28:52]
exception 'Twig_Error_Loader' with message 'Unable to find template "views/layouts/layout_en.html.twig" (looked into: D:\Programs\Xampp\htdocs\CofeinWebsite\views\layouts).' in D:\Programs\Xampp\htdocs\CofeinWebsite\classes\Twig\vendor\twig\twig\lib\Twig\Loader\Filesystem.php:191
Stack trace:
#0 D:\Programs\Xampp\htdocs\CofeinWebsite\classes\Twig\vendor\twig\twig\lib\Twig\Loader\Filesystem.php(138): Twig_Loader_Filesystem->findTemplate('views/layouts/l...')
#1 D:\Programs\Xampp\htdocs\CofeinWebsite\classes\Twig\vendor\twig\twig\lib\Twig\Environment.php(265): Twig_Loader_Filesystem->getCacheKey('views/layouts/l...')
#2 D:\Programs\Xampp\htdocs\CofeinWebsite\classes\Twig\vendor\twig\twig\lib\Twig\Environment.php(323): Twig_Environment->getTemplateClass('views/layouts/l...', NULL)
#3 D:\Programs\Xampp\htdocs\CofeinWebsite\classes\Twig\vendor\twig\twig\lib\Twig\Environment.php(292): Twig_Environment->loadTemplate('views/layouts/l...')
#4 D:\Programs\Xampp\htdocs\CofeinWebsite\classes\Main.php(99): Twig_Environment->render('views/layouts/l...', Array)
#5 D:\Programs\Xampp\htdocs\CofeinWebsite\classes\Main.php(39): Main->render()
#6 D:\Programs\Xampp\htdocs\CofeinWebsite\classes\Main.php(21): Main->processRequest()
#7 D:\Programs\Xampp\htdocs\CofeinWebsite\classes\Main.php(134): Main->__construct()
#8 D:\Programs\Xampp\htdocs\CofeinWebsite\index.php(13): Main::getInstance()
#9 {main}


[27/11/14  14:29:48]
exception 'Twig_Error_Loader' with message 'Unable to find template "views/templates/index.html.twig" (looked into: D:\Programs\Xampp\htdocs\CofeinWebsite\views\layouts) in "layout_en.html.twig" at line 55.' in D:\Programs\Xampp\htdocs\CofeinWebsite\classes\Twig\vendor\twig\twig\lib\Twig\Loader\Filesystem.php:191
Stack trace:
#0 D:\Programs\Xampp\htdocs\CofeinWebsite\classes\Twig\vendor\twig\twig\lib\Twig\Loader\Filesystem.php(138): Twig_Loader_Filesystem->findTemplate('views/templates...')
#1 D:\Programs\Xampp\htdocs\CofeinWebsite\classes\Twig\vendor\twig\twig\lib\Twig\Environment.php(265): Twig_Loader_Filesystem->getCacheKey('views/templates...')
#2 D:\Programs\Xampp\htdocs\CofeinWebsite\classes\Twig\vendor\twig\twig\lib\Twig\Environment.php(323): Twig_Environment->getTemplateClass('views/templates...', NULL)
#3 D:\Programs\Xampp\htdocs\CofeinWebsite\classes\Twig\vendor\twig\twig\lib\Twig\Environment.php(397): Twig_Environment->loadTemplate('views/templates...')
#4 D:\Programs\Xampp\htdocs\CofeinWebsite\classes\Twig\vendor\twig\twig\lib\Twig\Environment.php(331) : eval()'d code(104): Twig_Environment->resolveTemplate('views/templates...')
#5 D:\Programs\Xampp\htdocs\CofeinWebsite\classes\Twig\vendor\twig\twig\lib\Twig\Template.php(279): __TwigTemplate_850a2dc1ef978d0a3412656fae376ffb1ef073c6e125836a6a1782eb65ac3652->doDisplay(Array, Array)
#6 D:\Programs\Xampp\htdocs\CofeinWebsite\classes\Twig\vendor\twig\twig\lib\Twig\Template.php(253): Twig_Template->displayWithErrorHandling(Array, Array)
#7 D:\Programs\Xampp\htdocs\CofeinWebsite\classes\Twig\vendor\twig\twig\lib\Twig\Template.php(264): Twig_Template->display(Array)
#8 D:\Programs\Xampp\htdocs\CofeinWebsite\classes\Twig\vendor\twig\twig\lib\Twig\Environment.php(292): Twig_Template->render(Array)
#9 D:\Programs\Xampp\htdocs\CofeinWebsite\classes\Main.php(99): Twig_Environment->render('layout_en.html....', Array)
#10 D:\Programs\Xampp\htdocs\CofeinWebsite\classes\Main.php(39): Main->render()
#11 D:\Programs\Xampp\htdocs\CofeinWebsite\classes\Main.php(21): Main->processRequest()
#12 D:\Programs\Xampp\htdocs\CofeinWebsite\classes\Main.php(134): Main->__construct()
#13 D:\Programs\Xampp\htdocs\CofeinWebsite\index.php(13): Main::getInstance()
#14 {main}


[27/11/14  14:33:14]
exception 'Twig_Error_Loader' with message 'Unable to find template "views/templates/index.html.twig" (looked into: views/layouts, views/templates) in "layout_en.html.twig" at line 55.' in D:\Programs\Xampp\htdocs\CofeinWebsite\classes\Twig\vendor\twig\twig\lib\Twig\Loader\Filesystem.php:191
Stack trace:
#0 D:\Programs\Xampp\htdocs\CofeinWebsite\classes\Twig\vendor\twig\twig\lib\Twig\Loader\Filesystem.php(138): Twig_Loader_Filesystem->findTemplate('views/templates...')
#1 D:\Programs\Xampp\htdocs\CofeinWebsite\classes\Twig\vendor\twig\twig\lib\Twig\Environment.php(265): Twig_Loader_Filesystem->getCacheKey('views/templates...')
#2 D:\Programs\Xampp\htdocs\CofeinWebsite\classes\Twig\vendor\twig\twig\lib\Twig\Environment.php(323): Twig_Environment->getTemplateClass('views/templates...', NULL)
#3 D:\Programs\Xampp\htdocs\CofeinWebsite\classes\Twig\vendor\twig\twig\lib\Twig\Environment.php(397): Twig_Environment->loadTemplate('views/templates...')
#4 D:\Programs\Xampp\htdocs\CofeinWebsite\classes\Twig\vendor\twig\twig\lib\Twig\Environment.php(331) : eval()'d code(104): Twig_Environment->resolveTemplate('views/templates...')
#5 D:\Programs\Xampp\htdocs\CofeinWebsite\classes\Twig\vendor\twig\twig\lib\Twig\Template.php(279): __TwigTemplate_c7a684ccc1e76646167aad84400c7c35c3ecc0e70f96650cf72192b983674abb->doDisplay(Array, Array)
#6 D:\Programs\Xampp\htdocs\CofeinWebsite\classes\Twig\vendor\twig\twig\lib\Twig\Template.php(253): Twig_Template->displayWithErrorHandling(Array, Array)
#7 D:\Programs\Xampp\htdocs\CofeinWebsite\classes\Twig\vendor\twig\twig\lib\Twig\Template.php(264): Twig_Template->display(Array)
#8 D:\Programs\Xampp\htdocs\CofeinWebsite\classes\Twig\vendor\twig\twig\lib\Twig\Environment.php(292): Twig_Template->render(Array)
#9 D:\Programs\Xampp\htdocs\CofeinWebsite\classes\Main.php(99): Twig_Environment->render('layout_en.html....', Array)
#10 D:\Programs\Xampp\htdocs\CofeinWebsite\classes\Main.php(39): Main->render()
#11 D:\Programs\Xampp\htdocs\CofeinWebsite\classes\Main.php(21): Main->processRequest()
#12 D:\Programs\Xampp\htdocs\CofeinWebsite\classes\Main.php(134): Main->__construct()
#13 D:\Programs\Xampp\htdocs\CofeinWebsite\index.php(13): Main::getInstance()
#14 {main}


[27/11/14  14:33:40]
exception 'Twig_Error_Loader' with message 'There are no registered paths for namespace "__main__".' in D:\Programs\Xampp\htdocs\CofeinWebsite\classes\Twig\vendor\twig\twig\lib\Twig\Loader\Filesystem.php:182
Stack trace:
#0 D:\Programs\Xampp\htdocs\CofeinWebsite\classes\Twig\vendor\twig\twig\lib\Twig\Loader\Filesystem.php(138): Twig_Loader_Filesystem->findTemplate('layout_en.html....')
#1 D:\Programs\Xampp\htdocs\CofeinWebsite\classes\Twig\vendor\twig\twig\lib\Twig\Environment.php(265): Twig_Loader_Filesystem->getCacheKey('layout_en.html....')
#2 D:\Programs\Xampp\htdocs\CofeinWebsite\classes\Twig\vendor\twig\twig\lib\Twig\Environment.php(323): Twig_Environment->getTemplateClass('layout_en.html....', NULL)
#3 D:\Programs\Xampp\htdocs\CofeinWebsite\classes\Twig\vendor\twig\twig\lib\Twig\Environment.php(292): Twig_Environment->loadTemplate('layout_en.html....')
#4 D:\Programs\Xampp\htdocs\CofeinWebsite\classes\Main.php(99): Twig_Environment->render('layout_en.html....', Array)
#5 D:\Programs\Xampp\htdocs\CofeinWebsite\classes\Main.php(39): Main->render()
#6 D:\Programs\Xampp\htdocs\CofeinWebsite\classes\Main.php(21): Main->processRequest()
#7 D:\Programs\Xampp\htdocs\CofeinWebsite\classes\Main.php(134): Main->__construct()
#8 D:\Programs\Xampp\htdocs\CofeinWebsite\index.php(13): Main::getInstance()
#9 {main}


[27/11/14  15:42:27]
exception 'Twig_Error_Syntax' with message 'The function "dump" does not exist in "gallery.html.twig" at line 2' in D:\Programs\Xampp\htdocs\CofeinWebsite\classes\Twig\vendor\twig\twig\lib\Twig\ExpressionParser.php:553
Stack trace:
#0 D:\Programs\Xampp\htdocs\CofeinWebsite\classes\Twig\vendor\twig\twig\lib\Twig\ExpressionParser.php(336): Twig_ExpressionParser->getFunctionNodeClass('dump', 2)
#1 D:\Programs\Xampp\htdocs\CofeinWebsite\classes\Twig\vendor\twig\twig\lib\Twig\ExpressionParser.php(144): Twig_ExpressionParser->getFunctionNode('dump', 2)
#2 D:\Programs\Xampp\htdocs\CofeinWebsite\classes\Twig\vendor\twig\twig\lib\Twig\ExpressionParser.php(84): Twig_ExpressionParser->parsePrimaryExpression()
#3 D:\Programs\Xampp\htdocs\CofeinWebsite\classes\Twig\vendor\twig\twig\lib\Twig\ExpressionParser.php(41): Twig_ExpressionParser->getPrimary()
#4 D:\Programs\Xampp\htdocs\CofeinWebsite\classes\Twig\vendor\twig\twig\lib\Twig\Parser.php(141): Twig_ExpressionParser->parseExpression()
#5 D:\Programs\Xampp\htdocs\CofeinWebsite\classes\Twig\vendor\twig\twig\lib\Twig\TokenParser\For.php(47): Twig_Parser->subparse(Array)
#6 D:\Programs\Xampp\htdocs\CofeinWebsite\classes\Twig\vendor\twig\twig\lib\Twig\Parser.php(187): Twig_TokenParser_For->parse(Object(Twig_Token))
#7 D:\Programs\Xampp\htdocs\CofeinWebsite\classes\Twig\vendor\twig\twig\lib\Twig\Parser.php(95): Twig_Parser->subparse(NULL, false)
#8 D:\Programs\Xampp\htdocs\CofeinWebsite\classes\Twig\vendor\twig\twig\lib\Twig\Environment.php(507): Twig_Parser->parse(Object(Twig_TokenStream))
#9 D:\Programs\Xampp\htdocs\CofeinWebsite\classes\Twig\vendor\twig\twig\lib\Twig\Environment.php(559): Twig_Environment->parse(Object(Twig_TokenStream))
#10 D:\Programs\Xampp\htdocs\CofeinWebsite\classes\Twig\vendor\twig\twig\lib\Twig\Environment.php(331): Twig_Environment->compileSource('{% for article ...', 'gallery.html.tw...')
#11 D:\Programs\Xampp\htdocs\CofeinWebsite\classes\Twig\vendor\twig\twig\lib\Twig\Environment.php(292): Twig_Environment->loadTemplate('gallery.html.tw...')
#12 D:\Programs\Xampp\htdocs\CofeinWebsite\classes\Main.php(82): Twig_Environment->render('gallery.html.tw...', Array)
#13 D:\Programs\Xampp\htdocs\CofeinWebsite\classes\Main.php(37): Main->JsonResponse()
#14 D:\Programs\Xampp\htdocs\CofeinWebsite\classes\Main.php(21): Main->processRequest()
#15 D:\Programs\Xampp\htdocs\CofeinWebsite\classes\Main.php(109): Main->__construct()
#16 D:\Programs\Xampp\htdocs\CofeinWebsite\index.php(13): Main::getInstance()
#17 {main}


[27/11/14  15:49:24]
exception 'Twig_Error_Syntax' with message 'The function "dump" does not exist in "gallery.html.twig" at line 2' in D:\Programs\Xampp\htdocs\CofeinWebsite\classes\Twig\vendor\twig\twig\lib\Twig\ExpressionParser.php:553
Stack trace:
#0 D:\Programs\Xampp\htdocs\CofeinWebsite\classes\Twig\vendor\twig\twig\lib\Twig\ExpressionParser.php(336): Twig_ExpressionParser->getFunctionNodeClass('dump', 2)
#1 D:\Programs\Xampp\htdocs\CofeinWebsite\classes\Twig\vendor\twig\twig\lib\Twig\ExpressionParser.php(144): Twig_ExpressionParser->getFunctionNode('dump', 2)
#2 D:\Programs\Xampp\htdocs\CofeinWebsite\classes\Twig\vendor\twig\twig\lib\Twig\ExpressionParser.php(84): Twig_ExpressionParser->parsePrimaryExpression()
#3 D:\Programs\Xampp\htdocs\CofeinWebsite\classes\Twig\vendor\twig\twig\lib\Twig\ExpressionParser.php(41): Twig_ExpressionParser->getPrimary()
#4 D:\Programs\Xampp\htdocs\CofeinWebsite\classes\Twig\vendor\twig\twig\lib\Twig\Parser.php(141): Twig_ExpressionParser->parseExpression()
#5 D:\Programs\Xampp\htdocs\CofeinWebsite\classes\Twig\vendor\twig\twig\lib\Twig\Parser.php(95): Twig_Parser->subparse(NULL, false)
#6 D:\Programs\Xampp\htdocs\CofeinWebsite\classes\Twig\vendor\twig\twig\lib\Twig\Environment.php(507): Twig_Parser->parse(Object(Twig_TokenStream))
#7 D:\Programs\Xampp\htdocs\CofeinWebsite\classes\Twig\vendor\twig\twig\lib\Twig\Environment.php(559): Twig_Environment->parse(Object(Twig_TokenStream))
#8 D:\Programs\Xampp\htdocs\CofeinWebsite\classes\Twig\vendor\twig\twig\lib\Twig\Environment.php(331): Twig_Environment->compileSource('?{{ dump(conten...', 'gallery.html.tw...')
#9 D:\Programs\Xampp\htdocs\CofeinWebsite\classes\Twig\vendor\twig\twig\lib\Twig\Environment.php(292): Twig_Environment->loadTemplate('gallery.html.tw...')
#10 D:\Programs\Xampp\htdocs\CofeinWebsite\classes\Main.php(82): Twig_Environment->render('gallery.html.tw...', Array)
#11 D:\Programs\Xampp\htdocs\CofeinWebsite\classes\Main.php(37): Main->JsonResponse()
#12 D:\Programs\Xampp\htdocs\CofeinWebsite\classes\Main.php(21): Main->processRequest()
#13 D:\Programs\Xampp\htdocs\CofeinWebsite\classes\Main.php(109): Main->__construct()
#14 D:\Programs\Xampp\htdocs\CofeinWebsite\index.php(13): Main::getInstance()
#15 {main}


[27/11/14  16:02:02]
exception 'Twig_Error_Loader' with message 'Unable to find template "views/layouts/default.html.php" (looked into: views/layouts, views/templates).' in D:\Programs\Xampp\htdocs\CofeinWebsite\classes\Twig\vendor\twig\twig\lib\Twig\Loader\Filesystem.php:191
Stack trace:
#0 D:\Programs\Xampp\htdocs\CofeinWebsite\classes\Twig\vendor\twig\twig\lib\Twig\Loader\Filesystem.php(138): Twig_Loader_Filesystem->findTemplate('views/layouts/d...')
#1 D:\Programs\Xampp\htdocs\CofeinWebsite\classes\Twig\vendor\twig\twig\lib\Twig\Environment.php(265): Twig_Loader_Filesystem->getCacheKey('views/layouts/d...')
#2 D:\Programs\Xampp\htdocs\CofeinWebsite\classes\Twig\vendor\twig\twig\lib\Twig\Environment.php(323): Twig_Environment->getTemplateClass('views/layouts/d...', NULL)
#3 D:\Programs\Xampp\htdocs\CofeinWebsite\classes\Twig\vendor\twig\twig\lib\Twig\Environment.php(292): Twig_Environment->loadTemplate('views/layouts/d...')
#4 D:\Programs\Xampp\htdocs\CofeinWebsite\classes\Main.php(76): Twig_Environment->render('views/layouts/d...', Array)
#5 D:\Programs\Xampp\htdocs\CofeinWebsite\classes\Main.php(39): Main->render()
#6 D:\Programs\Xampp\htdocs\CofeinWebsite\classes\Main.php(21): Main->processRequest()
#7 D:\Programs\Xampp\htdocs\CofeinWebsite\classes\Main.php(111): Main->__construct()
#8 D:\Programs\Xampp\htdocs\CofeinWebsite\index.php(13): Main::getInstance()
#9 {main}


[27/11/14  16:02:38]
exception 'Twig_Error_Loader' with message 'Unable to find template "views/layouts/default.html.twig" (looked into: views/layouts, views/templates).' in D:\Programs\Xampp\htdocs\CofeinWebsite\classes\Twig\vendor\twig\twig\lib\Twig\Loader\Filesystem.php:191
Stack trace:
#0 D:\Programs\Xampp\htdocs\CofeinWebsite\classes\Twig\vendor\twig\twig\lib\Twig\Loader\Filesystem.php(138): Twig_Loader_Filesystem->findTemplate('views/layouts/d...')
#1 D:\Programs\Xampp\htdocs\CofeinWebsite\classes\Twig\vendor\twig\twig\lib\Twig\Environment.php(265): Twig_Loader_Filesystem->getCacheKey('views/layouts/d...')
#2 D:\Programs\Xampp\htdocs\CofeinWebsite\classes\Twig\vendor\twig\twig\lib\Twig\Environment.php(323): Twig_Environment->getTemplateClass('views/layouts/d...', NULL)
#3 D:\Programs\Xampp\htdocs\CofeinWebsite\classes\Twig\vendor\twig\twig\lib\Twig\Environment.php(292): Twig_Environment->loadTemplate('views/layouts/d...')
#4 D:\Programs\Xampp\htdocs\CofeinWebsite\classes\Main.php(76): Twig_Environment->render('views/layouts/d...', Array)
#5 D:\Programs\Xampp\htdocs\CofeinWebsite\classes\Main.php(39): Main->render()
#6 D:\Programs\Xampp\htdocs\CofeinWebsite\classes\Main.php(21): Main->processRequest()
#7 D:\Programs\Xampp\htdocs\CofeinWebsite\classes\Main.php(111): Main->__construct()
#8 D:\Programs\Xampp\htdocs\CofeinWebsite\index.php(13): Main::getInstance()
#9 {main}


[27/11/14  16:02:41]
exception 'Twig_Error_Loader' with message 'Unable to find template "views/layouts/default.html.twig" (looked into: views/layouts, views/templates).' in D:\Programs\Xampp\htdocs\CofeinWebsite\classes\Twig\vendor\twig\twig\lib\Twig\Loader\Filesystem.php:191
Stack trace:
#0 D:\Programs\Xampp\htdocs\CofeinWebsite\classes\Twig\vendor\twig\twig\lib\Twig\Loader\Filesystem.php(138): Twig_Loader_Filesystem->findTemplate('views/layouts/d...')
#1 D:\Programs\Xampp\htdocs\CofeinWebsite\classes\Twig\vendor\twig\twig\lib\Twig\Environment.php(265): Twig_Loader_Filesystem->getCacheKey('views/layouts/d...')
#2 D:\Programs\Xampp\htdocs\CofeinWebsite\classes\Twig\vendor\twig\twig\lib\Twig\Environment.php(323): Twig_Environment->getTemplateClass('views/layouts/d...', NULL)
#3 D:\Programs\Xampp\htdocs\CofeinWebsite\classes\Twig\vendor\twig\twig\lib\Twig\Environment.php(292): Twig_Environment->loadTemplate('views/layouts/d...')
#4 D:\Programs\Xampp\htdocs\CofeinWebsite\classes\Main.php(76): Twig_Environment->render('views/layouts/d...', Array)
#5 D:\Programs\Xampp\htdocs\CofeinWebsite\classes\Main.php(39): Main->render()
#6 D:\Programs\Xampp\htdocs\CofeinWebsite\classes\Main.php(21): Main->processRequest()
#7 D:\Programs\Xampp\htdocs\CofeinWebsite\classes\Main.php(111): Main->__construct()
#8 D:\Programs\Xampp\htdocs\CofeinWebsite\index.php(13): Main::getInstance()
#9 {main}


[27/11/14  17:06:14]
exception 'Twig_Error_Syntax' with message 'A template that extends another one cannot have a body in "admin.html.twig" at line 6.' in D:\Programs\Xampp\htdocs\CofeinWebsite\classes\Twig\vendor\twig\twig\lib\Twig\Parser.php:370
Stack trace:
#0 D:\Programs\Xampp\htdocs\CofeinWebsite\classes\Twig\vendor\twig\twig\lib\Twig\Parser.php(383): Twig_Parser->filterBodyNodes(Object(Twig_Node_Text))
#1 D:\Programs\Xampp\htdocs\CofeinWebsite\classes\Twig\vendor\twig\twig\lib\Twig\Parser.php(98): Twig_Parser->filterBodyNodes(Object(Twig_Node))
#2 D:\Programs\Xampp\htdocs\CofeinWebsite\classes\Twig\vendor\twig\twig\lib\Twig\Environment.php(507): Twig_Parser->parse(Object(Twig_TokenStream))
#3 D:\Programs\Xampp\htdocs\CofeinWebsite\classes\Twig\vendor\twig\twig\lib\Twig\Environment.php(559): Twig_Environment->parse(Object(Twig_TokenStream))
#4 D:\Programs\Xampp\htdocs\CofeinWebsite\classes\Twig\vendor\twig\twig\lib\Twig\Environment.php(331): Twig_Environment->compileSource('{% extends layo...', 'admin.html.twig')
#5 D:\Programs\Xampp\htdocs\CofeinWebsite\classes\Twig\vendor\twig\twig\lib\Twig\Environment.php(397): Twig_Environment->loadTemplate('admin.html.twig')
#6 D:\Programs\Xampp\htdocs\CofeinWebsite\classes\Twig\vendor\twig\twig\lib\Twig\Environment.php(331) : eval()'d code(47): Twig_Environment->resolveTemplate('admin.html.twig')
#7 D:\Programs\Xampp\htdocs\CofeinWebsite\classes\Twig\vendor\twig\twig\lib\Twig\Template.php(279): __TwigTemplate_1dc3ca49eb7caebb96468124d9e745f46da6c607885724cd5711018889673bf9->doDisplay(Array, Array)
#8 D:\Programs\Xampp\htdocs\CofeinWebsite\classes\Twig\vendor\twig\twig\lib\Twig\Template.php(253): Twig_Template->displayWithErrorHandling(Array, Array)
#9 D:\Programs\Xampp\htdocs\CofeinWebsite\classes\Twig\vendor\twig\twig\lib\Twig\Template.php(264): Twig_Template->display(Array)
#10 D:\Programs\Xampp\htdocs\CofeinWebsite\classes\Twig\vendor\twig\twig\lib\Twig\Environment.php(292): Twig_Template->render(Array)
#11 D:\Programs\Xampp\htdocs\CofeinWebsite\classes\Main.php(74): Twig_Environment->render('default.html.tw...', Array)
#12 D:\Programs\Xampp\htdocs\CofeinWebsite\classes\Main.php(37): Main->render()
#13 D:\Programs\Xampp\htdocs\CofeinWebsite\classes\Main.php(20): Main->processRequest()
#14 D:\Programs\Xampp\htdocs\CofeinWebsite\classes\Main.php(108): Main->__construct()
#15 D:\Programs\Xampp\htdocs\CofeinWebsite\index.php(13): Main::getInstance()
#16 {main}


[27/11/14  17:08:29]
exception 'Twig_Error_Syntax' with message 'A template that extends another one cannot have a body in "admin.html.twig" at line 6.' in D:\Programs\Xampp\htdocs\CofeinWebsite\classes\Twig\vendor\twig\twig\lib\Twig\Parser.php:370
Stack trace:
#0 D:\Programs\Xampp\htdocs\CofeinWebsite\classes\Twig\vendor\twig\twig\lib\Twig\Parser.php(383): Twig_Parser->filterBodyNodes(Object(Twig_Node_Text))
#1 D:\Programs\Xampp\htdocs\CofeinWebsite\classes\Twig\vendor\twig\twig\lib\Twig\Parser.php(98): Twig_Parser->filterBodyNodes(Object(Twig_Node))
#2 D:\Programs\Xampp\htdocs\CofeinWebsite\classes\Twig\vendor\twig\twig\lib\Twig\Environment.php(507): Twig_Parser->parse(Object(Twig_TokenStream))
#3 D:\Programs\Xampp\htdocs\CofeinWebsite\classes\Twig\vendor\twig\twig\lib\Twig\Environment.php(559): Twig_Environment->parse(Object(Twig_TokenStream))
#4 D:\Programs\Xampp\htdocs\CofeinWebsite\classes\Twig\vendor\twig\twig\lib\Twig\Environment.php(331): Twig_Environment->compileSource('{% extends layo...', 'admin.html.twig')
#5 D:\Programs\Xampp\htdocs\CofeinWebsite\classes\Twig\vendor\twig\twig\lib\Twig\Environment.php(397): Twig_Environment->loadTemplate('admin.html.twig')
#6 D:\Programs\Xampp\htdocs\CofeinWebsite\classes\Twig\vendor\twig\twig\lib\Twig\Environment.php(331) : eval()'d code(47): Twig_Environment->resolveTemplate('admin.html.twig')
#7 D:\Programs\Xampp\htdocs\CofeinWebsite\classes\Twig\vendor\twig\twig\lib\Twig\Template.php(279): __TwigTemplate_1dc3ca49eb7caebb96468124d9e745f46da6c607885724cd5711018889673bf9->doDisplay(Array, Array)
#8 D:\Programs\Xampp\htdocs\CofeinWebsite\classes\Twig\vendor\twig\twig\lib\Twig\Template.php(253): Twig_Template->displayWithErrorHandling(Array, Array)
#9 D:\Programs\Xampp\htdocs\CofeinWebsite\classes\Twig\vendor\twig\twig\lib\Twig\Template.php(264): Twig_Template->display(Array)
#10 D:\Programs\Xampp\htdocs\CofeinWebsite\classes\Twig\vendor\twig\twig\lib\Twig\Environment.php(292): Twig_Template->render(Array)
#11 D:\Programs\Xampp\htdocs\CofeinWebsite\classes\Main.php(74): Twig_Environment->render('default.html.tw...', Array)
#12 D:\Programs\Xampp\htdocs\CofeinWebsite\classes\Main.php(37): Main->render()
#13 D:\Programs\Xampp\htdocs\CofeinWebsite\classes\Main.php(20): Main->processRequest()
#14 D:\Programs\Xampp\htdocs\CofeinWebsite\classes\Main.php(108): Main->__construct()
#15 D:\Programs\Xampp\htdocs\CofeinWebsite\index.php(13): Main::getInstance()
#16 {main}


[27/11/14  17:08:31]
exception 'Twig_Error_Syntax' with message 'A template that extends another one cannot have a body in "admin.html.twig" at line 6.' in D:\Programs\Xampp\htdocs\CofeinWebsite\classes\Twig\vendor\twig\twig\lib\Twig\Parser.php:370
Stack trace:
#0 D:\Programs\Xampp\htdocs\CofeinWebsite\classes\Twig\vendor\twig\twig\lib\Twig\Parser.php(383): Twig_Parser->filterBodyNodes(Object(Twig_Node_Text))
#1 D:\Programs\Xampp\htdocs\CofeinWebsite\classes\Twig\vendor\twig\twig\lib\Twig\Parser.php(98): Twig_Parser->filterBodyNodes(Object(Twig_Node))
#2 D:\Programs\Xampp\htdocs\CofeinWebsite\classes\Twig\vendor\twig\twig\lib\Twig\Environment.php(507): Twig_Parser->parse(Object(Twig_TokenStream))
#3 D:\Programs\Xampp\htdocs\CofeinWebsite\classes\Twig\vendor\twig\twig\lib\Twig\Environment.php(559): Twig_Environment->parse(Object(Twig_TokenStream))
#4 D:\Programs\Xampp\htdocs\CofeinWebsite\classes\Twig\vendor\twig\twig\lib\Twig\Environment.php(331): Twig_Environment->compileSource('{% extends layo...', 'admin.html.twig')
#5 D:\Programs\Xampp\htdocs\CofeinWebsite\classes\Twig\vendor\twig\twig\lib\Twig\Environment.php(397): Twig_Environment->loadTemplate('admin.html.twig')
#6 D:\Programs\Xampp\htdocs\CofeinWebsite\classes\Twig\vendor\twig\twig\lib\Twig\Environment.php(331) : eval()'d code(47): Twig_Environment->resolveTemplate('admin.html.twig')
#7 D:\Programs\Xampp\htdocs\CofeinWebsite\classes\Twig\vendor\twig\twig\lib\Twig\Template.php(279): __TwigTemplate_1dc3ca49eb7caebb96468124d9e745f46da6c607885724cd5711018889673bf9->doDisplay(Array, Array)
#8 D:\Programs\Xampp\htdocs\CofeinWebsite\classes\Twig\vendor\twig\twig\lib\Twig\Template.php(253): Twig_Template->displayWithErrorHandling(Array, Array)
#9 D:\Programs\Xampp\htdocs\CofeinWebsite\classes\Twig\vendor\twig\twig\lib\Twig\Template.php(264): Twig_Template->display(Array)
#10 D:\Programs\Xampp\htdocs\CofeinWebsite\classes\Twig\vendor\twig\twig\lib\Twig\Environment.php(292): Twig_Template->render(Array)
#11 D:\Programs\Xampp\htdocs\CofeinWebsite\classes\Main.php(74): Twig_Environment->render('default.html.tw...', Array)
#12 D:\Programs\Xampp\htdocs\CofeinWebsite\classes\Main.php(37): Main->render()
#13 D:\Programs\Xampp\htdocs\CofeinWebsite\classes\Main.php(20): Main->processRequest()
#14 D:\Programs\Xampp\htdocs\CofeinWebsite\classes\Main.php(108): Main->__construct()
#15 D:\Programs\Xampp\htdocs\CofeinWebsite\index.php(13): Main::getInstance()
#16 {main}


[27/11/14  17:08:32]
exception 'Twig_Error_Syntax' with message 'A template that extends another one cannot have a body in "admin.html.twig" at line 6.' in D:\Programs\Xampp\htdocs\CofeinWebsite\classes\Twig\vendor\twig\twig\lib\Twig\Parser.php:370
Stack trace:
#0 D:\Programs\Xampp\htdocs\CofeinWebsite\classes\Twig\vendor\twig\twig\lib\Twig\Parser.php(383): Twig_Parser->filterBodyNodes(Object(Twig_Node_Text))
#1 D:\Programs\Xampp\htdocs\CofeinWebsite\classes\Twig\vendor\twig\twig\lib\Twig\Parser.php(98): Twig_Parser->filterBodyNodes(Object(Twig_Node))
#2 D:\Programs\Xampp\htdocs\CofeinWebsite\classes\Twig\vendor\twig\twig\lib\Twig\Environment.php(507): Twig_Parser->parse(Object(Twig_TokenStream))
#3 D:\Programs\Xampp\htdocs\CofeinWebsite\classes\Twig\vendor\twig\twig\lib\Twig\Environment.php(559): Twig_Environment->parse(Object(Twig_TokenStream))
#4 D:\Programs\Xampp\htdocs\CofeinWebsite\classes\Twig\vendor\twig\twig\lib\Twig\Environment.php(331): Twig_Environment->compileSource('{% extends layo...', 'admin.html.twig')
#5 D:\Programs\Xampp\htdocs\CofeinWebsite\classes\Twig\vendor\twig\twig\lib\Twig\Environment.php(397): Twig_Environment->loadTemplate('admin.html.twig')
#6 D:\Programs\Xampp\htdocs\CofeinWebsite\classes\Twig\vendor\twig\twig\lib\Twig\Environment.php(331) : eval()'d code(47): Twig_Environment->resolveTemplate('admin.html.twig')
#7 D:\Programs\Xampp\htdocs\CofeinWebsite\classes\Twig\vendor\twig\twig\lib\Twig\Template.php(279): __TwigTemplate_1dc3ca49eb7caebb96468124d9e745f46da6c607885724cd5711018889673bf9->doDisplay(Array, Array)
#8 D:\Programs\Xampp\htdocs\CofeinWebsite\classes\Twig\vendor\twig\twig\lib\Twig\Template.php(253): Twig_Template->displayWithErrorHandling(Array, Array)
#9 D:\Programs\Xampp\htdocs\CofeinWebsite\classes\Twig\vendor\twig\twig\lib\Twig\Template.php(264): Twig_Template->display(Array)
#10 D:\Programs\Xampp\htdocs\CofeinWebsite\classes\Twig\vendor\twig\twig\lib\Twig\Environment.php(292): Twig_Template->render(Array)
#11 D:\Programs\Xampp\htdocs\CofeinWebsite\classes\Main.php(74): Twig_Environment->render('default.html.tw...', Array)
#12 D:\Programs\Xampp\htdocs\CofeinWebsite\classes\Main.php(37): Main->render()
#13 D:\Programs\Xampp\htdocs\CofeinWebsite\classes\Main.php(20): Main->processRequest()
#14 D:\Programs\Xampp\htdocs\CofeinWebsite\classes\Main.php(108): Main->__construct()
#15 D:\Programs\Xampp\htdocs\CofeinWebsite\index.php(13): Main::getInstance()
#16 {main}


[27/11/14  17:09:07]
exception 'Twig_Error_Loader' with message 'Unable to find template "" (looked into: views/layouts, views/templates) in "admin.html.twig" at line 7.' in D:\Programs\Xampp\htdocs\CofeinWebsite\classes\Twig\vendor\twig\twig\lib\Twig\Loader\Filesystem.php:191
Stack trace:
#0 D:\Programs\Xampp\htdocs\CofeinWebsite\classes\Twig\vendor\twig\twig\lib\Twig\Loader\Filesystem.php(138): Twig_Loader_Filesystem->findTemplate(NULL)
#1 D:\Programs\Xampp\htdocs\CofeinWebsite\classes\Twig\vendor\twig\twig\lib\Twig\Environment.php(265): Twig_Loader_Filesystem->getCacheKey(NULL)
#2 D:\Programs\Xampp\htdocs\CofeinWebsite\classes\Twig\vendor\twig\twig\lib\Twig\Environment.php(323): Twig_Environment->getTemplateClass(NULL, NULL)
#3 D:\Programs\Xampp\htdocs\CofeinWebsite\classes\Twig\vendor\twig\twig\lib\Twig\Environment.php(397): Twig_Environment->loadTemplate(NULL)
#4 D:\Programs\Xampp\htdocs\CofeinWebsite\classes\Twig\vendor\twig\twig\lib\Twig\Environment.php(331) : eval()'d code(19): Twig_Environment->resolveTemplate(NULL)
#5 D:\Programs\Xampp\htdocs\CofeinWebsite\classes\Twig\vendor\twig\twig\lib\Twig\Template.php(69): __TwigTemplate_81d6b46c347ed4925f9791ea2f03a1d8614ef58251e260473100b9639a7aca56->doGetParent(Array)
#6 D:\Programs\Xampp\htdocs\CofeinWebsite\classes\Twig\vendor\twig\twig\lib\Twig\Environment.php(331) : eval()'d code(24): Twig_Template->getParent(Array)
#7 D:\Programs\Xampp\htdocs\CofeinWebsite\classes\Twig\vendor\twig\twig\lib\Twig\Template.php(279): __TwigTemplate_81d6b46c347ed4925f9791ea2f03a1d8614ef58251e260473100b9639a7aca56->doDisplay(Array, Array)
#8 D:\Programs\Xampp\htdocs\CofeinWebsite\classes\Twig\vendor\twig\twig\lib\Twig\Template.php(253): Twig_Template->displayWithErrorHandling(Array, Array)
#9 D:\Programs\Xampp\htdocs\CofeinWebsite\classes\Twig\vendor\twig\twig\lib\Twig\Environment.php(331) : eval()'d code(47): Twig_Template->display(Array)
#10 D:\Programs\Xampp\htdocs\CofeinWebsite\classes\Twig\vendor\twig\twig\lib\Twig\Template.php(279): __TwigTemplate_1dc3ca49eb7caebb96468124d9e745f46da6c607885724cd5711018889673bf9->doDisplay(Array, Array)
#11 D:\Programs\Xampp\htdocs\CofeinWebsite\classes\Twig\vendor\twig\twig\lib\Twig\Template.php(253): Twig_Template->displayWithErrorHandling(Array, Array)
#12 D:\Programs\Xampp\htdocs\CofeinWebsite\classes\Twig\vendor\twig\twig\lib\Twig\Template.php(264): Twig_Template->display(Array)
#13 D:\Programs\Xampp\htdocs\CofeinWebsite\classes\Twig\vendor\twig\twig\lib\Twig\Environment.php(292): Twig_Template->render(Array)
#14 D:\Programs\Xampp\htdocs\CofeinWebsite\classes\Main.php(74): Twig_Environment->render('default.html.tw...', Array)
#15 D:\Programs\Xampp\htdocs\CofeinWebsite\classes\Main.php(37): Main->render()
#16 D:\Programs\Xampp\htdocs\CofeinWebsite\classes\Main.php(20): Main->processRequest()
#17 D:\Programs\Xampp\htdocs\CofeinWebsite\classes\Main.php(108): Main->__construct()
#18 D:\Programs\Xampp\htdocs\CofeinWebsite\index.php(13): Main::getInstance()
#19 {main}


[27/11/14  17:13:05]
exception 'Twig_Error_Loader' with message 'Unable to find template "" (looked into: views/layouts, views/templates) in "admin.html.twig".' in D:\Programs\Xampp\htdocs\CofeinWebsite\classes\Twig\vendor\twig\twig\lib\Twig\Loader\Filesystem.php:191
Stack trace:
#0 D:\Programs\Xampp\htdocs\CofeinWebsite\classes\Twig\vendor\twig\twig\lib\Twig\Loader\Filesystem.php(138): Twig_Loader_Filesystem->findTemplate(NULL)
#1 D:\Programs\Xampp\htdocs\CofeinWebsite\classes\Twig\vendor\twig\twig\lib\Twig\Environment.php(265): Twig_Loader_Filesystem->getCacheKey(NULL)
#2 D:\Programs\Xampp\htdocs\CofeinWebsite\classes\Twig\vendor\twig\twig\lib\Twig\Environment.php(323): Twig_Environment->getTemplateClass(NULL, NULL)
#3 D:\Programs\Xampp\htdocs\CofeinWebsite\classes\Twig\vendor\twig\twig\lib\Twig\Environment.php(397): Twig_Environment->loadTemplate(NULL)
#4 D:\Programs\Xampp\htdocs\CofeinWebsite\classes\Twig\vendor\twig\twig\lib\Twig\Environment.php(331) : eval()'d code(19): Twig_Environment->resolveTemplate(NULL)
#5 D:\Programs\Xampp\htdocs\CofeinWebsite\classes\Twig\vendor\twig\twig\lib\Twig\Template.php(69): __TwigTemplate_81d6b46c347ed4925f9791ea2f03a1d8614ef58251e260473100b9639a7aca56->doGetParent(Array)
#6 D:\Programs\Xampp\htdocs\CofeinWebsite\classes\Twig\vendor\twig\twig\lib\Twig\Environment.php(331) : eval()'d code(24): Twig_Template->getParent(Array)
#7 D:\Programs\Xampp\htdocs\CofeinWebsite\classes\Twig\vendor\twig\twig\lib\Twig\Template.php(279): __TwigTemplate_81d6b46c347ed4925f9791ea2f03a1d8614ef58251e260473100b9639a7aca56->doDisplay(Array, Array)
#8 D:\Programs\Xampp\htdocs\CofeinWebsite\classes\Twig\vendor\twig\twig\lib\Twig\Template.php(253): Twig_Template->displayWithErrorHandling(Array, Array)
#9 D:\Programs\Xampp\htdocs\CofeinWebsite\classes\Twig\vendor\twig\twig\lib\Twig\Template.php(264): Twig_Template->display(Array)
#10 D:\Programs\Xampp\htdocs\CofeinWebsite\classes\Twig\vendor\twig\twig\lib\Twig\Environment.php(292): Twig_Template->render(Array)
#11 D:\Programs\Xampp\htdocs\CofeinWebsite\classes\Main.php(74): Twig_Environment->render('admin.html.twig', Array)
#12 D:\Programs\Xampp\htdocs\CofeinWebsite\classes\Main.php(37): Main->render()
#13 D:\Programs\Xampp\htdocs\CofeinWebsite\classes\Main.php(20): Main->processRequest()
#14 D:\Programs\Xampp\htdocs\CofeinWebsite\classes\Main.php(108): Main->__construct()
#15 D:\Programs\Xampp\htdocs\CofeinWebsite\index.php(13): Main::getInstance()
#16 {main}


[27/11/14  17:51:47]
exception 'Twig_Error_Syntax' with message 'Unexpected tag name "dump" (expecting closing tag for the "block" tag defined near line 7) in "admin.html.twig" at line 25' in D:\Programs\Xampp\htdocs\CofeinWebsite\classes\Twig\vendor\twig\twig\lib\Twig\Parser.php:174
Stack trace:
#0 D:\Programs\Xampp\htdocs\CofeinWebsite\classes\Twig\vendor\twig\twig\lib\Twig\TokenParser\Block.php(45): Twig_Parser->subparse(Array, true)
#1 D:\Programs\Xampp\htdocs\CofeinWebsite\classes\Twig\vendor\twig\twig\lib\Twig\Parser.php(187): Twig_TokenParser_Block->parse(Object(Twig_Token))
#2 D:\Programs\Xampp\htdocs\CofeinWebsite\classes\Twig\vendor\twig\twig\lib\Twig\Parser.php(95): Twig_Parser->subparse(NULL, false)
#3 D:\Programs\Xampp\htdocs\CofeinWebsite\classes\Twig\vendor\twig\twig\lib\Twig\Environment.php(507): Twig_Parser->parse(Object(Twig_TokenStream))
#4 D:\Programs\Xampp\htdocs\CofeinWebsite\classes\Twig\vendor\twig\twig\lib\Twig\Environment.php(559): Twig_Environment->parse(Object(Twig_TokenStream))
#5 D:\Programs\Xampp\htdocs\CofeinWebsite\classes\Twig\vendor\twig\twig\lib\Twig\Environment.php(331): Twig_Environment->compileSource('{% extends "lay...', 'admin.html.twig')
#6 D:\Programs\Xampp\htdocs\CofeinWebsite\classes\Twig\vendor\twig\twig\lib\Twig\Environment.php(292): Twig_Environment->loadTemplate('admin.html.twig')
#7 D:\Programs\Xampp\htdocs\CofeinWebsite\classes\Main.php(75): Twig_Environment->render('admin.html.twig', Array)
#8 D:\Programs\Xampp\htdocs\CofeinWebsite\classes\Main.php(38): Main->render()
#9 D:\Programs\Xampp\htdocs\CofeinWebsite\classes\Main.php(21): Main->processRequest()
#10 D:\Programs\Xampp\htdocs\CofeinWebsite\classes\Main.php(109): Main->__construct()
#11 D:\Programs\Xampp\htdocs\CofeinWebsite\index.php(13): Main::getInstance()
#12 {main}


[28/11/14  08:55:10]
exception 'Twig_Error_Loader' with message 'Unable to find template "main.html.twig" (looked into: views/layouts, views/templates).' in D:\Programs\Xampp\htdocs\CofeinWebsite\classes\Twig\vendor\twig\twig\lib\Twig\Loader\Filesystem.php:191
Stack trace:
#0 D:\Programs\Xampp\htdocs\CofeinWebsite\classes\Twig\vendor\twig\twig\lib\Twig\Loader\Filesystem.php(138): Twig_Loader_Filesystem->findTemplate('main.html.twig')
#1 D:\Programs\Xampp\htdocs\CofeinWebsite\classes\Twig\vendor\twig\twig\lib\Twig\Environment.php(265): Twig_Loader_Filesystem->getCacheKey('main.html.twig')
#2 D:\Programs\Xampp\htdocs\CofeinWebsite\classes\Twig\vendor\twig\twig\lib\Twig\Environment.php(323): Twig_Environment->getTemplateClass('main.html.twig', NULL)
#3 D:\Programs\Xampp\htdocs\CofeinWebsite\classes\Twig\vendor\twig\twig\lib\Twig\Environment.php(292): Twig_Environment->loadTemplate('main.html.twig')
#4 D:\Programs\Xampp\htdocs\CofeinWebsite\classes\Main.php(75): Twig_Environment->render('main.html.twig', Array)
#5 D:\Programs\Xampp\htdocs\CofeinWebsite\classes\Main.php(38): Main->render()
#6 D:\Programs\Xampp\htdocs\CofeinWebsite\classes\Main.php(21): Main->processRequest()
#7 D:\Programs\Xampp\htdocs\CofeinWebsite\classes\Main.php(109): Main->__construct()
#8 D:\Programs\Xampp\htdocs\CofeinWebsite\index.php(13): Main::getInstance()
#9 {main}


[28/11/14  08:55:33]
exception 'Twig_Error_Syntax' with message 'Unexpected token "operator" of value "=" in "main.html.twig" at line 17' in D:\Programs\Xampp\htdocs\CofeinWebsite\classes\Twig\vendor\twig\twig\lib\Twig\ExpressionParser.php:175
Stack trace:
#0 D:\Programs\Xampp\htdocs\CofeinWebsite\classes\Twig\vendor\twig\twig\lib\Twig\ExpressionParser.php(84): Twig_ExpressionParser->parsePrimaryExpression()
#1 D:\Programs\Xampp\htdocs\CofeinWebsite\classes\Twig\vendor\twig\twig\lib\Twig\ExpressionParser.php(41): Twig_ExpressionParser->getPrimary()
#2 D:\Programs\Xampp\htdocs\CofeinWebsite\classes\Twig\vendor\twig\twig\lib\Twig\ExpressionParser.php(50): Twig_ExpressionParser->parseExpression(21)
#3 D:\Programs\Xampp\htdocs\CofeinWebsite\classes\Twig\vendor\twig\twig\lib\Twig\TokenParser\If.php(38): Twig_ExpressionParser->parseExpression()
#4 D:\Programs\Xampp\htdocs\CofeinWebsite\classes\Twig\vendor\twig\twig\lib\Twig\Parser.php(187): Twig_TokenParser_If->parse(Object(Twig_Token))
#5 D:\Programs\Xampp\htdocs\CofeinWebsite\classes\Twig\vendor\twig\twig\lib\Twig\TokenParser\Block.php(45): Twig_Parser->subparse(Array, true)
#6 D:\Programs\Xampp\htdocs\CofeinWebsite\classes\Twig\vendor\twig\twig\lib\Twig\Parser.php(187): Twig_TokenParser_Block->parse(Object(Twig_Token))
#7 D:\Programs\Xampp\htdocs\CofeinWebsite\classes\Twig\vendor\twig\twig\lib\Twig\Parser.php(95): Twig_Parser->subparse(NULL, false)
#8 D:\Programs\Xampp\htdocs\CofeinWebsite\classes\Twig\vendor\twig\twig\lib\Twig\Environment.php(507): Twig_Parser->parse(Object(Twig_TokenStream))
#9 D:\Programs\Xampp\htdocs\CofeinWebsite\classes\Twig\vendor\twig\twig\lib\Twig\Environment.php(559): Twig_Environment->parse(Object(Twig_TokenStream))
#10 D:\Programs\Xampp\htdocs\CofeinWebsite\classes\Twig\vendor\twig\twig\lib\Twig\Environment.php(331): Twig_Environment->compileSource('<!DOCTYPE html>...', 'main.html.twig')
#11 D:\Programs\Xampp\htdocs\CofeinWebsite\classes\Twig\vendor\twig\twig\lib\Twig\Environment.php(292): Twig_Environment->loadTemplate('main.html.twig')
#12 D:\Programs\Xampp\htdocs\CofeinWebsite\classes\Main.php(75): Twig_Environment->render('main.html.twig', Array)
#13 D:\Programs\Xampp\htdocs\CofeinWebsite\classes\Main.php(38): Main->render()
#14 D:\Programs\Xampp\htdocs\CofeinWebsite\classes\Main.php(21): Main->processRequest()
#15 D:\Programs\Xampp\htdocs\CofeinWebsite\classes\Main.php(109): Main->__construct()
#16 D:\Programs\Xampp\htdocs\CofeinWebsite\index.php(13): Main::getInstance()
#17 {main}


[28/11/14  09:01:09]
exception 'Twig_Error_Syntax' with message 'A template that extends another one cannot have a body in "admin.html.twig" at line 6.' in D:\Programs\Xampp\htdocs\CofeinWebsite\classes\Twig\vendor\twig\twig\lib\Twig\Parser.php:370
Stack trace:
#0 D:\Programs\Xampp\htdocs\CofeinWebsite\classes\Twig\vendor\twig\twig\lib\Twig\Parser.php(383): Twig_Parser->filterBodyNodes(Object(Twig_Node_Text))
#1 D:\Programs\Xampp\htdocs\CofeinWebsite\classes\Twig\vendor\twig\twig\lib\Twig\Parser.php(98): Twig_Parser->filterBodyNodes(Object(Twig_Node))
#2 D:\Programs\Xampp\htdocs\CofeinWebsite\classes\Twig\vendor\twig\twig\lib\Twig\Environment.php(507): Twig_Parser->parse(Object(Twig_TokenStream))
#3 D:\Programs\Xampp\htdocs\CofeinWebsite\classes\Twig\vendor\twig\twig\lib\Twig\Environment.php(559): Twig_Environment->parse(Object(Twig_TokenStream))
#4 D:\Programs\Xampp\htdocs\CofeinWebsite\classes\Twig\vendor\twig\twig\lib\Twig\Environment.php(331): Twig_Environment->compileSource('{% extends "mai...', 'admin.html.twig')
#5 D:\Programs\Xampp\htdocs\CofeinWebsite\classes\Twig\vendor\twig\twig\lib\Twig\Environment.php(397): Twig_Environment->loadTemplate('admin.html.twig')
#6 D:\Programs\Xampp\htdocs\CofeinWebsite\classes\Twig\vendor\twig\twig\lib\Twig\Environment.php(331) : eval()'d code(114): Twig_Environment->resolveTemplate('admin.html.twig')
#7 D:\Programs\Xampp\htdocs\CofeinWebsite\classes\Twig\vendor\twig\twig\lib\Twig\Template.php(144): __TwigTemplate_78d1158899540714af3b70014c09e447254123e830c8be7811d068ca0f5b3a2a->block_content(Array, Array)
#8 D:\Programs\Xampp\htdocs\CofeinWebsite\classes\Twig\vendor\twig\twig\lib\Twig\Environment.php(331) : eval()'d code(38): Twig_Template->displayBlock('content', Array, Array)
#9 D:\Programs\Xampp\htdocs\CofeinWebsite\classes\Twig\vendor\twig\twig\lib\Twig\Template.php(279): __TwigTemplate_78d1158899540714af3b70014c09e447254123e830c8be7811d068ca0f5b3a2a->doDisplay(Array, Array)
#10 D:\Programs\Xampp\htdocs\CofeinWebsite\classes\Twig\vendor\twig\twig\lib\Twig\Template.php(253): Twig_Template->displayWithErrorHandling(Array, Array)
#11 D:\Programs\Xampp\htdocs\CofeinWebsite\classes\Twig\vendor\twig\twig\lib\Twig\Template.php(264): Twig_Template->display(Array)
#12 D:\Programs\Xampp\htdocs\CofeinWebsite\classes\Twig\vendor\twig\twig\lib\Twig\Environment.php(292): Twig_Template->render(Array)
#13 D:\Programs\Xampp\htdocs\CofeinWebsite\classes\Main.php(71): Twig_Environment->render('main.html.twig', Array)
#14 D:\Programs\Xampp\htdocs\CofeinWebsite\classes\Main.php(38): Main->render()
#15 D:\Programs\Xampp\htdocs\CofeinWebsite\classes\Main.php(21): Main->processRequest()
#16 D:\Programs\Xampp\htdocs\CofeinWebsite\classes\Main.php(105): Main->__construct()
#17 D:\Programs\Xampp\htdocs\CofeinWebsite\index.php(13): Main::getInstance()
#18 {main}


[28/11/14  09:01:14]
exception 'Twig_Error_Syntax' with message 'A template that extends another one cannot have a body in "admin.html.twig" at line 6.' in D:\Programs\Xampp\htdocs\CofeinWebsite\classes\Twig\vendor\twig\twig\lib\Twig\Parser.php:370
Stack trace:
#0 D:\Programs\Xampp\htdocs\CofeinWebsite\classes\Twig\vendor\twig\twig\lib\Twig\Parser.php(383): Twig_Parser->filterBodyNodes(Object(Twig_Node_Text))
#1 D:\Programs\Xampp\htdocs\CofeinWebsite\classes\Twig\vendor\twig\twig\lib\Twig\Parser.php(98): Twig_Parser->filterBodyNodes(Object(Twig_Node))
#2 D:\Programs\Xampp\htdocs\CofeinWebsite\classes\Twig\vendor\twig\twig\lib\Twig\Environment.php(507): Twig_Parser->parse(Object(Twig_TokenStream))
#3 D:\Programs\Xampp\htdocs\CofeinWebsite\classes\Twig\vendor\twig\twig\lib\Twig\Environment.php(559): Twig_Environment->parse(Object(Twig_TokenStream))
#4 D:\Programs\Xampp\htdocs\CofeinWebsite\classes\Twig\vendor\twig\twig\lib\Twig\Environment.php(331): Twig_Environment->compileSource('{% extends "mai...', 'admin.html.twig')
#5 D:\Programs\Xampp\htdocs\CofeinWebsite\classes\Twig\vendor\twig\twig\lib\Twig\Environment.php(397): Twig_Environment->loadTemplate('admin.html.twig')
#6 D:\Programs\Xampp\htdocs\CofeinWebsite\classes\Twig\vendor\twig\twig\lib\Twig\Environment.php(331) : eval()'d code(114): Twig_Environment->resolveTemplate('admin.html.twig')
#7 D:\Programs\Xampp\htdocs\CofeinWebsite\classes\Twig\vendor\twig\twig\lib\Twig\Template.php(144): __TwigTemplate_78d1158899540714af3b70014c09e447254123e830c8be7811d068ca0f5b3a2a->block_content(Array, Array)
#8 D:\Programs\Xampp\htdocs\CofeinWebsite\classes\Twig\vendor\twig\twig\lib\Twig\Environment.php(331) : eval()'d code(38): Twig_Template->displayBlock('content', Array, Array)
#9 D:\Programs\Xampp\htdocs\CofeinWebsite\classes\Twig\vendor\twig\twig\lib\Twig\Template.php(279): __TwigTemplate_78d1158899540714af3b70014c09e447254123e830c8be7811d068ca0f5b3a2a->doDisplay(Array, Array)
#10 D:\Programs\Xampp\htdocs\CofeinWebsite\classes\Twig\vendor\twig\twig\lib\Twig\Template.php(253): Twig_Template->displayWithErrorHandling(Array, Array)
#11 D:\Programs\Xampp\htdocs\CofeinWebsite\classes\Twig\vendor\twig\twig\lib\Twig\Template.php(264): Twig_Template->display(Array)
#12 D:\Programs\Xampp\htdocs\CofeinWebsite\classes\Twig\vendor\twig\twig\lib\Twig\Environment.php(292): Twig_Template->render(Array)
#13 D:\Programs\Xampp\htdocs\CofeinWebsite\classes\Main.php(71): Twig_Environment->render('main.html.twig', Array)
#14 D:\Programs\Xampp\htdocs\CofeinWebsite\classes\Main.php(38): Main->render()
#15 D:\Programs\Xampp\htdocs\CofeinWebsite\classes\Main.php(21): Main->processRequest()
#16 D:\Programs\Xampp\htdocs\CofeinWebsite\classes\Main.php(105): Main->__construct()
#17 D:\Programs\Xampp\htdocs\CofeinWebsite\index.php(13): Main::getInstance()
#18 {main}


[28/11/14  09:01:39]
exception 'Twig_Error_Syntax' with message 'A template that extends another one cannot have a body in "admin.html.twig" at line 6.' in D:\Programs\Xampp\htdocs\CofeinWebsite\classes\Twig\vendor\twig\twig\lib\Twig\Parser.php:370
Stack trace:
#0 D:\Programs\Xampp\htdocs\CofeinWebsite\classes\Twig\vendor\twig\twig\lib\Twig\Parser.php(383): Twig_Parser->filterBodyNodes(Object(Twig_Node_Text))
#1 D:\Programs\Xampp\htdocs\CofeinWebsite\classes\Twig\vendor\twig\twig\lib\Twig\Parser.php(98): Twig_Parser->filterBodyNodes(Object(Twig_Node))
#2 D:\Programs\Xampp\htdocs\CofeinWebsite\classes\Twig\vendor\twig\twig\lib\Twig\Environment.php(507): Twig_Parser->parse(Object(Twig_TokenStream))
#3 D:\Programs\Xampp\htdocs\CofeinWebsite\classes\Twig\vendor\twig\twig\lib\Twig\Environment.php(559): Twig_Environment->parse(Object(Twig_TokenStream))
#4 D:\Programs\Xampp\htdocs\CofeinWebsite\classes\Twig\vendor\twig\twig\lib\Twig\Environment.php(331): Twig_Environment->compileSource('{% extends "mai...', 'admin.html.twig')
#5 D:\Programs\Xampp\htdocs\CofeinWebsite\classes\Twig\vendor\twig\twig\lib\Twig\Environment.php(397): Twig_Environment->loadTemplate('admin.html.twig')
#6 D:\Programs\Xampp\htdocs\CofeinWebsite\classes\Twig\vendor\twig\twig\lib\Twig\Environment.php(331) : eval()'d code(114): Twig_Environment->resolveTemplate('admin.html.twig')
#7 D:\Programs\Xampp\htdocs\CofeinWebsite\classes\Twig\vendor\twig\twig\lib\Twig\Template.php(144): __TwigTemplate_78d1158899540714af3b70014c09e447254123e830c8be7811d068ca0f5b3a2a->block_content(Array, Array)
#8 D:\Programs\Xampp\htdocs\CofeinWebsite\classes\Twig\vendor\twig\twig\lib\Twig\Environment.php(331) : eval()'d code(38): Twig_Template->displayBlock('content', Array, Array)
#9 D:\Programs\Xampp\htdocs\CofeinWebsite\classes\Twig\vendor\twig\twig\lib\Twig\Template.php(279): __TwigTemplate_78d1158899540714af3b70014c09e447254123e830c8be7811d068ca0f5b3a2a->doDisplay(Array, Array)
#10 D:\Programs\Xampp\htdocs\CofeinWebsite\classes\Twig\vendor\twig\twig\lib\Twig\Template.php(253): Twig_Template->displayWithErrorHandling(Array, Array)
#11 D:\Programs\Xampp\htdocs\CofeinWebsite\classes\Twig\vendor\twig\twig\lib\Twig\Template.php(264): Twig_Template->display(Array)
#12 D:\Programs\Xampp\htdocs\CofeinWebsite\classes\Twig\vendor\twig\twig\lib\Twig\Environment.php(292): Twig_Template->render(Array)
#13 D:\Programs\Xampp\htdocs\CofeinWebsite\classes\Main.php(71): Twig_Environment->render('main.html.twig', Array)
#14 D:\Programs\Xampp\htdocs\CofeinWebsite\classes\Main.php(38): Main->render()
#15 D:\Programs\Xampp\htdocs\CofeinWebsite\classes\Main.php(21): Main->processRequest()
#16 D:\Programs\Xampp\htdocs\CofeinWebsite\classes\Main.php(105): Main->__construct()
#17 D:\Programs\Xampp\htdocs\CofeinWebsite\index.php(13): Main::getInstance()
#18 {main}


[28/11/14  10:13:38]
exception 'Twig_Error_Syntax' with message 'A template that extends another one cannot have a body in "index.html.twig" at line 3.' in D:\Programs\Xampp\htdocs\CofeinWebsite\classes\Twig\vendor\twig\twig\lib\Twig\Parser.php:370
Stack trace:
#0 D:\Programs\Xampp\htdocs\CofeinWebsite\classes\Twig\vendor\twig\twig\lib\Twig\Parser.php(383): Twig_Parser->filterBodyNodes(Object(Twig_Node_Text))
#1 D:\Programs\Xampp\htdocs\CofeinWebsite\classes\Twig\vendor\twig\twig\lib\Twig\Parser.php(383): Twig_Parser->filterBodyNodes(Object(Twig_Node))
#2 D:\Programs\Xampp\htdocs\CofeinWebsite\classes\Twig\vendor\twig\twig\lib\Twig\Parser.php(383): Twig_Parser->filterBodyNodes(Object(Twig_Node))
#3 D:\Programs\Xampp\htdocs\CofeinWebsite\classes\Twig\vendor\twig\twig\lib\Twig\Parser.php(98): Twig_Parser->filterBodyNodes(Object(Twig_Node_For))
#4 D:\Programs\Xampp\htdocs\CofeinWebsite\classes\Twig\vendor\twig\twig\lib\Twig\Environment.php(507): Twig_Parser->parse(Object(Twig_TokenStream))
#5 D:\Programs\Xampp\htdocs\CofeinWebsite\classes\Twig\vendor\twig\twig\lib\Twig\Environment.php(559): Twig_Environment->parse(Object(Twig_TokenStream))
#6 D:\Programs\Xampp\htdocs\CofeinWebsite\classes\Twig\vendor\twig\twig\lib\Twig\Environment.php(331): Twig_Environment->compileSource('{% extends layo...', 'index.html.twig')
#7 D:\Programs\Xampp\htdocs\CofeinWebsite\classes\Twig\vendor\twig\twig\lib\Twig\Environment.php(292): Twig_Environment->loadTemplate('index.html.twig')
#8 D:\Programs\Xampp\htdocs\CofeinWebsite\classes\Main.php(70): Twig_Environment->render('index.html.twig', Array)
#9 D:\Programs\Xampp\htdocs\CofeinWebsite\classes\Main.php(37): Main->render()
#10 D:\Programs\Xampp\htdocs\CofeinWebsite\classes\Main.php(20): Main->processRequest()
#11 D:\Programs\Xampp\htdocs\CofeinWebsite\classes\Main.php(104): Main->__construct()
#12 D:\Programs\Xampp\htdocs\CofeinWebsite\index.php(13): Main::getInstance()
#13 {main}


[28/11/14  10:16:53]
exception 'Twig_Error_Loader' with message 'Unable to find template "" (looked into: views/layouts, views/templates) in "index.html.twig".' in D:\Programs\Xampp\htdocs\CofeinWebsite\classes\Twig\vendor\twig\twig\lib\Twig\Loader\Filesystem.php:191
Stack trace:
#0 D:\Programs\Xampp\htdocs\CofeinWebsite\classes\Twig\vendor\twig\twig\lib\Twig\Loader\Filesystem.php(138): Twig_Loader_Filesystem->findTemplate(NULL)
#1 D:\Programs\Xampp\htdocs\CofeinWebsite\classes\Twig\vendor\twig\twig\lib\Twig\Environment.php(265): Twig_Loader_Filesystem->getCacheKey(NULL)
#2 D:\Programs\Xampp\htdocs\CofeinWebsite\classes\Twig\vendor\twig\twig\lib\Twig\Environment.php(323): Twig_Environment->getTemplateClass(NULL, NULL)
#3 D:\Programs\Xampp\htdocs\CofeinWebsite\classes\Twig\vendor\twig\twig\lib\Twig\Environment.php(397): Twig_Environment->loadTemplate(NULL)
#4 D:\Programs\Xampp\htdocs\CofeinWebsite\classes\Twig\vendor\twig\twig\lib\Twig\Environment.php(331) : eval()'d code(17): Twig_Environment->resolveTemplate(NULL)
#5 D:\Programs\Xampp\htdocs\CofeinWebsite\classes\Twig\vendor\twig\twig\lib\Twig\Template.php(69): __TwigTemplate_428d523898ff4a088ac23383bd8a8928571c566d71bd9ea2a75f04f1f9b31c7c->doGetParent(Array)
#6 D:\Programs\Xampp\htdocs\CofeinWebsite\classes\Twig\vendor\twig\twig\lib\Twig\Environment.php(331) : eval()'d code(22): Twig_Template->getParent(Array)
#7 D:\Programs\Xampp\htdocs\CofeinWebsite\classes\Twig\vendor\twig\twig\lib\Twig\Template.php(279): __TwigTemplate_428d523898ff4a088ac23383bd8a8928571c566d71bd9ea2a75f04f1f9b31c7c->doDisplay(Array, Array)
#8 D:\Programs\Xampp\htdocs\CofeinWebsite\classes\Twig\vendor\twig\twig\lib\Twig\Template.php(253): Twig_Template->displayWithErrorHandling(Array, Array)
#9 D:\Programs\Xampp\htdocs\CofeinWebsite\classes\Twig\vendor\twig\twig\lib\Twig\Template.php(264): Twig_Template->display(Array)
#10 D:\Programs\Xampp\htdocs\CofeinWebsite\classes\Twig\vendor\twig\twig\lib\Twig\Environment.php(292): Twig_Template->render(Array)
#11 D:\Programs\Xampp\htdocs\CofeinWebsite\classes\Main.php(70): Twig_Environment->render('index.html.twig', Array)
#12 D:\Programs\Xampp\htdocs\CofeinWebsite\classes\Main.php(37): Main->render()
#13 D:\Programs\Xampp\htdocs\CofeinWebsite\classes\Main.php(20): Main->processRequest()
#14 D:\Programs\Xampp\htdocs\CofeinWebsite\classes\Main.php(104): Main->__construct()
#15 D:\Programs\Xampp\htdocs\CofeinWebsite\index.php(13): Main::getInstance()
#16 {main}


[28/11/14  10:17:02]
exception 'Twig_Error_Syntax' with message 'A template that extends another one cannot have a body in "admin_login.html.twig" at line 6.' in D:\Programs\Xampp\htdocs\CofeinWebsite\classes\Twig\vendor\twig\twig\lib\Twig\Parser.php:370
Stack trace:
#0 D:\Programs\Xampp\htdocs\CofeinWebsite\classes\Twig\vendor\twig\twig\lib\Twig\Parser.php(383): Twig_Parser->filterBodyNodes(Object(Twig_Node_Text))
#1 D:\Programs\Xampp\htdocs\CofeinWebsite\classes\Twig\vendor\twig\twig\lib\Twig\Parser.php(98): Twig_Parser->filterBodyNodes(Object(Twig_Node))
#2 D:\Programs\Xampp\htdocs\CofeinWebsite\classes\Twig\vendor\twig\twig\lib\Twig\Environment.php(507): Twig_Parser->parse(Object(Twig_TokenStream))
#3 D:\Programs\Xampp\htdocs\CofeinWebsite\classes\Twig\vendor\twig\twig\lib\Twig\Environment.php(559): Twig_Environment->parse(Object(Twig_TokenStream))
#4 D:\Programs\Xampp\htdocs\CofeinWebsite\classes\Twig\vendor\twig\twig\lib\Twig\Environment.php(331): Twig_Environment->compileSource('{% extends "mai...', 'admin_login.htm...')
#5 D:\Programs\Xampp\htdocs\CofeinWebsite\classes\Twig\vendor\twig\twig\lib\Twig\Environment.php(292): Twig_Environment->loadTemplate('admin_login.htm...')
#6 D:\Programs\Xampp\htdocs\CofeinWebsite\classes\Main.php(70): Twig_Environment->render('admin_login.htm...', Array)
#7 D:\Programs\Xampp\htdocs\CofeinWebsite\classes\Main.php(37): Main->render()
#8 D:\Programs\Xampp\htdocs\CofeinWebsite\classes\Main.php(20): Main->processRequest()
#9 D:\Programs\Xampp\htdocs\CofeinWebsite\classes\Main.php(104): Main->__construct()
#10 D:\Programs\Xampp\htdocs\CofeinWebsite\index.php(13): Main::getInstance()
#11 {main}


[28/11/14  10:17:11]
exception 'Twig_Error_Loader' with message 'Unable to find template "" (looked into: views/layouts, views/templates) in "index.html.twig".' in D:\Programs\Xampp\htdocs\CofeinWebsite\classes\Twig\vendor\twig\twig\lib\Twig\Loader\Filesystem.php:191
Stack trace:
#0 D:\Programs\Xampp\htdocs\CofeinWebsite\classes\Twig\vendor\twig\twig\lib\Twig\Loader\Filesystem.php(138): Twig_Loader_Filesystem->findTemplate(NULL)
#1 D:\Programs\Xampp\htdocs\CofeinWebsite\classes\Twig\vendor\twig\twig\lib\Twig\Environment.php(265): Twig_Loader_Filesystem->getCacheKey(NULL)
#2 D:\Programs\Xampp\htdocs\CofeinWebsite\classes\Twig\vendor\twig\twig\lib\Twig\Environment.php(323): Twig_Environment->getTemplateClass(NULL, NULL)
#3 D:\Programs\Xampp\htdocs\CofeinWebsite\classes\Twig\vendor\twig\twig\lib\Twig\Environment.php(397): Twig_Environment->loadTemplate(NULL)
#4 D:\Programs\Xampp\htdocs\CofeinWebsite\classes\Twig\vendor\twig\twig\lib\Twig\Environment.php(331) : eval()'d code(17): Twig_Environment->resolveTemplate(NULL)
#5 D:\Programs\Xampp\htdocs\CofeinWebsite\classes\Twig\vendor\twig\twig\lib\Twig\Template.php(69): __TwigTemplate_428d523898ff4a088ac23383bd8a8928571c566d71bd9ea2a75f04f1f9b31c7c->doGetParent(Array)
#6 D:\Programs\Xampp\htdocs\CofeinWebsite\classes\Twig\vendor\twig\twig\lib\Twig\Environment.php(331) : eval()'d code(22): Twig_Template->getParent(Array)
#7 D:\Programs\Xampp\htdocs\CofeinWebsite\classes\Twig\vendor\twig\twig\lib\Twig\Template.php(279): __TwigTemplate_428d523898ff4a088ac23383bd8a8928571c566d71bd9ea2a75f04f1f9b31c7c->doDisplay(Array, Array)
#8 D:\Programs\Xampp\htdocs\CofeinWebsite\classes\Twig\vendor\twig\twig\lib\Twig\Template.php(253): Twig_Template->displayWithErrorHandling(Array, Array)
#9 D:\Programs\Xampp\htdocs\CofeinWebsite\classes\Twig\vendor\twig\twig\lib\Twig\Template.php(264): Twig_Template->display(Array)
#10 D:\Programs\Xampp\htdocs\CofeinWebsite\classes\Twig\vendor\twig\twig\lib\Twig\Environment.php(292): Twig_Template->render(Array)
#11 D:\Programs\Xampp\htdocs\CofeinWebsite\classes\Main.php(70): Twig_Environment->render('index.html.twig', Array)
#12 D:\Programs\Xampp\htdocs\CofeinWebsite\classes\Main.php(37): Main->render()
#13 D:\Programs\Xampp\htdocs\CofeinWebsite\classes\Main.php(20): Main->processRequest()
#14 D:\Programs\Xampp\htdocs\CofeinWebsite\classes\Main.php(104): Main->__construct()
#15 D:\Programs\Xampp\htdocs\CofeinWebsite\index.php(13): Main::getInstance()
#16 {main}


[28/11/14  10:18:00]
exception 'Twig_Error_Loader' with message 'Unable to find template "main.html.twig" (looked into: views/layouts, views/templates) in "index.html.twig".' in D:\Programs\Xampp\htdocs\CofeinWebsite\classes\Twig\vendor\twig\twig\lib\Twig\Loader\Filesystem.php:191
Stack trace:
#0 D:\Programs\Xampp\htdocs\CofeinWebsite\classes\Twig\vendor\twig\twig\lib\Twig\Loader\Filesystem.php(138): Twig_Loader_Filesystem->findTemplate('main.html.twig')
#1 D:\Programs\Xampp\htdocs\CofeinWebsite\classes\Twig\vendor\twig\twig\lib\Twig\Environment.php(265): Twig_Loader_Filesystem->getCacheKey('main.html.twig')
#2 D:\Programs\Xampp\htdocs\CofeinWebsite\classes\Twig\vendor\twig\twig\lib\Twig\Environment.php(323): Twig_Environment->getTemplateClass('main.html.twig', NULL)
#3 D:\Programs\Xampp\htdocs\CofeinWebsite\classes\Twig\vendor\twig\twig\lib\Twig\Environment.php(397): Twig_Environment->loadTemplate('main.html.twig')
#4 D:\Programs\Xampp\htdocs\CofeinWebsite\classes\Twig\vendor\twig\twig\lib\Twig\Environment.php(331) : eval()'d code(17): Twig_Environment->resolveTemplate('main.html.twig')
#5 D:\Programs\Xampp\htdocs\CofeinWebsite\classes\Twig\vendor\twig\twig\lib\Twig\Template.php(69): __TwigTemplate_428d523898ff4a088ac23383bd8a8928571c566d71bd9ea2a75f04f1f9b31c7c->doGetParent(Array)
#6 D:\Programs\Xampp\htdocs\CofeinWebsite\classes\Twig\vendor\twig\twig\lib\Twig\Environment.php(331) : eval()'d code(22): Twig_Template->getParent(Array)
#7 D:\Programs\Xampp\htdocs\CofeinWebsite\classes\Twig\vendor\twig\twig\lib\Twig\Template.php(279): __TwigTemplate_428d523898ff4a088ac23383bd8a8928571c566d71bd9ea2a75f04f1f9b31c7c->doDisplay(Array, Array)
#8 D:\Programs\Xampp\htdocs\CofeinWebsite\classes\Twig\vendor\twig\twig\lib\Twig\Template.php(253): Twig_Template->displayWithErrorHandling(Array, Array)
#9 D:\Programs\Xampp\htdocs\CofeinWebsite\classes\Twig\vendor\twig\twig\lib\Twig\Template.php(264): Twig_Template->display(Array)
#10 D:\Programs\Xampp\htdocs\CofeinWebsite\classes\Twig\vendor\twig\twig\lib\Twig\Environment.php(292): Twig_Template->render(Array)
#11 D:\Programs\Xampp\htdocs\CofeinWebsite\classes\Main.php(70): Twig_Environment->render('index.html.twig', Array)
#12 D:\Programs\Xampp\htdocs\CofeinWebsite\classes\Main.php(37): Main->render()
#13 D:\Programs\Xampp\htdocs\CofeinWebsite\classes\Main.php(20): Main->processRequest()
#14 D:\Programs\Xampp\htdocs\CofeinWebsite\classes\Main.php(104): Main->__construct()
#15 D:\Programs\Xampp\htdocs\CofeinWebsite\index.php(13): Main::getInstance()
#16 {main}


[28/11/14  10:18:24]
exception 'Twig_Error_Syntax' with message 'A template that extends another one cannot have a body in "gallery.html.twig" at line 3.' in D:\Programs\Xampp\htdocs\CofeinWebsite\classes\Twig\vendor\twig\twig\lib\Twig\Parser.php:370
Stack trace:
#0 D:\Programs\Xampp\htdocs\CofeinWebsite\classes\Twig\vendor\twig\twig\lib\Twig\Parser.php(383): Twig_Parser->filterBodyNodes(Object(Twig_Node_Print))
#1 D:\Programs\Xampp\htdocs\CofeinWebsite\classes\Twig\vendor\twig\twig\lib\Twig\Parser.php(383): Twig_Parser->filterBodyNodes(Object(Twig_Node))
#2 D:\Programs\Xampp\htdocs\CofeinWebsite\classes\Twig\vendor\twig\twig\lib\Twig\Parser.php(383): Twig_Parser->filterBodyNodes(Object(Twig_Node))
#3 D:\Programs\Xampp\htdocs\CofeinWebsite\classes\Twig\vendor\twig\twig\lib\Twig\Parser.php(98): Twig_Parser->filterBodyNodes(Object(Twig_Node_For))
#4 D:\Programs\Xampp\htdocs\CofeinWebsite\classes\Twig\vendor\twig\twig\lib\Twig\Environment.php(507): Twig_Parser->parse(Object(Twig_TokenStream))
#5 D:\Programs\Xampp\htdocs\CofeinWebsite\classes\Twig\vendor\twig\twig\lib\Twig\Environment.php(559): Twig_Environment->parse(Object(Twig_TokenStream))
#6 D:\Programs\Xampp\htdocs\CofeinWebsite\classes\Twig\vendor\twig\twig\lib\Twig\Environment.php(331): Twig_Environment->compileSource('{% extends "mai...', 'gallery.html.tw...')
#7 D:\Programs\Xampp\htdocs\CofeinWebsite\classes\Twig\vendor\twig\twig\lib\Twig\Environment.php(292): Twig_Environment->loadTemplate('gallery.html.tw...')
#8 D:\Programs\Xampp\htdocs\CofeinWebsite\classes\Main.php(78): Twig_Environment->render('gallery.html.tw...', Array)
#9 D:\Programs\Xampp\htdocs\CofeinWebsite\classes\Main.php(35): Main->JsonResponse()
#10 D:\Programs\Xampp\htdocs\CofeinWebsite\classes\Main.php(20): Main->processRequest()
#11 D:\Programs\Xampp\htdocs\CofeinWebsite\classes\Main.php(104): Main->__construct()
#12 D:\Programs\Xampp\htdocs\CofeinWebsite\index.php(13): Main::getInstance()
#13 {main}


[28/11/14  10:18:28]
exception 'Twig_Error_Loader' with message 'Unable to find template "" (looked into: views/templates) in "index.html.twig".' in D:\Programs\Xampp\htdocs\CofeinWebsite\classes\Twig\vendor\twig\twig\lib\Twig\Loader\Filesystem.php:191
Stack trace:
#0 D:\Programs\Xampp\htdocs\CofeinWebsite\classes\Twig\vendor\twig\twig\lib\Twig\Loader\Filesystem.php(138): Twig_Loader_Filesystem->findTemplate(NULL)
#1 D:\Programs\Xampp\htdocs\CofeinWebsite\classes\Twig\vendor\twig\twig\lib\Twig\Environment.php(265): Twig_Loader_Filesystem->getCacheKey(NULL)
#2 D:\Programs\Xampp\htdocs\CofeinWebsite\classes\Twig\vendor\twig\twig\lib\Twig\Environment.php(323): Twig_Environment->getTemplateClass(NULL, NULL)
#3 D:\Programs\Xampp\htdocs\CofeinWebsite\classes\Twig\vendor\twig\twig\lib\Twig\Environment.php(397): Twig_Environment->loadTemplate(NULL)
#4 D:\Programs\Xampp\htdocs\CofeinWebsite\classes\Twig\vendor\twig\twig\lib\Twig\Environment.php(331) : eval()'d code(17): Twig_Environment->resolveTemplate(NULL)
#5 D:\Programs\Xampp\htdocs\CofeinWebsite\classes\Twig\vendor\twig\twig\lib\Twig\Template.php(69): __TwigTemplate_428d523898ff4a088ac23383bd8a8928571c566d71bd9ea2a75f04f1f9b31c7c->doGetParent(Array)
#6 D:\Programs\Xampp\htdocs\CofeinWebsite\classes\Twig\vendor\twig\twig\lib\Twig\Environment.php(331) : eval()'d code(22): Twig_Template->getParent(Array)
#7 D:\Programs\Xampp\htdocs\CofeinWebsite\classes\Twig\vendor\twig\twig\lib\Twig\Template.php(279): __TwigTemplate_428d523898ff4a088ac23383bd8a8928571c566d71bd9ea2a75f04f1f9b31c7c->doDisplay(Array, Array)
#8 D:\Programs\Xampp\htdocs\CofeinWebsite\classes\Twig\vendor\twig\twig\lib\Twig\Template.php(253): Twig_Template->displayWithErrorHandling(Array, Array)
#9 D:\Programs\Xampp\htdocs\CofeinWebsite\classes\Twig\vendor\twig\twig\lib\Twig\Template.php(264): Twig_Template->display(Array)
#10 D:\Programs\Xampp\htdocs\CofeinWebsite\classes\Twig\vendor\twig\twig\lib\Twig\Environment.php(292): Twig_Template->render(Array)
#11 D:\Programs\Xampp\htdocs\CofeinWebsite\classes\Main.php(78): Twig_Environment->render('index.html.twig', Array)
#12 D:\Programs\Xampp\htdocs\CofeinWebsite\classes\Main.php(35): Main->JsonResponse()
#13 D:\Programs\Xampp\htdocs\CofeinWebsite\classes\Main.php(20): Main->processRequest()
#14 D:\Programs\Xampp\htdocs\CofeinWebsite\classes\Main.php(104): Main->__construct()
#15 D:\Programs\Xampp\htdocs\CofeinWebsite\index.php(13): Main::getInstance()
#16 {main}


[28/11/14  10:19:00]
exception 'Twig_Error_Loader' with message 'Unable to find template "main_layout.html.twig" (looked into: views/templates).' in D:\Programs\Xampp\htdocs\CofeinWebsite\classes\Twig\vendor\twig\twig\lib\Twig\Loader\Filesystem.php:191
Stack trace:
#0 D:\Programs\Xampp\htdocs\CofeinWebsite\classes\Twig\vendor\twig\twig\lib\Twig\Loader\Filesystem.php(138): Twig_Loader_Filesystem->findTemplate('main_layout.htm...')
#1 D:\Programs\Xampp\htdocs\CofeinWebsite\classes\Twig\vendor\twig\twig\lib\Twig\Environment.php(265): Twig_Loader_Filesystem->getCacheKey('main_layout.htm...')
#2 D:\Programs\Xampp\htdocs\CofeinWebsite\classes\Twig\vendor\twig\twig\lib\Twig\Environment.php(323): Twig_Environment->getTemplateClass('main_layout.htm...', NULL)
#3 D:\Programs\Xampp\htdocs\CofeinWebsite\classes\Twig\vendor\twig\twig\lib\Twig\Environment.php(331) : eval()'d code(10): Twig_Environment->loadTemplate('main_layout.htm...')
#4 D:\Programs\Xampp\htdocs\CofeinWebsite\classes\Twig\vendor\twig\twig\lib\Twig\Environment.php(345): __TwigTemplate_078f565cadb31b8dba98e88f0d410071d3ea018238bcdcade20f84caa35fb61f->__construct(Object(Twig_Environment))
#5 D:\Programs\Xampp\htdocs\CofeinWebsite\classes\Twig\vendor\twig\twig\lib\Twig\Environment.php(292): Twig_Environment->loadTemplate('gallery.html.tw...')
#6 D:\Programs\Xampp\htdocs\CofeinWebsite\classes\Main.php(78): Twig_Environment->render('gallery.html.tw...', Array)
#7 D:\Programs\Xampp\htdocs\CofeinWebsite\classes\Main.php(35): Main->JsonResponse()
#8 D:\Programs\Xampp\htdocs\CofeinWebsite\classes\Main.php(20): Main->processRequest()
#9 D:\Programs\Xampp\htdocs\CofeinWebsite\classes\Main.php(104): Main->__construct()
#10 D:\Programs\Xampp\htdocs\CofeinWebsite\index.php(13): Main::getInstance()
#11 {main}


[28/11/14  10:19:03]
exception 'Twig_Error_Loader' with message 'Unable to find template "" (looked into: views/templates) in "index.html.twig".' in D:\Programs\Xampp\htdocs\CofeinWebsite\classes\Twig\vendor\twig\twig\lib\Twig\Loader\Filesystem.php:191
Stack trace:
#0 D:\Programs\Xampp\htdocs\CofeinWebsite\classes\Twig\vendor\twig\twig\lib\Twig\Loader\Filesystem.php(138): Twig_Loader_Filesystem->findTemplate(NULL)
#1 D:\Programs\Xampp\htdocs\CofeinWebsite\classes\Twig\vendor\twig\twig\lib\Twig\Environment.php(265): Twig_Loader_Filesystem->getCacheKey(NULL)
#2 D:\Programs\Xampp\htdocs\CofeinWebsite\classes\Twig\vendor\twig\twig\lib\Twig\Environment.php(323): Twig_Environment->getTemplateClass(NULL, NULL)
#3 D:\Programs\Xampp\htdocs\CofeinWebsite\classes\Twig\vendor\twig\twig\lib\Twig\Environment.php(397): Twig_Environment->loadTemplate(NULL)
#4 D:\Programs\Xampp\htdocs\CofeinWebsite\classes\Twig\vendor\twig\twig\lib\Twig\Environment.php(331) : eval()'d code(17): Twig_Environment->resolveTemplate(NULL)
#5 D:\Programs\Xampp\htdocs\CofeinWebsite\classes\Twig\vendor\twig\twig\lib\Twig\Template.php(69): __TwigTemplate_428d523898ff4a088ac23383bd8a8928571c566d71bd9ea2a75f04f1f9b31c7c->doGetParent(Array)
#6 D:\Programs\Xampp\htdocs\CofeinWebsite\classes\Twig\vendor\twig\twig\lib\Twig\Environment.php(331) : eval()'d code(22): Twig_Template->getParent(Array)
#7 D:\Programs\Xampp\htdocs\CofeinWebsite\classes\Twig\vendor\twig\twig\lib\Twig\Template.php(279): __TwigTemplate_428d523898ff4a088ac23383bd8a8928571c566d71bd9ea2a75f04f1f9b31c7c->doDisplay(Array, Array)
#8 D:\Programs\Xampp\htdocs\CofeinWebsite\classes\Twig\vendor\twig\twig\lib\Twig\Template.php(253): Twig_Template->displayWithErrorHandling(Array, Array)
#9 D:\Programs\Xampp\htdocs\CofeinWebsite\classes\Twig\vendor\twig\twig\lib\Twig\Template.php(264): Twig_Template->display(Array)
#10 D:\Programs\Xampp\htdocs\CofeinWebsite\classes\Twig\vendor\twig\twig\lib\Twig\Environment.php(292): Twig_Template->render(Array)
#11 D:\Programs\Xampp\htdocs\CofeinWebsite\classes\Main.php(78): Twig_Environment->render('index.html.twig', Array)
#12 D:\Programs\Xampp\htdocs\CofeinWebsite\classes\Main.php(35): Main->JsonResponse()
#13 D:\Programs\Xampp\htdocs\CofeinWebsite\classes\Main.php(20): Main->processRequest()
#14 D:\Programs\Xampp\htdocs\CofeinWebsite\classes\Main.php(104): Main->__construct()
#15 D:\Programs\Xampp\htdocs\CofeinWebsite\index.php(13): Main::getInstance()
#16 {main}


[28/11/14  10:19:11]
exception 'Twig_Error_Loader' with message 'Unable to find template "" (looked into: views/templates) in "index.html.twig".' in D:\Programs\Xampp\htdocs\CofeinWebsite\classes\Twig\vendor\twig\twig\lib\Twig\Loader\Filesystem.php:191
Stack trace:
#0 D:\Programs\Xampp\htdocs\CofeinWebsite\classes\Twig\vendor\twig\twig\lib\Twig\Loader\Filesystem.php(138): Twig_Loader_Filesystem->findTemplate(NULL)
#1 D:\Programs\Xampp\htdocs\CofeinWebsite\classes\Twig\vendor\twig\twig\lib\Twig\Environment.php(265): Twig_Loader_Filesystem->getCacheKey(NULL)
#2 D:\Programs\Xampp\htdocs\CofeinWebsite\classes\Twig\vendor\twig\twig\lib\Twig\Environment.php(323): Twig_Environment->getTemplateClass(NULL, NULL)
#3 D:\Programs\Xampp\htdocs\CofeinWebsite\classes\Twig\vendor\twig\twig\lib\Twig\Environment.php(397): Twig_Environment->loadTemplate(NULL)
#4 D:\Programs\Xampp\htdocs\CofeinWebsite\classes\Twig\vendor\twig\twig\lib\Twig\Environment.php(331) : eval()'d code(17): Twig_Environment->resolveTemplate(NULL)
#5 D:\Programs\Xampp\htdocs\CofeinWebsite\classes\Twig\vendor\twig\twig\lib\Twig\Template.php(69): __TwigTemplate_428d523898ff4a088ac23383bd8a8928571c566d71bd9ea2a75f04f1f9b31c7c->doGetParent(Array)
#6 D:\Programs\Xampp\htdocs\CofeinWebsite\classes\Twig\vendor\twig\twig\lib\Twig\Environment.php(331) : eval()'d code(22): Twig_Template->getParent(Array)
#7 D:\Programs\Xampp\htdocs\CofeinWebsite\classes\Twig\vendor\twig\twig\lib\Twig\Template.php(279): __TwigTemplate_428d523898ff4a088ac23383bd8a8928571c566d71bd9ea2a75f04f1f9b31c7c->doDisplay(Array, Array)
#8 D:\Programs\Xampp\htdocs\CofeinWebsite\classes\Twig\vendor\twig\twig\lib\Twig\Template.php(253): Twig_Template->displayWithErrorHandling(Array, Array)
#9 D:\Programs\Xampp\htdocs\CofeinWebsite\classes\Twig\vendor\twig\twig\lib\Twig\Template.php(264): Twig_Template->display(Array)
#10 D:\Programs\Xampp\htdocs\CofeinWebsite\classes\Twig\vendor\twig\twig\lib\Twig\Environment.php(292): Twig_Template->render(Array)
#11 D:\Programs\Xampp\htdocs\CofeinWebsite\classes\Main.php(78): Twig_Environment->render('index.html.twig', Array)
#12 D:\Programs\Xampp\htdocs\CofeinWebsite\classes\Main.php(35): Main->JsonResponse()
#13 D:\Programs\Xampp\htdocs\CofeinWebsite\classes\Main.php(20): Main->processRequest()
#14 D:\Programs\Xampp\htdocs\CofeinWebsite\classes\Main.php(104): Main->__construct()
#15 D:\Programs\Xampp\htdocs\CofeinWebsite\index.php(13): Main::getInstance()
#16 {main}


[28/11/14  10:19:18]
exception 'Twig_Error_Loader' with message 'Unable to find template "" (looked into: views/templates) in "index.html.twig".' in D:\Programs\Xampp\htdocs\CofeinWebsite\classes\Twig\vendor\twig\twig\lib\Twig\Loader\Filesystem.php:191
Stack trace:
#0 D:\Programs\Xampp\htdocs\CofeinWebsite\classes\Twig\vendor\twig\twig\lib\Twig\Loader\Filesystem.php(138): Twig_Loader_Filesystem->findTemplate(NULL)
#1 D:\Programs\Xampp\htdocs\CofeinWebsite\classes\Twig\vendor\twig\twig\lib\Twig\Environment.php(265): Twig_Loader_Filesystem->getCacheKey(NULL)
#2 D:\Programs\Xampp\htdocs\CofeinWebsite\classes\Twig\vendor\twig\twig\lib\Twig\Environment.php(323): Twig_Environment->getTemplateClass(NULL, NULL)
#3 D:\Programs\Xampp\htdocs\CofeinWebsite\classes\Twig\vendor\twig\twig\lib\Twig\Environment.php(397): Twig_Environment->loadTemplate(NULL)
#4 D:\Programs\Xampp\htdocs\CofeinWebsite\classes\Twig\vendor\twig\twig\lib\Twig\Environment.php(331) : eval()'d code(17): Twig_Environment->resolveTemplate(NULL)
#5 D:\Programs\Xampp\htdocs\CofeinWebsite\classes\Twig\vendor\twig\twig\lib\Twig\Template.php(69): __TwigTemplate_428d523898ff4a088ac23383bd8a8928571c566d71bd9ea2a75f04f1f9b31c7c->doGetParent(Array)
#6 D:\Programs\Xampp\htdocs\CofeinWebsite\classes\Twig\vendor\twig\twig\lib\Twig\Environment.php(331) : eval()'d code(22): Twig_Template->getParent(Array)
#7 D:\Programs\Xampp\htdocs\CofeinWebsite\classes\Twig\vendor\twig\twig\lib\Twig\Template.php(279): __TwigTemplate_428d523898ff4a088ac23383bd8a8928571c566d71bd9ea2a75f04f1f9b31c7c->doDisplay(Array, Array)
#8 D:\Programs\Xampp\htdocs\CofeinWebsite\classes\Twig\vendor\twig\twig\lib\Twig\Template.php(253): Twig_Template->displayWithErrorHandling(Array, Array)
#9 D:\Programs\Xampp\htdocs\CofeinWebsite\classes\Twig\vendor\twig\twig\lib\Twig\Template.php(264): Twig_Template->display(Array)
#10 D:\Programs\Xampp\htdocs\CofeinWebsite\classes\Twig\vendor\twig\twig\lib\Twig\Environment.php(292): Twig_Template->render(Array)
#11 D:\Programs\Xampp\htdocs\CofeinWebsite\classes\Main.php(78): Twig_Environment->render('index.html.twig', Array)
#12 D:\Programs\Xampp\htdocs\CofeinWebsite\classes\Main.php(35): Main->JsonResponse()
#13 D:\Programs\Xampp\htdocs\CofeinWebsite\classes\Main.php(20): Main->processRequest()
#14 D:\Programs\Xampp\htdocs\CofeinWebsite\classes\Main.php(104): Main->__construct()
#15 D:\Programs\Xampp\htdocs\CofeinWebsite\index.php(13): Main::getInstance()
#16 {main}


[28/11/14  10:19:22]
exception 'Twig_Error_Loader' with message 'Unable to find template "" (looked into: views/templates) in "index.html.twig".' in D:\Programs\Xampp\htdocs\CofeinWebsite\classes\Twig\vendor\twig\twig\lib\Twig\Loader\Filesystem.php:191
Stack trace:
#0 D:\Programs\Xampp\htdocs\CofeinWebsite\classes\Twig\vendor\twig\twig\lib\Twig\Loader\Filesystem.php(138): Twig_Loader_Filesystem->findTemplate(NULL)
#1 D:\Programs\Xampp\htdocs\CofeinWebsite\classes\Twig\vendor\twig\twig\lib\Twig\Environment.php(265): Twig_Loader_Filesystem->getCacheKey(NULL)
#2 D:\Programs\Xampp\htdocs\CofeinWebsite\classes\Twig\vendor\twig\twig\lib\Twig\Environment.php(323): Twig_Environment->getTemplateClass(NULL, NULL)
#3 D:\Programs\Xampp\htdocs\CofeinWebsite\classes\Twig\vendor\twig\twig\lib\Twig\Environment.php(397): Twig_Environment->loadTemplate(NULL)
#4 D:\Programs\Xampp\htdocs\CofeinWebsite\classes\Twig\vendor\twig\twig\lib\Twig\Environment.php(331) : eval()'d code(17): Twig_Environment->resolveTemplate(NULL)
#5 D:\Programs\Xampp\htdocs\CofeinWebsite\classes\Twig\vendor\twig\twig\lib\Twig\Template.php(69): __TwigTemplate_428d523898ff4a088ac23383bd8a8928571c566d71bd9ea2a75f04f1f9b31c7c->doGetParent(Array)
#6 D:\Programs\Xampp\htdocs\CofeinWebsite\classes\Twig\vendor\twig\twig\lib\Twig\Environment.php(331) : eval()'d code(22): Twig_Template->getParent(Array)
#7 D:\Programs\Xampp\htdocs\CofeinWebsite\classes\Twig\vendor\twig\twig\lib\Twig\Template.php(279): __TwigTemplate_428d523898ff4a088ac23383bd8a8928571c566d71bd9ea2a75f04f1f9b31c7c->doDisplay(Array, Array)
#8 D:\Programs\Xampp\htdocs\CofeinWebsite\classes\Twig\vendor\twig\twig\lib\Twig\Template.php(253): Twig_Template->displayWithErrorHandling(Array, Array)
#9 D:\Programs\Xampp\htdocs\CofeinWebsite\classes\Twig\vendor\twig\twig\lib\Twig\Template.php(264): Twig_Template->display(Array)
#10 D:\Programs\Xampp\htdocs\CofeinWebsite\classes\Twig\vendor\twig\twig\lib\Twig\Environment.php(292): Twig_Template->render(Array)
#11 D:\Programs\Xampp\htdocs\CofeinWebsite\classes\Main.php(78): Twig_Environment->render('index.html.twig', Array)
#12 D:\Programs\Xampp\htdocs\CofeinWebsite\classes\Main.php(35): Main->JsonResponse()
#13 D:\Programs\Xampp\htdocs\CofeinWebsite\classes\Main.php(20): Main->processRequest()
#14 D:\Programs\Xampp\htdocs\CofeinWebsite\classes\Main.php(104): Main->__construct()
#15 D:\Programs\Xampp\htdocs\CofeinWebsite\index.php(13): Main::getInstance()
#16 {main}


[28/11/14  10:21:13]
exception 'Twig_Error_Syntax' with message 'Unknown tag name "layout" in "index.html.twig" at line 1' in D:\Programs\Xampp\htdocs\CofeinWebsite\classes\Twig\vendor\twig\twig\lib\Twig\Parser.php:182
Stack trace:
#0 D:\Programs\Xampp\htdocs\CofeinWebsite\classes\Twig\vendor\twig\twig\lib\Twig\Parser.php(95): Twig_Parser->subparse(NULL, false)
#1 D:\Programs\Xampp\htdocs\CofeinWebsite\classes\Twig\vendor\twig\twig\lib\Twig\Environment.php(507): Twig_Parser->parse(Object(Twig_TokenStream))
#2 D:\Programs\Xampp\htdocs\CofeinWebsite\classes\Twig\vendor\twig\twig\lib\Twig\Environment.php(559): Twig_Environment->parse(Object(Twig_TokenStream))
#3 D:\Programs\Xampp\htdocs\CofeinWebsite\classes\Twig\vendor\twig\twig\lib\Twig\Environment.php(331): Twig_Environment->compileSource('{% layout ? ext...', 'index.html.twig')
#4 D:\Programs\Xampp\htdocs\CofeinWebsite\classes\Twig\vendor\twig\twig\lib\Twig\Environment.php(292): Twig_Environment->loadTemplate('index.html.twig')
#5 D:\Programs\Xampp\htdocs\CofeinWebsite\classes\Main.php(70): Twig_Environment->render('index.html.twig', Array)
#6 D:\Programs\Xampp\htdocs\CofeinWebsite\classes\Main.php(37): Main->render()
#7 D:\Programs\Xampp\htdocs\CofeinWebsite\classes\Main.php(20): Main->processRequest()
#8 D:\Programs\Xampp\htdocs\CofeinWebsite\classes\Main.php(104): Main->__construct()
#9 D:\Programs\Xampp\htdocs\CofeinWebsite\index.php(13): Main::getInstance()
#10 {main}


[28/11/14  10:22:33]
exception 'Twig_Error_Syntax' with message 'Unexpected token "end of statement block" of value "" in "index.html.twig" at line 1' in D:\Programs\Xampp\htdocs\CofeinWebsite\classes\Twig\vendor\twig\twig\lib\Twig\ExpressionParser.php:175
Stack trace:
#0 D:\Programs\Xampp\htdocs\CofeinWebsite\classes\Twig\vendor\twig\twig\lib\Twig\ExpressionParser.php(84): Twig_ExpressionParser->parsePrimaryExpression()
#1 D:\Programs\Xampp\htdocs\CofeinWebsite\classes\Twig\vendor\twig\twig\lib\Twig\ExpressionParser.php(41): Twig_ExpressionParser->getPrimary()
#2 D:\Programs\Xampp\htdocs\CofeinWebsite\classes\Twig\vendor\twig\twig\lib\Twig\ExpressionParser.php(93): Twig_ExpressionParser->parseExpression()
#3 D:\Programs\Xampp\htdocs\CofeinWebsite\classes\Twig\vendor\twig\twig\lib\Twig\ExpressionParser.php(59): Twig_ExpressionParser->parseConditionalExpression(Object(Twig_Node_Expression_Name))
#4 D:\Programs\Xampp\htdocs\CofeinWebsite\classes\Twig\vendor\twig\twig\lib\Twig\TokenParser\Extends.php(38): Twig_ExpressionParser->parseExpression()
#5 D:\Programs\Xampp\htdocs\CofeinWebsite\classes\Twig\vendor\twig\twig\lib\Twig\Parser.php(187): Twig_TokenParser_Extends->parse(Object(Twig_Token))
#6 D:\Programs\Xampp\htdocs\CofeinWebsite\classes\Twig\vendor\twig\twig\lib\Twig\Parser.php(95): Twig_Parser->subparse(NULL, false)
#7 D:\Programs\Xampp\htdocs\CofeinWebsite\classes\Twig\vendor\twig\twig\lib\Twig\Environment.php(507): Twig_Parser->parse(Object(Twig_TokenStream))
#8 D:\Programs\Xampp\htdocs\CofeinWebsite\classes\Twig\vendor\twig\twig\lib\Twig\Environment.php(559): Twig_Environment->parse(Object(Twig_TokenStream))
#9 D:\Programs\Xampp\htdocs\CofeinWebsite\classes\Twig\vendor\twig\twig\lib\Twig\Environment.php(331): Twig_Environment->compileSource('{% extends layo...', 'index.html.twig')
#10 D:\Programs\Xampp\htdocs\CofeinWebsite\classes\Twig\vendor\twig\twig\lib\Twig\Environment.php(292): Twig_Environment->loadTemplate('index.html.twig')
#11 D:\Programs\Xampp\htdocs\CofeinWebsite\classes\Main.php(70): Twig_Environment->render('index.html.twig', Array)
#12 D:\Programs\Xampp\htdocs\CofeinWebsite\classes\Main.php(37): Main->render()
#13 D:\Programs\Xampp\htdocs\CofeinWebsite\classes\Main.php(20): Main->processRequest()
#14 D:\Programs\Xampp\htdocs\CofeinWebsite\classes\Main.php(104): Main->__construct()
#15 D:\Programs\Xampp\htdocs\CofeinWebsite\index.php(13): Main::getInstance()
#16 {main}


[28/11/14  10:22:37]
exception 'Twig_Error_Syntax' with message 'Unexpected token "end of statement block" of value "" in "index.html.twig" at line 1' in D:\Programs\Xampp\htdocs\CofeinWebsite\classes\Twig\vendor\twig\twig\lib\Twig\ExpressionParser.php:175
Stack trace:
#0 D:\Programs\Xampp\htdocs\CofeinWebsite\classes\Twig\vendor\twig\twig\lib\Twig\ExpressionParser.php(84): Twig_ExpressionParser->parsePrimaryExpression()
#1 D:\Programs\Xampp\htdocs\CofeinWebsite\classes\Twig\vendor\twig\twig\lib\Twig\ExpressionParser.php(41): Twig_ExpressionParser->getPrimary()
#2 D:\Programs\Xampp\htdocs\CofeinWebsite\classes\Twig\vendor\twig\twig\lib\Twig\ExpressionParser.php(93): Twig_ExpressionParser->parseExpression()
#3 D:\Programs\Xampp\htdocs\CofeinWebsite\classes\Twig\vendor\twig\twig\lib\Twig\ExpressionParser.php(59): Twig_ExpressionParser->parseConditionalExpression(Object(Twig_Node_Expression_Name))
#4 D:\Programs\Xampp\htdocs\CofeinWebsite\classes\Twig\vendor\twig\twig\lib\Twig\TokenParser\Extends.php(38): Twig_ExpressionParser->parseExpression()
#5 D:\Programs\Xampp\htdocs\CofeinWebsite\classes\Twig\vendor\twig\twig\lib\Twig\Parser.php(187): Twig_TokenParser_Extends->parse(Object(Twig_Token))
#6 D:\Programs\Xampp\htdocs\CofeinWebsite\classes\Twig\vendor\twig\twig\lib\Twig\Parser.php(95): Twig_Parser->subparse(NULL, false)
#7 D:\Programs\Xampp\htdocs\CofeinWebsite\classes\Twig\vendor\twig\twig\lib\Twig\Environment.php(507): Twig_Parser->parse(Object(Twig_TokenStream))
#8 D:\Programs\Xampp\htdocs\CofeinWebsite\classes\Twig\vendor\twig\twig\lib\Twig\Environment.php(559): Twig_Environment->parse(Object(Twig_TokenStream))
#9 D:\Programs\Xampp\htdocs\CofeinWebsite\classes\Twig\vendor\twig\twig\lib\Twig\Environment.php(331): Twig_Environment->compileSource('{% extends layo...', 'index.html.twig')
#10 D:\Programs\Xampp\htdocs\CofeinWebsite\classes\Twig\vendor\twig\twig\lib\Twig\Environment.php(292): Twig_Environment->loadTemplate('index.html.twig')
#11 D:\Programs\Xampp\htdocs\CofeinWebsite\classes\Main.php(70): Twig_Environment->render('index.html.twig', Array)
#12 D:\Programs\Xampp\htdocs\CofeinWebsite\classes\Main.php(37): Main->render()
#13 D:\Programs\Xampp\htdocs\CofeinWebsite\classes\Main.php(20): Main->processRequest()
#14 D:\Programs\Xampp\htdocs\CofeinWebsite\classes\Main.php(104): Main->__construct()
#15 D:\Programs\Xampp\htdocs\CofeinWebsite\index.php(13): Main::getInstance()
#16 {main}


[28/11/14  10:26:01]
exception 'Twig_Error_Loader' with message 'Unable to find template "views/layouts/empty.html.twig" (looked into: views/templates) in "gallery.html.twig".' in D:\Programs\Xampp\htdocs\CofeinWebsite\classes\Twig\vendor\twig\twig\lib\Twig\Loader\Filesystem.php:191
Stack trace:
#0 D:\Programs\Xampp\htdocs\CofeinWebsite\classes\Twig\vendor\twig\twig\lib\Twig\Loader\Filesystem.php(138): Twig_Loader_Filesystem->findTemplate('views/layouts/e...')
#1 D:\Programs\Xampp\htdocs\CofeinWebsite\classes\Twig\vendor\twig\twig\lib\Twig\Environment.php(265): Twig_Loader_Filesystem->getCacheKey('views/layouts/e...')
#2 D:\Programs\Xampp\htdocs\CofeinWebsite\classes\Twig\vendor\twig\twig\lib\Twig\Environment.php(323): Twig_Environment->getTemplateClass('views/layouts/e...', NULL)
#3 D:\Programs\Xampp\htdocs\CofeinWebsite\classes\Twig\vendor\twig\twig\lib\Twig\Environment.php(397): Twig_Environment->loadTemplate('views/layouts/e...')
#4 D:\Programs\Xampp\htdocs\CofeinWebsite\classes\Twig\vendor\twig\twig\lib\Twig\Environment.php(331) : eval()'d code(17): Twig_Environment->resolveTemplate('views/layouts/e...')
#5 D:\Programs\Xampp\htdocs\CofeinWebsite\classes\Twig\vendor\twig\twig\lib\Twig\Template.php(69): __TwigTemplate_078f565cadb31b8dba98e88f0d410071d3ea018238bcdcade20f84caa35fb61f->doGetParent(Array)
#6 D:\Programs\Xampp\htdocs\CofeinWebsite\classes\Twig\vendor\twig\twig\lib\Twig\Environment.php(331) : eval()'d code(22): Twig_Template->getParent(Array)
#7 D:\Programs\Xampp\htdocs\CofeinWebsite\classes\Twig\vendor\twig\twig\lib\Twig\Template.php(279): __TwigTemplate_078f565cadb31b8dba98e88f0d410071d3ea018238bcdcade20f84caa35fb61f->doDisplay(Array, Array)
#8 D:\Programs\Xampp\htdocs\CofeinWebsite\classes\Twig\vendor\twig\twig\lib\Twig\Template.php(253): Twig_Template->displayWithErrorHandling(Array, Array)
#9 D:\Programs\Xampp\htdocs\CofeinWebsite\classes\Twig\vendor\twig\twig\lib\Twig\Template.php(264): Twig_Template->display(Array)
#10 D:\Programs\Xampp\htdocs\CofeinWebsite\classes\Twig\vendor\twig\twig\lib\Twig\Environment.php(292): Twig_Template->render(Array)
#11 D:\Programs\Xampp\htdocs\CofeinWebsite\classes\Main.php(78): Twig_Environment->render('gallery.html.tw...', Array)
#12 D:\Programs\Xampp\htdocs\CofeinWebsite\classes\Main.php(35): Main->JsonResponse()
#13 D:\Programs\Xampp\htdocs\CofeinWebsite\classes\Main.php(20): Main->processRequest()
#14 D:\Programs\Xampp\htdocs\CofeinWebsite\classes\Main.php(104): Main->__construct()
#15 D:\Programs\Xampp\htdocs\CofeinWebsite\index.php(13): Main::getInstance()
#16 {main}


[28/11/14  10:48:59]
exception 'Twig_Error_Syntax' with message 'A template that extends another one cannot have a body in "admin_login.html.twig" at line 22.' in D:\Programs\Xampp\htdocs\CofeinWebsite\classes\Twig\vendor\twig\twig\lib\Twig\Parser.php:370
Stack trace:
#0 D:\Programs\Xampp\htdocs\CofeinWebsite\classes\Twig\vendor\twig\twig\lib\Twig\Parser.php(383): Twig_Parser->filterBodyNodes(Object(Twig_Node_Text))
#1 D:\Programs\Xampp\htdocs\CofeinWebsite\classes\Twig\vendor\twig\twig\lib\Twig\Parser.php(98): Twig_Parser->filterBodyNodes(Object(Twig_Node))
#2 D:\Programs\Xampp\htdocs\CofeinWebsite\classes\Twig\vendor\twig\twig\lib\Twig\Environment.php(507): Twig_Parser->parse(Object(Twig_TokenStream))
#3 D:\Programs\Xampp\htdocs\CofeinWebsite\classes\Twig\vendor\twig\twig\lib\Twig\Environment.php(559): Twig_Environment->parse(Object(Twig_TokenStream))
#4 D:\Programs\Xampp\htdocs\CofeinWebsite\classes\Twig\vendor\twig\twig\lib\Twig\Environment.php(331): Twig_Environment->compileSource('{% extends layo...', 'admin_login.htm...')
#5 D:\Programs\Xampp\htdocs\CofeinWebsite\classes\Twig\vendor\twig\twig\lib\Twig\Environment.php(292): Twig_Environment->loadTemplate('admin_login.htm...')
#6 D:\Programs\Xampp\htdocs\CofeinWebsite\classes\Main.php(70): Twig_Environment->render('admin_login.htm...', Array)
#7 D:\Programs\Xampp\htdocs\CofeinWebsite\classes\Main.php(37): Main->render()
#8 D:\Programs\Xampp\htdocs\CofeinWebsite\classes\Main.php(20): Main->processRequest()
#9 D:\Programs\Xampp\htdocs\CofeinWebsite\classes\Main.php(104): Main->__construct()
#10 D:\Programs\Xampp\htdocs\CofeinWebsite\index.php(13): Main::getInstance()
#11 {main}


[28/11/14  20:25:16]
exception 'Exception' with message 'Could not upload file in Admin->news())' in D:\Programs\Xampp\htdocs\CofeinWebsite\classes\Admin.php:45
Stack trace:
#0 D:\Programs\Xampp\htdocs\CofeinWebsite\classes\Admin.php(26): Admin->news()
#1 D:\Programs\Xampp\htdocs\CofeinWebsite\classes\Main.php(50): Admin->getContent()
#2 D:\Programs\Xampp\htdocs\CofeinWebsite\classes\Main.php(33): Main->setContent()
#3 D:\Programs\Xampp\htdocs\CofeinWebsite\classes\Main.php(20): Main->processRequest()
#4 D:\Programs\Xampp\htdocs\CofeinWebsite\classes\Main.php(104): Main->__construct()
#5 D:\Programs\Xampp\htdocs\CofeinWebsite\index.php(14): Main::getInstance()
#6 {main}


[28/11/14  20:26:36]
exception 'Exception' with message 'Could not upload file in Admin->news())' in D:\Programs\Xampp\htdocs\CofeinWebsite\classes\Admin.php:46
Stack trace:
#0 D:\Programs\Xampp\htdocs\CofeinWebsite\classes\Admin.php(26): Admin->news()
#1 D:\Programs\Xampp\htdocs\CofeinWebsite\classes\Main.php(50): Admin->getContent()
#2 D:\Programs\Xampp\htdocs\CofeinWebsite\classes\Main.php(33): Main->setContent()
#3 D:\Programs\Xampp\htdocs\CofeinWebsite\classes\Main.php(20): Main->processRequest()
#4 D:\Programs\Xampp\htdocs\CofeinWebsite\classes\Main.php(104): Main->__construct()
#5 D:\Programs\Xampp\htdocs\CofeinWebsite\index.php(14): Main::getInstance()
#6 {main}


[01/12/14  17:25:28]
exception 'Twig_Error_Loader' with message 'Unable to find template "empty.html.twig" (looked into: views/templates) in "gallery.html.twig".' in D:\Programs\Xampp\htdocs\CofeinWebsite\classes\Twig\vendor\twig\twig\lib\Twig\Loader\Filesystem.php:191
Stack trace:
#0 D:\Programs\Xampp\htdocs\CofeinWebsite\classes\Twig\vendor\twig\twig\lib\Twig\Loader\Filesystem.php(138): Twig_Loader_Filesystem->findTemplate('empty.html.twig')
#1 D:\Programs\Xampp\htdocs\CofeinWebsite\classes\Twig\vendor\twig\twig\lib\Twig\Environment.php(265): Twig_Loader_Filesystem->getCacheKey('empty.html.twig')
#2 D:\Programs\Xampp\htdocs\CofeinWebsite\classes\Twig\vendor\twig\twig\lib\Twig\Environment.php(323): Twig_Environment->getTemplateClass('empty.html.twig', NULL)
#3 D:\Programs\Xampp\htdocs\CofeinWebsite\classes\Twig\vendor\twig\twig\lib\Twig\Environment.php(397): Twig_Environment->loadTemplate('empty.html.twig')
#4 D:\Programs\Xampp\htdocs\CofeinWebsite\classes\Twig\vendor\twig\twig\lib\Twig\Environment.php(331) : eval()'d code(17): Twig_Environment->resolveTemplate('empty.html.twig')
#5 D:\Programs\Xampp\htdocs\CofeinWebsite\classes\Twig\vendor\twig\twig\lib\Twig\Template.php(69): __TwigTemplate_078f565cadb31b8dba98e88f0d410071d3ea018238bcdcade20f84caa35fb61f->doGetParent(Array)
#6 D:\Programs\Xampp\htdocs\CofeinWebsite\classes\Twig\vendor\twig\twig\lib\Twig\Environment.php(331) : eval()'d code(22): Twig_Template->getParent(Array)
#7 D:\Programs\Xampp\htdocs\CofeinWebsite\classes\Twig\vendor\twig\twig\lib\Twig\Template.php(279): __TwigTemplate_078f565cadb31b8dba98e88f0d410071d3ea018238bcdcade20f84caa35fb61f->doDisplay(Array, Array)
#8 D:\Programs\Xampp\htdocs\CofeinWebsite\classes\Twig\vendor\twig\twig\lib\Twig\Template.php(253): Twig_Template->displayWithErrorHandling(Array, Array)
#9 D:\Programs\Xampp\htdocs\CofeinWebsite\classes\Twig\vendor\twig\twig\lib\Twig\Template.php(264): Twig_Template->display(Array)
#10 D:\Programs\Xampp\htdocs\CofeinWebsite\classes\Twig\vendor\twig\twig\lib\Twig\Environment.php(292): Twig_Template->render(Array)
#11 D:\Programs\Xampp\htdocs\CofeinWebsite\classes\Main.php(78): Twig_Environment->render('gallery.html.tw...', Array)
#12 D:\Programs\Xampp\htdocs\CofeinWebsite\classes\Main.php(35): Main->JsonResponse()
#13 D:\Programs\Xampp\htdocs\CofeinWebsite\classes\Main.php(20): Main->processRequest()
#14 D:\Programs\Xampp\htdocs\CofeinWebsite\classes\Main.php(104): Main->__construct()
#15 D:\Programs\Xampp\htdocs\CofeinWebsite\index.php(14): Main::getInstance()
#16 {main}


[01/12/14  17:26:18]
exception 'Twig_Error_Loader' with message 'Unable to find template "empty.html.twig" (looked into: views/templates) in "index.html.twig".' in D:\Programs\Xampp\htdocs\CofeinWebsite\classes\Twig\vendor\twig\twig\lib\Twig\Loader\Filesystem.php:191
Stack trace:
#0 D:\Programs\Xampp\htdocs\CofeinWebsite\classes\Twig\vendor\twig\twig\lib\Twig\Loader\Filesystem.php(138): Twig_Loader_Filesystem->findTemplate('empty.html.twig')
#1 D:\Programs\Xampp\htdocs\CofeinWebsite\classes\Twig\vendor\twig\twig\lib\Twig\Environment.php(265): Twig_Loader_Filesystem->getCacheKey('empty.html.twig')
#2 D:\Programs\Xampp\htdocs\CofeinWebsite\classes\Twig\vendor\twig\twig\lib\Twig\Environment.php(323): Twig_Environment->getTemplateClass('empty.html.twig', NULL)
#3 D:\Programs\Xampp\htdocs\CofeinWebsite\classes\Twig\vendor\twig\twig\lib\Twig\Environment.php(397): Twig_Environment->loadTemplate('empty.html.twig')
#4 D:\Programs\Xampp\htdocs\CofeinWebsite\classes\Twig\vendor\twig\twig\lib\Twig\Environment.php(331) : eval()'d code(17): Twig_Environment->resolveTemplate('empty.html.twig')
#5 D:\Programs\Xampp\htdocs\CofeinWebsite\classes\Twig\vendor\twig\twig\lib\Twig\Template.php(69): __TwigTemplate_428d523898ff4a088ac23383bd8a8928571c566d71bd9ea2a75f04f1f9b31c7c->doGetParent(Array)
#6 D:\Programs\Xampp\htdocs\CofeinWebsite\classes\Twig\vendor\twig\twig\lib\Twig\Environment.php(331) : eval()'d code(22): Twig_Template->getParent(Array)
#7 D:\Programs\Xampp\htdocs\CofeinWebsite\classes\Twig\vendor\twig\twig\lib\Twig\Template.php(279): __TwigTemplate_428d523898ff4a088ac23383bd8a8928571c566d71bd9ea2a75f04f1f9b31c7c->doDisplay(Array, Array)
#8 D:\Programs\Xampp\htdocs\CofeinWebsite\classes\Twig\vendor\twig\twig\lib\Twig\Template.php(253): Twig_Template->displayWithErrorHandling(Array, Array)
#9 D:\Programs\Xampp\htdocs\CofeinWebsite\classes\Twig\vendor\twig\twig\lib\Twig\Template.php(264): Twig_Template->display(Array)
#10 D:\Programs\Xampp\htdocs\CofeinWebsite\classes\Twig\vendor\twig\twig\lib\Twig\Environment.php(292): Twig_Template->render(Array)
#11 D:\Programs\Xampp\htdocs\CofeinWebsite\classes\Main.php(78): Twig_Environment->render('index.html.twig', Array)
#12 D:\Programs\Xampp\htdocs\CofeinWebsite\classes\Main.php(35): Main->JsonResponse()
#13 D:\Programs\Xampp\htdocs\CofeinWebsite\classes\Main.php(20): Main->processRequest()
#14 D:\Programs\Xampp\htdocs\CofeinWebsite\classes\Main.php(104): Main->__construct()
#15 D:\Programs\Xampp\htdocs\CofeinWebsite\index.php(14): Main::getInstance()
#16 {main}


[01/12/14  17:26:22]
exception 'Twig_Error_Loader' with message 'Unable to find template "empty.html.twig" (looked into: views/templates) in "index.html.twig".' in D:\Programs\Xampp\htdocs\CofeinWebsite\classes\Twig\vendor\twig\twig\lib\Twig\Loader\Filesystem.php:191
Stack trace:
#0 D:\Programs\Xampp\htdocs\CofeinWebsite\classes\Twig\vendor\twig\twig\lib\Twig\Loader\Filesystem.php(138): Twig_Loader_Filesystem->findTemplate('empty.html.twig')
#1 D:\Programs\Xampp\htdocs\CofeinWebsite\classes\Twig\vendor\twig\twig\lib\Twig\Environment.php(265): Twig_Loader_Filesystem->getCacheKey('empty.html.twig')
#2 D:\Programs\Xampp\htdocs\CofeinWebsite\classes\Twig\vendor\twig\twig\lib\Twig\Environment.php(323): Twig_Environment->getTemplateClass('empty.html.twig', NULL)
#3 D:\Programs\Xampp\htdocs\CofeinWebsite\classes\Twig\vendor\twig\twig\lib\Twig\Environment.php(397): Twig_Environment->loadTemplate('empty.html.twig')
#4 D:\Programs\Xampp\htdocs\CofeinWebsite\classes\Twig\vendor\twig\twig\lib\Twig\Environment.php(331) : eval()'d code(17): Twig_Environment->resolveTemplate('empty.html.twig')
#5 D:\Programs\Xampp\htdocs\CofeinWebsite\classes\Twig\vendor\twig\twig\lib\Twig\Template.php(69): __TwigTemplate_428d523898ff4a088ac23383bd8a8928571c566d71bd9ea2a75f04f1f9b31c7c->doGetParent(Array)
#6 D:\Programs\Xampp\htdocs\CofeinWebsite\classes\Twig\vendor\twig\twig\lib\Twig\Environment.php(331) : eval()'d code(22): Twig_Template->getParent(Array)
#7 D:\Programs\Xampp\htdocs\CofeinWebsite\classes\Twig\vendor\twig\twig\lib\Twig\Template.php(279): __TwigTemplate_428d523898ff4a088ac23383bd8a8928571c566d71bd9ea2a75f04f1f9b31c7c->doDisplay(Array, Array)
#8 D:\Programs\Xampp\htdocs\CofeinWebsite\classes\Twig\vendor\twig\twig\lib\Twig\Template.php(253): Twig_Template->displayWithErrorHandling(Array, Array)
#9 D:\Programs\Xampp\htdocs\CofeinWebsite\classes\Twig\vendor\twig\twig\lib\Twig\Template.php(264): Twig_Template->display(Array)
#10 D:\Programs\Xampp\htdocs\CofeinWebsite\classes\Twig\vendor\twig\twig\lib\Twig\Environment.php(292): Twig_Template->render(Array)
#11 D:\Programs\Xampp\htdocs\CofeinWebsite\classes\Main.php(78): Twig_Environment->render('index.html.twig', Array)
#12 D:\Programs\Xampp\htdocs\CofeinWebsite\classes\Main.php(35): Main->JsonResponse()
#13 D:\Programs\Xampp\htdocs\CofeinWebsite\classes\Main.php(20): Main->processRequest()
#14 D:\Programs\Xampp\htdocs\CofeinWebsite\classes\Main.php(104): Main->__construct()
#15 D:\Programs\Xampp\htdocs\CofeinWebsite\index.php(14): Main::getInstance()
#16 {main}


[01/12/14  17:26:25]
exception 'Twig_Error_Loader' with message 'Unable to find template "empty.html.twig" (looked into: views/templates) in "index.html.twig".' in D:\Programs\Xampp\htdocs\CofeinWebsite\classes\Twig\vendor\twig\twig\lib\Twig\Loader\Filesystem.php:191
Stack trace:
#0 D:\Programs\Xampp\htdocs\CofeinWebsite\classes\Twig\vendor\twig\twig\lib\Twig\Loader\Filesystem.php(138): Twig_Loader_Filesystem->findTemplate('empty.html.twig')
#1 D:\Programs\Xampp\htdocs\CofeinWebsite\classes\Twig\vendor\twig\twig\lib\Twig\Environment.php(265): Twig_Loader_Filesystem->getCacheKey('empty.html.twig')
#2 D:\Programs\Xampp\htdocs\CofeinWebsite\classes\Twig\vendor\twig\twig\lib\Twig\Environment.php(323): Twig_Environment->getTemplateClass('empty.html.twig', NULL)
#3 D:\Programs\Xampp\htdocs\CofeinWebsite\classes\Twig\vendor\twig\twig\lib\Twig\Environment.php(397): Twig_Environment->loadTemplate('empty.html.twig')
#4 D:\Programs\Xampp\htdocs\CofeinWebsite\classes\Twig\vendor\twig\twig\lib\Twig\Environment.php(331) : eval()'d code(17): Twig_Environment->resolveTemplate('empty.html.twig')
#5 D:\Programs\Xampp\htdocs\CofeinWebsite\classes\Twig\vendor\twig\twig\lib\Twig\Template.php(69): __TwigTemplate_428d523898ff4a088ac23383bd8a8928571c566d71bd9ea2a75f04f1f9b31c7c->doGetParent(Array)
#6 D:\Programs\Xampp\htdocs\CofeinWebsite\classes\Twig\vendor\twig\twig\lib\Twig\Environment.php(331) : eval()'d code(22): Twig_Template->getParent(Array)
#7 D:\Programs\Xampp\htdocs\CofeinWebsite\classes\Twig\vendor\twig\twig\lib\Twig\Template.php(279): __TwigTemplate_428d523898ff4a088ac23383bd8a8928571c566d71bd9ea2a75f04f1f9b31c7c->doDisplay(Array, Array)
#8 D:\Programs\Xampp\htdocs\CofeinWebsite\classes\Twig\vendor\twig\twig\lib\Twig\Template.php(253): Twig_Template->displayWithErrorHandling(Array, Array)
#9 D:\Programs\Xampp\htdocs\CofeinWebsite\classes\Twig\vendor\twig\twig\lib\Twig\Template.php(264): Twig_Template->display(Array)
#10 D:\Programs\Xampp\htdocs\CofeinWebsite\classes\Twig\vendor\twig\twig\lib\Twig\Environment.php(292): Twig_Template->render(Array)
#11 D:\Programs\Xampp\htdocs\CofeinWebsite\classes\Main.php(78): Twig_Environment->render('index.html.twig', Array)
#12 D:\Programs\Xampp\htdocs\CofeinWebsite\classes\Main.php(35): Main->JsonResponse()
#13 D:\Programs\Xampp\htdocs\CofeinWebsite\classes\Main.php(20): Main->processRequest()
#14 D:\Programs\Xampp\htdocs\CofeinWebsite\classes\Main.php(104): Main->__construct()
#15 D:\Programs\Xampp\htdocs\CofeinWebsite\index.php(14): Main::getInstance()
#16 {main}


[01/12/14  17:29:38]
exception 'Twig_Error_Loader' with message 'Unable to find template "empty.html.twig" (looked into: views/templates) in "gallery.html.twig".' in D:\Programs\Xampp\htdocs\CofeinWebsite\classes\Twig\vendor\twig\twig\lib\Twig\Loader\Filesystem.php:191
Stack trace:
#0 D:\Programs\Xampp\htdocs\CofeinWebsite\classes\Twig\vendor\twig\twig\lib\Twig\Loader\Filesystem.php(138): Twig_Loader_Filesystem->findTemplate('empty.html.twig')
#1 D:\Programs\Xampp\htdocs\CofeinWebsite\classes\Twig\vendor\twig\twig\lib\Twig\Environment.php(265): Twig_Loader_Filesystem->getCacheKey('empty.html.twig')
#2 D:\Programs\Xampp\htdocs\CofeinWebsite\classes\Twig\vendor\twig\twig\lib\Twig\Environment.php(323): Twig_Environment->getTemplateClass('empty.html.twig', NULL)
#3 D:\Programs\Xampp\htdocs\CofeinWebsite\classes\Twig\vendor\twig\twig\lib\Twig\Environment.php(397): Twig_Environment->loadTemplate('empty.html.twig')
#4 D:\Programs\Xampp\htdocs\CofeinWebsite\classes\Twig\vendor\twig\twig\lib\Twig\Environment.php(331) : eval()'d code(17): Twig_Environment->resolveTemplate('empty.html.twig')
#5 D:\Programs\Xampp\htdocs\CofeinWebsite\classes\Twig\vendor\twig\twig\lib\Twig\Template.php(69): __TwigTemplate_078f565cadb31b8dba98e88f0d410071d3ea018238bcdcade20f84caa35fb61f->doGetParent(Array)
#6 D:\Programs\Xampp\htdocs\CofeinWebsite\classes\Twig\vendor\twig\twig\lib\Twig\Environment.php(331) : eval()'d code(22): Twig_Template->getParent(Array)
#7 D:\Programs\Xampp\htdocs\CofeinWebsite\classes\Twig\vendor\twig\twig\lib\Twig\Template.php(279): __TwigTemplate_078f565cadb31b8dba98e88f0d410071d3ea018238bcdcade20f84caa35fb61f->doDisplay(Array, Array)
#8 D:\Programs\Xampp\htdocs\CofeinWebsite\classes\Twig\vendor\twig\twig\lib\Twig\Template.php(253): Twig_Template->displayWithErrorHandling(Array, Array)
#9 D:\Programs\Xampp\htdocs\CofeinWebsite\classes\Twig\vendor\twig\twig\lib\Twig\Template.php(264): Twig_Template->display(Array)
#10 D:\Programs\Xampp\htdocs\CofeinWebsite\classes\Twig\vendor\twig\twig\lib\Twig\Environment.php(292): Twig_Template->render(Array)
#11 D:\Programs\Xampp\htdocs\CofeinWebsite\classes\Main.php(78): Twig_Environment->render('gallery.html.tw...', Array)
#12 D:\Programs\Xampp\htdocs\CofeinWebsite\classes\Main.php(35): Main->ajaxResponse()
#13 D:\Programs\Xampp\htdocs\CofeinWebsite\classes\Main.php(20): Main->processRequest()
#14 D:\Programs\Xampp\htdocs\CofeinWebsite\classes\Main.php(104): Main->__construct()
#15 D:\Programs\Xampp\htdocs\CofeinWebsite\index.php(14): Main::getInstance()
#16 {main}


[01/12/14  17:29:46]
exception 'Twig_Error_Loader' with message 'Unable to find template "empty.html.twig" (looked into: views/templates) in "index.html.twig".' in D:\Programs\Xampp\htdocs\CofeinWebsite\classes\Twig\vendor\twig\twig\lib\Twig\Loader\Filesystem.php:191
Stack trace:
#0 D:\Programs\Xampp\htdocs\CofeinWebsite\classes\Twig\vendor\twig\twig\lib\Twig\Loader\Filesystem.php(138): Twig_Loader_Filesystem->findTemplate('empty.html.twig')
#1 D:\Programs\Xampp\htdocs\CofeinWebsite\classes\Twig\vendor\twig\twig\lib\Twig\Environment.php(265): Twig_Loader_Filesystem->getCacheKey('empty.html.twig')
#2 D:\Programs\Xampp\htdocs\CofeinWebsite\classes\Twig\vendor\twig\twig\lib\Twig\Environment.php(323): Twig_Environment->getTemplateClass('empty.html.twig', NULL)
#3 D:\Programs\Xampp\htdocs\CofeinWebsite\classes\Twig\vendor\twig\twig\lib\Twig\Environment.php(397): Twig_Environment->loadTemplate('empty.html.twig')
#4 D:\Programs\Xampp\htdocs\CofeinWebsite\classes\Twig\vendor\twig\twig\lib\Twig\Environment.php(331) : eval()'d code(17): Twig_Environment->resolveTemplate('empty.html.twig')
#5 D:\Programs\Xampp\htdocs\CofeinWebsite\classes\Twig\vendor\twig\twig\lib\Twig\Template.php(69): __TwigTemplate_428d523898ff4a088ac23383bd8a8928571c566d71bd9ea2a75f04f1f9b31c7c->doGetParent(Array)
#6 D:\Programs\Xampp\htdocs\CofeinWebsite\classes\Twig\vendor\twig\twig\lib\Twig\Environment.php(331) : eval()'d code(22): Twig_Template->getParent(Array)
#7 D:\Programs\Xampp\htdocs\CofeinWebsite\classes\Twig\vendor\twig\twig\lib\Twig\Template.php(279): __TwigTemplate_428d523898ff4a088ac23383bd8a8928571c566d71bd9ea2a75f04f1f9b31c7c->doDisplay(Array, Array)
#8 D:\Programs\Xampp\htdocs\CofeinWebsite\classes\Twig\vendor\twig\twig\lib\Twig\Template.php(253): Twig_Template->displayWithErrorHandling(Array, Array)
#9 D:\Programs\Xampp\htdocs\CofeinWebsite\classes\Twig\vendor\twig\twig\lib\Twig\Template.php(264): Twig_Template->display(Array)
#10 D:\Programs\Xampp\htdocs\CofeinWebsite\classes\Twig\vendor\twig\twig\lib\Twig\Environment.php(292): Twig_Template->render(Array)
#11 D:\Programs\Xampp\htdocs\CofeinWebsite\classes\Main.php(78): Twig_Environment->render('index.html.twig', Array)
#12 D:\Programs\Xampp\htdocs\CofeinWebsite\classes\Main.php(35): Main->ajaxResponse()
#13 D:\Programs\Xampp\htdocs\CofeinWebsite\classes\Main.php(20): Main->processRequest()
#14 D:\Programs\Xampp\htdocs\CofeinWebsite\classes\Main.php(104): Main->__construct()
#15 D:\Programs\Xampp\htdocs\CofeinWebsite\index.php(14): Main::getInstance()
#16 {main}


[01/12/14  19:15:11]
exception 'Twig_Error_Loader' with message 'Unable to find template "admin_news_preview.html.twig" (looked into: views/layouts, views/templates).' in D:\Programs\Xampp\htdocs\CofeinWebsite\classes\Twig\vendor\twig\twig\lib\Twig\Loader\Filesystem.php:191
Stack trace:
#0 D:\Programs\Xampp\htdocs\CofeinWebsite\classes\Twig\vendor\twig\twig\lib\Twig\Loader\Filesystem.php(138): Twig_Loader_Filesystem->findTemplate('admin_news_prev...')
#1 D:\Programs\Xampp\htdocs\CofeinWebsite\classes\Twig\vendor\twig\twig\lib\Twig\Environment.php(265): Twig_Loader_Filesystem->getCacheKey('admin_news_prev...')
#2 D:\Programs\Xampp\htdocs\CofeinWebsite\classes\Twig\vendor\twig\twig\lib\Twig\Environment.php(323): Twig_Environment->getTemplateClass('admin_news_prev...', NULL)
#3 D:\Programs\Xampp\htdocs\CofeinWebsite\classes\Twig\vendor\twig\twig\lib\Twig\Environment.php(292): Twig_Environment->loadTemplate('admin_news_prev...')
#4 D:\Programs\Xampp\htdocs\CofeinWebsite\classes\Main.php(70): Twig_Environment->render('admin_news_prev...', Array)
#5 D:\Programs\Xampp\htdocs\CofeinWebsite\classes\Main.php(37): Main->render()
#6 D:\Programs\Xampp\htdocs\CofeinWebsite\classes\Main.php(20): Main->processRequest()
#7 D:\Programs\Xampp\htdocs\CofeinWebsite\classes\Main.php(104): Main->__construct()
#8 D:\Programs\Xampp\htdocs\CofeinWebsite\index.php(14): Main::getInstance()
#9 {main}


[16/12/14  07:15:47]
exception 'Exception' with message 'Bad request.' in D:\Programs\Xampp\htdocs\CofeinWebsite\classes\Main.php:40
Stack trace:
#0 D:\Programs\Xampp\htdocs\CofeinWebsite\classes\Main.php(20): Main->processRequest()
#1 D:\Programs\Xampp\htdocs\CofeinWebsite\classes\Main.php(104): Main->__construct()
#2 D:\Programs\Xampp\htdocs\CofeinWebsite\index.php(14): Main::getInstance()
#3 {main}


[16/12/14  07:15:51]
exception 'Exception' with message 'Bad request.' in D:\Programs\Xampp\htdocs\CofeinWebsite\classes\Main.php:40
Stack trace:
#0 D:\Programs\Xampp\htdocs\CofeinWebsite\classes\Main.php(20): Main->processRequest()
#1 D:\Programs\Xampp\htdocs\CofeinWebsite\classes\Main.php(104): Main->__construct()
#2 D:\Programs\Xampp\htdocs\CofeinWebsite\index.php(14): Main::getInstance()
#3 {main}


[18/12/14  10:45:14]
exception 'PDOException' with message 'SQLSTATE[HY093]: Invalid parameter number: parameter was not defined' in D:\Programs\Xampp\htdocs\CofeinWebsite\classes\Database.php:33
Stack trace:
#0 D:\Programs\Xampp\htdocs\CofeinWebsite\classes\Database.php(33): PDOStatement->execute(Array)
#1 D:\Programs\Xampp\htdocs\CofeinWebsite\classes\Admin.php(121): Database->execute(Array)
#2 D:\Programs\Xampp\htdocs\CofeinWebsite\classes\Admin.php(26): Admin->shop()
#3 D:\Programs\Xampp\htdocs\CofeinWebsite\classes\Main.php(50): Admin->getContent()
#4 D:\Programs\Xampp\htdocs\CofeinWebsite\classes\Main.php(33): Main->setContent()
#5 D:\Programs\Xampp\htdocs\CofeinWebsite\classes\Main.php(20): Main->processRequest()
#6 D:\Programs\Xampp\htdocs\CofeinWebsite\classes\Main.php(104): Main->__construct()
#7 D:\Programs\Xampp\htdocs\CofeinWebsite\index.php(14): Main::getInstance()
#8 {main}


[18/12/14  11:44:01]
exception 'PDOException' with message 'SQLSTATE[HY093]: Invalid parameter number: parameter was not defined' in D:\Programs\Xampp\htdocs\CofeinWebsite\classes\Database.php:33
Stack trace:
#0 D:\Programs\Xampp\htdocs\CofeinWebsite\classes\Database.php(33): PDOStatement->execute(Array)
#1 D:\Programs\Xampp\htdocs\CofeinWebsite\classes\Admin.php(125): Database->execute(Array)
#2 D:\Programs\Xampp\htdocs\CofeinWebsite\classes\Admin.php(26): Admin->shop()
#3 D:\Programs\Xampp\htdocs\CofeinWebsite\classes\Main.php(50): Admin->getContent()
#4 D:\Programs\Xampp\htdocs\CofeinWebsite\classes\Main.php(33): Main->setContent()
#5 D:\Programs\Xampp\htdocs\CofeinWebsite\classes\Main.php(20): Main->processRequest()
#6 D:\Programs\Xampp\htdocs\CofeinWebsite\classes\Main.php(104): Main->__construct()
#7 D:\Programs\Xampp\htdocs\CofeinWebsite\index.php(14): Main::getInstance()
#8 {main}


[18/12/14  11:45:01]
exception 'PDOException' with message 'SQLSTATE[HY093]: Invalid parameter number: parameter was not defined' in D:\Programs\Xampp\htdocs\CofeinWebsite\classes\Database.php:33
Stack trace:
#0 D:\Programs\Xampp\htdocs\CofeinWebsite\classes\Database.php(33): PDOStatement->execute(Array)
#1 D:\Programs\Xampp\htdocs\CofeinWebsite\classes\Admin.php(125): Database->execute(Array)
#2 D:\Programs\Xampp\htdocs\CofeinWebsite\classes\Admin.php(26): Admin->shop()
#3 D:\Programs\Xampp\htdocs\CofeinWebsite\classes\Main.php(50): Admin->getContent()
#4 D:\Programs\Xampp\htdocs\CofeinWebsite\classes\Main.php(33): Main->setContent()
#5 D:\Programs\Xampp\htdocs\CofeinWebsite\classes\Main.php(20): Main->processRequest()
#6 D:\Programs\Xampp\htdocs\CofeinWebsite\classes\Main.php(104): Main->__construct()
#7 D:\Programs\Xampp\htdocs\CofeinWebsite\index.php(14): Main::getInstance()
#8 {main}


[18/12/14  11:49:03]
exception 'PDOException' with message 'SQLSTATE[HY093]: Invalid parameter number: parameter was not defined' in D:\Programs\Xampp\htdocs\CofeinWebsite\classes\Database.php:33
Stack trace:
#0 D:\Programs\Xampp\htdocs\CofeinWebsite\classes\Database.php(33): PDOStatement->execute(Array)
#1 D:\Programs\Xampp\htdocs\CofeinWebsite\classes\Admin.php(125): Database->execute(Array)
#2 D:\Programs\Xampp\htdocs\CofeinWebsite\classes\Admin.php(26): Admin->shop()
#3 D:\Programs\Xampp\htdocs\CofeinWebsite\classes\Main.php(50): Admin->getContent()
#4 D:\Programs\Xampp\htdocs\CofeinWebsite\classes\Main.php(33): Main->setContent()
#5 D:\Programs\Xampp\htdocs\CofeinWebsite\classes\Main.php(20): Main->processRequest()
#6 D:\Programs\Xampp\htdocs\CofeinWebsite\classes\Main.php(104): Main->__construct()
#7 D:\Programs\Xampp\htdocs\CofeinWebsite\index.php(14): Main::getInstance()
#8 {main}


[19/12/14  10:00:47]
exception 'Exception' with message 'Bad request.' in D:\Programs\Xampp\htdocs\CofeinWebsite\classes\Main.php:40
Stack trace:
#0 D:\Programs\Xampp\htdocs\CofeinWebsite\classes\Main.php(20): Main->processRequest()
#1 D:\Programs\Xampp\htdocs\CofeinWebsite\classes\Main.php(104): Main->__construct()
#2 D:\Programs\Xampp\htdocs\CofeinWebsite\index.php(14): Main::getInstance()
#3 {main}


[19/12/14  20:57:57]
exception 'Exception' with message 'Bad request.' in D:\Programs\Xampp\htdocs\CofeinWebsite\classes\Main.php:40
Stack trace:
#0 D:\Programs\Xampp\htdocs\CofeinWebsite\classes\Main.php(20): Main->processRequest()
#1 D:\Programs\Xampp\htdocs\CofeinWebsite\classes\Main.php(104): Main->__construct()
#2 D:\Programs\Xampp\htdocs\CofeinWebsite\index.php(14): Main::getInstance()
#3 {main}


[19/12/14  20:57:58]
exception 'Exception' with message 'Bad request.' in D:\Programs\Xampp\htdocs\CofeinWebsite\classes\Main.php:40
Stack trace:
#0 D:\Programs\Xampp\htdocs\CofeinWebsite\classes\Main.php(20): Main->processRequest()
#1 D:\Programs\Xampp\htdocs\CofeinWebsite\classes\Main.php(104): Main->__construct()
#2 D:\Programs\Xampp\htdocs\CofeinWebsite\index.php(14): Main::getInstance()
#3 {main}


[19/12/14  21:06:29]
exception 'Twig_Error_Loader' with message 'Unable to find template ".html.twig" (looked into: views/templates).' in D:\Programs\Xampp\htdocs\CofeinWebsite\classes\Twig\vendor\twig\twig\lib\Twig\Loader\Filesystem.php:191
Stack trace:
#0 D:\Programs\Xampp\htdocs\CofeinWebsite\classes\Twig\vendor\twig\twig\lib\Twig\Loader\Filesystem.php(138): Twig_Loader_Filesystem->findTemplate('.html.twig')
#1 D:\Programs\Xampp\htdocs\CofeinWebsite\classes\Twig\vendor\twig\twig\lib\Twig\Environment.php(265): Twig_Loader_Filesystem->getCacheKey('.html.twig')
#2 D:\Programs\Xampp\htdocs\CofeinWebsite\classes\Twig\vendor\twig\twig\lib\Twig\Environment.php(323): Twig_Environment->getTemplateClass('.html.twig', NULL)
#3 D:\Programs\Xampp\htdocs\CofeinWebsite\classes\Twig\vendor\twig\twig\lib\Twig\Environment.php(292): Twig_Environment->loadTemplate('.html.twig')
#4 D:\Programs\Xampp\htdocs\CofeinWebsite\classes\Main.php(80): Twig_Environment->render('.html.twig', Array)
#5 D:\Programs\Xampp\htdocs\CofeinWebsite\classes\Main.php(37): Main->ajaxResponse()
#6 D:\Programs\Xampp\htdocs\CofeinWebsite\classes\Main.php(20): Main->processRequest()
#7 D:\Programs\Xampp\htdocs\CofeinWebsite\classes\Main.php(106): Main->__construct()
#8 D:\Programs\Xampp\htdocs\CofeinWebsite\index.php(14): Main::getInstance()
#9 {main}


[19/12/14  22:32:15]
exception 'PDOException' with message 'SQLSTATE[42000]: Syntax error or access violation: 1064 You have an error in your SQL syntax; check the manual that corresponds to your MySQL server version for the right syntax to use near ''news_en' WHERE id='4'' at line 1' in D:\Programs\Xampp\htdocs\CofeinWebsite\classes\Database.php:33
Stack trace:
#0 D:\Programs\Xampp\htdocs\CofeinWebsite\classes\Database.php(33): PDOStatement->execute(Array)
#1 D:\Programs\Xampp\htdocs\CofeinWebsite\classes\Admin.php(42): Database->execute(Array)
#2 D:\Programs\Xampp\htdocs\CofeinWebsite\classes\Main.php(35): Admin->delete()
#3 D:\Programs\Xampp\htdocs\CofeinWebsite\classes\Main.php(20): Main->processRequest()
#4 D:\Programs\Xampp\htdocs\CofeinWebsite\classes\Main.php(122): Main->__construct()
#5 D:\Programs\Xampp\htdocs\CofeinWebsite\index.php(14): Main::getInstance()
#6 {main}


[19/12/14  22:33:12]
exception 'PDOException' with message 'SQLSTATE[42S02]: Base table or view not found: 1146 Table 'cofein.'news_en'' doesn't exist' in D:\Programs\Xampp\htdocs\CofeinWebsite\classes\Database.php:33
Stack trace:
#0 D:\Programs\Xampp\htdocs\CofeinWebsite\classes\Database.php(33): PDOStatement->execute(Array)
#1 D:\Programs\Xampp\htdocs\CofeinWebsite\classes\Admin.php(42): Database->execute(Array)
#2 D:\Programs\Xampp\htdocs\CofeinWebsite\classes\Main.php(35): Admin->delete()
#3 D:\Programs\Xampp\htdocs\CofeinWebsite\classes\Main.php(20): Main->processRequest()
#4 D:\Programs\Xampp\htdocs\CofeinWebsite\classes\Main.php(122): Main->__construct()
#5 D:\Programs\Xampp\htdocs\CofeinWebsite\index.php(14): Main::getInstance()
#6 {main}


[19/12/14  22:42:08]
exception 'PDOException' with message 'SQLSTATE[42S02]: Base table or view not found: 1146 Table 'cofein.'shop_en'' doesn't exist' in D:\Programs\Xampp\htdocs\CofeinWebsite\classes\Database.php:33
Stack trace:
#0 D:\Programs\Xampp\htdocs\CofeinWebsite\classes\Database.php(33): PDOStatement->execute(Array)
#1 D:\Programs\Xampp\htdocs\CofeinWebsite\classes\Admin.php(42): Database->execute(Array)
#2 D:\Programs\Xampp\htdocs\CofeinWebsite\classes\Main.php(35): Admin->delete()
#3 D:\Programs\Xampp\htdocs\CofeinWebsite\classes\Main.php(20): Main->processRequest()
#4 D:\Programs\Xampp\htdocs\CofeinWebsite\classes\Main.php(122): Main->__construct()
#5 D:\Programs\Xampp\htdocs\CofeinWebsite\index.php(14): Main::getInstance()
#6 {main}


[19/12/14  22:43:39]
exception 'PDOException' with message 'SQLSTATE[42000]: Syntax error or access violation: 1064 You have an error in your SQL syntax; check the manual that corresponds to your MySQL server version for the right syntax to use near ''shop_en' WHERE id='1'' at line 1' in D:\Programs\Xampp\htdocs\CofeinWebsite\classes\Database.php:33
Stack trace:
#0 D:\Programs\Xampp\htdocs\CofeinWebsite\classes\Database.php(33): PDOStatement->execute(Array)
#1 D:\Programs\Xampp\htdocs\CofeinWebsite\classes\Admin.php(42): Database->execute(Array)
#2 D:\Programs\Xampp\htdocs\CofeinWebsite\classes\Main.php(35): Admin->delete()
#3 D:\Programs\Xampp\htdocs\CofeinWebsite\classes\Main.php(20): Main->processRequest()
#4 D:\Programs\Xampp\htdocs\CofeinWebsite\classes\Main.php(122): Main->__construct()
#5 D:\Programs\Xampp\htdocs\CofeinWebsite\index.php(14): Main::getInstance()
#6 {main}


[21/12/14  10:12:30]
exception 'PDOException' with message 'SQLSTATE[42000]: Syntax error or access violation: 1064 You have an error in your SQL syntax; check the manual that corresponds to your MySQL server version for the right syntax to use near ''shop_en' WHERE id='4'' at line 1' in D:\Programs\Xampp\htdocs\CofeinWebsite\classes\Database.php:33
Stack trace:
#0 D:\Programs\Xampp\htdocs\CofeinWebsite\classes\Database.php(33): PDOStatement->execute(Array)
#1 D:\Programs\Xampp\htdocs\CofeinWebsite\classes\Admin.php(45): Database->execute(Array)
#2 D:\Programs\Xampp\htdocs\CofeinWebsite\classes\Main.php(35): Admin->delete()
#3 D:\Programs\Xampp\htdocs\CofeinWebsite\classes\Main.php(20): Main->processRequest()
#4 D:\Programs\Xampp\htdocs\CofeinWebsite\classes\Main.php(122): Main->__construct()
#5 D:\Programs\Xampp\htdocs\CofeinWebsite\index.php(14): Main::getInstance()
#6 {main}


[21/12/14  10:14:15]
exception 'PDOException' with message 'SQLSTATE[42000]: Syntax error or access violation: 1064 You have an error in your SQL syntax; check the manual that corresponds to your MySQL server version for the right syntax to use near ''shop_en' WHERE id= '3'' at line 1' in D:\Programs\Xampp\htdocs\CofeinWebsite\classes\Database.php:33
Stack trace:
#0 D:\Programs\Xampp\htdocs\CofeinWebsite\classes\Database.php(33): PDOStatement->execute(Array)
#1 D:\Programs\Xampp\htdocs\CofeinWebsite\classes\Admin.php(45): Database->execute(Array)
#2 D:\Programs\Xampp\htdocs\CofeinWebsite\classes\Main.php(35): Admin->delete()
#3 D:\Programs\Xampp\htdocs\CofeinWebsite\classes\Main.php(20): Main->processRequest()
#4 D:\Programs\Xampp\htdocs\CofeinWebsite\classes\Main.php(122): Main->__construct()
#5 D:\Programs\Xampp\htdocs\CofeinWebsite\index.php(14): Main::getInstance()
#6 {main}


[21/12/14  10:14:48]
exception 'PDOException' with message 'SQLSTATE[42S02]: Base table or view not found: 1146 Table 'cofein.'shop_en'' doesn't exist' in D:\Programs\Xampp\htdocs\CofeinWebsite\classes\Database.php:33
Stack trace:
#0 D:\Programs\Xampp\htdocs\CofeinWebsite\classes\Database.php(33): PDOStatement->execute(Array)
#1 D:\Programs\Xampp\htdocs\CofeinWebsite\classes\Admin.php(45): Database->execute(Array)
#2 D:\Programs\Xampp\htdocs\CofeinWebsite\classes\Main.php(35): Admin->delete()
#3 D:\Programs\Xampp\htdocs\CofeinWebsite\classes\Main.php(20): Main->processRequest()
#4 D:\Programs\Xampp\htdocs\CofeinWebsite\classes\Main.php(122): Main->__construct()
#5 D:\Programs\Xampp\htdocs\CofeinWebsite\index.php(14): Main::getInstance()
#6 {main}


[21/12/14  10:20:49]
exception 'PDOException' with message 'SQLSTATE[42000]: Syntax error or access violation: 1064 You have an error in your SQL syntax; check the manual that corresponds to your MySQL server version for the right syntax to use near '1 WHERE id=2' at line 1' in D:\Programs\Xampp\htdocs\CofeinWebsite\classes\Database.php:33
Stack trace:
#0 D:\Programs\Xampp\htdocs\CofeinWebsite\classes\Database.php(33): PDOStatement->execute(Array)
#1 D:\Programs\Xampp\htdocs\CofeinWebsite\classes\Admin.php(45): Database->execute(Array)
#2 D:\Programs\Xampp\htdocs\CofeinWebsite\classes\Main.php(35): Admin->delete()
#3 D:\Programs\Xampp\htdocs\CofeinWebsite\classes\Main.php(20): Main->processRequest()
#4 D:\Programs\Xampp\htdocs\CofeinWebsite\classes\Main.php(122): Main->__construct()
#5 D:\Programs\Xampp\htdocs\CofeinWebsite\index.php(14): Main::getInstance()
#6 {main}


[21/12/14  10:21:13]
exception 'PDOException' with message 'SQLSTATE[42000]: Syntax error or access violation: 1064 You have an error in your SQL syntax; check the manual that corresponds to your MySQL server version for the right syntax to use near ''shop_en' WHERE id='3'' at line 1' in D:\Programs\Xampp\htdocs\CofeinWebsite\classes\Database.php:33
Stack trace:
#0 D:\Programs\Xampp\htdocs\CofeinWebsite\classes\Database.php(33): PDOStatement->execute(Array)
#1 D:\Programs\Xampp\htdocs\CofeinWebsite\classes\Admin.php(45): Database->execute(Array)
#2 D:\Programs\Xampp\htdocs\CofeinWebsite\classes\Main.php(35): Admin->delete()
#3 D:\Programs\Xampp\htdocs\CofeinWebsite\classes\Main.php(20): Main->processRequest()
#4 D:\Programs\Xampp\htdocs\CofeinWebsite\classes\Main.php(122): Main->__construct()
#5 D:\Programs\Xampp\htdocs\CofeinWebsite\index.php(14): Main::getInstance()
#6 {main}


[21/12/14  10:48:15]
exception 'PDOException' with message 'SQLSTATE[42000]: Syntax error or access violation: 1064 You have an error in your SQL syntax; check the manual that corresponds to your MySQL server version for the right syntax to use near ''shop_en' WHERE id='3'' at line 1' in D:\Programs\Xampp\htdocs\CofeinWebsite\classes\Database.php:33
Stack trace:
#0 D:\Programs\Xampp\htdocs\CofeinWebsite\classes\Database.php(33): PDOStatement->execute(Array)
#1 D:\Programs\Xampp\htdocs\CofeinWebsite\classes\Admin.php(45): Database->execute(Array)
#2 D:\Programs\Xampp\htdocs\CofeinWebsite\classes\Main.php(35): Admin->delete()
#3 D:\Programs\Xampp\htdocs\CofeinWebsite\classes\Main.php(20): Main->processRequest()
#4 D:\Programs\Xampp\htdocs\CofeinWebsite\classes\Main.php(122): Main->__construct()
#5 D:\Programs\Xampp\htdocs\CofeinWebsite\index.php(14): Main::getInstance()
#6 {main}


[21/12/14  10:59:38]
exception 'PDOException' with message 'SQLSTATE[HY093]: Invalid parameter number: parameter was not defined' in D:\Programs\Xampp\htdocs\CofeinWebsite\classes\Database.php:33
Stack trace:
#0 D:\Programs\Xampp\htdocs\CofeinWebsite\classes\Database.php(33): PDOStatement->execute(Array)
#1 D:\Programs\Xampp\htdocs\CofeinWebsite\classes\Admin.php(45): Database->execute(Array)
#2 D:\Programs\Xampp\htdocs\CofeinWebsite\classes\Main.php(35): Admin->delete()
#3 D:\Programs\Xampp\htdocs\CofeinWebsite\classes\Main.php(20): Main->processRequest()
#4 D:\Programs\Xampp\htdocs\CofeinWebsite\classes\Main.php(122): Main->__construct()
#5 D:\Programs\Xampp\htdocs\CofeinWebsite\index.php(14): Main::getInstance()
#6 {main}


[21/12/14  11:03:05]
exception 'PDOException' with message 'SQLSTATE[42000]: Syntax error or access violation: 1064 You have an error in your SQL syntax; check the manual that corresponds to your MySQL server version for the right syntax to use near ''shop_en' WHERE id='3'' at line 1' in D:\Programs\Xampp\htdocs\CofeinWebsite\classes\Database.php:33
Stack trace:
#0 D:\Programs\Xampp\htdocs\CofeinWebsite\classes\Database.php(33): PDOStatement->execute(Array)
#1 D:\Programs\Xampp\htdocs\CofeinWebsite\classes\Admin.php(45): Database->execute(Array)
#2 D:\Programs\Xampp\htdocs\CofeinWebsite\classes\Main.php(35): Admin->delete()
#3 D:\Programs\Xampp\htdocs\CofeinWebsite\classes\Main.php(20): Main->processRequest()
#4 D:\Programs\Xampp\htdocs\CofeinWebsite\classes\Main.php(122): Main->__construct()
#5 D:\Programs\Xampp\htdocs\CofeinWebsite\index.php(14): Main::getInstance()
#6 {main}


[21/12/14  11:03:43]
exception 'PDOException' with message 'SQLSTATE[42000]: Syntax error or access violation: 1064 You have an error in your SQL syntax; check the manual that corresponds to your MySQL server version for the right syntax to use near ''shop_en' WHERE id='3'' at line 1' in D:\Programs\Xampp\htdocs\CofeinWebsite\classes\Database.php:33
Stack trace:
#0 D:\Programs\Xampp\htdocs\CofeinWebsite\classes\Database.php(33): PDOStatement->execute(Array)
#1 D:\Programs\Xampp\htdocs\CofeinWebsite\classes\Admin.php(45): Database->execute(Array)
#2 D:\Programs\Xampp\htdocs\CofeinWebsite\classes\Main.php(35): Admin->delete()
#3 D:\Programs\Xampp\htdocs\CofeinWebsite\classes\Main.php(20): Main->processRequest()
#4 D:\Programs\Xampp\htdocs\CofeinWebsite\classes\Main.php(122): Main->__construct()
#5 D:\Programs\Xampp\htdocs\CofeinWebsite\index.php(14): Main::getInstance()
#6 {main}


[21/12/14  11:03:50]
exception 'PDOException' with message 'SQLSTATE[42000]: Syntax error or access violation: 1064 You have an error in your SQL syntax; check the manual that corresponds to your MySQL server version for the right syntax to use near ''shop_en' WHERE id='3'' at line 1' in D:\Programs\Xampp\htdocs\CofeinWebsite\classes\Database.php:33
Stack trace:
#0 D:\Programs\Xampp\htdocs\CofeinWebsite\classes\Database.php(33): PDOStatement->execute(Array)
#1 D:\Programs\Xampp\htdocs\CofeinWebsite\classes\Admin.php(45): Database->execute(Array)
#2 D:\Programs\Xampp\htdocs\CofeinWebsite\classes\Main.php(35): Admin->delete()
#3 D:\Programs\Xampp\htdocs\CofeinWebsite\classes\Main.php(20): Main->processRequest()
#4 D:\Programs\Xampp\htdocs\CofeinWebsite\classes\Main.php(122): Main->__construct()
#5 D:\Programs\Xampp\htdocs\CofeinWebsite\index.php(14): Main::getInstance()
#6 {main}


[21/12/14  11:04:20]
exception 'PDOException' with message 'SQLSTATE[42000]: Syntax error or access violation: 1064 You have an error in your SQL syntax; check the manual that corresponds to your MySQL server version for the right syntax to use near ''shop_en' WHERE id='3'' at line 1' in D:\Programs\Xampp\htdocs\CofeinWebsite\classes\Database.php:33
Stack trace:
#0 D:\Programs\Xampp\htdocs\CofeinWebsite\classes\Database.php(33): PDOStatement->execute(Array)
#1 D:\Programs\Xampp\htdocs\CofeinWebsite\classes\Admin.php(46): Database->execute(Array)
#2 D:\Programs\Xampp\htdocs\CofeinWebsite\classes\Main.php(35): Admin->delete()
#3 D:\Programs\Xampp\htdocs\CofeinWebsite\classes\Main.php(20): Main->processRequest()
#4 D:\Programs\Xampp\htdocs\CofeinWebsite\classes\Main.php(122): Main->__construct()
#5 D:\Programs\Xampp\htdocs\CofeinWebsite\index.php(14): Main::getInstance()
#6 {main}


[21/12/14  11:21:53]
exception 'PDOException' with message 'SQLSTATE[HY093]: Invalid parameter number: number of bound variables does not match number of tokens' in D:\Programs\Xampp\htdocs\CofeinWebsite\classes\Database.php:33
Stack trace:
#0 D:\Programs\Xampp\htdocs\CofeinWebsite\classes\Database.php(33): PDOStatement->execute(Array)
#1 D:\Programs\Xampp\htdocs\CofeinWebsite\classes\Admin.php(46): Database->execute(Array)
#2 D:\Programs\Xampp\htdocs\CofeinWebsite\classes\Main.php(35): Admin->delete()
#3 D:\Programs\Xampp\htdocs\CofeinWebsite\classes\Main.php(20): Main->processRequest()
#4 D:\Programs\Xampp\htdocs\CofeinWebsite\classes\Main.php(122): Main->__construct()
#5 D:\Programs\Xampp\htdocs\CofeinWebsite\index.php(14): Main::getInstance()
#6 {main}


[21/12/14  11:22:10]
exception 'PDOException' with message 'SQLSTATE[42000]: Syntax error or access violation: 1064 You have an error in your SQL syntax; check the manual that corresponds to your MySQL server version for the right syntax to use near ''shop_en' WHERE id='3'' at line 1' in D:\Programs\Xampp\htdocs\CofeinWebsite\classes\Database.php:33
Stack trace:
#0 D:\Programs\Xampp\htdocs\CofeinWebsite\classes\Database.php(33): PDOStatement->execute(Array)
#1 D:\Programs\Xampp\htdocs\CofeinWebsite\classes\Admin.php(46): Database->execute(Array)
#2 D:\Programs\Xampp\htdocs\CofeinWebsite\classes\Main.php(35): Admin->delete()
#3 D:\Programs\Xampp\htdocs\CofeinWebsite\classes\Main.php(20): Main->processRequest()
#4 D:\Programs\Xampp\htdocs\CofeinWebsite\classes\Main.php(122): Main->__construct()
#5 D:\Programs\Xampp\htdocs\CofeinWebsite\index.php(14): Main::getInstance()
#6 {main}


[21/12/14  11:23:57]
exception 'PDOException' with message 'SQLSTATE[42000]: Syntax error or access violation: 1064 You have an error in your SQL syntax; check the manual that corresponds to your MySQL server version for the right syntax to use near ''shop_en' WHERE id='3'' at line 1' in D:\Programs\Xampp\htdocs\CofeinWebsite\classes\Database.php:33
Stack trace:
#0 D:\Programs\Xampp\htdocs\CofeinWebsite\classes\Database.php(33): PDOStatement->execute(Array)
#1 D:\Programs\Xampp\htdocs\CofeinWebsite\classes\Admin.php(46): Database->execute(Array)
#2 D:\Programs\Xampp\htdocs\CofeinWebsite\classes\Main.php(35): Admin->delete()
#3 D:\Programs\Xampp\htdocs\CofeinWebsite\classes\Main.php(20): Main->processRequest()
#4 D:\Programs\Xampp\htdocs\CofeinWebsite\classes\Main.php(122): Main->__construct()
#5 D:\Programs\Xampp\htdocs\CofeinWebsite\index.php(14): Main::getInstance()
#6 {main}


[21/12/14  11:24:21]
exception 'PDOException' with message 'SQLSTATE[42000]: Syntax error or access violation: 1064 You have an error in your SQL syntax; check the manual that corresponds to your MySQL server version for the right syntax to use near ''shop_en' WHERE id='3'' at line 1' in D:\Programs\Xampp\htdocs\CofeinWebsite\classes\Database.php:33
Stack trace:
#0 D:\Programs\Xampp\htdocs\CofeinWebsite\classes\Database.php(33): PDOStatement->execute(Array)
#1 D:\Programs\Xampp\htdocs\CofeinWebsite\classes\Admin.php(46): Database->execute(Array)
#2 D:\Programs\Xampp\htdocs\CofeinWebsite\classes\Main.php(35): Admin->delete()
#3 D:\Programs\Xampp\htdocs\CofeinWebsite\classes\Main.php(20): Main->processRequest()
#4 D:\Programs\Xampp\htdocs\CofeinWebsite\classes\Main.php(122): Main->__construct()
#5 D:\Programs\Xampp\htdocs\CofeinWebsite\index.php(14): Main::getInstance()
#6 {main}


[25/12/14  09:00:43]
exception 'Exception' with message 'Bad request.' in D:\Programs\Xampp\htdocs\CofeinWebsite\classes\Main.php:45
Stack trace:
#0 D:\Programs\Xampp\htdocs\CofeinWebsite\classes\Main.php(20): Main->processRequest()
#1 D:\Programs\Xampp\htdocs\CofeinWebsite\classes\Main.php(120): Main->__construct()
#2 D:\Programs\Xampp\htdocs\CofeinWebsite\index.php(14): Main::getInstance()
#3 {main}


[25/12/14  09:00:47]
exception 'Exception' with message 'Bad request.' in D:\Programs\Xampp\htdocs\CofeinWebsite\classes\Main.php:45
Stack trace:
#0 D:\Programs\Xampp\htdocs\CofeinWebsite\classes\Main.php(20): Main->processRequest()
#1 D:\Programs\Xampp\htdocs\CofeinWebsite\classes\Main.php(120): Main->__construct()
#2 D:\Programs\Xampp\htdocs\CofeinWebsite\index.php(14): Main::getInstance()
#3 {main}


[25/12/14  09:54:00]
exception 'Twig_Error_Loader' with message 'Unable to find template "admin_newshtml.twig" (looked into: views/layouts, views/templates) in "admin.html.twig".' in D:\Programs\Xampp\htdocs\CofeinWebsite\classes\Twig\vendor\twig\twig\lib\Twig\Loader\Filesystem.php:191
Stack trace:
#0 D:\Programs\Xampp\htdocs\CofeinWebsite\classes\Twig\vendor\twig\twig\lib\Twig\Loader\Filesystem.php(138): Twig_Loader_Filesystem->findTemplate('admin_newshtml....')
#1 D:\Programs\Xampp\htdocs\CofeinWebsite\classes\Twig\vendor\twig\twig\lib\Twig\Environment.php(265): Twig_Loader_Filesystem->getCacheKey('admin_newshtml....')
#2 D:\Programs\Xampp\htdocs\CofeinWebsite\classes\Twig\vendor\twig\twig\lib\Twig\Environment.php(323): Twig_Environment->getTemplateClass('admin_newshtml....', NULL)
#3 D:\Programs\Xampp\htdocs\CofeinWebsite\classes\Twig\vendor\twig\twig\lib\Twig\Environment.php(397): Twig_Environment->loadTemplate('admin_newshtml....')
#4 D:\Programs\Xampp\htdocs\CofeinWebsite\classes\Twig\vendor\twig\twig\lib\Twig\Environment.php(331) : eval()'d code(20): Twig_Environment->resolveTemplate('admin_newshtml....')
#5 D:\Programs\Xampp\htdocs\CofeinWebsite\classes\Twig\vendor\twig\twig\lib\Twig\Template.php(69): __TwigTemplate_81d6b46c347ed4925f9791ea2f03a1d8614ef58251e260473100b9639a7aca56->doGetParent(Array)
#6 D:\Programs\Xampp\htdocs\CofeinWebsite\classes\Twig\vendor\twig\twig\lib\Twig\Environment.php(331) : eval()'d code(25): Twig_Template->getParent(Array)
#7 D:\Programs\Xampp\htdocs\CofeinWebsite\classes\Twig\vendor\twig\twig\lib\Twig\Template.php(279): __TwigTemplate_81d6b46c347ed4925f9791ea2f03a1d8614ef58251e260473100b9639a7aca56->doDisplay(Array, Array)
#8 D:\Programs\Xampp\htdocs\CofeinWebsite\classes\Twig\vendor\twig\twig\lib\Twig\Template.php(253): Twig_Template->displayWithErrorHandling(Array, Array)
#9 D:\Programs\Xampp\htdocs\CofeinWebsite\classes\Twig\vendor\twig\twig\lib\Twig\Template.php(264): Twig_Template->display(Array)
#10 D:\Programs\Xampp\htdocs\CofeinWebsite\classes\Twig\vendor\twig\twig\lib\Twig\Environment.php(292): Twig_Template->render(Array)
#11 D:\Programs\Xampp\htdocs\CofeinWebsite\classes\Main.php(87): Twig_Environment->render('admin.html.twig', Array)
#12 D:\Programs\Xampp\htdocs\CofeinWebsite\classes\Main.php(42): Main->render()
#13 D:\Programs\Xampp\htdocs\CofeinWebsite\classes\Main.php(20): Main->processRequest()
#14 D:\Programs\Xampp\htdocs\CofeinWebsite\classes\Main.php(126): Main->__construct()
#15 D:\Programs\Xampp\htdocs\CofeinWebsite\index.php(14): Main::getInstance()
#16 {main}


[25/12/14  10:04:07]
exception 'Twig_Error_Syntax' with message 'A template that extends another one cannot have a body in "admin_news.html.twig" at line 38.' in D:\Programs\Xampp\htdocs\CofeinWebsite\classes\Twig\vendor\twig\twig\lib\Twig\Parser.php:370
Stack trace:
#0 D:\Programs\Xampp\htdocs\CofeinWebsite\classes\Twig\vendor\twig\twig\lib\Twig\Parser.php(383): Twig_Parser->filterBodyNodes(Object(Twig_Node_Text))
#1 D:\Programs\Xampp\htdocs\CofeinWebsite\classes\Twig\vendor\twig\twig\lib\Twig\Parser.php(98): Twig_Parser->filterBodyNodes(Object(Twig_Node))
#2 D:\Programs\Xampp\htdocs\CofeinWebsite\classes\Twig\vendor\twig\twig\lib\Twig\Environment.php(507): Twig_Parser->parse(Object(Twig_TokenStream))
#3 D:\Programs\Xampp\htdocs\CofeinWebsite\classes\Twig\vendor\twig\twig\lib\Twig\Environment.php(559): Twig_Environment->parse(Object(Twig_TokenStream))
#4 D:\Programs\Xampp\htdocs\CofeinWebsite\classes\Twig\vendor\twig\twig\lib\Twig\Environment.php(331): Twig_Environment->compileSource('{% extends "adm...', 'admin_news.html...')
#5 D:\Programs\Xampp\htdocs\CofeinWebsite\classes\Twig\vendor\twig\twig\lib\Twig\Environment.php(397): Twig_Environment->loadTemplate('admin_news.html...')
#6 D:\Programs\Xampp\htdocs\CofeinWebsite\classes\Twig\vendor\twig\twig\lib\Twig\Environment.php(331) : eval()'d code(20): Twig_Environment->resolveTemplate('admin_news.html...')
#7 D:\Programs\Xampp\htdocs\CofeinWebsite\classes\Twig\vendor\twig\twig\lib\Twig\Template.php(69): __TwigTemplate_81d6b46c347ed4925f9791ea2f03a1d8614ef58251e260473100b9639a7aca56->doGetParent(Array)
#8 D:\Programs\Xampp\htdocs\CofeinWebsite\classes\Twig\vendor\twig\twig\lib\Twig\Environment.php(331) : eval()'d code(25): Twig_Template->getParent(Array)
#9 D:\Programs\Xampp\htdocs\CofeinWebsite\classes\Twig\vendor\twig\twig\lib\Twig\Template.php(279): __TwigTemplate_81d6b46c347ed4925f9791ea2f03a1d8614ef58251e260473100b9639a7aca56->doDisplay(Array, Array)
#10 D:\Programs\Xampp\htdocs\CofeinWebsite\classes\Twig\vendor\twig\twig\lib\Twig\Template.php(253): Twig_Template->displayWithErrorHandling(Array, Array)
#11 D:\Programs\Xampp\htdocs\CofeinWebsite\classes\Twig\vendor\twig\twig\lib\Twig\Template.php(264): Twig_Template->display(Array)
#12 D:\Programs\Xampp\htdocs\CofeinWebsite\classes\Twig\vendor\twig\twig\lib\Twig\Environment.php(292): Twig_Template->render(Array)
#13 D:\Programs\Xampp\htdocs\CofeinWebsite\classes\Main.php(87): Twig_Environment->render('admin.html.twig', Array)
#14 D:\Programs\Xampp\htdocs\CofeinWebsite\classes\Main.php(42): Main->render()
#15 D:\Programs\Xampp\htdocs\CofeinWebsite\classes\Main.php(20): Main->processRequest()
#16 D:\Programs\Xampp\htdocs\CofeinWebsite\classes\Main.php(126): Main->__construct()
#17 D:\Programs\Xampp\htdocs\CofeinWebsite\index.php(14): Main::getInstance()
#18 {main}


[25/12/14  10:04:10]
exception 'Twig_Error_Syntax' with message 'A template that extends another one cannot have a body in "admin_news.html.twig" at line 38.' in D:\Programs\Xampp\htdocs\CofeinWebsite\classes\Twig\vendor\twig\twig\lib\Twig\Parser.php:370
Stack trace:
#0 D:\Programs\Xampp\htdocs\CofeinWebsite\classes\Twig\vendor\twig\twig\lib\Twig\Parser.php(383): Twig_Parser->filterBodyNodes(Object(Twig_Node_Text))
#1 D:\Programs\Xampp\htdocs\CofeinWebsite\classes\Twig\vendor\twig\twig\lib\Twig\Parser.php(98): Twig_Parser->filterBodyNodes(Object(Twig_Node))
#2 D:\Programs\Xampp\htdocs\CofeinWebsite\classes\Twig\vendor\twig\twig\lib\Twig\Environment.php(507): Twig_Parser->parse(Object(Twig_TokenStream))
#3 D:\Programs\Xampp\htdocs\CofeinWebsite\classes\Twig\vendor\twig\twig\lib\Twig\Environment.php(559): Twig_Environment->parse(Object(Twig_TokenStream))
#4 D:\Programs\Xampp\htdocs\CofeinWebsite\classes\Twig\vendor\twig\twig\lib\Twig\Environment.php(331): Twig_Environment->compileSource('{% extends "adm...', 'admin_news.html...')
#5 D:\Programs\Xampp\htdocs\CofeinWebsite\classes\Twig\vendor\twig\twig\lib\Twig\Environment.php(397): Twig_Environment->loadTemplate('admin_news.html...')
#6 D:\Programs\Xampp\htdocs\CofeinWebsite\classes\Twig\vendor\twig\twig\lib\Twig\Environment.php(331) : eval()'d code(20): Twig_Environment->resolveTemplate('admin_news.html...')
#7 D:\Programs\Xampp\htdocs\CofeinWebsite\classes\Twig\vendor\twig\twig\lib\Twig\Template.php(69): __TwigTemplate_81d6b46c347ed4925f9791ea2f03a1d8614ef58251e260473100b9639a7aca56->doGetParent(Array)
#8 D:\Programs\Xampp\htdocs\CofeinWebsite\classes\Twig\vendor\twig\twig\lib\Twig\Environment.php(331) : eval()'d code(25): Twig_Template->getParent(Array)
#9 D:\Programs\Xampp\htdocs\CofeinWebsite\classes\Twig\vendor\twig\twig\lib\Twig\Template.php(279): __TwigTemplate_81d6b46c347ed4925f9791ea2f03a1d8614ef58251e260473100b9639a7aca56->doDisplay(Array, Array)
#10 D:\Programs\Xampp\htdocs\CofeinWebsite\classes\Twig\vendor\twig\twig\lib\Twig\Template.php(253): Twig_Template->displayWithErrorHandling(Array, Array)
#11 D:\Programs\Xampp\htdocs\CofeinWebsite\classes\Twig\vendor\twig\twig\lib\Twig\Template.php(264): Twig_Template->display(Array)
#12 D:\Programs\Xampp\htdocs\CofeinWebsite\classes\Twig\vendor\twig\twig\lib\Twig\Environment.php(292): Twig_Template->render(Array)
#13 D:\Programs\Xampp\htdocs\CofeinWebsite\classes\Main.php(87): Twig_Environment->render('admin.html.twig', Array)
#14 D:\Programs\Xampp\htdocs\CofeinWebsite\classes\Main.php(42): Main->render()
#15 D:\Programs\Xampp\htdocs\CofeinWebsite\classes\Main.php(20): Main->processRequest()
#16 D:\Programs\Xampp\htdocs\CofeinWebsite\classes\Main.php(126): Main->__construct()
#17 D:\Programs\Xampp\htdocs\CofeinWebsite\index.php(14): Main::getInstance()
#18 {main}


[25/12/14  10:57:30]
exception 'Twig_Error_Syntax' with message 'A template that extends another one cannot have a body in "admin.html.twig" at line 2.' in D:\Programs\Xampp\htdocs\CofeinWebsite\classes\Twig\vendor\twig\twig\lib\Twig\Parser.php:370
Stack trace:
#0 D:\Programs\Xampp\htdocs\CofeinWebsite\classes\Twig\vendor\twig\twig\lib\Twig\Parser.php(383): Twig_Parser->filterBodyNodes(Object(Twig_Node_Text))
#1 D:\Programs\Xampp\htdocs\CofeinWebsite\classes\Twig\vendor\twig\twig\lib\Twig\Parser.php(98): Twig_Parser->filterBodyNodes(Object(Twig_Node))
#2 D:\Programs\Xampp\htdocs\CofeinWebsite\classes\Twig\vendor\twig\twig\lib\Twig\Environment.php(507): Twig_Parser->parse(Object(Twig_TokenStream))
#3 D:\Programs\Xampp\htdocs\CofeinWebsite\classes\Twig\vendor\twig\twig\lib\Twig\Environment.php(559): Twig_Environment->parse(Object(Twig_TokenStream))
#4 D:\Programs\Xampp\htdocs\CofeinWebsite\classes\Twig\vendor\twig\twig\lib\Twig\Environment.php(331): Twig_Environment->compileSource('{% extends "tes...', 'admin.html.twig')
#5 D:\Programs\Xampp\htdocs\CofeinWebsite\classes\Twig\vendor\twig\twig\lib\Twig\Environment.php(292): Twig_Environment->loadTemplate('admin.html.twig')
#6 D:\Programs\Xampp\htdocs\CofeinWebsite\classes\Main.php(87): Twig_Environment->render('admin.html.twig', Array)
#7 D:\Programs\Xampp\htdocs\CofeinWebsite\classes\Main.php(42): Main->render()
#8 D:\Programs\Xampp\htdocs\CofeinWebsite\classes\Main.php(20): Main->processRequest()
#9 D:\Programs\Xampp\htdocs\CofeinWebsite\classes\Main.php(126): Main->__construct()
#10 D:\Programs\Xampp\htdocs\CofeinWebsite\index.php(14): Main::getInstance()
#11 {main}


[25/12/14  10:57:39]
exception 'Twig_Error_Syntax' with message 'A template that extends another one cannot have a body in "admin.html.twig" at line 2.' in D:\Programs\Xampp\htdocs\CofeinWebsite\classes\Twig\vendor\twig\twig\lib\Twig\Parser.php:370
Stack trace:
#0 D:\Programs\Xampp\htdocs\CofeinWebsite\classes\Twig\vendor\twig\twig\lib\Twig\Parser.php(383): Twig_Parser->filterBodyNodes(Object(Twig_Node_Text))
#1 D:\Programs\Xampp\htdocs\CofeinWebsite\classes\Twig\vendor\twig\twig\lib\Twig\Parser.php(98): Twig_Parser->filterBodyNodes(Object(Twig_Node))
#2 D:\Programs\Xampp\htdocs\CofeinWebsite\classes\Twig\vendor\twig\twig\lib\Twig\Environment.php(507): Twig_Parser->parse(Object(Twig_TokenStream))
#3 D:\Programs\Xampp\htdocs\CofeinWebsite\classes\Twig\vendor\twig\twig\lib\Twig\Environment.php(559): Twig_Environment->parse(Object(Twig_TokenStream))
#4 D:\Programs\Xampp\htdocs\CofeinWebsite\classes\Twig\vendor\twig\twig\lib\Twig\Environment.php(331): Twig_Environment->compileSource('{% extends "tes...', 'admin.html.twig')
#5 D:\Programs\Xampp\htdocs\CofeinWebsite\classes\Twig\vendor\twig\twig\lib\Twig\Environment.php(292): Twig_Environment->loadTemplate('admin.html.twig')
#6 D:\Programs\Xampp\htdocs\CofeinWebsite\classes\Main.php(87): Twig_Environment->render('admin.html.twig', Array)
#7 D:\Programs\Xampp\htdocs\CofeinWebsite\classes\Main.php(42): Main->render()
#8 D:\Programs\Xampp\htdocs\CofeinWebsite\classes\Main.php(20): Main->processRequest()
#9 D:\Programs\Xampp\htdocs\CofeinWebsite\classes\Main.php(126): Main->__construct()
#10 D:\Programs\Xampp\htdocs\CofeinWebsite\index.php(14): Main::getInstance()
#11 {main}


[25/12/14  10:57:39]
exception 'Twig_Error_Syntax' with message 'A template that extends another one cannot have a body in "admin.html.twig" at line 2.' in D:\Programs\Xampp\htdocs\CofeinWebsite\classes\Twig\vendor\twig\twig\lib\Twig\Parser.php:370
Stack trace:
#0 D:\Programs\Xampp\htdocs\CofeinWebsite\classes\Twig\vendor\twig\twig\lib\Twig\Parser.php(383): Twig_Parser->filterBodyNodes(Object(Twig_Node_Text))
#1 D:\Programs\Xampp\htdocs\CofeinWebsite\classes\Twig\vendor\twig\twig\lib\Twig\Parser.php(98): Twig_Parser->filterBodyNodes(Object(Twig_Node))
#2 D:\Programs\Xampp\htdocs\CofeinWebsite\classes\Twig\vendor\twig\twig\lib\Twig\Environment.php(507): Twig_Parser->parse(Object(Twig_TokenStream))
#3 D:\Programs\Xampp\htdocs\CofeinWebsite\classes\Twig\vendor\twig\twig\lib\Twig\Environment.php(559): Twig_Environment->parse(Object(Twig_TokenStream))
#4 D:\Programs\Xampp\htdocs\CofeinWebsite\classes\Twig\vendor\twig\twig\lib\Twig\Environment.php(331): Twig_Environment->compileSource('{% extends "tes...', 'admin.html.twig')
#5 D:\Programs\Xampp\htdocs\CofeinWebsite\classes\Twig\vendor\twig\twig\lib\Twig\Environment.php(292): Twig_Environment->loadTemplate('admin.html.twig')
#6 D:\Programs\Xampp\htdocs\CofeinWebsite\classes\Main.php(87): Twig_Environment->render('admin.html.twig', Array)
#7 D:\Programs\Xampp\htdocs\CofeinWebsite\classes\Main.php(42): Main->render()
#8 D:\Programs\Xampp\htdocs\CofeinWebsite\classes\Main.php(20): Main->processRequest()
#9 D:\Programs\Xampp\htdocs\CofeinWebsite\classes\Main.php(126): Main->__construct()
#10 D:\Programs\Xampp\htdocs\CofeinWebsite\index.php(14): Main::getInstance()
#11 {main}


[25/12/14  12:45:12]
exception 'Twig_Error_Loader' with message 'Unable to find template "news.html.twig" (looked into: views/layouts, views/templates).' in D:\Programs\Xampp\htdocs\CofeinWebsite\classes\Twig\vendor\twig\twig\lib\Twig\Loader\Filesystem.php:191
Stack trace:
#0 D:\Programs\Xampp\htdocs\CofeinWebsite\classes\Twig\vendor\twig\twig\lib\Twig\Loader\Filesystem.php(138): Twig_Loader_Filesystem->findTemplate('news.html.twig')
#1 D:\Programs\Xampp\htdocs\CofeinWebsite\classes\Twig\vendor\twig\twig\lib\Twig\Environment.php(265): Twig_Loader_Filesystem->getCacheKey('news.html.twig')
#2 D:\Programs\Xampp\htdocs\CofeinWebsite\classes\Twig\vendor\twig\twig\lib\Twig\Environment.php(323): Twig_Environment->getTemplateClass('news.html.twig', NULL)
#3 D:\Programs\Xampp\htdocs\CofeinWebsite\classes\Twig\vendor\twig\twig\lib\Twig\Environment.php(292): Twig_Environment->loadTemplate('news.html.twig')
#4 D:\Programs\Xampp\htdocs\CofeinWebsite\classes\Main.php(87): Twig_Environment->render('news.html.twig', Array)
#5 D:\Programs\Xampp\htdocs\CofeinWebsite\classes\Main.php(42): Main->render()
#6 D:\Programs\Xampp\htdocs\CofeinWebsite\classes\Main.php(20): Main->processRequest()
#7 D:\Programs\Xampp\htdocs\CofeinWebsite\classes\Main.php(126): Main->__construct()
#8 D:\Programs\Xampp\htdocs\CofeinWebsite\index.php(14): Main::getInstance()
#9 {main}


[27/12/14  22:22:01]
exception 'Twig_Error_Syntax' with message 'A hash key must be followed by a colon (:). Unexpected token "punctuation" of value "." ("punctuation" expected with value ":") in "admin_news.html.twig" at line 44' in D:\Programs\Xampp\htdocs\CofeinWebsite\classes\Twig\vendor\twig\twig\lib\Twig\TokenStream.php:88
Stack trace:
#0 D:\Programs\Xampp\htdocs\CofeinWebsite\classes\Twig\vendor\twig\twig\lib\Twig\ExpressionParser.php(269): Twig_TokenStream->expect(9, ':', 'A hash key must...')
#1 D:\Programs\Xampp\htdocs\CofeinWebsite\classes\Twig\vendor\twig\twig\lib\Twig\ExpressionParser.php(173): Twig_ExpressionParser->parseHashExpression()
#2 D:\Programs\Xampp\htdocs\CofeinWebsite\classes\Twig\vendor\twig\twig\lib\Twig\ExpressionParser.php(84): Twig_ExpressionParser->parsePrimaryExpression()
#3 D:\Programs\Xampp\htdocs\CofeinWebsite\classes\Twig\vendor\twig\twig\lib\Twig\ExpressionParser.php(41): Twig_ExpressionParser->getPrimary()
#4 D:\Programs\Xampp\htdocs\CofeinWebsite\classes\Twig\vendor\twig\twig\lib\Twig\ExpressionParser.php(472): Twig_ExpressionParser->parseExpression()
#5 D:\Programs\Xampp\htdocs\CofeinWebsite\classes\Twig\vendor\twig\twig\lib\Twig\ExpressionParser.php(434): Twig_ExpressionParser->parseArguments(true)
#6 D:\Programs\Xampp\htdocs\CofeinWebsite\classes\Twig\vendor\twig\twig\lib\Twig\ExpressionParser.php(422): Twig_ExpressionParser->parseFilterExpressionRaw(Object(Twig_Node_Expression_GetAttr))
#7 D:\Programs\Xampp\htdocs\CofeinWebsite\classes\Twig\vendor\twig\twig\lib\Twig\ExpressionParser.php(287): Twig_ExpressionParser->parseFilterExpression(Object(Twig_Node_Expression_GetAttr))
#8 D:\Programs\Xampp\htdocs\CofeinWebsite\classes\Twig\vendor\twig\twig\lib\Twig\ExpressionParser.php(179): Twig_ExpressionParser->parsePostfixExpression(Object(Twig_Node_Expression_Name))
#9 D:\Programs\Xampp\htdocs\CofeinWebsite\classes\Twig\vendor\twig\twig\lib\Twig\ExpressionParser.php(84): Twig_ExpressionParser->parsePrimaryExpression()
#10 D:\Programs\Xampp\htdocs\CofeinWebsite\classes\Twig\vendor\twig\twig\lib\Twig\ExpressionParser.php(41): Twig_ExpressionParser->getPrimary()
#11 D:\Programs\Xampp\htdocs\CofeinWebsite\classes\Twig\vendor\twig\twig\lib\Twig\ExpressionParser.php(534): Twig_ExpressionParser->parseExpression()
#12 D:\Programs\Xampp\htdocs\CofeinWebsite\classes\Twig\vendor\twig\twig\lib\Twig\TokenParser\Set.php(46): Twig_ExpressionParser->parseMultitargetExpression()
#13 D:\Programs\Xampp\htdocs\CofeinWebsite\classes\Twig\vendor\twig\twig\lib\Twig\Parser.php(187): Twig_TokenParser_Set->parse(Object(Twig_Token))
#14 D:\Programs\Xampp\htdocs\CofeinWebsite\classes\Twig\vendor\twig\twig\lib\Twig\TokenParser\For.php(47): Twig_Parser->subparse(Array)
#15 D:\Programs\Xampp\htdocs\CofeinWebsite\classes\Twig\vendor\twig\twig\lib\Twig\Parser.php(187): Twig_TokenParser_For->parse(Object(Twig_Token))
#16 D:\Programs\Xampp\htdocs\CofeinWebsite\classes\Twig\vendor\twig\twig\lib\Twig\TokenParser\AutoEscape.php(69): Twig_Parser->subparse(Array, true)
#17 D:\Programs\Xampp\htdocs\CofeinWebsite\classes\Twig\vendor\twig\twig\lib\Twig\Parser.php(187): Twig_TokenParser_AutoEscape->parse(Object(Twig_Token))
#18 D:\Programs\Xampp\htdocs\CofeinWebsite\classes\Twig\vendor\twig\twig\lib\Twig\TokenParser\Block.php(45): Twig_Parser->subparse(Array, true)
#19 D:\Programs\Xampp\htdocs\CofeinWebsite\classes\Twig\vendor\twig\twig\lib\Twig\Parser.php(187): Twig_TokenParser_Block->parse(Object(Twig_Token))
#20 D:\Programs\Xampp\htdocs\CofeinWebsite\classes\Twig\vendor\twig\twig\lib\Twig\Parser.php(95): Twig_Parser->subparse(NULL, false)
#21 D:\Programs\Xampp\htdocs\CofeinWebsite\classes\Twig\vendor\twig\twig\lib\Twig\Environment.php(507): Twig_Parser->parse(Object(Twig_TokenStream))
#22 D:\Programs\Xampp\htdocs\CofeinWebsite\classes\Twig\vendor\twig\twig\lib\Twig\Environment.php(559): Twig_Environment->parse(Object(Twig_TokenStream))
#23 D:\Programs\Xampp\htdocs\CofeinWebsite\classes\Twig\vendor\twig\twig\lib\Twig\Environment.php(331): Twig_Environment->compileSource('{% extends "adm...', 'admin_news.html...')
#24 D:\Programs\Xampp\htdocs\CofeinWebsite\classes\Twig\vendor\twig\twig\lib\Twig\Environment.php(292): Twig_Environment->loadTemplate('admin_news.html...')
#25 D:\Programs\Xampp\htdocs\CofeinWebsite\classes\Main.php(90): Twig_Environment->render('admin_news.html...', Array)
#26 D:\Programs\Xampp\htdocs\CofeinWebsite\classes\Main.php(51): Main->render()
#27 D:\Programs\Xampp\htdocs\CofeinWebsite\classes\Main.php(20): Main->processRequest()
#28 D:\Programs\Xampp\htdocs\CofeinWebsite\classes\Main.php(129): Main->__construct()
#29 D:\Programs\Xampp\htdocs\CofeinWebsite\index.php(14): Main::getInstance()
#30 {main}


[27/12/14  22:23:18]
exception 'Twig_Error_Syntax' with message 'Arguments must be separated by a comma. Unexpected token "punctuation" of value ":" ("punctuation" expected with value ",") in "admin_news.html.twig" at line 44' in D:\Programs\Xampp\htdocs\CofeinWebsite\classes\Twig\vendor\twig\twig\lib\Twig\TokenStream.php:88
Stack trace:
#0 D:\Programs\Xampp\htdocs\CofeinWebsite\classes\Twig\vendor\twig\twig\lib\Twig\ExpressionParser.php(465): Twig_TokenStream->expect(9, ',', 'Arguments must ...')
#1 D:\Programs\Xampp\htdocs\CofeinWebsite\classes\Twig\vendor\twig\twig\lib\Twig\ExpressionParser.php(434): Twig_ExpressionParser->parseArguments(true)
#2 D:\Programs\Xampp\htdocs\CofeinWebsite\classes\Twig\vendor\twig\twig\lib\Twig\ExpressionParser.php(422): Twig_ExpressionParser->parseFilterExpressionRaw(Object(Twig_Node_Expression_GetAttr))
#3 D:\Programs\Xampp\htdocs\CofeinWebsite\classes\Twig\vendor\twig\twig\lib\Twig\ExpressionParser.php(287): Twig_ExpressionParser->parseFilterExpression(Object(Twig_Node_Expression_GetAttr))
#4 D:\Programs\Xampp\htdocs\CofeinWebsite\classes\Twig\vendor\twig\twig\lib\Twig\ExpressionParser.php(179): Twig_ExpressionParser->parsePostfixExpression(Object(Twig_Node_Expression_Name))
#5 D:\Programs\Xampp\htdocs\CofeinWebsite\classes\Twig\vendor\twig\twig\lib\Twig\ExpressionParser.php(84): Twig_ExpressionParser->parsePrimaryExpression()
#6 D:\Programs\Xampp\htdocs\CofeinWebsite\classes\Twig\vendor\twig\twig\lib\Twig\ExpressionParser.php(41): Twig_ExpressionParser->getPrimary()
#7 D:\Programs\Xampp\htdocs\CofeinWebsite\classes\Twig\vendor\twig\twig\lib\Twig\ExpressionParser.php(534): Twig_ExpressionParser->parseExpression()
#8 D:\Programs\Xampp\htdocs\CofeinWebsite\classes\Twig\vendor\twig\twig\lib\Twig\TokenParser\Set.php(46): Twig_ExpressionParser->parseMultitargetExpression()
#9 D:\Programs\Xampp\htdocs\CofeinWebsite\classes\Twig\vendor\twig\twig\lib\Twig\Parser.php(187): Twig_TokenParser_Set->parse(Object(Twig_Token))
#10 D:\Programs\Xampp\htdocs\CofeinWebsite\classes\Twig\vendor\twig\twig\lib\Twig\TokenParser\For.php(47): Twig_Parser->subparse(Array)
#11 D:\Programs\Xampp\htdocs\CofeinWebsite\classes\Twig\vendor\twig\twig\lib\Twig\Parser.php(187): Twig_TokenParser_For->parse(Object(Twig_Token))
#12 D:\Programs\Xampp\htdocs\CofeinWebsite\classes\Twig\vendor\twig\twig\lib\Twig\TokenParser\AutoEscape.php(69): Twig_Parser->subparse(Array, true)
#13 D:\Programs\Xampp\htdocs\CofeinWebsite\classes\Twig\vendor\twig\twig\lib\Twig\Parser.php(187): Twig_TokenParser_AutoEscape->parse(Object(Twig_Token))
#14 D:\Programs\Xampp\htdocs\CofeinWebsite\classes\Twig\vendor\twig\twig\lib\Twig\TokenParser\Block.php(45): Twig_Parser->subparse(Array, true)
#15 D:\Programs\Xampp\htdocs\CofeinWebsite\classes\Twig\vendor\twig\twig\lib\Twig\Parser.php(187): Twig_TokenParser_Block->parse(Object(Twig_Token))
#16 D:\Programs\Xampp\htdocs\CofeinWebsite\classes\Twig\vendor\twig\twig\lib\Twig\Parser.php(95): Twig_Parser->subparse(NULL, false)
#17 D:\Programs\Xampp\htdocs\CofeinWebsite\classes\Twig\vendor\twig\twig\lib\Twig\Environment.php(507): Twig_Parser->parse(Object(Twig_TokenStream))
#18 D:\Programs\Xampp\htdocs\CofeinWebsite\classes\Twig\vendor\twig\twig\lib\Twig\Environment.php(559): Twig_Environment->parse(Object(Twig_TokenStream))
#19 D:\Programs\Xampp\htdocs\CofeinWebsite\classes\Twig\vendor\twig\twig\lib\Twig\Environment.php(331): Twig_Environment->compileSource('{% extends "adm...', 'admin_news.html...')
#20 D:\Programs\Xampp\htdocs\CofeinWebsite\classes\Twig\vendor\twig\twig\lib\Twig\Environment.php(292): Twig_Environment->loadTemplate('admin_news.html...')
#21 D:\Programs\Xampp\htdocs\CofeinWebsite\classes\Main.php(90): Twig_Environment->render('admin_news.html...', Array)
#22 D:\Programs\Xampp\htdocs\CofeinWebsite\classes\Main.php(51): Main->render()
#23 D:\Programs\Xampp\htdocs\CofeinWebsite\classes\Main.php(20): Main->processRequest()
#24 D:\Programs\Xampp\htdocs\CofeinWebsite\classes\Main.php(129): Main->__construct()
#25 D:\Programs\Xampp\htdocs\CofeinWebsite\index.php(14): Main::getInstance()
#26 {main}


[27/12/14  22:23:37]
exception 'Twig_Error_Syntax' with message 'Arguments must be separated by a comma. Unexpected token "punctuation" of value ":" ("punctuation" expected with value ",") in "admin_news.html.twig" at line 44' in D:\Programs\Xampp\htdocs\CofeinWebsite\classes\Twig\vendor\twig\twig\lib\Twig\TokenStream.php:88
Stack trace:
#0 D:\Programs\Xampp\htdocs\CofeinWebsite\classes\Twig\vendor\twig\twig\lib\Twig\ExpressionParser.php(465): Twig_TokenStream->expect(9, ',', 'Arguments must ...')
#1 D:\Programs\Xampp\htdocs\CofeinWebsite\classes\Twig\vendor\twig\twig\lib\Twig\ExpressionParser.php(434): Twig_ExpressionParser->parseArguments(true)
#2 D:\Programs\Xampp\htdocs\CofeinWebsite\classes\Twig\vendor\twig\twig\lib\Twig\ExpressionParser.php(422): Twig_ExpressionParser->parseFilterExpressionRaw(Object(Twig_Node_Expression_GetAttr))
#3 D:\Programs\Xampp\htdocs\CofeinWebsite\classes\Twig\vendor\twig\twig\lib\Twig\ExpressionParser.php(287): Twig_ExpressionParser->parseFilterExpression(Object(Twig_Node_Expression_GetAttr))
#4 D:\Programs\Xampp\htdocs\CofeinWebsite\classes\Twig\vendor\twig\twig\lib\Twig\ExpressionParser.php(179): Twig_ExpressionParser->parsePostfixExpression(Object(Twig_Node_Expression_Name))
#5 D:\Programs\Xampp\htdocs\CofeinWebsite\classes\Twig\vendor\twig\twig\lib\Twig\ExpressionParser.php(84): Twig_ExpressionParser->parsePrimaryExpression()
#6 D:\Programs\Xampp\htdocs\CofeinWebsite\classes\Twig\vendor\twig\twig\lib\Twig\ExpressionParser.php(41): Twig_ExpressionParser->getPrimary()
#7 D:\Programs\Xampp\htdocs\CofeinWebsite\classes\Twig\vendor\twig\twig\lib\Twig\ExpressionParser.php(534): Twig_ExpressionParser->parseExpression()
#8 D:\Programs\Xampp\htdocs\CofeinWebsite\classes\Twig\vendor\twig\twig\lib\Twig\TokenParser\Set.php(46): Twig_ExpressionParser->parseMultitargetExpression()
#9 D:\Programs\Xampp\htdocs\CofeinWebsite\classes\Twig\vendor\twig\twig\lib\Twig\Parser.php(187): Twig_TokenParser_Set->parse(Object(Twig_Token))
#10 D:\Programs\Xampp\htdocs\CofeinWebsite\classes\Twig\vendor\twig\twig\lib\Twig\TokenParser\For.php(47): Twig_Parser->subparse(Array)
#11 D:\Programs\Xampp\htdocs\CofeinWebsite\classes\Twig\vendor\twig\twig\lib\Twig\Parser.php(187): Twig_TokenParser_For->parse(Object(Twig_Token))
#12 D:\Programs\Xampp\htdocs\CofeinWebsite\classes\Twig\vendor\twig\twig\lib\Twig\TokenParser\AutoEscape.php(69): Twig_Parser->subparse(Array, true)
#13 D:\Programs\Xampp\htdocs\CofeinWebsite\classes\Twig\vendor\twig\twig\lib\Twig\Parser.php(187): Twig_TokenParser_AutoEscape->parse(Object(Twig_Token))
#14 D:\Programs\Xampp\htdocs\CofeinWebsite\classes\Twig\vendor\twig\twig\lib\Twig\TokenParser\Block.php(45): Twig_Parser->subparse(Array, true)
#15 D:\Programs\Xampp\htdocs\CofeinWebsite\classes\Twig\vendor\twig\twig\lib\Twig\Parser.php(187): Twig_TokenParser_Block->parse(Object(Twig_Token))
#16 D:\Programs\Xampp\htdocs\CofeinWebsite\classes\Twig\vendor\twig\twig\lib\Twig\Parser.php(95): Twig_Parser->subparse(NULL, false)
#17 D:\Programs\Xampp\htdocs\CofeinWebsite\classes\Twig\vendor\twig\twig\lib\Twig\Environment.php(507): Twig_Parser->parse(Object(Twig_TokenStream))
#18 D:\Programs\Xampp\htdocs\CofeinWebsite\classes\Twig\vendor\twig\twig\lib\Twig\Environment.php(559): Twig_Environment->parse(Object(Twig_TokenStream))
#19 D:\Programs\Xampp\htdocs\CofeinWebsite\classes\Twig\vendor\twig\twig\lib\Twig\Environment.php(331): Twig_Environment->compileSource('{% extends "adm...', 'admin_news.html...')
#20 D:\Programs\Xampp\htdocs\CofeinWebsite\classes\Twig\vendor\twig\twig\lib\Twig\Environment.php(292): Twig_Environment->loadTemplate('admin_news.html...')
#21 D:\Programs\Xampp\htdocs\CofeinWebsite\classes\Main.php(90): Twig_Environment->render('admin_news.html...', Array)
#22 D:\Programs\Xampp\htdocs\CofeinWebsite\classes\Main.php(51): Main->render()
#23 D:\Programs\Xampp\htdocs\CofeinWebsite\classes\Main.php(20): Main->processRequest()
#24 D:\Programs\Xampp\htdocs\CofeinWebsite\classes\Main.php(129): Main->__construct()
#25 D:\Programs\Xampp\htdocs\CofeinWebsite\index.php(14): Main::getInstance()
#26 {main}


[27/12/14  22:23:55]
exception 'Twig_Error_Syntax' with message 'A hash key must be followed by a colon (:). Unexpected token "punctuation" of value "." ("punctuation" expected with value ":") in "admin_news.html.twig" at line 44' in D:\Programs\Xampp\htdocs\CofeinWebsite\classes\Twig\vendor\twig\twig\lib\Twig\TokenStream.php:88
Stack trace:
#0 D:\Programs\Xampp\htdocs\CofeinWebsite\classes\Twig\vendor\twig\twig\lib\Twig\ExpressionParser.php(269): Twig_TokenStream->expect(9, ':', 'A hash key must...')
#1 D:\Programs\Xampp\htdocs\CofeinWebsite\classes\Twig\vendor\twig\twig\lib\Twig\ExpressionParser.php(173): Twig_ExpressionParser->parseHashExpression()
#2 D:\Programs\Xampp\htdocs\CofeinWebsite\classes\Twig\vendor\twig\twig\lib\Twig\ExpressionParser.php(84): Twig_ExpressionParser->parsePrimaryExpression()
#3 D:\Programs\Xampp\htdocs\CofeinWebsite\classes\Twig\vendor\twig\twig\lib\Twig\ExpressionParser.php(41): Twig_ExpressionParser->getPrimary()
#4 D:\Programs\Xampp\htdocs\CofeinWebsite\classes\Twig\vendor\twig\twig\lib\Twig\ExpressionParser.php(472): Twig_ExpressionParser->parseExpression()
#5 D:\Programs\Xampp\htdocs\CofeinWebsite\classes\Twig\vendor\twig\twig\lib\Twig\ExpressionParser.php(434): Twig_ExpressionParser->parseArguments(true)
#6 D:\Programs\Xampp\htdocs\CofeinWebsite\classes\Twig\vendor\twig\twig\lib\Twig\ExpressionParser.php(422): Twig_ExpressionParser->parseFilterExpressionRaw(Object(Twig_Node_Expression_GetAttr))
#7 D:\Programs\Xampp\htdocs\CofeinWebsite\classes\Twig\vendor\twig\twig\lib\Twig\ExpressionParser.php(287): Twig_ExpressionParser->parseFilterExpression(Object(Twig_Node_Expression_GetAttr))
#8 D:\Programs\Xampp\htdocs\CofeinWebsite\classes\Twig\vendor\twig\twig\lib\Twig\ExpressionParser.php(179): Twig_ExpressionParser->parsePostfixExpression(Object(Twig_Node_Expression_Name))
#9 D:\Programs\Xampp\htdocs\CofeinWebsite\classes\Twig\vendor\twig\twig\lib\Twig\ExpressionParser.php(84): Twig_ExpressionParser->parsePrimaryExpression()
#10 D:\Programs\Xampp\htdocs\CofeinWebsite\classes\Twig\vendor\twig\twig\lib\Twig\ExpressionParser.php(41): Twig_ExpressionParser->getPrimary()
#11 D:\Programs\Xampp\htdocs\CofeinWebsite\classes\Twig\vendor\twig\twig\lib\Twig\ExpressionParser.php(534): Twig_ExpressionParser->parseExpression()
#12 D:\Programs\Xampp\htdocs\CofeinWebsite\classes\Twig\vendor\twig\twig\lib\Twig\TokenParser\Set.php(46): Twig_ExpressionParser->parseMultitargetExpression()
#13 D:\Programs\Xampp\htdocs\CofeinWebsite\classes\Twig\vendor\twig\twig\lib\Twig\Parser.php(187): Twig_TokenParser_Set->parse(Object(Twig_Token))
#14 D:\Programs\Xampp\htdocs\CofeinWebsite\classes\Twig\vendor\twig\twig\lib\Twig\TokenParser\For.php(47): Twig_Parser->subparse(Array)
#15 D:\Programs\Xampp\htdocs\CofeinWebsite\classes\Twig\vendor\twig\twig\lib\Twig\Parser.php(187): Twig_TokenParser_For->parse(Object(Twig_Token))
#16 D:\Programs\Xampp\htdocs\CofeinWebsite\classes\Twig\vendor\twig\twig\lib\Twig\TokenParser\AutoEscape.php(69): Twig_Parser->subparse(Array, true)
#17 D:\Programs\Xampp\htdocs\CofeinWebsite\classes\Twig\vendor\twig\twig\lib\Twig\Parser.php(187): Twig_TokenParser_AutoEscape->parse(Object(Twig_Token))
#18 D:\Programs\Xampp\htdocs\CofeinWebsite\classes\Twig\vendor\twig\twig\lib\Twig\TokenParser\Block.php(45): Twig_Parser->subparse(Array, true)
#19 D:\Programs\Xampp\htdocs\CofeinWebsite\classes\Twig\vendor\twig\twig\lib\Twig\Parser.php(187): Twig_TokenParser_Block->parse(Object(Twig_Token))
#20 D:\Programs\Xampp\htdocs\CofeinWebsite\classes\Twig\vendor\twig\twig\lib\Twig\Parser.php(95): Twig_Parser->subparse(NULL, false)
#21 D:\Programs\Xampp\htdocs\CofeinWebsite\classes\Twig\vendor\twig\twig\lib\Twig\Environment.php(507): Twig_Parser->parse(Object(Twig_TokenStream))
#22 D:\Programs\Xampp\htdocs\CofeinWebsite\classes\Twig\vendor\twig\twig\lib\Twig\Environment.php(559): Twig_Environment->parse(Object(Twig_TokenStream))
#23 D:\Programs\Xampp\htdocs\CofeinWebsite\classes\Twig\vendor\twig\twig\lib\Twig\Environment.php(331): Twig_Environment->compileSource('{% extends "adm...', 'admin_news.html...')
#24 D:\Programs\Xampp\htdocs\CofeinWebsite\classes\Twig\vendor\twig\twig\lib\Twig\Environment.php(292): Twig_Environment->loadTemplate('admin_news.html...')
#25 D:\Programs\Xampp\htdocs\CofeinWebsite\classes\Main.php(90): Twig_Environment->render('admin_news.html...', Array)
#26 D:\Programs\Xampp\htdocs\CofeinWebsite\classes\Main.php(51): Main->render()
#27 D:\Programs\Xampp\htdocs\CofeinWebsite\classes\Main.php(20): Main->processRequest()
#28 D:\Programs\Xampp\htdocs\CofeinWebsite\classes\Main.php(129): Main->__construct()
#29 D:\Programs\Xampp\htdocs\CofeinWebsite\index.php(14): Main::getInstance()
#30 {main}


[27/12/14  22:26:23]
exception 'Twig_Error_Syntax' with message 'Unexpected tag name "dump" (expecting closing tag for the "for" tag defined near line 44) in "admin_news.html.twig" at line 47' in D:\Programs\Xampp\htdocs\CofeinWebsite\classes\Twig\vendor\twig\twig\lib\Twig\Parser.php:174
Stack trace:
#0 D:\Programs\Xampp\htdocs\CofeinWebsite\classes\Twig\vendor\twig\twig\lib\Twig\TokenParser\For.php(47): Twig_Parser->subparse(Array)
#1 D:\Programs\Xampp\htdocs\CofeinWebsite\classes\Twig\vendor\twig\twig\lib\Twig\Parser.php(187): Twig_TokenParser_For->parse(Object(Twig_Token))
#2 D:\Programs\Xampp\htdocs\CofeinWebsite\classes\Twig\vendor\twig\twig\lib\Twig\TokenParser\AutoEscape.php(69): Twig_Parser->subparse(Array, true)
#3 D:\Programs\Xampp\htdocs\CofeinWebsite\classes\Twig\vendor\twig\twig\lib\Twig\Parser.php(187): Twig_TokenParser_AutoEscape->parse(Object(Twig_Token))
#4 D:\Programs\Xampp\htdocs\CofeinWebsite\classes\Twig\vendor\twig\twig\lib\Twig\TokenParser\Block.php(45): Twig_Parser->subparse(Array, true)
#5 D:\Programs\Xampp\htdocs\CofeinWebsite\classes\Twig\vendor\twig\twig\lib\Twig\Parser.php(187): Twig_TokenParser_Block->parse(Object(Twig_Token))
#6 D:\Programs\Xampp\htdocs\CofeinWebsite\classes\Twig\vendor\twig\twig\lib\Twig\Parser.php(95): Twig_Parser->subparse(NULL, false)
#7 D:\Programs\Xampp\htdocs\CofeinWebsite\classes\Twig\vendor\twig\twig\lib\Twig\Environment.php(507): Twig_Parser->parse(Object(Twig_TokenStream))
#8 D:\Programs\Xampp\htdocs\CofeinWebsite\classes\Twig\vendor\twig\twig\lib\Twig\Environment.php(559): Twig_Environment->parse(Object(Twig_TokenStream))
#9 D:\Programs\Xampp\htdocs\CofeinWebsite\classes\Twig\vendor\twig\twig\lib\Twig\Environment.php(331): Twig_Environment->compileSource('{% extends "adm...', 'admin_news.html...')
#10 D:\Programs\Xampp\htdocs\CofeinWebsite\classes\Twig\vendor\twig\twig\lib\Twig\Environment.php(292): Twig_Environment->loadTemplate('admin_news.html...')
#11 D:\Programs\Xampp\htdocs\CofeinWebsite\classes\Main.php(90): Twig_Environment->render('admin_news.html...', Array)
#12 D:\Programs\Xampp\htdocs\CofeinWebsite\classes\Main.php(51): Main->render()
#13 D:\Programs\Xampp\htdocs\CofeinWebsite\classes\Main.php(20): Main->processRequest()
#14 D:\Programs\Xampp\htdocs\CofeinWebsite\classes\Main.php(129): Main->__construct()
#15 D:\Programs\Xampp\htdocs\CofeinWebsite\index.php(14): Main::getInstance()
#16 {main}


[27/12/14  22:33:29]
exception 'Twig_Error_Syntax' with message 'Unexpected tag name "content" (expecting closing tag for the "for" tag defined near line 44) in "admin_news.html.twig" at line 46' in D:\Programs\Xampp\htdocs\CofeinWebsite\classes\Twig\vendor\twig\twig\lib\Twig\Parser.php:174
Stack trace:
#0 D:\Programs\Xampp\htdocs\CofeinWebsite\classes\Twig\vendor\twig\twig\lib\Twig\TokenParser\For.php(47): Twig_Parser->subparse(Array)
#1 D:\Programs\Xampp\htdocs\CofeinWebsite\classes\Twig\vendor\twig\twig\lib\Twig\Parser.php(187): Twig_TokenParser_For->parse(Object(Twig_Token))
#2 D:\Programs\Xampp\htdocs\CofeinWebsite\classes\Twig\vendor\twig\twig\lib\Twig\TokenParser\AutoEscape.php(69): Twig_Parser->subparse(Array, true)
#3 D:\Programs\Xampp\htdocs\CofeinWebsite\classes\Twig\vendor\twig\twig\lib\Twig\Parser.php(187): Twig_TokenParser_AutoEscape->parse(Object(Twig_Token))
#4 D:\Programs\Xampp\htdocs\CofeinWebsite\classes\Twig\vendor\twig\twig\lib\Twig\TokenParser\Block.php(45): Twig_Parser->subparse(Array, true)
#5 D:\Programs\Xampp\htdocs\CofeinWebsite\classes\Twig\vendor\twig\twig\lib\Twig\Parser.php(187): Twig_TokenParser_Block->parse(Object(Twig_Token))
#6 D:\Programs\Xampp\htdocs\CofeinWebsite\classes\Twig\vendor\twig\twig\lib\Twig\Parser.php(95): Twig_Parser->subparse(NULL, false)
#7 D:\Programs\Xampp\htdocs\CofeinWebsite\classes\Twig\vendor\twig\twig\lib\Twig\Environment.php(507): Twig_Parser->parse(Object(Twig_TokenStream))
#8 D:\Programs\Xampp\htdocs\CofeinWebsite\classes\Twig\vendor\twig\twig\lib\Twig\Environment.php(559): Twig_Environment->parse(Object(Twig_TokenStream))
#9 D:\Programs\Xampp\htdocs\CofeinWebsite\classes\Twig\vendor\twig\twig\lib\Twig\Environment.php(331): Twig_Environment->compileSource('{% extends "adm...', 'admin_news.html...')
#10 D:\Programs\Xampp\htdocs\CofeinWebsite\classes\Twig\vendor\twig\twig\lib\Twig\Environment.php(292): Twig_Environment->loadTemplate('admin_news.html...')
#11 D:\Programs\Xampp\htdocs\CofeinWebsite\classes\Main.php(90): Twig_Environment->render('admin_news.html...', Array)
#12 D:\Programs\Xampp\htdocs\CofeinWebsite\classes\Main.php(51): Main->render()
#13 D:\Programs\Xampp\htdocs\CofeinWebsite\classes\Main.php(20): Main->processRequest()
#14 D:\Programs\Xampp\htdocs\CofeinWebsite\classes\Main.php(129): Main->__construct()
#15 D:\Programs\Xampp\htdocs\CofeinWebsite\index.php(14): Main::getInstance()
#16 {main}


[27/12/14  22:35:00]
exception 'Twig_Error_Syntax' with message 'Arguments must be separated by a comma. Unexpected token "punctuation" of value ":" ("punctuation" expected with value ",") in "admin_news.html.twig" at line 46' in D:\Programs\Xampp\htdocs\CofeinWebsite\classes\Twig\vendor\twig\twig\lib\Twig\TokenStream.php:88
Stack trace:
#0 D:\Programs\Xampp\htdocs\CofeinWebsite\classes\Twig\vendor\twig\twig\lib\Twig\ExpressionParser.php(465): Twig_TokenStream->expect(9, ',', 'Arguments must ...')
#1 D:\Programs\Xampp\htdocs\CofeinWebsite\classes\Twig\vendor\twig\twig\lib\Twig\ExpressionParser.php(434): Twig_ExpressionParser->parseArguments(true)
#2 D:\Programs\Xampp\htdocs\CofeinWebsite\classes\Twig\vendor\twig\twig\lib\Twig\ExpressionParser.php(422): Twig_ExpressionParser->parseFilterExpressionRaw(Object(Twig_Node_Expression_GetAttr))
#3 D:\Programs\Xampp\htdocs\CofeinWebsite\classes\Twig\vendor\twig\twig\lib\Twig\ExpressionParser.php(287): Twig_ExpressionParser->parseFilterExpression(Object(Twig_Node_Expression_GetAttr))
#4 D:\Programs\Xampp\htdocs\CofeinWebsite\classes\Twig\vendor\twig\twig\lib\Twig\ExpressionParser.php(179): Twig_ExpressionParser->parsePostfixExpression(Object(Twig_Node_Expression_Name))
#5 D:\Programs\Xampp\htdocs\CofeinWebsite\classes\Twig\vendor\twig\twig\lib\Twig\ExpressionParser.php(84): Twig_ExpressionParser->parsePrimaryExpression()
#6 D:\Programs\Xampp\htdocs\CofeinWebsite\classes\Twig\vendor\twig\twig\lib\Twig\ExpressionParser.php(41): Twig_ExpressionParser->getPrimary()
#7 D:\Programs\Xampp\htdocs\CofeinWebsite\classes\Twig\vendor\twig\twig\lib\Twig\Parser.php(141): Twig_ExpressionParser->parseExpression()
#8 D:\Programs\Xampp\htdocs\CofeinWebsite\classes\Twig\vendor\twig\twig\lib\Twig\TokenParser\For.php(47): Twig_Parser->subparse(Array)
#9 D:\Programs\Xampp\htdocs\CofeinWebsite\classes\Twig\vendor\twig\twig\lib\Twig\Parser.php(187): Twig_TokenParser_For->parse(Object(Twig_Token))
#10 D:\Programs\Xampp\htdocs\CofeinWebsite\classes\Twig\vendor\twig\twig\lib\Twig\TokenParser\AutoEscape.php(69): Twig_Parser->subparse(Array, true)
#11 D:\Programs\Xampp\htdocs\CofeinWebsite\classes\Twig\vendor\twig\twig\lib\Twig\Parser.php(187): Twig_TokenParser_AutoEscape->parse(Object(Twig_Token))
#12 D:\Programs\Xampp\htdocs\CofeinWebsite\classes\Twig\vendor\twig\twig\lib\Twig\TokenParser\Block.php(45): Twig_Parser->subparse(Array, true)
#13 D:\Programs\Xampp\htdocs\CofeinWebsite\classes\Twig\vendor\twig\twig\lib\Twig\Parser.php(187): Twig_TokenParser_Block->parse(Object(Twig_Token))
#14 D:\Programs\Xampp\htdocs\CofeinWebsite\classes\Twig\vendor\twig\twig\lib\Twig\Parser.php(95): Twig_Parser->subparse(NULL, false)
#15 D:\Programs\Xampp\htdocs\CofeinWebsite\classes\Twig\vendor\twig\twig\lib\Twig\Environment.php(507): Twig_Parser->parse(Object(Twig_TokenStream))
#16 D:\Programs\Xampp\htdocs\CofeinWebsite\classes\Twig\vendor\twig\twig\lib\Twig\Environment.php(559): Twig_Environment->parse(Object(Twig_TokenStream))
#17 D:\Programs\Xampp\htdocs\CofeinWebsite\classes\Twig\vendor\twig\twig\lib\Twig\Environment.php(331): Twig_Environment->compileSource('{% extends "adm...', 'admin_news.html...')
#18 D:\Programs\Xampp\htdocs\CofeinWebsite\classes\Twig\vendor\twig\twig\lib\Twig\Environment.php(292): Twig_Environment->loadTemplate('admin_news.html...')
#19 D:\Programs\Xampp\htdocs\CofeinWebsite\classes\Main.php(90): Twig_Environment->render('admin_news.html...', Array)
#20 D:\Programs\Xampp\htdocs\CofeinWebsite\classes\Main.php(51): Main->render()
#21 D:\Programs\Xampp\htdocs\CofeinWebsite\classes\Main.php(20): Main->processRequest()
#22 D:\Programs\Xampp\htdocs\CofeinWebsite\classes\Main.php(129): Main->__construct()
#23 D:\Programs\Xampp\htdocs\CofeinWebsite\index.php(14): Main::getInstance()
#24 {main}


[29/12/14  09:01:44]
exception 'PDOException' with message 'SQLSTATE[42S02]: Base table or view not found: 1146 Table 'cofein.index_en' doesn't exist' in D:\Programs\Xampp\htdocs\CofeinWebsite\classes\Database.php:33
Stack trace:
#0 D:\Programs\Xampp\htdocs\CofeinWebsite\classes\Database.php(33): PDOStatement->execute(Array)
#1 D:\Programs\Xampp\htdocs\CofeinWebsite\classes\Admin.php(46): Database->execute(Array)
#2 D:\Programs\Xampp\htdocs\CofeinWebsite\classes\Main.php(42): Admin->delete()
#3 D:\Programs\Xampp\htdocs\CofeinWebsite\classes\Main.php(20): Main->processRequest()
#4 D:\Programs\Xampp\htdocs\CofeinWebsite\classes\Main.php(129): Main->__construct()
#5 D:\Programs\Xampp\htdocs\CofeinWebsite\index.php(14): Main::getInstance()
#6 {main}


[29/12/14  09:09:16]
exception 'PDOException' with message 'SQLSTATE[42000]: Syntax error or access violation: 1065 Query was empty' in D:\Programs\Xampp\htdocs\CofeinWebsite\classes\Database.php:33
Stack trace:
#0 D:\Programs\Xampp\htdocs\CofeinWebsite\classes\Database.php(33): PDOStatement->execute(Array)
#1 D:\Programs\Xampp\htdocs\CofeinWebsite\classes\AdminNews.php(88): Database->execute(Array)
#2 D:\Programs\Xampp\htdocs\CofeinWebsite\classes\Admin.php(24): AdminNews->submit()
#3 D:\Programs\Xampp\htdocs\CofeinWebsite\classes\Main.php(64): Admin->getContent()
#4 D:\Programs\Xampp\htdocs\CofeinWebsite\classes\Main.php(47): Main->setContent()
#5 D:\Programs\Xampp\htdocs\CofeinWebsite\classes\Main.php(20): Main->processRequest()
#6 D:\Programs\Xampp\htdocs\CofeinWebsite\classes\Main.php(129): Main->__construct()
#7 D:\Programs\Xampp\htdocs\CofeinWebsite\index.php(14): Main::getInstance()
#8 {main}


[31/12/14  10:04:06]
exception 'Twig_Error_Syntax' with message 'Unexpected token "punctuation" of value "." ("operator" expected with value "in") in "shop.html.twig" at line 9' in D:\Programs\Xampp\htdocs\CofeinWebsite\classes\Twig\vendor\twig\twig\lib\Twig\TokenStream.php:88
Stack trace:
#0 D:\Programs\Xampp\htdocs\CofeinWebsite\classes\Twig\vendor\twig\twig\lib\Twig\TokenParser\For.php(38): Twig_TokenStream->expect(8, 'in')
#1 D:\Programs\Xampp\htdocs\CofeinWebsite\classes\Twig\vendor\twig\twig\lib\Twig\Parser.php(187): Twig_TokenParser_For->parse(Object(Twig_Token))
#2 D:\Programs\Xampp\htdocs\CofeinWebsite\classes\Twig\vendor\twig\twig\lib\Twig\TokenParser\Block.php(45): Twig_Parser->subparse(Array, true)
#3 D:\Programs\Xampp\htdocs\CofeinWebsite\classes\Twig\vendor\twig\twig\lib\Twig\Parser.php(187): Twig_TokenParser_Block->parse(Object(Twig_Token))
#4 D:\Programs\Xampp\htdocs\CofeinWebsite\classes\Twig\vendor\twig\twig\lib\Twig\Parser.php(95): Twig_Parser->subparse(NULL, false)
#5 D:\Programs\Xampp\htdocs\CofeinWebsite\classes\Twig\vendor\twig\twig\lib\Twig\Environment.php(507): Twig_Parser->parse(Object(Twig_TokenStream))
#6 D:\Programs\Xampp\htdocs\CofeinWebsite\classes\Twig\vendor\twig\twig\lib\Twig\Environment.php(559): Twig_Environment->parse(Object(Twig_TokenStream))
#7 D:\Programs\Xampp\htdocs\CofeinWebsite\classes\Twig\vendor\twig\twig\lib\Twig\Environment.php(331): Twig_Environment->compileSource('{% extends layo...', 'shop.html.twig')
#8 D:\Programs\Xampp\htdocs\CofeinWebsite\classes\Twig\vendor\twig\twig\lib\Twig\Environment.php(292): Twig_Environment->loadTemplate('shop.html.twig')
#9 D:\Programs\Xampp\htdocs\CofeinWebsite\classes\Main.php(90): Twig_Environment->render('shop.html.twig', Array)
#10 D:\Programs\Xampp\htdocs\CofeinWebsite\classes\Main.php(51): Main->render()
#11 D:\Programs\Xampp\htdocs\CofeinWebsite\classes\Main.php(20): Main->processRequest()
#12 D:\Programs\Xampp\htdocs\CofeinWebsite\classes\Main.php(129): Main->__construct()
#13 D:\Programs\Xampp\htdocs\CofeinWebsite\index.php(14): Main::getInstance()
#14 {main}


[02/01/15  20:09:43]
exception 'Exception' with message 'Bad request.' in D:\Programs\Xampp\htdocs\CofeinWebsite\classes\Main.php:54
Stack trace:
#0 D:\Programs\Xampp\htdocs\CofeinWebsite\classes\Main.php(20): Main->processRequest()
#1 D:\Programs\Xampp\htdocs\CofeinWebsite\classes\Main.php(129): Main->__construct()
#2 D:\Programs\Xampp\htdocs\CofeinWebsite\index.php(14): Main::getInstance()
#3 {main}


[02/01/15  20:10:01]
exception 'Exception' with message 'Bad request.' in D:\Programs\Xampp\htdocs\CofeinWebsite\classes\Main.php:54
Stack trace:
#0 D:\Programs\Xampp\htdocs\CofeinWebsite\classes\Main.php(20): Main->processRequest()
#1 D:\Programs\Xampp\htdocs\CofeinWebsite\classes\Main.php(129): Main->__construct()
#2 D:\Programs\Xampp\htdocs\CofeinWebsite\index.php(14): Main::getInstance()
#3 {main}


[02/01/15  20:14:50]
exception 'Exception' with message 'Bad request.' in D:\Programs\Xampp\htdocs\CofeinWebsite\classes\Main.php:54
Stack trace:
#0 D:\Programs\Xampp\htdocs\CofeinWebsite\classes\Main.php(20): Main->processRequest()
#1 D:\Programs\Xampp\htdocs\CofeinWebsite\classes\Main.php(129): Main->__construct()
#2 D:\Programs\Xampp\htdocs\CofeinWebsite\index.php(14): Main::getInstance()
#3 {main}


[05/01/15  10:42:57]
exception 'PDOException' with message 'SQLSTATE[23000]: Integrity constraint violation: 1048 Column 'short_desc' cannot be null' in D:\Programs\Xampp\htdocs\CofeinWebsite\classes\Database.php:33
Stack trace:
#0 D:\Programs\Xampp\htdocs\CofeinWebsite\classes\Database.php(33): PDOStatement->execute(Array)
#1 D:\Programs\Xampp\htdocs\CofeinWebsite\classes\AdminShop.php(49): Database->execute(Array)
#2 D:\Programs\Xampp\htdocs\CofeinWebsite\classes\Admin.php(30): AdminShop->newArticle()
#3 D:\Programs\Xampp\htdocs\CofeinWebsite\classes\Main.php(64): Admin->getContent()
#4 D:\Programs\Xampp\htdocs\CofeinWebsite\classes\Main.php(47): Main->setContent()
#5 D:\Programs\Xampp\htdocs\CofeinWebsite\classes\Main.php(20): Main->processRequest()
#6 D:\Programs\Xampp\htdocs\CofeinWebsite\classes\Main.php(129): Main->__construct()
#7 D:\Programs\Xampp\htdocs\CofeinWebsite\index.php(14): Main::getInstance()
#8 {main}


[06/01/15  10:37:05]
exception 'PDOException' with message 'SQLSTATE[42000]: Syntax error or access violation: 1064 You have an error in your SQL syntax; check the manual that corresponds to your MySQL server version for the right syntax to use near 'DESC' at line 1' in D:\Programs\Xampp\htdocs\CofeinWebsite\classes\Database.php:33
Stack trace:
#0 D:\Programs\Xampp\htdocs\CofeinWebsite\classes\Database.php(33): PDOStatement->execute(Array)
#1 D:\Programs\Xampp\htdocs\CofeinWebsite\classes\Shop.php(19): Database->execute()
#2 D:\Programs\Xampp\htdocs\CofeinWebsite\classes\Main.php(64): Shop->getContent()
#3 D:\Programs\Xampp\htdocs\CofeinWebsite\classes\Main.php(47): Main->setContent()
#4 D:\Programs\Xampp\htdocs\CofeinWebsite\classes\Main.php(20): Main->processRequest()
#5 D:\Programs\Xampp\htdocs\CofeinWebsite\classes\Main.php(129): Main->__construct()
#6 D:\Programs\Xampp\htdocs\CofeinWebsite\index.php(14): Main::getInstance()
#7 {main}


[06/01/15  10:37:05]
exception 'PDOException' with message 'SQLSTATE[42000]: Syntax error or access violation: 1064 You have an error in your SQL syntax; check the manual that corresponds to your MySQL server version for the right syntax to use near 'DESC' at line 1' in D:\Programs\Xampp\htdocs\CofeinWebsite\classes\Database.php:33
Stack trace:
#0 D:\Programs\Xampp\htdocs\CofeinWebsite\classes\Database.php(33): PDOStatement->execute(Array)
#1 D:\Programs\Xampp\htdocs\CofeinWebsite\classes\Shop.php(19): Database->execute()
#2 D:\Programs\Xampp\htdocs\CofeinWebsite\classes\Main.php(64): Shop->getContent()
#3 D:\Programs\Xampp\htdocs\CofeinWebsite\classes\Main.php(47): Main->setContent()
#4 D:\Programs\Xampp\htdocs\CofeinWebsite\classes\Main.php(20): Main->processRequest()
#5 D:\Programs\Xampp\htdocs\CofeinWebsite\classes\Main.php(129): Main->__construct()
#6 D:\Programs\Xampp\htdocs\CofeinWebsite\index.php(14): Main::getInstance()
#7 {main}


[06/01/15  10:37:51]
exception 'PDOException' with message 'SQLSTATE[42000]: Syntax error or access violation: 1064 You have an error in your SQL syntax; check the manual that corresponds to your MySQL server version for the right syntax to use near 'DESC' at line 1' in D:\Programs\Xampp\htdocs\CofeinWebsite\classes\Database.php:33
Stack trace:
#0 D:\Programs\Xampp\htdocs\CofeinWebsite\classes\Database.php(33): PDOStatement->execute(Array)
#1 D:\Programs\Xampp\htdocs\CofeinWebsite\classes\Shop.php(19): Database->execute()
#2 D:\Programs\Xampp\htdocs\CofeinWebsite\classes\Main.php(64): Shop->getContent()
#3 D:\Programs\Xampp\htdocs\CofeinWebsite\classes\Main.php(47): Main->setContent()
#4 D:\Programs\Xampp\htdocs\CofeinWebsite\classes\Main.php(20): Main->processRequest()
#5 D:\Programs\Xampp\htdocs\CofeinWebsite\classes\Main.php(129): Main->__construct()
#6 D:\Programs\Xampp\htdocs\CofeinWebsite\index.php(14): Main::getInstance()
#7 {main}


[06/01/15  10:37:52]
exception 'PDOException' with message 'SQLSTATE[42000]: Syntax error or access violation: 1064 You have an error in your SQL syntax; check the manual that corresponds to your MySQL server version for the right syntax to use near 'DESC' at line 1' in D:\Programs\Xampp\htdocs\CofeinWebsite\classes\Database.php:33
Stack trace:
#0 D:\Programs\Xampp\htdocs\CofeinWebsite\classes\Database.php(33): PDOStatement->execute(Array)
#1 D:\Programs\Xampp\htdocs\CofeinWebsite\classes\Shop.php(19): Database->execute()
#2 D:\Programs\Xampp\htdocs\CofeinWebsite\classes\Main.php(64): Shop->getContent()
#3 D:\Programs\Xampp\htdocs\CofeinWebsite\classes\Main.php(47): Main->setContent()
#4 D:\Programs\Xampp\htdocs\CofeinWebsite\classes\Main.php(20): Main->processRequest()
#5 D:\Programs\Xampp\htdocs\CofeinWebsite\classes\Main.php(129): Main->__construct()
#6 D:\Programs\Xampp\htdocs\CofeinWebsite\index.php(14): Main::getInstance()
#7 {main}


[06/01/15  10:37:53]
exception 'PDOException' with message 'SQLSTATE[42000]: Syntax error or access violation: 1064 You have an error in your SQL syntax; check the manual that corresponds to your MySQL server version for the right syntax to use near 'DESC' at line 1' in D:\Programs\Xampp\htdocs\CofeinWebsite\classes\Database.php:33
Stack trace:
#0 D:\Programs\Xampp\htdocs\CofeinWebsite\classes\Database.php(33): PDOStatement->execute(Array)
#1 D:\Programs\Xampp\htdocs\CofeinWebsite\classes\Shop.php(19): Database->execute()
#2 D:\Programs\Xampp\htdocs\CofeinWebsite\classes\Main.php(64): Shop->getContent()
#3 D:\Programs\Xampp\htdocs\CofeinWebsite\classes\Main.php(47): Main->setContent()
#4 D:\Programs\Xampp\htdocs\CofeinWebsite\classes\Main.php(20): Main->processRequest()
#5 D:\Programs\Xampp\htdocs\CofeinWebsite\classes\Main.php(129): Main->__construct()
#6 D:\Programs\Xampp\htdocs\CofeinWebsite\index.php(14): Main::getInstance()
#7 {main}


[06/01/15  10:37:53]
exception 'PDOException' with message 'SQLSTATE[42000]: Syntax error or access violation: 1064 You have an error in your SQL syntax; check the manual that corresponds to your MySQL server version for the right syntax to use near 'DESC' at line 1' in D:\Programs\Xampp\htdocs\CofeinWebsite\classes\Database.php:33
Stack trace:
#0 D:\Programs\Xampp\htdocs\CofeinWebsite\classes\Database.php(33): PDOStatement->execute(Array)
#1 D:\Programs\Xampp\htdocs\CofeinWebsite\classes\Shop.php(19): Database->execute()
#2 D:\Programs\Xampp\htdocs\CofeinWebsite\classes\Main.php(64): Shop->getContent()
#3 D:\Programs\Xampp\htdocs\CofeinWebsite\classes\Main.php(47): Main->setContent()
#4 D:\Programs\Xampp\htdocs\CofeinWebsite\classes\Main.php(20): Main->processRequest()
#5 D:\Programs\Xampp\htdocs\CofeinWebsite\classes\Main.php(129): Main->__construct()
#6 D:\Programs\Xampp\htdocs\CofeinWebsite\index.php(14): Main::getInstance()
#7 {main}


[06/01/15  10:37:53]
exception 'PDOException' with message 'SQLSTATE[42000]: Syntax error or access violation: 1064 You have an error in your SQL syntax; check the manual that corresponds to your MySQL server version for the right syntax to use near 'DESC' at line 1' in D:\Programs\Xampp\htdocs\CofeinWebsite\classes\Database.php:33
Stack trace:
#0 D:\Programs\Xampp\htdocs\CofeinWebsite\classes\Database.php(33): PDOStatement->execute(Array)
#1 D:\Programs\Xampp\htdocs\CofeinWebsite\classes\Shop.php(19): Database->execute()
#2 D:\Programs\Xampp\htdocs\CofeinWebsite\classes\Main.php(64): Shop->getContent()
#3 D:\Programs\Xampp\htdocs\CofeinWebsite\classes\Main.php(47): Main->setContent()
#4 D:\Programs\Xampp\htdocs\CofeinWebsite\classes\Main.php(20): Main->processRequest()
#5 D:\Programs\Xampp\htdocs\CofeinWebsite\classes\Main.php(129): Main->__construct()
#6 D:\Programs\Xampp\htdocs\CofeinWebsite\index.php(14): Main::getInstance()
#7 {main}


[06/01/15  10:37:53]
exception 'PDOException' with message 'SQLSTATE[42000]: Syntax error or access violation: 1064 You have an error in your SQL syntax; check the manual that corresponds to your MySQL server version for the right syntax to use near 'DESC' at line 1' in D:\Programs\Xampp\htdocs\CofeinWebsite\classes\Database.php:33
Stack trace:
#0 D:\Programs\Xampp\htdocs\CofeinWebsite\classes\Database.php(33): PDOStatement->execute(Array)
#1 D:\Programs\Xampp\htdocs\CofeinWebsite\classes\Shop.php(19): Database->execute()
#2 D:\Programs\Xampp\htdocs\CofeinWebsite\classes\Main.php(64): Shop->getContent()
#3 D:\Programs\Xampp\htdocs\CofeinWebsite\classes\Main.php(47): Main->setContent()
#4 D:\Programs\Xampp\htdocs\CofeinWebsite\classes\Main.php(20): Main->processRequest()
#5 D:\Programs\Xampp\htdocs\CofeinWebsite\classes\Main.php(129): Main->__construct()
#6 D:\Programs\Xampp\htdocs\CofeinWebsite\index.php(14): Main::getInstance()
#7 {main}


[06/01/15  10:37:54]
exception 'PDOException' with message 'SQLSTATE[42000]: Syntax error or access violation: 1064 You have an error in your SQL syntax; check the manual that corresponds to your MySQL server version for the right syntax to use near 'DESC' at line 1' in D:\Programs\Xampp\htdocs\CofeinWebsite\classes\Database.php:33
Stack trace:
#0 D:\Programs\Xampp\htdocs\CofeinWebsite\classes\Database.php(33): PDOStatement->execute(Array)
#1 D:\Programs\Xampp\htdocs\CofeinWebsite\classes\Shop.php(19): Database->execute()
#2 D:\Programs\Xampp\htdocs\CofeinWebsite\classes\Main.php(64): Shop->getContent()
#3 D:\Programs\Xampp\htdocs\CofeinWebsite\classes\Main.php(47): Main->setContent()
#4 D:\Programs\Xampp\htdocs\CofeinWebsite\classes\Main.php(20): Main->processRequest()
#5 D:\Programs\Xampp\htdocs\CofeinWebsite\classes\Main.php(129): Main->__construct()
#6 D:\Programs\Xampp\htdocs\CofeinWebsite\index.php(14): Main::getInstance()
#7 {main}


[06/01/15  10:37:54]
exception 'PDOException' with message 'SQLSTATE[42000]: Syntax error or access violation: 1064 You have an error in your SQL syntax; check the manual that corresponds to your MySQL server version for the right syntax to use near 'DESC' at line 1' in D:\Programs\Xampp\htdocs\CofeinWebsite\classes\Database.php:33
Stack trace:
#0 D:\Programs\Xampp\htdocs\CofeinWebsite\classes\Database.php(33): PDOStatement->execute(Array)
#1 D:\Programs\Xampp\htdocs\CofeinWebsite\classes\Shop.php(19): Database->execute()
#2 D:\Programs\Xampp\htdocs\CofeinWebsite\classes\Main.php(64): Shop->getContent()
#3 D:\Programs\Xampp\htdocs\CofeinWebsite\classes\Main.php(47): Main->setContent()
#4 D:\Programs\Xampp\htdocs\CofeinWebsite\classes\Main.php(20): Main->processRequest()
#5 D:\Programs\Xampp\htdocs\CofeinWebsite\classes\Main.php(129): Main->__construct()
#6 D:\Programs\Xampp\htdocs\CofeinWebsite\index.php(14): Main::getInstance()
#7 {main}


[06/01/15  10:37:54]
exception 'PDOException' with message 'SQLSTATE[42000]: Syntax error or access violation: 1064 You have an error in your SQL syntax; check the manual that corresponds to your MySQL server version for the right syntax to use near 'DESC' at line 1' in D:\Programs\Xampp\htdocs\CofeinWebsite\classes\Database.php:33
Stack trace:
#0 D:\Programs\Xampp\htdocs\CofeinWebsite\classes\Database.php(33): PDOStatement->execute(Array)
#1 D:\Programs\Xampp\htdocs\CofeinWebsite\classes\Shop.php(19): Database->execute()
#2 D:\Programs\Xampp\htdocs\CofeinWebsite\classes\Main.php(64): Shop->getContent()
#3 D:\Programs\Xampp\htdocs\CofeinWebsite\classes\Main.php(47): Main->setContent()
#4 D:\Programs\Xampp\htdocs\CofeinWebsite\classes\Main.php(20): Main->processRequest()
#5 D:\Programs\Xampp\htdocs\CofeinWebsite\classes\Main.php(129): Main->__construct()
#6 D:\Programs\Xampp\htdocs\CofeinWebsite\index.php(14): Main::getInstance()
#7 {main}


[06/01/15  10:37:54]
exception 'PDOException' with message 'SQLSTATE[42000]: Syntax error or access violation: 1064 You have an error in your SQL syntax; check the manual that corresponds to your MySQL server version for the right syntax to use near 'DESC' at line 1' in D:\Programs\Xampp\htdocs\CofeinWebsite\classes\Database.php:33
Stack trace:
#0 D:\Programs\Xampp\htdocs\CofeinWebsite\classes\Database.php(33): PDOStatement->execute(Array)
#1 D:\Programs\Xampp\htdocs\CofeinWebsite\classes\Shop.php(19): Database->execute()
#2 D:\Programs\Xampp\htdocs\CofeinWebsite\classes\Main.php(64): Shop->getContent()
#3 D:\Programs\Xampp\htdocs\CofeinWebsite\classes\Main.php(47): Main->setContent()
#4 D:\Programs\Xampp\htdocs\CofeinWebsite\classes\Main.php(20): Main->processRequest()
#5 D:\Programs\Xampp\htdocs\CofeinWebsite\classes\Main.php(129): Main->__construct()
#6 D:\Programs\Xampp\htdocs\CofeinWebsite\index.php(14): Main::getInstance()
#7 {main}


[06/01/15  10:37:54]
exception 'PDOException' with message 'SQLSTATE[42000]: Syntax error or access violation: 1064 You have an error in your SQL syntax; check the manual that corresponds to your MySQL server version for the right syntax to use near 'DESC' at line 1' in D:\Programs\Xampp\htdocs\CofeinWebsite\classes\Database.php:33
Stack trace:
#0 D:\Programs\Xampp\htdocs\CofeinWebsite\classes\Database.php(33): PDOStatement->execute(Array)
#1 D:\Programs\Xampp\htdocs\CofeinWebsite\classes\Shop.php(19): Database->execute()
#2 D:\Programs\Xampp\htdocs\CofeinWebsite\classes\Main.php(64): Shop->getContent()
#3 D:\Programs\Xampp\htdocs\CofeinWebsite\classes\Main.php(47): Main->setContent()
#4 D:\Programs\Xampp\htdocs\CofeinWebsite\classes\Main.php(20): Main->processRequest()
#5 D:\Programs\Xampp\htdocs\CofeinWebsite\classes\Main.php(129): Main->__construct()
#6 D:\Programs\Xampp\htdocs\CofeinWebsite\index.php(14): Main::getInstance()
#7 {main}


[06/01/15  12:55:02]
exception 'Exception' with message 'Bad request.' in D:\Programs\Xampp\htdocs\CofeinWebsite\classes\Main.php:54
Stack trace:
#0 D:\Programs\Xampp\htdocs\CofeinWebsite\classes\Main.php(20): Main->processRequest()
#1 D:\Programs\Xampp\htdocs\CofeinWebsite\classes\Main.php(129): Main->__construct()
#2 D:\Programs\Xampp\htdocs\CofeinWebsite\index.php(14): Main::getInstance()
#3 {main}


[06/01/15  13:04:03]
exception 'Exception' with message 'Bad request.' in D:\Programs\Xampp\htdocs\CofeinWebsite\classes\Main.php:54
Stack trace:
#0 D:\Programs\Xampp\htdocs\CofeinWebsite\classes\Main.php(20): Main->processRequest()
#1 D:\Programs\Xampp\htdocs\CofeinWebsite\classes\Main.php(129): Main->__construct()
#2 D:\Programs\Xampp\htdocs\CofeinWebsite\index.php(14): Main::getInstance()
#3 {main}


[06/01/15  13:04:08]
exception 'Exception' with message 'Bad request.' in D:\Programs\Xampp\htdocs\CofeinWebsite\classes\Main.php:54
Stack trace:
#0 D:\Programs\Xampp\htdocs\CofeinWebsite\classes\Main.php(20): Main->processRequest()
#1 D:\Programs\Xampp\htdocs\CofeinWebsite\classes\Main.php(129): Main->__construct()
#2 D:\Programs\Xampp\htdocs\CofeinWebsite\index.php(14): Main::getInstance()
#3 {main}


[06/01/15  13:10:22]
exception 'Exception' with message 'Bad request.' in D:\Programs\Xampp\htdocs\CofeinWebsite\classes\Main.php:54
Stack trace:
#0 D:\Programs\Xampp\htdocs\CofeinWebsite\classes\Main.php(20): Main->processRequest()
#1 D:\Programs\Xampp\htdocs\CofeinWebsite\classes\Main.php(129): Main->__construct()
#2 D:\Programs\Xampp\htdocs\CofeinWebsite\index.php(14): Main::getInstance()
#3 {main}


[06/01/15  13:10:23]
exception 'Exception' with message 'Bad request.' in D:\Programs\Xampp\htdocs\CofeinWebsite\classes\Main.php:54
Stack trace:
#0 D:\Programs\Xampp\htdocs\CofeinWebsite\classes\Main.php(20): Main->processRequest()
#1 D:\Programs\Xampp\htdocs\CofeinWebsite\classes\Main.php(129): Main->__construct()
#2 D:\Programs\Xampp\htdocs\CofeinWebsite\index.php(14): Main::getInstance()
#3 {main}


[06/01/15  13:10:26]
exception 'Exception' with message 'Bad request.' in D:\Programs\Xampp\htdocs\CofeinWebsite\classes\Main.php:54
Stack trace:
#0 D:\Programs\Xampp\htdocs\CofeinWebsite\classes\Main.php(20): Main->processRequest()
#1 D:\Programs\Xampp\htdocs\CofeinWebsite\classes\Main.php(129): Main->__construct()
#2 D:\Programs\Xampp\htdocs\CofeinWebsite\index.php(14): Main::getInstance()
#3 {main}


[06/01/15  13:26:08]
exception 'Exception' with message 'Bad request.' in D:\Programs\Xampp\htdocs\CofeinWebsite\classes\Main.php:45
Stack trace:
#0 D:\Programs\Xampp\htdocs\CofeinWebsite\classes\Main.php(20): Main->processRequest()
#1 D:\Programs\Xampp\htdocs\CofeinWebsite\classes\Main.php(120): Main->__construct()
#2 D:\Programs\Xampp\htdocs\CofeinWebsite\index.php(14): Main::getInstance()
#3 {main}


[06/01/15  15:14:16]
exception 'Exception' with message 'Bad request.' in D:\Programs\Xampp\htdocs\CofeinWebsite\classes\Main.php:45
Stack trace:
#0 D:\Programs\Xampp\htdocs\CofeinWebsite\classes\Main.php(20): Main->processRequest()
#1 D:\Programs\Xampp\htdocs\CofeinWebsite\classes\Main.php(120): Main->__construct()
#2 D:\Programs\Xampp\htdocs\CofeinWebsite\index.php(14): Main::getInstance()
#3 {main}


[07/01/15  21:13:43]
exception 'Twig_Error_Syntax' with message 'A template that extends another one cannot have a body in "cart_en.html.twig" at line 17.' in D:\Programs\Xampp\htdocs\CofeinWebsite\classes\Twig\vendor\twig\twig\lib\Twig\Parser.php:370
Stack trace:
#0 D:\Programs\Xampp\htdocs\CofeinWebsite\classes\Twig\vendor\twig\twig\lib\Twig\Parser.php(383): Twig_Parser->filterBodyNodes(Object(Twig_Node_Text))
#1 D:\Programs\Xampp\htdocs\CofeinWebsite\classes\Twig\vendor\twig\twig\lib\Twig\Parser.php(98): Twig_Parser->filterBodyNodes(Object(Twig_Node))
#2 D:\Programs\Xampp\htdocs\CofeinWebsite\classes\Twig\vendor\twig\twig\lib\Twig\Environment.php(507): Twig_Parser->parse(Object(Twig_TokenStream))
#3 D:\Programs\Xampp\htdocs\CofeinWebsite\classes\Twig\vendor\twig\twig\lib\Twig\Environment.php(559): Twig_Environment->parse(Object(Twig_TokenStream))
#4 D:\Programs\Xampp\htdocs\CofeinWebsite\classes\Twig\vendor\twig\twig\lib\Twig\Environment.php(331): Twig_Environment->compileSource('{% extends layo...', 'cart_en.html.tw...')
#5 D:\Programs\Xampp\htdocs\CofeinWebsite\classes\Twig\vendor\twig\twig\lib\Twig\Environment.php(292): Twig_Environment->loadTemplate('cart_en.html.tw...')
#6 D:\Programs\Xampp\htdocs\CofeinWebsite\classes\Main.php(95): Twig_Environment->render('cart_en.html.tw...', Array)
#7 D:\Programs\Xampp\htdocs\CofeinWebsite\classes\Main.php(40): Main->ajaxResponse()
#8 D:\Programs\Xampp\htdocs\CofeinWebsite\classes\Main.php(20): Main->processRequest()
#9 D:\Programs\Xampp\htdocs\CofeinWebsite\classes\Main.php(121): Main->__construct()
#10 D:\Programs\Xampp\htdocs\CofeinWebsite\index.php(14): Main::getInstance()
#11 {main}


[12/01/15  15:19:08]
exception 'Twig_Error_Syntax' with message 'Unexpected token "name" of value "item" ("end of statement block" expected) in "cart_en.html.twig" at line 13' in D:\Programs\Xampp\htdocs\CofeinWebsite\classes\Twig\vendor\twig\twig\lib\Twig\TokenStream.php:88
Stack trace:
#0 D:\Programs\Xampp\htdocs\CofeinWebsite\classes\Twig\vendor\twig\twig\lib\Twig\TokenParser\Set.php(48): Twig_TokenStream->expect(3)
#1 D:\Programs\Xampp\htdocs\CofeinWebsite\classes\Twig\vendor\twig\twig\lib\Twig\Parser.php(187): Twig_TokenParser_Set->parse(Object(Twig_Token))
#2 D:\Programs\Xampp\htdocs\CofeinWebsite\classes\Twig\vendor\twig\twig\lib\Twig\TokenParser\For.php(47): Twig_Parser->subparse(Array)
#3 D:\Programs\Xampp\htdocs\CofeinWebsite\classes\Twig\vendor\twig\twig\lib\Twig\Parser.php(187): Twig_TokenParser_For->parse(Object(Twig_Token))
#4 D:\Programs\Xampp\htdocs\CofeinWebsite\classes\Twig\vendor\twig\twig\lib\Twig\TokenParser\Block.php(45): Twig_Parser->subparse(Array, true)
#5 D:\Programs\Xampp\htdocs\CofeinWebsite\classes\Twig\vendor\twig\twig\lib\Twig\Parser.php(187): Twig_TokenParser_Block->parse(Object(Twig_Token))
#6 D:\Programs\Xampp\htdocs\CofeinWebsite\classes\Twig\vendor\twig\twig\lib\Twig\Parser.php(95): Twig_Parser->subparse(NULL, false)
#7 D:\Programs\Xampp\htdocs\CofeinWebsite\classes\Twig\vendor\twig\twig\lib\Twig\Environment.php(507): Twig_Parser->parse(Object(Twig_TokenStream))
#8 D:\Programs\Xampp\htdocs\CofeinWebsite\classes\Twig\vendor\twig\twig\lib\Twig\Environment.php(559): Twig_Environment->parse(Object(Twig_TokenStream))
#9 D:\Programs\Xampp\htdocs\CofeinWebsite\classes\Twig\vendor\twig\twig\lib\Twig\Environment.php(331): Twig_Environment->compileSource('{% extends layo...', 'cart_en.html.tw...')
#10 D:\Programs\Xampp\htdocs\CofeinWebsite\classes\Twig\vendor\twig\twig\lib\Twig\Environment.php(292): Twig_Environment->loadTemplate('cart_en.html.tw...')
#11 D:\Programs\Xampp\htdocs\CofeinWebsite\classes\Main.php(95): Twig_Environment->render('cart_en.html.tw...', Array)
#12 D:\Programs\Xampp\htdocs\CofeinWebsite\classes\Main.php(40): Main->ajaxResponse()
#13 D:\Programs\Xampp\htdocs\CofeinWebsite\classes\Main.php(20): Main->processRequest()
#14 D:\Programs\Xampp\htdocs\CofeinWebsite\classes\Main.php(121): Main->__construct()
#15 D:\Programs\Xampp\htdocs\CofeinWebsite\index.php(14): Main::getInstance()
#16 {main}


[12/01/15  15:25:59]
exception 'Twig_Error_Syntax' with message 'Unexpected token "end of print statement" of value "" in "cart_en.html.twig" at line 18' in D:\Programs\Xampp\htdocs\CofeinWebsite\classes\Twig\vendor\twig\twig\lib\Twig\ExpressionParser.php:175
Stack trace:
#0 D:\Programs\Xampp\htdocs\CofeinWebsite\classes\Twig\vendor\twig\twig\lib\Twig\ExpressionParser.php(84): Twig_ExpressionParser->parsePrimaryExpression()
#1 D:\Programs\Xampp\htdocs\CofeinWebsite\classes\Twig\vendor\twig\twig\lib\Twig\ExpressionParser.php(41): Twig_ExpressionParser->getPrimary()
#2 D:\Programs\Xampp\htdocs\CofeinWebsite\classes\Twig\vendor\twig\twig\lib\Twig\Parser.php(141): Twig_ExpressionParser->parseExpression()
#3 D:\Programs\Xampp\htdocs\CofeinWebsite\classes\Twig\vendor\twig\twig\lib\Twig\TokenParser\For.php(47): Twig_Parser->subparse(Array)
#4 D:\Programs\Xampp\htdocs\CofeinWebsite\classes\Twig\vendor\twig\twig\lib\Twig\Parser.php(187): Twig_TokenParser_For->parse(Object(Twig_Token))
#5 D:\Programs\Xampp\htdocs\CofeinWebsite\classes\Twig\vendor\twig\twig\lib\Twig\TokenParser\Block.php(45): Twig_Parser->subparse(Array, true)
#6 D:\Programs\Xampp\htdocs\CofeinWebsite\classes\Twig\vendor\twig\twig\lib\Twig\Parser.php(187): Twig_TokenParser_Block->parse(Object(Twig_Token))
#7 D:\Programs\Xampp\htdocs\CofeinWebsite\classes\Twig\vendor\twig\twig\lib\Twig\Parser.php(95): Twig_Parser->subparse(NULL, false)
#8 D:\Programs\Xampp\htdocs\CofeinWebsite\classes\Twig\vendor\twig\twig\lib\Twig\Environment.php(507): Twig_Parser->parse(Object(Twig_TokenStream))
#9 D:\Programs\Xampp\htdocs\CofeinWebsite\classes\Twig\vendor\twig\twig\lib\Twig\Environment.php(559): Twig_Environment->parse(Object(Twig_TokenStream))
#10 D:\Programs\Xampp\htdocs\CofeinWebsite\classes\Twig\vendor\twig\twig\lib\Twig\Environment.php(331): Twig_Environment->compileSource('{% extends layo...', 'cart_en.html.tw...')
#11 D:\Programs\Xampp\htdocs\CofeinWebsite\classes\Twig\vendor\twig\twig\lib\Twig\Environment.php(292): Twig_Environment->loadTemplate('cart_en.html.tw...')
#12 D:\Programs\Xampp\htdocs\CofeinWebsite\classes\Main.php(95): Twig_Environment->render('cart_en.html.tw...', Array)
#13 D:\Programs\Xampp\htdocs\CofeinWebsite\classes\Main.php(40): Main->ajaxResponse()
#14 D:\Programs\Xampp\htdocs\CofeinWebsite\classes\Main.php(20): Main->processRequest()
#15 D:\Programs\Xampp\htdocs\CofeinWebsite\classes\Main.php(121): Main->__construct()
#16 D:\Programs\Xampp\htdocs\CofeinWebsite\index.php(14): Main::getInstance()
#17 {main}


[12/01/15  15:26:19]
exception 'Twig_Error_Syntax' with message 'Unexpected token "end of print statement" of value "" in "cart_en.html.twig" at line 18' in D:\Programs\Xampp\htdocs\CofeinWebsite\classes\Twig\vendor\twig\twig\lib\Twig\ExpressionParser.php:175
Stack trace:
#0 D:\Programs\Xampp\htdocs\CofeinWebsite\classes\Twig\vendor\twig\twig\lib\Twig\ExpressionParser.php(84): Twig_ExpressionParser->parsePrimaryExpression()
#1 D:\Programs\Xampp\htdocs\CofeinWebsite\classes\Twig\vendor\twig\twig\lib\Twig\ExpressionParser.php(41): Twig_ExpressionParser->getPrimary()
#2 D:\Programs\Xampp\htdocs\CofeinWebsite\classes\Twig\vendor\twig\twig\lib\Twig\Parser.php(141): Twig_ExpressionParser->parseExpression()
#3 D:\Programs\Xampp\htdocs\CofeinWebsite\classes\Twig\vendor\twig\twig\lib\Twig\TokenParser\For.php(47): Twig_Parser->subparse(Array)
#4 D:\Programs\Xampp\htdocs\CofeinWebsite\classes\Twig\vendor\twig\twig\lib\Twig\Parser.php(187): Twig_TokenParser_For->parse(Object(Twig_Token))
#5 D:\Programs\Xampp\htdocs\CofeinWebsite\classes\Twig\vendor\twig\twig\lib\Twig\TokenParser\Block.php(45): Twig_Parser->subparse(Array, true)
#6 D:\Programs\Xampp\htdocs\CofeinWebsite\classes\Twig\vendor\twig\twig\lib\Twig\Parser.php(187): Twig_TokenParser_Block->parse(Object(Twig_Token))
#7 D:\Programs\Xampp\htdocs\CofeinWebsite\classes\Twig\vendor\twig\twig\lib\Twig\Parser.php(95): Twig_Parser->subparse(NULL, false)
#8 D:\Programs\Xampp\htdocs\CofeinWebsite\classes\Twig\vendor\twig\twig\lib\Twig\Environment.php(507): Twig_Parser->parse(Object(Twig_TokenStream))
#9 D:\Programs\Xampp\htdocs\CofeinWebsite\classes\Twig\vendor\twig\twig\lib\Twig\Environment.php(559): Twig_Environment->parse(Object(Twig_TokenStream))
#10 D:\Programs\Xampp\htdocs\CofeinWebsite\classes\Twig\vendor\twig\twig\lib\Twig\Environment.php(331): Twig_Environment->compileSource('{% extends layo...', 'cart_en.html.tw...')
#11 D:\Programs\Xampp\htdocs\CofeinWebsite\classes\Twig\vendor\twig\twig\lib\Twig\Environment.php(292): Twig_Environment->loadTemplate('cart_en.html.tw...')
#12 D:\Programs\Xampp\htdocs\CofeinWebsite\classes\Main.php(95): Twig_Environment->render('cart_en.html.tw...', Array)
#13 D:\Programs\Xampp\htdocs\CofeinWebsite\classes\Main.php(40): Main->ajaxResponse()
#14 D:\Programs\Xampp\htdocs\CofeinWebsite\classes\Main.php(20): Main->processRequest()
#15 D:\Programs\Xampp\htdocs\CofeinWebsite\classes\Main.php(121): Main->__construct()
#16 D:\Programs\Xampp\htdocs\CofeinWebsite\index.php(14): Main::getInstance()
#17 {main}


[12/01/15  15:26:31]
exception 'Twig_Error_Syntax' with message 'Unexpected token "end of print statement" of value "" in "cart_en.html.twig" at line 18' in D:\Programs\Xampp\htdocs\CofeinWebsite\classes\Twig\vendor\twig\twig\lib\Twig\ExpressionParser.php:175
Stack trace:
#0 D:\Programs\Xampp\htdocs\CofeinWebsite\classes\Twig\vendor\twig\twig\lib\Twig\ExpressionParser.php(84): Twig_ExpressionParser->parsePrimaryExpression()
#1 D:\Programs\Xampp\htdocs\CofeinWebsite\classes\Twig\vendor\twig\twig\lib\Twig\ExpressionParser.php(41): Twig_ExpressionParser->getPrimary()
#2 D:\Programs\Xampp\htdocs\CofeinWebsite\classes\Twig\vendor\twig\twig\lib\Twig\Parser.php(141): Twig_ExpressionParser->parseExpression()
#3 D:\Programs\Xampp\htdocs\CofeinWebsite\classes\Twig\vendor\twig\twig\lib\Twig\TokenParser\For.php(47): Twig_Parser->subparse(Array)
#4 D:\Programs\Xampp\htdocs\CofeinWebsite\classes\Twig\vendor\twig\twig\lib\Twig\Parser.php(187): Twig_TokenParser_For->parse(Object(Twig_Token))
#5 D:\Programs\Xampp\htdocs\CofeinWebsite\classes\Twig\vendor\twig\twig\lib\Twig\TokenParser\Block.php(45): Twig_Parser->subparse(Array, true)
#6 D:\Programs\Xampp\htdocs\CofeinWebsite\classes\Twig\vendor\twig\twig\lib\Twig\Parser.php(187): Twig_TokenParser_Block->parse(Object(Twig_Token))
#7 D:\Programs\Xampp\htdocs\CofeinWebsite\classes\Twig\vendor\twig\twig\lib\Twig\Parser.php(95): Twig_Parser->subparse(NULL, false)
#8 D:\Programs\Xampp\htdocs\CofeinWebsite\classes\Twig\vendor\twig\twig\lib\Twig\Environment.php(507): Twig_Parser->parse(Object(Twig_TokenStream))
#9 D:\Programs\Xampp\htdocs\CofeinWebsite\classes\Twig\vendor\twig\twig\lib\Twig\Environment.php(559): Twig_Environment->parse(Object(Twig_TokenStream))
#10 D:\Programs\Xampp\htdocs\CofeinWebsite\classes\Twig\vendor\twig\twig\lib\Twig\Environment.php(331): Twig_Environment->compileSource('{% extends layo...', 'cart_en.html.tw...')
#11 D:\Programs\Xampp\htdocs\CofeinWebsite\classes\Twig\vendor\twig\twig\lib\Twig\Environment.php(292): Twig_Environment->loadTemplate('cart_en.html.tw...')
#12 D:\Programs\Xampp\htdocs\CofeinWebsite\classes\Main.php(95): Twig_Environment->render('cart_en.html.tw...', Array)
#13 D:\Programs\Xampp\htdocs\CofeinWebsite\classes\Main.php(40): Main->ajaxResponse()
#14 D:\Programs\Xampp\htdocs\CofeinWebsite\classes\Main.php(20): Main->processRequest()
#15 D:\Programs\Xampp\htdocs\CofeinWebsite\classes\Main.php(121): Main->__construct()
#16 D:\Programs\Xampp\htdocs\CofeinWebsite\index.php(14): Main::getInstance()
#17 {main}


[30/01/15  10:03:26]
exception 'Exception' with message 'Bad request.' in D:\Programs\Xampp\htdocs\CofeinWebsite\classes\Main.php:45
Stack trace:
#0 D:\Programs\Xampp\htdocs\CofeinWebsite\classes\Main.php(20): Main->processRequest()
#1 D:\Programs\Xampp\htdocs\CofeinWebsite\classes\Main.php(121): Main->__construct()
#2 D:\Programs\Xampp\htdocs\CofeinWebsite\index.php(14): Main::getInstance()
#3 {main}


[30/01/15  10:03:27]
exception 'Exception' with message 'Bad request.' in D:\Programs\Xampp\htdocs\CofeinWebsite\classes\Main.php:45
Stack trace:
#0 D:\Programs\Xampp\htdocs\CofeinWebsite\classes\Main.php(20): Main->processRequest()
#1 D:\Programs\Xampp\htdocs\CofeinWebsite\classes\Main.php(121): Main->__construct()
#2 D:\Programs\Xampp\htdocs\CofeinWebsite\index.php(14): Main::getInstance()
#3 {main}


[30/01/15  10:03:29]
exception 'Exception' with message 'Bad request.' in D:\Programs\Xampp\htdocs\CofeinWebsite\classes\Main.php:45
Stack trace:
#0 D:\Programs\Xampp\htdocs\CofeinWebsite\classes\Main.php(20): Main->processRequest()
#1 D:\Programs\Xampp\htdocs\CofeinWebsite\classes\Main.php(121): Main->__construct()
#2 D:\Programs\Xampp\htdocs\CofeinWebsite\index.php(14): Main::getInstance()
#3 {main}


[01/02/15  20:17:59]
exception 'Exception' with message 'Bad request.' in D:\Programs\Xampp\htdocs\CofeinWebsite\classes\Main.php:45
Stack trace:
#0 D:\Programs\Xampp\htdocs\CofeinWebsite\classes\Main.php(20): Main->processRequest()
#1 D:\Programs\Xampp\htdocs\CofeinWebsite\classes\Main.php(121): Main->__construct()
#2 D:\Programs\Xampp\htdocs\CofeinWebsite\index.php(14): Main::getInstance()
#3 {main}


[01/02/15  20:18:00]
exception 'Exception' with message 'Bad request.' in D:\Programs\Xampp\htdocs\CofeinWebsite\classes\Main.php:45
Stack trace:
#0 D:\Programs\Xampp\htdocs\CofeinWebsite\classes\Main.php(20): Main->processRequest()
#1 D:\Programs\Xampp\htdocs\CofeinWebsite\classes\Main.php(121): Main->__construct()
#2 D:\Programs\Xampp\htdocs\CofeinWebsite\index.php(14): Main::getInstance()
#3 {main}


[01/02/15  20:18:09]
exception 'Exception' with message 'Bad request.' in D:\Programs\Xampp\htdocs\CofeinWebsite\classes\Main.php:45
Stack trace:
#0 D:\Programs\Xampp\htdocs\CofeinWebsite\classes\Main.php(20): Main->processRequest()
#1 D:\Programs\Xampp\htdocs\CofeinWebsite\classes\Main.php(121): Main->__construct()
#2 D:\Programs\Xampp\htdocs\CofeinWebsite\index.php(14): Main::getInstance()
#3 {main}


[01/02/15  20:18:10]
exception 'Exception' with message 'Bad request.' in D:\Programs\Xampp\htdocs\CofeinWebsite\classes\Main.php:45
Stack trace:
#0 D:\Programs\Xampp\htdocs\CofeinWebsite\classes\Main.php(20): Main->processRequest()
#1 D:\Programs\Xampp\htdocs\CofeinWebsite\classes\Main.php(121): Main->__construct()
#2 D:\Programs\Xampp\htdocs\CofeinWebsite\index.php(14): Main::getInstance()
#3 {main}


[01/02/15  20:18:11]
exception 'Exception' with message 'Bad request.' in D:\Programs\Xampp\htdocs\CofeinWebsite\classes\Main.php:45
Stack trace:
#0 D:\Programs\Xampp\htdocs\CofeinWebsite\classes\Main.php(20): Main->processRequest()
#1 D:\Programs\Xampp\htdocs\CofeinWebsite\classes\Main.php(121): Main->__construct()
#2 D:\Programs\Xampp\htdocs\CofeinWebsite\index.php(14): Main::getInstance()
#3 {main}


[06/02/15  18:50:44]
exception 'Exception' with message 'Bad request.' in D:\Programs\Xampp\htdocs\CofeinWebsite\classes\Main.php:45
Stack trace:
#0 D:\Programs\Xampp\htdocs\CofeinWebsite\classes\Main.php(20): Main->processRequest()
#1 D:\Programs\Xampp\htdocs\CofeinWebsite\classes\Main.php(121): Main->__construct()
#2 D:\Programs\Xampp\htdocs\CofeinWebsite\index.php(14): Main::getInstance()
#3 {main}


[06/02/15  18:50:46]
exception 'Exception' with message 'Bad request.' in D:\Programs\Xampp\htdocs\CofeinWebsite\classes\Main.php:45
Stack trace:
#0 D:\Programs\Xampp\htdocs\CofeinWebsite\classes\Main.php(20): Main->processRequest()
#1 D:\Programs\Xampp\htdocs\CofeinWebsite\classes\Main.php(121): Main->__construct()
#2 D:\Programs\Xampp\htdocs\CofeinWebsite\index.php(14): Main::getInstance()
#3 {main}


[06/02/15  18:50:55]
exception 'Exception' with message 'Bad request.' in D:\Programs\Xampp\htdocs\CofeinWebsite\classes\Main.php:45
Stack trace:
#0 D:\Programs\Xampp\htdocs\CofeinWebsite\classes\Main.php(20): Main->processRequest()
#1 D:\Programs\Xampp\htdocs\CofeinWebsite\classes\Main.php(121): Main->__construct()
#2 D:\Programs\Xampp\htdocs\CofeinWebsite\index.php(14): Main::getInstance()
#3 {main}


[06/02/15  18:50:56]
exception 'Exception' with message 'Bad request.' in D:\Programs\Xampp\htdocs\CofeinWebsite\classes\Main.php:45
Stack trace:
#0 D:\Programs\Xampp\htdocs\CofeinWebsite\classes\Main.php(20): Main->processRequest()
#1 D:\Programs\Xampp\htdocs\CofeinWebsite\classes\Main.php(121): Main->__construct()
#2 D:\Programs\Xampp\htdocs\CofeinWebsite\index.php(14): Main::getInstance()
#3 {main}


[06/02/15  18:50:57]
exception 'Exception' with message 'Bad request.' in D:\Programs\Xampp\htdocs\CofeinWebsite\classes\Main.php:45
Stack trace:
#0 D:\Programs\Xampp\htdocs\CofeinWebsite\classes\Main.php(20): Main->processRequest()
#1 D:\Programs\Xampp\htdocs\CofeinWebsite\classes\Main.php(121): Main->__construct()
#2 D:\Programs\Xampp\htdocs\CofeinWebsite\index.php(14): Main::getInstance()
#3 {main}


[16/02/15  08:19:40]
exception 'Exception' with message 'Bad request.' in D:\Programs\Xampp\htdocs\CofeinWebsite\classes\Main.php:45
Stack trace:
#0 D:\Programs\Xampp\htdocs\CofeinWebsite\classes\Main.php(20): Main->processRequest()
#1 D:\Programs\Xampp\htdocs\CofeinWebsite\classes\Main.php(121): Main->__construct()
#2 D:\Programs\Xampp\htdocs\CofeinWebsite\index.php(14): Main::getInstance()
#3 {main}


[16/02/15  08:19:43]
exception 'Exception' with message 'Bad request.' in D:\Programs\Xampp\htdocs\CofeinWebsite\classes\Main.php:45
Stack trace:
#0 D:\Programs\Xampp\htdocs\CofeinWebsite\classes\Main.php(20): Main->processRequest()
#1 D:\Programs\Xampp\htdocs\CofeinWebsite\classes\Main.php(121): Main->__construct()
#2 D:\Programs\Xampp\htdocs\CofeinWebsite\index.php(14): Main::getInstance()
#3 {main}


[19/02/15  19:10:04]
exception 'Exception' with message 'Bad request.' in D:\Programs\Xampp\htdocs\CofeinWebsite\classes\Main.php:45
Stack trace:
#0 D:\Programs\Xampp\htdocs\CofeinWebsite\classes\Main.php(20): Main->processRequest()
#1 D:\Programs\Xampp\htdocs\CofeinWebsite\classes\Main.php(121): Main->__construct()
#2 D:\Programs\Xampp\htdocs\CofeinWebsite\index.php(14): Main::getInstance()
#3 {main}


[19/02/15  19:11:15]
exception 'Exception' with message 'Bad request.' in D:\Programs\Xampp\htdocs\CofeinWebsite\classes\Main.php:45
Stack trace:
#0 D:\Programs\Xampp\htdocs\CofeinWebsite\classes\Main.php(20): Main->processRequest()
#1 D:\Programs\Xampp\htdocs\CofeinWebsite\classes\Main.php(121): Main->__construct()
#2 D:\Programs\Xampp\htdocs\CofeinWebsite\index.php(14): Main::getInstance()
#3 {main}


[19/02/15  19:11:53]
exception 'Exception' with message 'Bad request.' in D:\Programs\Xampp\htdocs\CofeinWebsite\classes\Main.php:45
Stack trace:
#0 D:\Programs\Xampp\htdocs\CofeinWebsite\classes\Main.php(20): Main->processRequest()
#1 D:\Programs\Xampp\htdocs\CofeinWebsite\classes\Main.php(121): Main->__construct()
#2 D:\Programs\Xampp\htdocs\CofeinWebsite\index.php(14): Main::getInstance()
#3 {main}


[26/02/15  15:22:11]
exception 'Exception' with message 'Bad request.' in D:\Programs\Xampp\htdocs\CofeinWebsite\classes\Main.php:45
Stack trace:
#0 D:\Programs\Xampp\htdocs\CofeinWebsite\classes\Main.php(20): Main->processRequest()
#1 D:\Programs\Xampp\htdocs\CofeinWebsite\classes\Main.php(121): Main->__construct()
#2 D:\Programs\Xampp\htdocs\CofeinWebsite\index.php(14): Main::getInstance()
#3 {main}


[26/02/15  15:22:14]
exception 'PDOException' with message 'SQLSTATE[42S02]: Base table or view not found: 1146 Table 'cofein.shop_bg' doesn't exist' in D:\Programs\Xampp\htdocs\CofeinWebsite\classes\Database.php:33
Stack trace:
#0 D:\Programs\Xampp\htdocs\CofeinWebsite\classes\Database.php(33): PDOStatement->execute(Array)
#1 D:\Programs\Xampp\htdocs\CofeinWebsite\classes\Shop.php(28): Database->execute()
#2 D:\Programs\Xampp\htdocs\CofeinWebsite\classes\Main.php(55): Shop->getContent()
#3 D:\Programs\Xampp\htdocs\CofeinWebsite\classes\Main.php(38): Main->setContent()
#4 D:\Programs\Xampp\htdocs\CofeinWebsite\classes\Main.php(20): Main->processRequest()
#5 D:\Programs\Xampp\htdocs\CofeinWebsite\classes\Main.php(121): Main->__construct()
#6 D:\Programs\Xampp\htdocs\CofeinWebsite\index.php(14): Main::getInstance()
#7 {main}


[26/02/15  15:24:43]
exception 'PDOException' with message 'SQLSTATE[42S02]: Base table or view not found: 1146 Table 'cofein.shop_bg' doesn't exist' in D:\Programs\Xampp\htdocs\CofeinWebsite\classes\Database.php:33
Stack trace:
#0 D:\Programs\Xampp\htdocs\CofeinWebsite\classes\Database.php(33): PDOStatement->execute(Array)
#1 D:\Programs\Xampp\htdocs\CofeinWebsite\classes\Shop.php(28): Database->execute()
#2 D:\Programs\Xampp\htdocs\CofeinWebsite\classes\Main.php(55): Shop->getContent()
#3 D:\Programs\Xampp\htdocs\CofeinWebsite\classes\Main.php(38): Main->setContent()
#4 D:\Programs\Xampp\htdocs\CofeinWebsite\classes\Main.php(20): Main->processRequest()
#5 D:\Programs\Xampp\htdocs\CofeinWebsite\classes\Main.php(121): Main->__construct()
#6 D:\Programs\Xampp\htdocs\CofeinWebsite\index.php(14): Main::getInstance()
#7 {main}


[26/02/15  15:25:28]
exception 'PDOException' with message 'SQLSTATE[42S02]: Base table or view not found: 1146 Table 'cofein.shop_bg' doesn't exist' in D:\Programs\Xampp\htdocs\CofeinWebsite\classes\Database.php:33
Stack trace:
#0 D:\Programs\Xampp\htdocs\CofeinWebsite\classes\Database.php(33): PDOStatement->execute(Array)
#1 D:\Programs\Xampp\htdocs\CofeinWebsite\classes\Shop.php(28): Database->execute()
#2 D:\Programs\Xampp\htdocs\CofeinWebsite\classes\Main.php(55): Shop->getContent()
#3 D:\Programs\Xampp\htdocs\CofeinWebsite\classes\Main.php(38): Main->setContent()
#4 D:\Programs\Xampp\htdocs\CofeinWebsite\classes\Main.php(20): Main->processRequest()
#5 D:\Programs\Xampp\htdocs\CofeinWebsite\classes\Main.php(121): Main->__construct()
#6 D:\Programs\Xampp\htdocs\CofeinWebsite\index.php(14): Main::getInstance()
#7 {main}


[26/02/15  15:25:33]
exception 'PDOException' with message 'SQLSTATE[42S02]: Base table or view not found: 1146 Table 'cofein.shop_bg' doesn't exist' in D:\Programs\Xampp\htdocs\CofeinWebsite\classes\Database.php:33
Stack trace:
#0 D:\Programs\Xampp\htdocs\CofeinWebsite\classes\Database.php(33): PDOStatement->execute(Array)
#1 D:\Programs\Xampp\htdocs\CofeinWebsite\classes\Shop.php(28): Database->execute()
#2 D:\Programs\Xampp\htdocs\CofeinWebsite\classes\Main.php(55): Shop->getContent()
#3 D:\Programs\Xampp\htdocs\CofeinWebsite\classes\Main.php(38): Main->setContent()
#4 D:\Programs\Xampp\htdocs\CofeinWebsite\classes\Main.php(20): Main->processRequest()
#5 D:\Programs\Xampp\htdocs\CofeinWebsite\classes\Main.php(121): Main->__construct()
#6 D:\Programs\Xampp\htdocs\CofeinWebsite\index.php(14): Main::getInstance()
#7 {main}


[26/02/15  15:26:20]
exception 'PDOException' with message 'SQLSTATE[42S02]: Base table or view not found: 1146 Table 'cofein.shop_bg' doesn't exist' in D:\Programs\Xampp\htdocs\CofeinWebsite\classes\Database.php:33
Stack trace:
#0 D:\Programs\Xampp\htdocs\CofeinWebsite\classes\Database.php(33): PDOStatement->execute(Array)
#1 D:\Programs\Xampp\htdocs\CofeinWebsite\classes\Shop.php(28): Database->execute()
#2 D:\Programs\Xampp\htdocs\CofeinWebsite\classes\Main.php(55): Shop->getContent()
#3 D:\Programs\Xampp\htdocs\CofeinWebsite\classes\Main.php(38): Main->setContent()
#4 D:\Programs\Xampp\htdocs\CofeinWebsite\classes\Main.php(20): Main->processRequest()
#5 D:\Programs\Xampp\htdocs\CofeinWebsite\classes\Main.php(121): Main->__construct()
#6 D:\Programs\Xampp\htdocs\CofeinWebsite\index.php(14): Main::getInstance()
#7 {main}


[26/02/15  15:26:22]
exception 'PDOException' with message 'SQLSTATE[42S02]: Base table or view not found: 1146 Table 'cofein.shop_bg' doesn't exist' in D:\Programs\Xampp\htdocs\CofeinWebsite\classes\Database.php:33
Stack trace:
#0 D:\Programs\Xampp\htdocs\CofeinWebsite\classes\Database.php(33): PDOStatement->execute(Array)
#1 D:\Programs\Xampp\htdocs\CofeinWebsite\classes\Shop.php(28): Database->execute()
#2 D:\Programs\Xampp\htdocs\CofeinWebsite\classes\Main.php(55): Shop->getContent()
#3 D:\Programs\Xampp\htdocs\CofeinWebsite\classes\Main.php(38): Main->setContent()
#4 D:\Programs\Xampp\htdocs\CofeinWebsite\classes\Main.php(20): Main->processRequest()
#5 D:\Programs\Xampp\htdocs\CofeinWebsite\classes\Main.php(121): Main->__construct()
#6 D:\Programs\Xampp\htdocs\CofeinWebsite\index.php(14): Main::getInstance()
#7 {main}


[26/02/15  15:26:24]
exception 'PDOException' with message 'SQLSTATE[42S02]: Base table or view not found: 1146 Table 'cofein.shop_bg' doesn't exist' in D:\Programs\Xampp\htdocs\CofeinWebsite\classes\Database.php:33
Stack trace:
#0 D:\Programs\Xampp\htdocs\CofeinWebsite\classes\Database.php(33): PDOStatement->execute(Array)
#1 D:\Programs\Xampp\htdocs\CofeinWebsite\classes\Shop.php(28): Database->execute()
#2 D:\Programs\Xampp\htdocs\CofeinWebsite\classes\Main.php(55): Shop->getContent()
#3 D:\Programs\Xampp\htdocs\CofeinWebsite\classes\Main.php(38): Main->setContent()
#4 D:\Programs\Xampp\htdocs\CofeinWebsite\classes\Main.php(20): Main->processRequest()
#5 D:\Programs\Xampp\htdocs\CofeinWebsite\classes\Main.php(121): Main->__construct()
#6 D:\Programs\Xampp\htdocs\CofeinWebsite\index.php(14): Main::getInstance()
#7 {main}


[26/02/15  15:26:25]
exception 'PDOException' with message 'SQLSTATE[42S02]: Base table or view not found: 1146 Table 'cofein.shop_bg' doesn't exist' in D:\Programs\Xampp\htdocs\CofeinWebsite\classes\Database.php:33
Stack trace:
#0 D:\Programs\Xampp\htdocs\CofeinWebsite\classes\Database.php(33): PDOStatement->execute(Array)
#1 D:\Programs\Xampp\htdocs\CofeinWebsite\classes\Shop.php(28): Database->execute()
#2 D:\Programs\Xampp\htdocs\CofeinWebsite\classes\Main.php(55): Shop->getContent()
#3 D:\Programs\Xampp\htdocs\CofeinWebsite\classes\Main.php(38): Main->setContent()
#4 D:\Programs\Xampp\htdocs\CofeinWebsite\classes\Main.php(20): Main->processRequest()
#5 D:\Programs\Xampp\htdocs\CofeinWebsite\classes\Main.php(121): Main->__construct()
#6 D:\Programs\Xampp\htdocs\CofeinWebsite\index.php(14): Main::getInstance()
#7 {main}


[26/02/15  15:27:22]
exception 'PDOException' with message 'SQLSTATE[42S02]: Base table or view not found: 1146 Table 'cofein.shop_bg' doesn't exist' in D:\Programs\Xampp\htdocs\CofeinWebsite\classes\Database.php:33
Stack trace:
#0 D:\Programs\Xampp\htdocs\CofeinWebsite\classes\Database.php(33): PDOStatement->execute(Array)
#1 D:\Programs\Xampp\htdocs\CofeinWebsite\classes\Shop.php(28): Database->execute()
#2 D:\Programs\Xampp\htdocs\CofeinWebsite\classes\Main.php(55): Shop->getContent()
#3 D:\Programs\Xampp\htdocs\CofeinWebsite\classes\Main.php(38): Main->setContent()
#4 D:\Programs\Xampp\htdocs\CofeinWebsite\classes\Main.php(20): Main->processRequest()
#5 D:\Programs\Xampp\htdocs\CofeinWebsite\classes\Main.php(121): Main->__construct()
#6 D:\Programs\Xampp\htdocs\CofeinWebsite\index.php(14): Main::getInstance()
#7 {main}


[26/02/15  15:27:23]
exception 'PDOException' with message 'SQLSTATE[42S02]: Base table or view not found: 1146 Table 'cofein.shop_bg' doesn't exist' in D:\Programs\Xampp\htdocs\CofeinWebsite\classes\Database.php:33
Stack trace:
#0 D:\Programs\Xampp\htdocs\CofeinWebsite\classes\Database.php(33): PDOStatement->execute(Array)
#1 D:\Programs\Xampp\htdocs\CofeinWebsite\classes\Shop.php(28): Database->execute()
#2 D:\Programs\Xampp\htdocs\CofeinWebsite\classes\Main.php(55): Shop->getContent()
#3 D:\Programs\Xampp\htdocs\CofeinWebsite\classes\Main.php(38): Main->setContent()
#4 D:\Programs\Xampp\htdocs\CofeinWebsite\classes\Main.php(20): Main->processRequest()
#5 D:\Programs\Xampp\htdocs\CofeinWebsite\classes\Main.php(121): Main->__construct()
#6 D:\Programs\Xampp\htdocs\CofeinWebsite\index.php(14): Main::getInstance()
#7 {main}


[26/02/15  15:27:26]
exception 'PDOException' with message 'SQLSTATE[42S02]: Base table or view not found: 1146 Table 'cofein.shop_bg' doesn't exist' in D:\Programs\Xampp\htdocs\CofeinWebsite\classes\Database.php:33
Stack trace:
#0 D:\Programs\Xampp\htdocs\CofeinWebsite\classes\Database.php(33): PDOStatement->execute(Array)
#1 D:\Programs\Xampp\htdocs\CofeinWebsite\classes\Shop.php(28): Database->execute()
#2 D:\Programs\Xampp\htdocs\CofeinWebsite\classes\Main.php(55): Shop->getContent()
#3 D:\Programs\Xampp\htdocs\CofeinWebsite\classes\Main.php(38): Main->setContent()
#4 D:\Programs\Xampp\htdocs\CofeinWebsite\classes\Main.php(20): Main->processRequest()
#5 D:\Programs\Xampp\htdocs\CofeinWebsite\classes\Main.php(121): Main->__construct()
#6 D:\Programs\Xampp\htdocs\CofeinWebsite\index.php(14): Main::getInstance()
#7 {main}


[26/02/15  15:27:45]
exception 'PDOException' with message 'SQLSTATE[42S02]: Base table or view not found: 1146 Table 'cofein.shop_bg' doesn't exist' in D:\Programs\Xampp\htdocs\CofeinWebsite\classes\Database.php:33
Stack trace:
#0 D:\Programs\Xampp\htdocs\CofeinWebsite\classes\Database.php(33): PDOStatement->execute(Array)
#1 D:\Programs\Xampp\htdocs\CofeinWebsite\classes\Shop.php(28): Database->execute()
#2 D:\Programs\Xampp\htdocs\CofeinWebsite\classes\Main.php(55): Shop->getContent()
#3 D:\Programs\Xampp\htdocs\CofeinWebsite\classes\Main.php(38): Main->setContent()
#4 D:\Programs\Xampp\htdocs\CofeinWebsite\classes\Main.php(20): Main->processRequest()
#5 D:\Programs\Xampp\htdocs\CofeinWebsite\classes\Main.php(121): Main->__construct()
#6 D:\Programs\Xampp\htdocs\CofeinWebsite\index.php(14): Main::getInstance()
#7 {main}


[26/02/15  15:27:56]
exception 'PDOException' with message 'SQLSTATE[42S02]: Base table or view not found: 1146 Table 'cofein.shop_bg' doesn't exist' in D:\Programs\Xampp\htdocs\CofeinWebsite\classes\Database.php:33
Stack trace:
#0 D:\Programs\Xampp\htdocs\CofeinWebsite\classes\Database.php(33): PDOStatement->execute(Array)
#1 D:\Programs\Xampp\htdocs\CofeinWebsite\classes\Shop.php(28): Database->execute()
#2 D:\Programs\Xampp\htdocs\CofeinWebsite\classes\Main.php(55): Shop->getContent()
#3 D:\Programs\Xampp\htdocs\CofeinWebsite\classes\Main.php(38): Main->setContent()
#4 D:\Programs\Xampp\htdocs\CofeinWebsite\classes\Main.php(20): Main->processRequest()
#5 D:\Programs\Xampp\htdocs\CofeinWebsite\classes\Main.php(121): Main->__construct()
#6 D:\Programs\Xampp\htdocs\CofeinWebsite\index.php(14): Main::getInstance()
#7 {main}


[26/02/15  15:28:02]
exception 'PDOException' with message 'SQLSTATE[42S02]: Base table or view not found: 1146 Table 'cofein.shop_bg' doesn't exist' in D:\Programs\Xampp\htdocs\CofeinWebsite\classes\Database.php:33
Stack trace:
#0 D:\Programs\Xampp\htdocs\CofeinWebsite\classes\Database.php(33): PDOStatement->execute(Array)
#1 D:\Programs\Xampp\htdocs\CofeinWebsite\classes\Shop.php(28): Database->execute()
#2 D:\Programs\Xampp\htdocs\CofeinWebsite\classes\Main.php(55): Shop->getContent()
#3 D:\Programs\Xampp\htdocs\CofeinWebsite\classes\Main.php(38): Main->setContent()
#4 D:\Programs\Xampp\htdocs\CofeinWebsite\classes\Main.php(20): Main->processRequest()
#5 D:\Programs\Xampp\htdocs\CofeinWebsite\classes\Main.php(121): Main->__construct()
#6 D:\Programs\Xampp\htdocs\CofeinWebsite\index.php(14): Main::getInstance()
#7 {main}


[26/02/15  15:28:06]
exception 'PDOException' with message 'SQLSTATE[42S02]: Base table or view not found: 1146 Table 'cofein.shop_bg' doesn't exist' in D:\Programs\Xampp\htdocs\CofeinWebsite\classes\Database.php:33
Stack trace:
#0 D:\Programs\Xampp\htdocs\CofeinWebsite\classes\Database.php(33): PDOStatement->execute(Array)
#1 D:\Programs\Xampp\htdocs\CofeinWebsite\classes\Shop.php(28): Database->execute()
#2 D:\Programs\Xampp\htdocs\CofeinWebsite\classes\Main.php(55): Shop->getContent()
#3 D:\Programs\Xampp\htdocs\CofeinWebsite\classes\Main.php(38): Main->setContent()
#4 D:\Programs\Xampp\htdocs\CofeinWebsite\classes\Main.php(20): Main->processRequest()
#5 D:\Programs\Xampp\htdocs\CofeinWebsite\classes\Main.php(121): Main->__construct()
#6 D:\Programs\Xampp\htdocs\CofeinWebsite\index.php(14): Main::getInstance()
#7 {main}


[26/02/15  15:28:15]
exception 'PDOException' with message 'SQLSTATE[42S02]: Base table or view not found: 1146 Table 'cofein.shop_bg' doesn't exist' in D:\Programs\Xampp\htdocs\CofeinWebsite\classes\Database.php:33
Stack trace:
#0 D:\Programs\Xampp\htdocs\CofeinWebsite\classes\Database.php(33): PDOStatement->execute(Array)
#1 D:\Programs\Xampp\htdocs\CofeinWebsite\classes\Shop.php(28): Database->execute()
#2 D:\Programs\Xampp\htdocs\CofeinWebsite\classes\Main.php(55): Shop->getContent()
#3 D:\Programs\Xampp\htdocs\CofeinWebsite\classes\Main.php(38): Main->setContent()
#4 D:\Programs\Xampp\htdocs\CofeinWebsite\classes\Main.php(20): Main->processRequest()
#5 D:\Programs\Xampp\htdocs\CofeinWebsite\classes\Main.php(121): Main->__construct()
#6 D:\Programs\Xampp\htdocs\CofeinWebsite\index.php(14): Main::getInstance()
#7 {main}


[26/02/15  15:28:57]
exception 'PDOException' with message 'SQLSTATE[42S02]: Base table or view not found: 1146 Table 'cofein.shop_bg' doesn't exist' in D:\Programs\Xampp\htdocs\CofeinWebsite\classes\Database.php:33
Stack trace:
#0 D:\Programs\Xampp\htdocs\CofeinWebsite\classes\Database.php(33): PDOStatement->execute(Array)
#1 D:\Programs\Xampp\htdocs\CofeinWebsite\classes\Shop.php(28): Database->execute()
#2 D:\Programs\Xampp\htdocs\CofeinWebsite\classes\Main.php(55): Shop->getContent()
#3 D:\Programs\Xampp\htdocs\CofeinWebsite\classes\Main.php(38): Main->setContent()
#4 D:\Programs\Xampp\htdocs\CofeinWebsite\classes\Main.php(20): Main->processRequest()
#5 D:\Programs\Xampp\htdocs\CofeinWebsite\classes\Main.php(121): Main->__construct()
#6 D:\Programs\Xampp\htdocs\CofeinWebsite\index.php(14): Main::getInstance()
#7 {main}


[26/02/15  15:30:22]
exception 'PDOException' with message 'SQLSTATE[42S02]: Base table or view not found: 1146 Table 'cofein.shop_bg' doesn't exist' in D:\Programs\Xampp\htdocs\CofeinWebsite\classes\Database.php:33
Stack trace:
#0 D:\Programs\Xampp\htdocs\CofeinWebsite\classes\Database.php(33): PDOStatement->execute(Array)
#1 D:\Programs\Xampp\htdocs\CofeinWebsite\classes\Shop.php(28): Database->execute()
#2 D:\Programs\Xampp\htdocs\CofeinWebsite\classes\Main.php(55): Shop->getContent()
#3 D:\Programs\Xampp\htdocs\CofeinWebsite\classes\Main.php(38): Main->setContent()
#4 D:\Programs\Xampp\htdocs\CofeinWebsite\classes\Main.php(20): Main->processRequest()
#5 D:\Programs\Xampp\htdocs\CofeinWebsite\classes\Main.php(121): Main->__construct()
#6 D:\Programs\Xampp\htdocs\CofeinWebsite\index.php(14): Main::getInstance()
#7 {main}


[26/02/15  15:30:38]
exception 'PDOException' with message 'SQLSTATE[42S02]: Base table or view not found: 1146 Table 'cofein.shop_bg' doesn't exist' in D:\Programs\Xampp\htdocs\CofeinWebsite\classes\Database.php:33
Stack trace:
#0 D:\Programs\Xampp\htdocs\CofeinWebsite\classes\Database.php(33): PDOStatement->execute(Array)
#1 D:\Programs\Xampp\htdocs\CofeinWebsite\classes\Shop.php(28): Database->execute()
#2 D:\Programs\Xampp\htdocs\CofeinWebsite\classes\Main.php(55): Shop->getContent()
#3 D:\Programs\Xampp\htdocs\CofeinWebsite\classes\Main.php(38): Main->setContent()
#4 D:\Programs\Xampp\htdocs\CofeinWebsite\classes\Main.php(20): Main->processRequest()
#5 D:\Programs\Xampp\htdocs\CofeinWebsite\classes\Main.php(121): Main->__construct()
#6 D:\Programs\Xampp\htdocs\CofeinWebsite\index.php(14): Main::getInstance()
#7 {main}


[26/02/15  15:31:08]
exception 'PDOException' with message 'SQLSTATE[42S02]: Base table or view not found: 1146 Table 'cofein.shop_bg' doesn't exist' in D:\Programs\Xampp\htdocs\CofeinWebsite\classes\Database.php:33
Stack trace:
#0 D:\Programs\Xampp\htdocs\CofeinWebsite\classes\Database.php(33): PDOStatement->execute(Array)
#1 D:\Programs\Xampp\htdocs\CofeinWebsite\classes\Shop.php(28): Database->execute()
#2 D:\Programs\Xampp\htdocs\CofeinWebsite\classes\Main.php(55): Shop->getContent()
#3 D:\Programs\Xampp\htdocs\CofeinWebsite\classes\Main.php(38): Main->setContent()
#4 D:\Programs\Xampp\htdocs\CofeinWebsite\classes\Main.php(20): Main->processRequest()
#5 D:\Programs\Xampp\htdocs\CofeinWebsite\classes\Main.php(121): Main->__construct()
#6 D:\Programs\Xampp\htdocs\CofeinWebsite\index.php(14): Main::getInstance()
#7 {main}


[27/02/15  09:17:39]
exception 'PDOException' with message 'SQLSTATE[42S02]: Base table or view not found: 1146 Table 'cofein.shop_bg' doesn't exist' in D:\Programs\Xampp\htdocs\CofeinWebsite\classes\Database.php:33
Stack trace:
#0 D:\Programs\Xampp\htdocs\CofeinWebsite\classes\Database.php(33): PDOStatement->execute(Array)
#1 D:\Programs\Xampp\htdocs\CofeinWebsite\classes\Shop.php(28): Database->execute()
#2 D:\Programs\Xampp\htdocs\CofeinWebsite\classes\Main.php(55): Shop->getContent()
#3 D:\Programs\Xampp\htdocs\CofeinWebsite\classes\Main.php(38): Main->setContent()
#4 D:\Programs\Xampp\htdocs\CofeinWebsite\classes\Main.php(20): Main->processRequest()
#5 D:\Programs\Xampp\htdocs\CofeinWebsite\classes\Main.php(121): Main->__construct()
#6 D:\Programs\Xampp\htdocs\CofeinWebsite\index.php(14): Main::getInstance()
#7 {main}


[27/02/15  09:17:59]
exception 'PDOException' with message 'SQLSTATE[42S02]: Base table or view not found: 1146 Table 'cofein.shop_bg' doesn't exist' in D:\Programs\Xampp\htdocs\CofeinWebsite\classes\Database.php:33
Stack trace:
#0 D:\Programs\Xampp\htdocs\CofeinWebsite\classes\Database.php(33): PDOStatement->execute(Array)
#1 D:\Programs\Xampp\htdocs\CofeinWebsite\classes\Shop.php(28): Database->execute()
#2 D:\Programs\Xampp\htdocs\CofeinWebsite\classes\Main.php(55): Shop->getContent()
#3 D:\Programs\Xampp\htdocs\CofeinWebsite\classes\Main.php(38): Main->setContent()
#4 D:\Programs\Xampp\htdocs\CofeinWebsite\classes\Main.php(20): Main->processRequest()
#5 D:\Programs\Xampp\htdocs\CofeinWebsite\classes\Main.php(121): Main->__construct()
#6 D:\Programs\Xampp\htdocs\CofeinWebsite\index.php(14): Main::getInstance()
#7 {main}


[27/04/15  12:11:13]
exception 'Exception' with message 'Bad request.' in D:\Programs\Xampp\htdocs\CofeinWebsite\classes\Main.php:45
Stack trace:
#0 D:\Programs\Xampp\htdocs\CofeinWebsite\classes\Main.php(20): Main->processRequest()
#1 D:\Programs\Xampp\htdocs\CofeinWebsite\classes\Main.php(121): Main->__construct()
#2 D:\Programs\Xampp\htdocs\CofeinWebsite\index.php(14): Main::getInstance()
#3 {main}


[27/04/15  12:11:14]
exception 'Exception' with message 'Bad request.' in D:\Programs\Xampp\htdocs\CofeinWebsite\classes\Main.php:45
Stack trace:
#0 D:\Programs\Xampp\htdocs\CofeinWebsite\classes\Main.php(20): Main->processRequest()
#1 D:\Programs\Xampp\htdocs\CofeinWebsite\classes\Main.php(121): Main->__construct()
#2 D:\Programs\Xampp\htdocs\CofeinWebsite\index.php(14): Main::getInstance()
#3 {main}


[27/04/15  12:11:15]
exception 'Exception' with message 'Bad request.' in D:\Programs\Xampp\htdocs\CofeinWebsite\classes\Main.php:45
Stack trace:
#0 D:\Programs\Xampp\htdocs\CofeinWebsite\classes\Main.php(20): Main->processRequest()
#1 D:\Programs\Xampp\htdocs\CofeinWebsite\classes\Main.php(121): Main->__construct()
#2 D:\Programs\Xampp\htdocs\CofeinWebsite\index.php(14): Main::getInstance()
#3 {main}


[02/05/15  16:27:06]
exception 'Exception' with message 'Bad request.' in D:\Programs\Xampp\htdocs\CofeinWebsite\classes\Main.php:45
Stack trace:
#0 D:\Programs\Xampp\htdocs\CofeinWebsite\classes\Main.php(20): Main->processRequest()
#1 D:\Programs\Xampp\htdocs\CofeinWebsite\classes\Main.php(121): Main->__construct()
#2 D:\Programs\Xampp\htdocs\CofeinWebsite\index.php(14): Main::getInstance()
#3 {main}


[02/05/15  16:27:24]
exception 'Exception' with message 'Bad request.' in D:\Programs\Xampp\htdocs\CofeinWebsite\classes\Main.php:45
Stack trace:
#0 D:\Programs\Xampp\htdocs\CofeinWebsite\classes\Main.php(20): Main->processRequest()
#1 D:\Programs\Xampp\htdocs\CofeinWebsite\classes\Main.php(121): Main->__construct()
#2 D:\Programs\Xampp\htdocs\CofeinWebsite\index.php(14): Main::getInstance()
#3 {main}


[02/05/15  16:27:49]
exception 'Exception' with message 'Bad request.' in D:\Programs\Xampp\htdocs\CofeinWebsite\classes\Main.php:45
Stack trace:
#0 D:\Programs\Xampp\htdocs\CofeinWebsite\classes\Main.php(20): Main->processRequest()
#1 D:\Programs\Xampp\htdocs\CofeinWebsite\classes\Main.php(121): Main->__construct()
#2 D:\Programs\Xampp\htdocs\CofeinWebsite\index.php(14): Main::getInstance()
#3 {main}


[02/05/15  16:28:06]
exception 'Exception' with message 'Bad request.' in D:\Programs\Xampp\htdocs\CofeinWebsite\classes\Main.php:45
Stack trace:
#0 D:\Programs\Xampp\htdocs\CofeinWebsite\classes\Main.php(20): Main->processRequest()
#1 D:\Programs\Xampp\htdocs\CofeinWebsite\classes\Main.php(121): Main->__construct()
#2 D:\Programs\Xampp\htdocs\CofeinWebsite\index.php(14): Main::getInstance()
#3 {main}


[08/05/15  13:27:37]
exception 'PDOException' with message 'SQLSTATE[42S02]: Base table or view not found: 1146 Table 'cofein.shop_bg' doesn't exist' in D:\Programs\Xampp\htdocs\CofeinWebsite\classes\Database.php:33
Stack trace:
#0 D:\Programs\Xampp\htdocs\CofeinWebsite\classes\Database.php(33): PDOStatement->execute(Array)
#1 D:\Programs\Xampp\htdocs\CofeinWebsite\classes\Shop.php(28): Database->execute()
#2 D:\Programs\Xampp\htdocs\CofeinWebsite\classes\Main.php(55): Shop->getContent()
#3 D:\Programs\Xampp\htdocs\CofeinWebsite\classes\Main.php(38): Main->setContent()
#4 D:\Programs\Xampp\htdocs\CofeinWebsite\classes\Main.php(20): Main->processRequest()
#5 D:\Programs\Xampp\htdocs\CofeinWebsite\classes\Main.php(121): Main->__construct()
#6 D:\Programs\Xampp\htdocs\CofeinWebsite\index.php(12): Main::getInstance()
#7 {main}


[08/05/15  13:27:45]
exception 'PDOException' with message 'SQLSTATE[42S02]: Base table or view not found: 1146 Table 'cofein.shop_bg' doesn't exist' in D:\Programs\Xampp\htdocs\CofeinWebsite\classes\Database.php:33
Stack trace:
#0 D:\Programs\Xampp\htdocs\CofeinWebsite\classes\Database.php(33): PDOStatement->execute(Array)
#1 D:\Programs\Xampp\htdocs\CofeinWebsite\classes\Shop.php(28): Database->execute()
#2 D:\Programs\Xampp\htdocs\CofeinWebsite\classes\Main.php(55): Shop->getContent()
#3 D:\Programs\Xampp\htdocs\CofeinWebsite\classes\Main.php(38): Main->setContent()
#4 D:\Programs\Xampp\htdocs\CofeinWebsite\classes\Main.php(20): Main->processRequest()
#5 D:\Programs\Xampp\htdocs\CofeinWebsite\classes\Main.php(121): Main->__construct()
#6 D:\Programs\Xampp\htdocs\CofeinWebsite\index.php(12): Main::getInstance()
#7 {main}


[08/05/15  13:28:25]
exception 'PDOException' with message 'SQLSTATE[42S02]: Base table or view not found: 1146 Table 'cofein.shop_bg' doesn't exist' in D:\Programs\Xampp\htdocs\CofeinWebsite\classes\Database.php:33
Stack trace:
#0 D:\Programs\Xampp\htdocs\CofeinWebsite\classes\Database.php(33): PDOStatement->execute(Array)
#1 D:\Programs\Xampp\htdocs\CofeinWebsite\classes\Shop.php(28): Database->execute()
#2 D:\Programs\Xampp\htdocs\CofeinWebsite\classes\Main.php(55): Shop->getContent()
#3 D:\Programs\Xampp\htdocs\CofeinWebsite\classes\Main.php(38): Main->setContent()
#4 D:\Programs\Xampp\htdocs\CofeinWebsite\classes\Main.php(20): Main->processRequest()
#5 D:\Programs\Xampp\htdocs\CofeinWebsite\classes\Main.php(121): Main->__construct()
#6 D:\Programs\Xampp\htdocs\CofeinWebsite\index.php(12): Main::getInstance()
#7 {main}


[08/05/15  13:46:03]
exception 'PDOException' with message 'SQLSTATE[42S02]: Base table or view not found: 1146 Table 'cofein.shop_bg' doesn't exist' in D:\Programs\Xampp\htdocs\CofeinWebsite\classes\Database.php:33
Stack trace:
#0 D:\Programs\Xampp\htdocs\CofeinWebsite\classes\Database.php(33): PDOStatement->execute(Array)
#1 D:\Programs\Xampp\htdocs\CofeinWebsite\classes\Shop.php(28): Database->execute()
#2 D:\Programs\Xampp\htdocs\CofeinWebsite\classes\Main.php(60): Shop->getContent()
#3 D:\Programs\Xampp\htdocs\CofeinWebsite\classes\Main.php(38): Main->setContent()
#4 D:\Programs\Xampp\htdocs\CofeinWebsite\classes\Main.php(20): Main->processRequest()
#5 D:\Programs\Xampp\htdocs\CofeinWebsite\classes\Main.php(126): Main->__construct()
#6 D:\Programs\Xampp\htdocs\CofeinWebsite\index.php(12): Main::getInstance()
#7 {main}


[08/05/15  13:48:12]
exception 'PDOException' with message 'SQLSTATE[42S02]: Base table or view not found: 1146 Table 'cofein.shop_bg' doesn't exist' in D:\Programs\Xampp\htdocs\CofeinWebsite\classes\Database.php:33
Stack trace:
#0 D:\Programs\Xampp\htdocs\CofeinWebsite\classes\Database.php(33): PDOStatement->execute(Array)
#1 D:\Programs\Xampp\htdocs\CofeinWebsite\classes\Shop.php(28): Database->execute()
#2 D:\Programs\Xampp\htdocs\CofeinWebsite\classes\Main.php(60): Shop->getContent()
#3 D:\Programs\Xampp\htdocs\CofeinWebsite\classes\Main.php(38): Main->setContent()
#4 D:\Programs\Xampp\htdocs\CofeinWebsite\classes\Main.php(20): Main->processRequest()
#5 D:\Programs\Xampp\htdocs\CofeinWebsite\classes\Main.php(126): Main->__construct()
#6 D:\Programs\Xampp\htdocs\CofeinWebsite\index.php(12): Main::getInstance()
#7 {main}


[08/05/15  13:55:29]
exception 'Exception' with message 'Bad request.' in D:\Programs\Xampp\htdocs\CofeinWebsite\classes\Main.php:45
Stack trace:
#0 D:\Programs\Xampp\htdocs\CofeinWebsite\classes\Main.php(20): Main->processRequest()
#1 D:\Programs\Xampp\htdocs\CofeinWebsite\classes\Main.php(126): Main->__construct()
#2 D:\Programs\Xampp\htdocs\CofeinWebsite\index.php(12): Main::getInstance()
#3 {main}


[08/05/15  13:55:30]
exception 'Exception' with message 'Bad request.' in D:\Programs\Xampp\htdocs\CofeinWebsite\classes\Main.php:45
Stack trace:
#0 D:\Programs\Xampp\htdocs\CofeinWebsite\classes\Main.php(20): Main->processRequest()
#1 D:\Programs\Xampp\htdocs\CofeinWebsite\classes\Main.php(126): Main->__construct()
#2 D:\Programs\Xampp\htdocs\CofeinWebsite\index.php(12): Main::getInstance()
#3 {main}


[08/05/15  13:55:30]
exception 'Exception' with message 'Bad request.' in D:\Programs\Xampp\htdocs\CofeinWebsite\classes\Main.php:45
Stack trace:
#0 D:\Programs\Xampp\htdocs\CofeinWebsite\classes\Main.php(20): Main->processRequest()
#1 D:\Programs\Xampp\htdocs\CofeinWebsite\classes\Main.php(126): Main->__construct()
#2 D:\Programs\Xampp\htdocs\CofeinWebsite\index.php(12): Main::getInstance()
#3 {main}


[08/05/15  13:55:30]
exception 'Exception' with message 'Bad request.' in D:\Programs\Xampp\htdocs\CofeinWebsite\classes\Main.php:45
Stack trace:
#0 D:\Programs\Xampp\htdocs\CofeinWebsite\classes\Main.php(20): Main->processRequest()
#1 D:\Programs\Xampp\htdocs\CofeinWebsite\classes\Main.php(126): Main->__construct()
#2 D:\Programs\Xampp\htdocs\CofeinWebsite\index.php(12): Main::getInstance()
#3 {main}


[08/05/15  13:55:31]
exception 'Exception' with message 'Bad request.' in D:\Programs\Xampp\htdocs\CofeinWebsite\classes\Main.php:45
Stack trace:
#0 D:\Programs\Xampp\htdocs\CofeinWebsite\classes\Main.php(20): Main->processRequest()
#1 D:\Programs\Xampp\htdocs\CofeinWebsite\classes\Main.php(126): Main->__construct()
#2 D:\Programs\Xampp\htdocs\CofeinWebsite\index.php(12): Main::getInstance()
#3 {main}


[08/05/15  18:34:12]
exception 'Exception' with message 'Bad request.' in D:\Programs\Xampp\htdocs\CofeinWebsite\classes\Main.php:45
Stack trace:
#0 D:\Programs\Xampp\htdocs\CofeinWebsite\classes\Main.php(20): Main->processRequest()
#1 D:\Programs\Xampp\htdocs\CofeinWebsite\classes\Main.php(126): Main->__construct()
#2 D:\Programs\Xampp\htdocs\CofeinWebsite\index.php(12): Main::getInstance()
#3 {main}


[08/05/15  18:34:12]
exception 'Exception' with message 'Bad request.' in D:\Programs\Xampp\htdocs\CofeinWebsite\classes\Main.php:45
Stack trace:
#0 D:\Programs\Xampp\htdocs\CofeinWebsite\classes\Main.php(20): Main->processRequest()
#1 D:\Programs\Xampp\htdocs\CofeinWebsite\classes\Main.php(126): Main->__construct()
#2 D:\Programs\Xampp\htdocs\CofeinWebsite\index.php(12): Main::getInstance()
#3 {main}


[08/05/15  18:34:13]
exception 'Exception' with message 'Bad request.' in D:\Programs\Xampp\htdocs\CofeinWebsite\classes\Main.php:45
Stack trace:
#0 D:\Programs\Xampp\htdocs\CofeinWebsite\classes\Main.php(20): Main->processRequest()
#1 D:\Programs\Xampp\htdocs\CofeinWebsite\classes\Main.php(126): Main->__construct()
#2 D:\Programs\Xampp\htdocs\CofeinWebsite\index.php(12): Main::getInstance()
#3 {main}


[08/05/15  18:34:14]
exception 'Exception' with message 'Bad request.' in D:\Programs\Xampp\htdocs\CofeinWebsite\classes\Main.php:45
Stack trace:
#0 D:\Programs\Xampp\htdocs\CofeinWebsite\classes\Main.php(20): Main->processRequest()
#1 D:\Programs\Xampp\htdocs\CofeinWebsite\classes\Main.php(126): Main->__construct()
#2 D:\Programs\Xampp\htdocs\CofeinWebsite\index.php(12): Main::getInstance()
#3 {main}


[08/05/15  18:39:59]
exception 'Exception' with message 'Bad request.' in D:\Programs\Xampp\htdocs\CofeinWebsite\classes\Main.php:45
Stack trace:
#0 D:\Programs\Xampp\htdocs\CofeinWebsite\classes\Main.php(20): Main->processRequest()
#1 D:\Programs\Xampp\htdocs\CofeinWebsite\classes\Main.php(126): Main->__construct()
#2 D:\Programs\Xampp\htdocs\CofeinWebsite\index.php(12): Main::getInstance()
#3 {main}


[08/05/15  18:40:00]
exception 'Exception' with message 'Bad request.' in D:\Programs\Xampp\htdocs\CofeinWebsite\classes\Main.php:45
Stack trace:
#0 D:\Programs\Xampp\htdocs\CofeinWebsite\classes\Main.php(20): Main->processRequest()
#1 D:\Programs\Xampp\htdocs\CofeinWebsite\classes\Main.php(126): Main->__construct()
#2 D:\Programs\Xampp\htdocs\CofeinWebsite\index.php(12): Main::getInstance()
#3 {main}


[08/05/15  18:40:00]
exception 'Exception' with message 'Bad request.' in D:\Programs\Xampp\htdocs\CofeinWebsite\classes\Main.php:45
Stack trace:
#0 D:\Programs\Xampp\htdocs\CofeinWebsite\classes\Main.php(20): Main->processRequest()
#1 D:\Programs\Xampp\htdocs\CofeinWebsite\classes\Main.php(126): Main->__construct()
#2 D:\Programs\Xampp\htdocs\CofeinWebsite\index.php(12): Main::getInstance()
#3 {main}


[08/05/15  18:40:00]
exception 'Exception' with message 'Bad request.' in D:\Programs\Xampp\htdocs\CofeinWebsite\classes\Main.php:45
Stack trace:
#0 D:\Programs\Xampp\htdocs\CofeinWebsite\classes\Main.php(20): Main->processRequest()
#1 D:\Programs\Xampp\htdocs\CofeinWebsite\classes\Main.php(126): Main->__construct()
#2 D:\Programs\Xampp\htdocs\CofeinWebsite\index.php(12): Main::getInstance()
#3 {main}


[08/05/15  18:40:01]
exception 'Exception' with message 'Bad request.' in D:\Programs\Xampp\htdocs\CofeinWebsite\classes\Main.php:45
Stack trace:
#0 D:\Programs\Xampp\htdocs\CofeinWebsite\classes\Main.php(20): Main->processRequest()
#1 D:\Programs\Xampp\htdocs\CofeinWebsite\classes\Main.php(126): Main->__construct()
#2 D:\Programs\Xampp\htdocs\CofeinWebsite\index.php(12): Main::getInstance()
#3 {main}


[08/05/15  18:40:01]
exception 'Exception' with message 'Bad request.' in D:\Programs\Xampp\htdocs\CofeinWebsite\classes\Main.php:45
Stack trace:
#0 D:\Programs\Xampp\htdocs\CofeinWebsite\classes\Main.php(20): Main->processRequest()
#1 D:\Programs\Xampp\htdocs\CofeinWebsite\classes\Main.php(126): Main->__construct()
#2 D:\Programs\Xampp\htdocs\CofeinWebsite\index.php(12): Main::getInstance()
#3 {main}


[08/05/15  18:40:02]
exception 'Exception' with message 'Bad request.' in D:\Programs\Xampp\htdocs\CofeinWebsite\classes\Main.php:45
Stack trace:
#0 D:\Programs\Xampp\htdocs\CofeinWebsite\classes\Main.php(20): Main->processRequest()
#1 D:\Programs\Xampp\htdocs\CofeinWebsite\classes\Main.php(126): Main->__construct()
#2 D:\Programs\Xampp\htdocs\CofeinWebsite\index.php(12): Main::getInstance()
#3 {main}


[08/05/15  18:40:02]
exception 'Exception' with message 'Bad request.' in D:\Programs\Xampp\htdocs\CofeinWebsite\classes\Main.php:45
Stack trace:
#0 D:\Programs\Xampp\htdocs\CofeinWebsite\classes\Main.php(20): Main->processRequest()
#1 D:\Programs\Xampp\htdocs\CofeinWebsite\classes\Main.php(126): Main->__construct()
#2 D:\Programs\Xampp\htdocs\CofeinWebsite\index.php(12): Main::getInstance()
#3 {main}


[11/05/15  18:02:56]
exception 'Exception' with message 'Bad request.' in D:\Programs\Xampp\htdocs\CofeinWebsite\classes\Main.php:45
Stack trace:
#0 D:\Programs\Xampp\htdocs\CofeinWebsite\classes\Main.php(20): Main->processRequest()
#1 D:\Programs\Xampp\htdocs\CofeinWebsite\classes\Main.php(126): Main->__construct()
#2 D:\Programs\Xampp\htdocs\CofeinWebsite\index.php(12): Main::getInstance()
#3 {main}


[11/05/15  18:02:57]
exception 'Exception' with message 'Bad request.' in D:\Programs\Xampp\htdocs\CofeinWebsite\classes\Main.php:45
Stack trace:
#0 D:\Programs\Xampp\htdocs\CofeinWebsite\classes\Main.php(20): Main->processRequest()
#1 D:\Programs\Xampp\htdocs\CofeinWebsite\classes\Main.php(126): Main->__construct()
#2 D:\Programs\Xampp\htdocs\CofeinWebsite\index.php(12): Main::getInstance()
#3 {main}


[11/05/15  18:02:58]
exception 'Exception' with message 'Bad request.' in D:\Programs\Xampp\htdocs\CofeinWebsite\classes\Main.php:45
Stack trace:
#0 D:\Programs\Xampp\htdocs\CofeinWebsite\classes\Main.php(20): Main->processRequest()
#1 D:\Programs\Xampp\htdocs\CofeinWebsite\classes\Main.php(126): Main->__construct()
#2 D:\Programs\Xampp\htdocs\CofeinWebsite\index.php(12): Main::getInstance()
#3 {main}


[11/05/15  18:03:00]
exception 'Exception' with message 'Bad request.' in D:\Programs\Xampp\htdocs\CofeinWebsite\classes\Main.php:45
Stack trace:
#0 D:\Programs\Xampp\htdocs\CofeinWebsite\classes\Main.php(20): Main->processRequest()
#1 D:\Programs\Xampp\htdocs\CofeinWebsite\classes\Main.php(126): Main->__construct()
#2 D:\Programs\Xampp\htdocs\CofeinWebsite\index.php(12): Main::getInstance()
#3 {main}


[11/05/15  18:03:02]
exception 'Exception' with message 'Bad request.' in D:\Programs\Xampp\htdocs\CofeinWebsite\classes\Main.php:45
Stack trace:
#0 D:\Programs\Xampp\htdocs\CofeinWebsite\classes\Main.php(20): Main->processRequest()
#1 D:\Programs\Xampp\htdocs\CofeinWebsite\classes\Main.php(126): Main->__construct()
#2 D:\Programs\Xampp\htdocs\CofeinWebsite\index.php(12): Main::getInstance()
#3 {main}


[11/05/15  18:03:03]
exception 'Exception' with message 'Bad request.' in D:\Programs\Xampp\htdocs\CofeinWebsite\classes\Main.php:45
Stack trace:
#0 D:\Programs\Xampp\htdocs\CofeinWebsite\classes\Main.php(20): Main->processRequest()
#1 D:\Programs\Xampp\htdocs\CofeinWebsite\classes\Main.php(126): Main->__construct()
#2 D:\Programs\Xampp\htdocs\CofeinWebsite\index.php(12): Main::getInstance()
#3 {main}


[11/05/15  18:03:04]
exception 'Exception' with message 'Bad request.' in D:\Programs\Xampp\htdocs\CofeinWebsite\classes\Main.php:45
Stack trace:
#0 D:\Programs\Xampp\htdocs\CofeinWebsite\classes\Main.php(20): Main->processRequest()
#1 D:\Programs\Xampp\htdocs\CofeinWebsite\classes\Main.php(126): Main->__construct()
#2 D:\Programs\Xampp\htdocs\CofeinWebsite\index.php(12): Main::getInstance()
#3 {main}


[11/05/15  18:03:05]
exception 'Exception' with message 'Bad request.' in D:\Programs\Xampp\htdocs\CofeinWebsite\classes\Main.php:45
Stack trace:
#0 D:\Programs\Xampp\htdocs\CofeinWebsite\classes\Main.php(20): Main->processRequest()
#1 D:\Programs\Xampp\htdocs\CofeinWebsite\classes\Main.php(126): Main->__construct()
#2 D:\Programs\Xampp\htdocs\CofeinWebsite\index.php(12): Main::getInstance()
#3 {main}


[11/05/15  18:04:47]
exception 'Exception' with message 'Bad request.' in D:\Programs\Xampp\htdocs\CofeinWebsite\classes\Main.php:45
Stack trace:
#0 D:\Programs\Xampp\htdocs\CofeinWebsite\classes\Main.php(20): Main->processRequest()
#1 D:\Programs\Xampp\htdocs\CofeinWebsite\classes\Main.php(126): Main->__construct()
#2 D:\Programs\Xampp\htdocs\CofeinWebsite\index.php(12): Main::getInstance()
#3 {main}


[11/05/15  18:04:48]
exception 'Exception' with message 'Bad request.' in D:\Programs\Xampp\htdocs\CofeinWebsite\classes\Main.php:45
Stack trace:
#0 D:\Programs\Xampp\htdocs\CofeinWebsite\classes\Main.php(20): Main->processRequest()
#1 D:\Programs\Xampp\htdocs\CofeinWebsite\classes\Main.php(126): Main->__construct()
#2 D:\Programs\Xampp\htdocs\CofeinWebsite\index.php(12): Main::getInstance()
#3 {main}


[11/05/15  18:04:49]
exception 'Exception' with message 'Bad request.' in D:\Programs\Xampp\htdocs\CofeinWebsite\classes\Main.php:45
Stack trace:
#0 D:\Programs\Xampp\htdocs\CofeinWebsite\classes\Main.php(20): Main->processRequest()
#1 D:\Programs\Xampp\htdocs\CofeinWebsite\classes\Main.php(126): Main->__construct()
#2 D:\Programs\Xampp\htdocs\CofeinWebsite\index.php(12): Main::getInstance()
#3 {main}


[11/05/15  18:04:50]
exception 'Exception' with message 'Bad request.' in D:\Programs\Xampp\htdocs\CofeinWebsite\classes\Main.php:45
Stack trace:
#0 D:\Programs\Xampp\htdocs\CofeinWebsite\classes\Main.php(20): Main->processRequest()
#1 D:\Programs\Xampp\htdocs\CofeinWebsite\classes\Main.php(126): Main->__construct()
#2 D:\Programs\Xampp\htdocs\CofeinWebsite\index.php(12): Main::getInstance()
#3 {main}


[11/05/15  18:04:50]
exception 'Exception' with message 'Bad request.' in D:\Programs\Xampp\htdocs\CofeinWebsite\classes\Main.php:45
Stack trace:
#0 D:\Programs\Xampp\htdocs\CofeinWebsite\classes\Main.php(20): Main->processRequest()
#1 D:\Programs\Xampp\htdocs\CofeinWebsite\classes\Main.php(126): Main->__construct()
#2 D:\Programs\Xampp\htdocs\CofeinWebsite\index.php(12): Main::getInstance()
#3 {main}


[11/05/15  18:04:51]
exception 'Exception' with message 'Bad request.' in D:\Programs\Xampp\htdocs\CofeinWebsite\classes\Main.php:45
Stack trace:
#0 D:\Programs\Xampp\htdocs\CofeinWebsite\classes\Main.php(20): Main->processRequest()
#1 D:\Programs\Xampp\htdocs\CofeinWebsite\classes\Main.php(126): Main->__construct()
#2 D:\Programs\Xampp\htdocs\CofeinWebsite\index.php(12): Main::getInstance()
#3 {main}


[11/05/15  18:04:52]
exception 'Exception' with message 'Bad request.' in D:\Programs\Xampp\htdocs\CofeinWebsite\classes\Main.php:45
Stack trace:
#0 D:\Programs\Xampp\htdocs\CofeinWebsite\classes\Main.php(20): Main->processRequest()
#1 D:\Programs\Xampp\htdocs\CofeinWebsite\classes\Main.php(126): Main->__construct()
#2 D:\Programs\Xampp\htdocs\CofeinWebsite\index.php(12): Main::getInstance()
#3 {main}


[11/05/15  18:04:53]
exception 'Exception' with message 'Bad request.' in D:\Programs\Xampp\htdocs\CofeinWebsite\classes\Main.php:45
Stack trace:
#0 D:\Programs\Xampp\htdocs\CofeinWebsite\classes\Main.php(20): Main->processRequest()
#1 D:\Programs\Xampp\htdocs\CofeinWebsite\classes\Main.php(126): Main->__construct()
#2 D:\Programs\Xampp\htdocs\CofeinWebsite\index.php(12): Main::getInstance()
#3 {main}


[11/05/15  18:04:53]
exception 'Exception' with message 'Bad request.' in D:\Programs\Xampp\htdocs\CofeinWebsite\classes\Main.php:45
Stack trace:
#0 D:\Programs\Xampp\htdocs\CofeinWebsite\classes\Main.php(20): Main->processRequest()
#1 D:\Programs\Xampp\htdocs\CofeinWebsite\classes\Main.php(126): Main->__construct()
#2 D:\Programs\Xampp\htdocs\CofeinWebsite\index.php(12): Main::getInstance()
#3 {main}


[11/05/15  18:04:53]
exception 'Exception' with message 'Bad request.' in D:\Programs\Xampp\htdocs\CofeinWebsite\classes\Main.php:45
Stack trace:
#0 D:\Programs\Xampp\htdocs\CofeinWebsite\classes\Main.php(20): Main->processRequest()
#1 D:\Programs\Xampp\htdocs\CofeinWebsite\classes\Main.php(126): Main->__construct()
#2 D:\Programs\Xampp\htdocs\CofeinWebsite\index.php(12): Main::getInstance()
#3 {main}


[11/05/15  18:04:53]
exception 'Exception' with message 'Bad request.' in D:\Programs\Xampp\htdocs\CofeinWebsite\classes\Main.php:45
Stack trace:
#0 D:\Programs\Xampp\htdocs\CofeinWebsite\classes\Main.php(20): Main->processRequest()
#1 D:\Programs\Xampp\htdocs\CofeinWebsite\classes\Main.php(126): Main->__construct()
#2 D:\Programs\Xampp\htdocs\CofeinWebsite\index.php(12): Main::getInstance()
#3 {main}


[11/05/15  18:05:01]
exception 'Exception' with message 'Bad request.' in D:\Programs\Xampp\htdocs\CofeinWebsite\classes\Main.php:45
Stack trace:
#0 D:\Programs\Xampp\htdocs\CofeinWebsite\classes\Main.php(20): Main->processRequest()
#1 D:\Programs\Xampp\htdocs\CofeinWebsite\classes\Main.php(126): Main->__construct()
#2 D:\Programs\Xampp\htdocs\CofeinWebsite\index.php(12): Main::getInstance()
#3 {main}


[11/05/15  18:05:02]
exception 'Exception' with message 'Bad request.' in D:\Programs\Xampp\htdocs\CofeinWebsite\classes\Main.php:45
Stack trace:
#0 D:\Programs\Xampp\htdocs\CofeinWebsite\classes\Main.php(20): Main->processRequest()
#1 D:\Programs\Xampp\htdocs\CofeinWebsite\classes\Main.php(126): Main->__construct()
#2 D:\Programs\Xampp\htdocs\CofeinWebsite\index.php(12): Main::getInstance()
#3 {main}


[11/05/15  18:05:03]
exception 'Exception' with message 'Bad request.' in D:\Programs\Xampp\htdocs\CofeinWebsite\classes\Main.php:45
Stack trace:
#0 D:\Programs\Xampp\htdocs\CofeinWebsite\classes\Main.php(20): Main->processRequest()
#1 D:\Programs\Xampp\htdocs\CofeinWebsite\classes\Main.php(126): Main->__construct()
#2 D:\Programs\Xampp\htdocs\CofeinWebsite\index.php(12): Main::getInstance()
#3 {main}


[11/05/15  18:05:03]
exception 'Exception' with message 'Bad request.' in D:\Programs\Xampp\htdocs\CofeinWebsite\classes\Main.php:45
Stack trace:
#0 D:\Programs\Xampp\htdocs\CofeinWebsite\classes\Main.php(20): Main->processRequest()
#1 D:\Programs\Xampp\htdocs\CofeinWebsite\classes\Main.php(126): Main->__construct()
#2 D:\Programs\Xampp\htdocs\CofeinWebsite\index.php(12): Main::getInstance()
#3 {main}


[11/05/15  18:05:03]
exception 'Exception' with message 'Bad request.' in D:\Programs\Xampp\htdocs\CofeinWebsite\classes\Main.php:45
Stack trace:
#0 D:\Programs\Xampp\htdocs\CofeinWebsite\classes\Main.php(20): Main->processRequest()
#1 D:\Programs\Xampp\htdocs\CofeinWebsite\classes\Main.php(126): Main->__construct()
#2 D:\Programs\Xampp\htdocs\CofeinWebsite\index.php(12): Main::getInstance()
#3 {main}


[11/05/15  18:05:04]
exception 'Exception' with message 'Bad request.' in D:\Programs\Xampp\htdocs\CofeinWebsite\classes\Main.php:45
Stack trace:
#0 D:\Programs\Xampp\htdocs\CofeinWebsite\classes\Main.php(20): Main->processRequest()
#1 D:\Programs\Xampp\htdocs\CofeinWebsite\classes\Main.php(126): Main->__construct()
#2 D:\Programs\Xampp\htdocs\CofeinWebsite\index.php(12): Main::getInstance()
#3 {main}


[11/05/15  18:05:04]
exception 'Exception' with message 'Bad request.' in D:\Programs\Xampp\htdocs\CofeinWebsite\classes\Main.php:45
Stack trace:
#0 D:\Programs\Xampp\htdocs\CofeinWebsite\classes\Main.php(20): Main->processRequest()
#1 D:\Programs\Xampp\htdocs\CofeinWebsite\classes\Main.php(126): Main->__construct()
#2 D:\Programs\Xampp\htdocs\CofeinWebsite\index.php(12): Main::getInstance()
#3 {main}


[11/05/15  18:05:05]
exception 'Exception' with message 'Bad request.' in D:\Programs\Xampp\htdocs\CofeinWebsite\classes\Main.php:45
Stack trace:
#0 D:\Programs\Xampp\htdocs\CofeinWebsite\classes\Main.php(20): Main->processRequest()
#1 D:\Programs\Xampp\htdocs\CofeinWebsite\classes\Main.php(126): Main->__construct()
#2 D:\Programs\Xampp\htdocs\CofeinWebsite\index.php(12): Main::getInstance()
#3 {main}


[11/05/15  18:05:05]
exception 'Exception' with message 'Bad request.' in D:\Programs\Xampp\htdocs\CofeinWebsite\classes\Main.php:45
Stack trace:
#0 D:\Programs\Xampp\htdocs\CofeinWebsite\classes\Main.php(20): Main->processRequest()
#1 D:\Programs\Xampp\htdocs\CofeinWebsite\classes\Main.php(126): Main->__construct()
#2 D:\Programs\Xampp\htdocs\CofeinWebsite\index.php(12): Main::getInstance()
#3 {main}


[11/05/15  18:05:05]
exception 'Exception' with message 'Bad request.' in D:\Programs\Xampp\htdocs\CofeinWebsite\classes\Main.php:45
Stack trace:
#0 D:\Programs\Xampp\htdocs\CofeinWebsite\classes\Main.php(20): Main->processRequest()
#1 D:\Programs\Xampp\htdocs\CofeinWebsite\classes\Main.php(126): Main->__construct()
#2 D:\Programs\Xampp\htdocs\CofeinWebsite\index.php(12): Main::getInstance()
#3 {main}


[11/05/15  18:05:06]
exception 'Exception' with message 'Bad request.' in D:\Programs\Xampp\htdocs\CofeinWebsite\classes\Main.php:45
Stack trace:
#0 D:\Programs\Xampp\htdocs\CofeinWebsite\classes\Main.php(20): Main->processRequest()
#1 D:\Programs\Xampp\htdocs\CofeinWebsite\classes\Main.php(126): Main->__construct()
#2 D:\Programs\Xampp\htdocs\CofeinWebsite\index.php(12): Main::getInstance()
#3 {main}


[11/05/15  18:05:06]
exception 'Exception' with message 'Bad request.' in D:\Programs\Xampp\htdocs\CofeinWebsite\classes\Main.php:45
Stack trace:
#0 D:\Programs\Xampp\htdocs\CofeinWebsite\classes\Main.php(20): Main->processRequest()
#1 D:\Programs\Xampp\htdocs\CofeinWebsite\classes\Main.php(126): Main->__construct()
#2 D:\Programs\Xampp\htdocs\CofeinWebsite\index.php(12): Main::getInstance()
#3 {main}


[11/05/15  18:05:07]
exception 'Exception' with message 'Bad request.' in D:\Programs\Xampp\htdocs\CofeinWebsite\classes\Main.php:45
Stack trace:
#0 D:\Programs\Xampp\htdocs\CofeinWebsite\classes\Main.php(20): Main->processRequest()
#1 D:\Programs\Xampp\htdocs\CofeinWebsite\classes\Main.php(126): Main->__construct()
#2 D:\Programs\Xampp\htdocs\CofeinWebsite\index.php(12): Main::getInstance()
#3 {main}


[11/05/15  18:05:07]
exception 'Exception' with message 'Bad request.' in D:\Programs\Xampp\htdocs\CofeinWebsite\classes\Main.php:45
Stack trace:
#0 D:\Programs\Xampp\htdocs\CofeinWebsite\classes\Main.php(20): Main->processRequest()
#1 D:\Programs\Xampp\htdocs\CofeinWebsite\classes\Main.php(126): Main->__construct()
#2 D:\Programs\Xampp\htdocs\CofeinWebsite\index.php(12): Main::getInstance()
#3 {main}


[11/05/15  18:05:07]
exception 'Exception' with message 'Bad request.' in D:\Programs\Xampp\htdocs\CofeinWebsite\classes\Main.php:45
Stack trace:
#0 D:\Programs\Xampp\htdocs\CofeinWebsite\classes\Main.php(20): Main->processRequest()
#1 D:\Programs\Xampp\htdocs\CofeinWebsite\classes\Main.php(126): Main->__construct()
#2 D:\Programs\Xampp\htdocs\CofeinWebsite\index.php(12): Main::getInstance()
#3 {main}


[11/05/15  18:35:54]
exception 'Twig_Error_Loader' with message 'Unable to find template "main_layout.html.twig" (looked into: views/templates) in "index.html.twig".' in D:\Programs\Xampp\htdocs\CofeinWebsite\classes\Twig\vendor\twig\twig\lib\Twig\Loader\Filesystem.php:191
Stack trace:
#0 D:\Programs\Xampp\htdocs\CofeinWebsite\classes\Twig\vendor\twig\twig\lib\Twig\Loader\Filesystem.php(138): Twig_Loader_Filesystem->findTemplate('main_layout.htm...')
#1 D:\Programs\Xampp\htdocs\CofeinWebsite\classes\Twig\vendor\twig\twig\lib\Twig\Environment.php(265): Twig_Loader_Filesystem->getCacheKey('main_layout.htm...')
#2 D:\Programs\Xampp\htdocs\CofeinWebsite\classes\Twig\vendor\twig\twig\lib\Twig\Environment.php(323): Twig_Environment->getTemplateClass('main_layout.htm...', NULL)
#3 D:\Programs\Xampp\htdocs\CofeinWebsite\classes\Twig\vendor\twig\twig\lib\Twig\Environment.php(397): Twig_Environment->loadTemplate('main_layout.htm...')
#4 D:\Programs\Xampp\htdocs\CofeinWebsite\classes\Twig\vendor\twig\twig\lib\Twig\Environment.php(331) : eval()'d code(17): Twig_Environment->resolveTemplate('main_layout.htm...')
#5 D:\Programs\Xampp\htdocs\CofeinWebsite\classes\Twig\vendor\twig\twig\lib\Twig\Template.php(69): __TwigTemplate_428d523898ff4a088ac23383bd8a8928571c566d71bd9ea2a75f04f1f9b31c7c->doGetParent(Array)
#6 D:\Programs\Xampp\htdocs\CofeinWebsite\classes\Twig\vendor\twig\twig\lib\Twig\Environment.php(331) : eval()'d code(22): Twig_Template->getParent(Array)
#7 D:\Programs\Xampp\htdocs\CofeinWebsite\classes\Twig\vendor\twig\twig\lib\Twig\Template.php(279): __TwigTemplate_428d523898ff4a088ac23383bd8a8928571c566d71bd9ea2a75f04f1f9b31c7c->doDisplay(Array, Array)
#8 D:\Programs\Xampp\htdocs\CofeinWebsite\classes\Twig\vendor\twig\twig\lib\Twig\Template.php(253): Twig_Template->displayWithErrorHandling(Array, Array)
#9 D:\Programs\Xampp\htdocs\CofeinWebsite\classes\Twig\vendor\twig\twig\lib\Twig\Template.php(264): Twig_Template->display(Array)
#10 D:\Programs\Xampp\htdocs\CofeinWebsite\classes\Twig\vendor\twig\twig\lib\Twig\Environment.php(292): Twig_Template->render(Array)
#11 D:\Programs\Xampp\htdocs\CofeinWebsite\classes\Main.php(102): Twig_Environment->render('index.html.twig', Array)
#12 D:\Programs\Xampp\htdocs\CofeinWebsite\classes\Main.php(42): Main->ajaxResponse()
#13 D:\Programs\Xampp\htdocs\CofeinWebsite\classes\Main.php(21): Main->processRequest()
#14 D:\Programs\Xampp\htdocs\CofeinWebsite\classes\Main.php(128): Main->__construct()
#15 D:\Programs\Xampp\htdocs\CofeinWebsite\index.php(12): Main::getInstance()
#16 {main}


[11/05/15  18:35:58]
exception 'Exception' with message 'Bad request.' in D:\Programs\Xampp\htdocs\CofeinWebsite\classes\Main.php:47
Stack trace:
#0 D:\Programs\Xampp\htdocs\CofeinWebsite\classes\Main.php(21): Main->processRequest()
#1 D:\Programs\Xampp\htdocs\CofeinWebsite\classes\Main.php(128): Main->__construct()
#2 D:\Programs\Xampp\htdocs\CofeinWebsite\index.php(12): Main::getInstance()
#3 {main}


[11/05/15  18:35:59]
exception 'Exception' with message 'Bad request.' in D:\Programs\Xampp\htdocs\CofeinWebsite\classes\Main.php:47
Stack trace:
#0 D:\Programs\Xampp\htdocs\CofeinWebsite\classes\Main.php(21): Main->processRequest()
#1 D:\Programs\Xampp\htdocs\CofeinWebsite\classes\Main.php(128): Main->__construct()
#2 D:\Programs\Xampp\htdocs\CofeinWebsite\index.php(12): Main::getInstance()
#3 {main}


[11/05/15  18:37:02]
exception 'Twig_Error_Loader' with message 'Unable to find template "shop_layout.html.twig" (looked into: views/templates) in "cart_en.html.twig".' in D:\Programs\Xampp\htdocs\CofeinWebsite\classes\Twig\vendor\twig\twig\lib\Twig\Loader\Filesystem.php:191
Stack trace:
#0 D:\Programs\Xampp\htdocs\CofeinWebsite\classes\Twig\vendor\twig\twig\lib\Twig\Loader\Filesystem.php(138): Twig_Loader_Filesystem->findTemplate('shop_layout.htm...')
#1 D:\Programs\Xampp\htdocs\CofeinWebsite\classes\Twig\vendor\twig\twig\lib\Twig\Environment.php(265): Twig_Loader_Filesystem->getCacheKey('shop_layout.htm...')
#2 D:\Programs\Xampp\htdocs\CofeinWebsite\classes\Twig\vendor\twig\twig\lib\Twig\Environment.php(323): Twig_Environment->getTemplateClass('shop_layout.htm...', NULL)
#3 D:\Programs\Xampp\htdocs\CofeinWebsite\classes\Twig\vendor\twig\twig\lib\Twig\Environment.php(397): Twig_Environment->loadTemplate('shop_layout.htm...')
#4 D:\Programs\Xampp\htdocs\CofeinWebsite\classes\Twig\vendor\twig\twig\lib\Twig\Environment.php(331) : eval()'d code(17): Twig_Environment->resolveTemplate('shop_layout.htm...')
#5 D:\Programs\Xampp\htdocs\CofeinWebsite\classes\Twig\vendor\twig\twig\lib\Twig\Template.php(69): __TwigTemplate_1deccdfd377570c2f351ba181f1d5f10cfe06b5f5de7f18b8e9842dacbb5a195->doGetParent(Array)
#6 D:\Programs\Xampp\htdocs\CofeinWebsite\classes\Twig\vendor\twig\twig\lib\Twig\Environment.php(331) : eval()'d code(22): Twig_Template->getParent(Array)
#7 D:\Programs\Xampp\htdocs\CofeinWebsite\classes\Twig\vendor\twig\twig\lib\Twig\Template.php(279): __TwigTemplate_1deccdfd377570c2f351ba181f1d5f10cfe06b5f5de7f18b8e9842dacbb5a195->doDisplay(Array, Array)
#8 D:\Programs\Xampp\htdocs\CofeinWebsite\classes\Twig\vendor\twig\twig\lib\Twig\Template.php(253): Twig_Template->displayWithErrorHandling(Array, Array)
#9 D:\Programs\Xampp\htdocs\CofeinWebsite\classes\Twig\vendor\twig\twig\lib\Twig\Template.php(264): Twig_Template->display(Array)
#10 D:\Programs\Xampp\htdocs\CofeinWebsite\classes\Twig\vendor\twig\twig\lib\Twig\Environment.php(292): Twig_Template->render(Array)
#11 D:\Programs\Xampp\htdocs\CofeinWebsite\classes\Main.php(102): Twig_Environment->render('cart_en.html.tw...', Array)
#12 D:\Programs\Xampp\htdocs\CofeinWebsite\classes\Main.php(42): Main->ajaxResponse()
#13 D:\Programs\Xampp\htdocs\CofeinWebsite\classes\Main.php(21): Main->processRequest()
#14 D:\Programs\Xampp\htdocs\CofeinWebsite\classes\Main.php(128): Main->__construct()
#15 D:\Programs\Xampp\htdocs\CofeinWebsite\index.php(12): Main::getInstance()
#16 {main}


[11/05/15  18:37:06]
exception 'Twig_Error_Loader' with message 'Unable to find template "shop_layout.html.twig" (looked into: views/templates) in "shop_en.html.twig".' in D:\Programs\Xampp\htdocs\CofeinWebsite\classes\Twig\vendor\twig\twig\lib\Twig\Loader\Filesystem.php:191
Stack trace:
#0 D:\Programs\Xampp\htdocs\CofeinWebsite\classes\Twig\vendor\twig\twig\lib\Twig\Loader\Filesystem.php(138): Twig_Loader_Filesystem->findTemplate('shop_layout.htm...')
#1 D:\Programs\Xampp\htdocs\CofeinWebsite\classes\Twig\vendor\twig\twig\lib\Twig\Environment.php(265): Twig_Loader_Filesystem->getCacheKey('shop_layout.htm...')
#2 D:\Programs\Xampp\htdocs\CofeinWebsite\classes\Twig\vendor\twig\twig\lib\Twig\Environment.php(323): Twig_Environment->getTemplateClass('shop_layout.htm...', NULL)
#3 D:\Programs\Xampp\htdocs\CofeinWebsite\classes\Twig\vendor\twig\twig\lib\Twig\Environment.php(397): Twig_Environment->loadTemplate('shop_layout.htm...')
#4 D:\Programs\Xampp\htdocs\CofeinWebsite\classes\Twig\vendor\twig\twig\lib\Twig\Environment.php(331) : eval()'d code(17): Twig_Environment->resolveTemplate('shop_layout.htm...')
#5 D:\Programs\Xampp\htdocs\CofeinWebsite\classes\Twig\vendor\twig\twig\lib\Twig\Template.php(69): __TwigTemplate_f2eef6757f71cad5f8dd61525705a8e6dbb1cdb80aa956dcb98b2983c6891b7f->doGetParent(Array)
#6 D:\Programs\Xampp\htdocs\CofeinWebsite\classes\Twig\vendor\twig\twig\lib\Twig\Environment.php(331) : eval()'d code(22): Twig_Template->getParent(Array)
#7 D:\Programs\Xampp\htdocs\CofeinWebsite\classes\Twig\vendor\twig\twig\lib\Twig\Template.php(279): __TwigTemplate_f2eef6757f71cad5f8dd61525705a8e6dbb1cdb80aa956dcb98b2983c6891b7f->doDisplay(Array, Array)
#8 D:\Programs\Xampp\htdocs\CofeinWebsite\classes\Twig\vendor\twig\twig\lib\Twig\Template.php(253): Twig_Template->displayWithErrorHandling(Array, Array)
#9 D:\Programs\Xampp\htdocs\CofeinWebsite\classes\Twig\vendor\twig\twig\lib\Twig\Template.php(264): Twig_Template->display(Array)
#10 D:\Programs\Xampp\htdocs\CofeinWebsite\classes\Twig\vendor\twig\twig\lib\Twig\Environment.php(292): Twig_Template->render(Array)
#11 D:\Programs\Xampp\htdocs\CofeinWebsite\classes\Main.php(102): Twig_Environment->render('shop_en.html.tw...', Array)
#12 D:\Programs\Xampp\htdocs\CofeinWebsite\classes\Main.php(42): Main->ajaxResponse()
#13 D:\Programs\Xampp\htdocs\CofeinWebsite\classes\Main.php(21): Main->processRequest()
#14 D:\Programs\Xampp\htdocs\CofeinWebsite\classes\Main.php(128): Main->__construct()
#15 D:\Programs\Xampp\htdocs\CofeinWebsite\index.php(12): Main::getInstance()
#16 {main}


[11/05/15  18:37:07]
exception 'Twig_Error_Loader' with message 'Unable to find template "shop_layout.html.twig" (looked into: views/templates) in "shop_en.html.twig".' in D:\Programs\Xampp\htdocs\CofeinWebsite\classes\Twig\vendor\twig\twig\lib\Twig\Loader\Filesystem.php:191
Stack trace:
#0 D:\Programs\Xampp\htdocs\CofeinWebsite\classes\Twig\vendor\twig\twig\lib\Twig\Loader\Filesystem.php(138): Twig_Loader_Filesystem->findTemplate('shop_layout.htm...')
#1 D:\Programs\Xampp\htdocs\CofeinWebsite\classes\Twig\vendor\twig\twig\lib\Twig\Environment.php(265): Twig_Loader_Filesystem->getCacheKey('shop_layout.htm...')
#2 D:\Programs\Xampp\htdocs\CofeinWebsite\classes\Twig\vendor\twig\twig\lib\Twig\Environment.php(323): Twig_Environment->getTemplateClass('shop_layout.htm...', NULL)
#3 D:\Programs\Xampp\htdocs\CofeinWebsite\classes\Twig\vendor\twig\twig\lib\Twig\Environment.php(397): Twig_Environment->loadTemplate('shop_layout.htm...')
#4 D:\Programs\Xampp\htdocs\CofeinWebsite\classes\Twig\vendor\twig\twig\lib\Twig\Environment.php(331) : eval()'d code(17): Twig_Environment->resolveTemplate('shop_layout.htm...')
#5 D:\Programs\Xampp\htdocs\CofeinWebsite\classes\Twig\vendor\twig\twig\lib\Twig\Template.php(69): __TwigTemplate_f2eef6757f71cad5f8dd61525705a8e6dbb1cdb80aa956dcb98b2983c6891b7f->doGetParent(Array)
#6 D:\Programs\Xampp\htdocs\CofeinWebsite\classes\Twig\vendor\twig\twig\lib\Twig\Environment.php(331) : eval()'d code(22): Twig_Template->getParent(Array)
#7 D:\Programs\Xampp\htdocs\CofeinWebsite\classes\Twig\vendor\twig\twig\lib\Twig\Template.php(279): __TwigTemplate_f2eef6757f71cad5f8dd61525705a8e6dbb1cdb80aa956dcb98b2983c6891b7f->doDisplay(Array, Array)
#8 D:\Programs\Xampp\htdocs\CofeinWebsite\classes\Twig\vendor\twig\twig\lib\Twig\Template.php(253): Twig_Template->displayWithErrorHandling(Array, Array)
#9 D:\Programs\Xampp\htdocs\CofeinWebsite\classes\Twig\vendor\twig\twig\lib\Twig\Template.php(264): Twig_Template->display(Array)
#10 D:\Programs\Xampp\htdocs\CofeinWebsite\classes\Twig\vendor\twig\twig\lib\Twig\Environment.php(292): Twig_Template->render(Array)
#11 D:\Programs\Xampp\htdocs\CofeinWebsite\classes\Main.php(102): Twig_Environment->render('shop_en.html.tw...', Array)
#12 D:\Programs\Xampp\htdocs\CofeinWebsite\classes\Main.php(42): Main->ajaxResponse()
#13 D:\Programs\Xampp\htdocs\CofeinWebsite\classes\Main.php(21): Main->processRequest()
#14 D:\Programs\Xampp\htdocs\CofeinWebsite\classes\Main.php(128): Main->__construct()
#15 D:\Programs\Xampp\htdocs\CofeinWebsite\index.php(12): Main::getInstance()
#16 {main}


[11/05/15  18:37:10]
exception 'Twig_Error_Loader' with message 'Unable to find template "" (looked into: views/layouts, views/templates) in "index.html.twig".' in D:\Programs\Xampp\htdocs\CofeinWebsite\classes\Twig\vendor\twig\twig\lib\Twig\Loader\Filesystem.php:191
Stack trace:
#0 D:\Programs\Xampp\htdocs\CofeinWebsite\classes\Twig\vendor\twig\twig\lib\Twig\Loader\Filesystem.php(138): Twig_Loader_Filesystem->findTemplate(NULL)
#1 D:\Programs\Xampp\htdocs\CofeinWebsite\classes\Twig\vendor\twig\twig\lib\Twig\Environment.php(265): Twig_Loader_Filesystem->getCacheKey(NULL)
#2 D:\Programs\Xampp\htdocs\CofeinWebsite\classes\Twig\vendor\twig\twig\lib\Twig\Environment.php(323): Twig_Environment->getTemplateClass(NULL, NULL)
#3 D:\Programs\Xampp\htdocs\CofeinWebsite\classes\Twig\vendor\twig\twig\lib\Twig\Environment.php(397): Twig_Environment->loadTemplate(NULL)
#4 D:\Programs\Xampp\htdocs\CofeinWebsite\classes\Twig\vendor\twig\twig\lib\Twig\Environment.php(331) : eval()'d code(17): Twig_Environment->resolveTemplate(NULL)
#5 D:\Programs\Xampp\htdocs\CofeinWebsite\classes\Twig\vendor\twig\twig\lib\Twig\Template.php(69): __TwigTemplate_428d523898ff4a088ac23383bd8a8928571c566d71bd9ea2a75f04f1f9b31c7c->doGetParent(Array)
#6 D:\Programs\Xampp\htdocs\CofeinWebsite\classes\Twig\vendor\twig\twig\lib\Twig\Environment.php(331) : eval()'d code(22): Twig_Template->getParent(Array)
#7 D:\Programs\Xampp\htdocs\CofeinWebsite\classes\Twig\vendor\twig\twig\lib\Twig\Template.php(279): __TwigTemplate_428d523898ff4a088ac23383bd8a8928571c566d71bd9ea2a75f04f1f9b31c7c->doDisplay(Array, Array)
#8 D:\Programs\Xampp\htdocs\CofeinWebsite\classes\Twig\vendor\twig\twig\lib\Twig\Template.php(253): Twig_Template->displayWithErrorHandling(Array, Array)
#9 D:\Programs\Xampp\htdocs\CofeinWebsite\classes\Twig\vendor\twig\twig\lib\Twig\Template.php(264): Twig_Template->display(Array)
#10 D:\Programs\Xampp\htdocs\CofeinWebsite\classes\Twig\vendor\twig\twig\lib\Twig\Environment.php(292): Twig_Template->render(Array)
#11 D:\Programs\Xampp\htdocs\CofeinWebsite\classes\Main.php(88): Twig_Environment->render('index.html.twig', Array)
#12 D:\Programs\Xampp\htdocs\CofeinWebsite\classes\Main.php(44): Main->render()
#13 D:\Programs\Xampp\htdocs\CofeinWebsite\classes\Main.php(21): Main->processRequest()
#14 D:\Programs\Xampp\htdocs\CofeinWebsite\classes\Main.php(128): Main->__construct()
#15 D:\Programs\Xampp\htdocs\CofeinWebsite\index.php(12): Main::getInstance()
#16 {main}


[11/05/15  18:37:14]
exception 'Twig_Error_Loader' with message 'Unable to find template "" (looked into: views/layouts, views/templates) in "index.html.twig".' in D:\Programs\Xampp\htdocs\CofeinWebsite\classes\Twig\vendor\twig\twig\lib\Twig\Loader\Filesystem.php:191
Stack trace:
#0 D:\Programs\Xampp\htdocs\CofeinWebsite\classes\Twig\vendor\twig\twig\lib\Twig\Loader\Filesystem.php(138): Twig_Loader_Filesystem->findTemplate(NULL)
#1 D:\Programs\Xampp\htdocs\CofeinWebsite\classes\Twig\vendor\twig\twig\lib\Twig\Environment.php(265): Twig_Loader_Filesystem->getCacheKey(NULL)
#2 D:\Programs\Xampp\htdocs\CofeinWebsite\classes\Twig\vendor\twig\twig\lib\Twig\Environment.php(323): Twig_Environment->getTemplateClass(NULL, NULL)
#3 D:\Programs\Xampp\htdocs\CofeinWebsite\classes\Twig\vendor\twig\twig\lib\Twig\Environment.php(397): Twig_Environment->loadTemplate(NULL)
#4 D:\Programs\Xampp\htdocs\CofeinWebsite\classes\Twig\vendor\twig\twig\lib\Twig\Environment.php(331) : eval()'d code(17): Twig_Environment->resolveTemplate(NULL)
#5 D:\Programs\Xampp\htdocs\CofeinWebsite\classes\Twig\vendor\twig\twig\lib\Twig\Template.php(69): __TwigTemplate_428d523898ff4a088ac23383bd8a8928571c566d71bd9ea2a75f04f1f9b31c7c->doGetParent(Array)
#6 D:\Programs\Xampp\htdocs\CofeinWebsite\classes\Twig\vendor\twig\twig\lib\Twig\Environment.php(331) : eval()'d code(22): Twig_Template->getParent(Array)
#7 D:\Programs\Xampp\htdocs\CofeinWebsite\classes\Twig\vendor\twig\twig\lib\Twig\Template.php(279): __TwigTemplate_428d523898ff4a088ac23383bd8a8928571c566d71bd9ea2a75f04f1f9b31c7c->doDisplay(Array, Array)
#8 D:\Programs\Xampp\htdocs\CofeinWebsite\classes\Twig\vendor\twig\twig\lib\Twig\Template.php(253): Twig_Template->displayWithErrorHandling(Array, Array)
#9 D:\Programs\Xampp\htdocs\CofeinWebsite\classes\Twig\vendor\twig\twig\lib\Twig\Template.php(264): Twig_Template->display(Array)
#10 D:\Programs\Xampp\htdocs\CofeinWebsite\classes\Twig\vendor\twig\twig\lib\Twig\Environment.php(292): Twig_Template->render(Array)
#11 D:\Programs\Xampp\htdocs\CofeinWebsite\classes\Main.php(88): Twig_Environment->render('index.html.twig', Array)
#12 D:\Programs\Xampp\htdocs\CofeinWebsite\classes\Main.php(44): Main->render()
#13 D:\Programs\Xampp\htdocs\CofeinWebsite\classes\Main.php(21): Main->processRequest()
#14 D:\Programs\Xampp\htdocs\CofeinWebsite\classes\Main.php(128): Main->__construct()
#15 D:\Programs\Xampp\htdocs\CofeinWebsite\index.php(12): Main::getInstance()
#16 {main}


[11/05/15  18:39:54]
exception 'Exception' with message 'Bad request.' in D:\Programs\Xampp\htdocs\CofeinWebsite\classes\Main.php:47
Stack trace:
#0 D:\Programs\Xampp\htdocs\CofeinWebsite\classes\Main.php(21): Main->processRequest()
#1 D:\Programs\Xampp\htdocs\CofeinWebsite\classes\Main.php(130): Main->__construct()
#2 D:\Programs\Xampp\htdocs\CofeinWebsite\index.php(12): Main::getInstance()
#3 {main}


[11/05/15  18:39:57]
exception 'Twig_Error_Loader' with message 'Unable to find template "shop_layout.html.twig" (looked into: views/templates) in "shop_en.html.twig".' in D:\Programs\Xampp\htdocs\CofeinWebsite\classes\Twig\vendor\twig\twig\lib\Twig\Loader\Filesystem.php:191
Stack trace:
#0 D:\Programs\Xampp\htdocs\CofeinWebsite\classes\Twig\vendor\twig\twig\lib\Twig\Loader\Filesystem.php(138): Twig_Loader_Filesystem->findTemplate('shop_layout.htm...')
#1 D:\Programs\Xampp\htdocs\CofeinWebsite\classes\Twig\vendor\twig\twig\lib\Twig\Environment.php(265): Twig_Loader_Filesystem->getCacheKey('shop_layout.htm...')
#2 D:\Programs\Xampp\htdocs\CofeinWebsite\classes\Twig\vendor\twig\twig\lib\Twig\Environment.php(323): Twig_Environment->getTemplateClass('shop_layout.htm...', NULL)
#3 D:\Programs\Xampp\htdocs\CofeinWebsite\classes\Twig\vendor\twig\twig\lib\Twig\Environment.php(397): Twig_Environment->loadTemplate('shop_layout.htm...')
#4 D:\Programs\Xampp\htdocs\CofeinWebsite\classes\Twig\vendor\twig\twig\lib\Twig\Environment.php(331) : eval()'d code(17): Twig_Environment->resolveTemplate('shop_layout.htm...')
#5 D:\Programs\Xampp\htdocs\CofeinWebsite\classes\Twig\vendor\twig\twig\lib\Twig\Template.php(69): __TwigTemplate_f2eef6757f71cad5f8dd61525705a8e6dbb1cdb80aa956dcb98b2983c6891b7f->doGetParent(Array)
#6 D:\Programs\Xampp\htdocs\CofeinWebsite\classes\Twig\vendor\twig\twig\lib\Twig\Environment.php(331) : eval()'d code(22): Twig_Template->getParent(Array)
#7 D:\Programs\Xampp\htdocs\CofeinWebsite\classes\Twig\vendor\twig\twig\lib\Twig\Template.php(279): __TwigTemplate_f2eef6757f71cad5f8dd61525705a8e6dbb1cdb80aa956dcb98b2983c6891b7f->doDisplay(Array, Array)
#8 D:\Programs\Xampp\htdocs\CofeinWebsite\classes\Twig\vendor\twig\twig\lib\Twig\Template.php(253): Twig_Template->displayWithErrorHandling(Array, Array)
#9 D:\Programs\Xampp\htdocs\CofeinWebsite\classes\Twig\vendor\twig\twig\lib\Twig\Template.php(264): Twig_Template->display(Array)
#10 D:\Programs\Xampp\htdocs\CofeinWebsite\classes\Twig\vendor\twig\twig\lib\Twig\Environment.php(292): Twig_Template->render(Array)
#11 D:\Programs\Xampp\htdocs\CofeinWebsite\classes\Main.php(104): Twig_Environment->render('shop_en.html.tw...', Array)
#12 D:\Programs\Xampp\htdocs\CofeinWebsite\classes\Main.php(42): Main->ajaxResponse()
#13 D:\Programs\Xampp\htdocs\CofeinWebsite\classes\Main.php(21): Main->processRequest()
#14 D:\Programs\Xampp\htdocs\CofeinWebsite\classes\Main.php(130): Main->__construct()
#15 D:\Programs\Xampp\htdocs\CofeinWebsite\index.php(12): Main::getInstance()
#16 {main}


[11/05/15  18:39:59]
exception 'Twig_Error_Loader' with message 'Unable to find template "shop_layout.html.twig" (looked into: views/templates) in "shop_en.html.twig".' in D:\Programs\Xampp\htdocs\CofeinWebsite\classes\Twig\vendor\twig\twig\lib\Twig\Loader\Filesystem.php:191
Stack trace:
#0 D:\Programs\Xampp\htdocs\CofeinWebsite\classes\Twig\vendor\twig\twig\lib\Twig\Loader\Filesystem.php(138): Twig_Loader_Filesystem->findTemplate('shop_layout.htm...')
#1 D:\Programs\Xampp\htdocs\CofeinWebsite\classes\Twig\vendor\twig\twig\lib\Twig\Environment.php(265): Twig_Loader_Filesystem->getCacheKey('shop_layout.htm...')
#2 D:\Programs\Xampp\htdocs\CofeinWebsite\classes\Twig\vendor\twig\twig\lib\Twig\Environment.php(323): Twig_Environment->getTemplateClass('shop_layout.htm...', NULL)
#3 D:\Programs\Xampp\htdocs\CofeinWebsite\classes\Twig\vendor\twig\twig\lib\Twig\Environment.php(397): Twig_Environment->loadTemplate('shop_layout.htm...')
#4 D:\Programs\Xampp\htdocs\CofeinWebsite\classes\Twig\vendor\twig\twig\lib\Twig\Environment.php(331) : eval()'d code(17): Twig_Environment->resolveTemplate('shop_layout.htm...')
#5 D:\Programs\Xampp\htdocs\CofeinWebsite\classes\Twig\vendor\twig\twig\lib\Twig\Template.php(69): __TwigTemplate_f2eef6757f71cad5f8dd61525705a8e6dbb1cdb80aa956dcb98b2983c6891b7f->doGetParent(Array)
#6 D:\Programs\Xampp\htdocs\CofeinWebsite\classes\Twig\vendor\twig\twig\lib\Twig\Environment.php(331) : eval()'d code(22): Twig_Template->getParent(Array)
#7 D:\Programs\Xampp\htdocs\CofeinWebsite\classes\Twig\vendor\twig\twig\lib\Twig\Template.php(279): __TwigTemplate_f2eef6757f71cad5f8dd61525705a8e6dbb1cdb80aa956dcb98b2983c6891b7f->doDisplay(Array, Array)
#8 D:\Programs\Xampp\htdocs\CofeinWebsite\classes\Twig\vendor\twig\twig\lib\Twig\Template.php(253): Twig_Template->displayWithErrorHandling(Array, Array)
#9 D:\Programs\Xampp\htdocs\CofeinWebsite\classes\Twig\vendor\twig\twig\lib\Twig\Template.php(264): Twig_Template->display(Array)
#10 D:\Programs\Xampp\htdocs\CofeinWebsite\classes\Twig\vendor\twig\twig\lib\Twig\Environment.php(292): Twig_Template->render(Array)
#11 D:\Programs\Xampp\htdocs\CofeinWebsite\classes\Main.php(104): Twig_Environment->render('shop_en.html.tw...', Array)
#12 D:\Programs\Xampp\htdocs\CofeinWebsite\classes\Main.php(42): Main->ajaxResponse()
#13 D:\Programs\Xampp\htdocs\CofeinWebsite\classes\Main.php(21): Main->processRequest()
#14 D:\Programs\Xampp\htdocs\CofeinWebsite\classes\Main.php(130): Main->__construct()
#15 D:\Programs\Xampp\htdocs\CofeinWebsite\index.php(12): Main::getInstance()
#16 {main}


[11/05/15  18:40:00]
exception 'Twig_Error_Loader' with message 'Unable to find template "shop_layout.html.twig" (looked into: views/templates) in "shop_en.html.twig".' in D:\Programs\Xampp\htdocs\CofeinWebsite\classes\Twig\vendor\twig\twig\lib\Twig\Loader\Filesystem.php:191
Stack trace:
#0 D:\Programs\Xampp\htdocs\CofeinWebsite\classes\Twig\vendor\twig\twig\lib\Twig\Loader\Filesystem.php(138): Twig_Loader_Filesystem->findTemplate('shop_layout.htm...')
#1 D:\Programs\Xampp\htdocs\CofeinWebsite\classes\Twig\vendor\twig\twig\lib\Twig\Environment.php(265): Twig_Loader_Filesystem->getCacheKey('shop_layout.htm...')
#2 D:\Programs\Xampp\htdocs\CofeinWebsite\classes\Twig\vendor\twig\twig\lib\Twig\Environment.php(323): Twig_Environment->getTemplateClass('shop_layout.htm...', NULL)
#3 D:\Programs\Xampp\htdocs\CofeinWebsite\classes\Twig\vendor\twig\twig\lib\Twig\Environment.php(397): Twig_Environment->loadTemplate('shop_layout.htm...')
#4 D:\Programs\Xampp\htdocs\CofeinWebsite\classes\Twig\vendor\twig\twig\lib\Twig\Environment.php(331) : eval()'d code(17): Twig_Environment->resolveTemplate('shop_layout.htm...')
#5 D:\Programs\Xampp\htdocs\CofeinWebsite\classes\Twig\vendor\twig\twig\lib\Twig\Template.php(69): __TwigTemplate_f2eef6757f71cad5f8dd61525705a8e6dbb1cdb80aa956dcb98b2983c6891b7f->doGetParent(Array)
#6 D:\Programs\Xampp\htdocs\CofeinWebsite\classes\Twig\vendor\twig\twig\lib\Twig\Environment.php(331) : eval()'d code(22): Twig_Template->getParent(Array)
#7 D:\Programs\Xampp\htdocs\CofeinWebsite\classes\Twig\vendor\twig\twig\lib\Twig\Template.php(279): __TwigTemplate_f2eef6757f71cad5f8dd61525705a8e6dbb1cdb80aa956dcb98b2983c6891b7f->doDisplay(Array, Array)
#8 D:\Programs\Xampp\htdocs\CofeinWebsite\classes\Twig\vendor\twig\twig\lib\Twig\Template.php(253): Twig_Template->displayWithErrorHandling(Array, Array)
#9 D:\Programs\Xampp\htdocs\CofeinWebsite\classes\Twig\vendor\twig\twig\lib\Twig\Template.php(264): Twig_Template->display(Array)
#10 D:\Programs\Xampp\htdocs\CofeinWebsite\classes\Twig\vendor\twig\twig\lib\Twig\Environment.php(292): Twig_Template->render(Array)
#11 D:\Programs\Xampp\htdocs\CofeinWebsite\classes\Main.php(104): Twig_Environment->render('shop_en.html.tw...', Array)
#12 D:\Programs\Xampp\htdocs\CofeinWebsite\classes\Main.php(42): Main->ajaxResponse()
#13 D:\Programs\Xampp\htdocs\CofeinWebsite\classes\Main.php(21): Main->processRequest()
#14 D:\Programs\Xampp\htdocs\CofeinWebsite\classes\Main.php(130): Main->__construct()
#15 D:\Programs\Xampp\htdocs\CofeinWebsite\index.php(12): Main::getInstance()
#16 {main}


[11/05/15  18:40:02]
exception 'Twig_Error_Loader' with message 'Unable to find template "shop_layout.html.twig" (looked into: views/templates) in "shop_en.html.twig".' in D:\Programs\Xampp\htdocs\CofeinWebsite\classes\Twig\vendor\twig\twig\lib\Twig\Loader\Filesystem.php:191
Stack trace:
#0 D:\Programs\Xampp\htdocs\CofeinWebsite\classes\Twig\vendor\twig\twig\lib\Twig\Loader\Filesystem.php(138): Twig_Loader_Filesystem->findTemplate('shop_layout.htm...')
#1 D:\Programs\Xampp\htdocs\CofeinWebsite\classes\Twig\vendor\twig\twig\lib\Twig\Environment.php(265): Twig_Loader_Filesystem->getCacheKey('shop_layout.htm...')
#2 D:\Programs\Xampp\htdocs\CofeinWebsite\classes\Twig\vendor\twig\twig\lib\Twig\Environment.php(323): Twig_Environment->getTemplateClass('shop_layout.htm...', NULL)
#3 D:\Programs\Xampp\htdocs\CofeinWebsite\classes\Twig\vendor\twig\twig\lib\Twig\Environment.php(397): Twig_Environment->loadTemplate('shop_layout.htm...')
#4 D:\Programs\Xampp\htdocs\CofeinWebsite\classes\Twig\vendor\twig\twig\lib\Twig\Environment.php(331) : eval()'d code(17): Twig_Environment->resolveTemplate('shop_layout.htm...')
#5 D:\Programs\Xampp\htdocs\CofeinWebsite\classes\Twig\vendor\twig\twig\lib\Twig\Template.php(69): __TwigTemplate_f2eef6757f71cad5f8dd61525705a8e6dbb1cdb80aa956dcb98b2983c6891b7f->doGetParent(Array)
#6 D:\Programs\Xampp\htdocs\CofeinWebsite\classes\Twig\vendor\twig\twig\lib\Twig\Environment.php(331) : eval()'d code(22): Twig_Template->getParent(Array)
#7 D:\Programs\Xampp\htdocs\CofeinWebsite\classes\Twig\vendor\twig\twig\lib\Twig\Template.php(279): __TwigTemplate_f2eef6757f71cad5f8dd61525705a8e6dbb1cdb80aa956dcb98b2983c6891b7f->doDisplay(Array, Array)
#8 D:\Programs\Xampp\htdocs\CofeinWebsite\classes\Twig\vendor\twig\twig\lib\Twig\Template.php(253): Twig_Template->displayWithErrorHandling(Array, Array)
#9 D:\Programs\Xampp\htdocs\CofeinWebsite\classes\Twig\vendor\twig\twig\lib\Twig\Template.php(264): Twig_Template->display(Array)
#10 D:\Programs\Xampp\htdocs\CofeinWebsite\classes\Twig\vendor\twig\twig\lib\Twig\Environment.php(292): Twig_Template->render(Array)
#11 D:\Programs\Xampp\htdocs\CofeinWebsite\classes\Main.php(104): Twig_Environment->render('shop_en.html.tw...', Array)
#12 D:\Programs\Xampp\htdocs\CofeinWebsite\classes\Main.php(42): Main->ajaxResponse()
#13 D:\Programs\Xampp\htdocs\CofeinWebsite\classes\Main.php(21): Main->processRequest()
#14 D:\Programs\Xampp\htdocs\CofeinWebsite\classes\Main.php(130): Main->__construct()
#15 D:\Programs\Xampp\htdocs\CofeinWebsite\index.php(12): Main::getInstance()
#16 {main}


[11/05/15  18:40:14]
exception 'Exception' with message 'Bad request.' in D:\Programs\Xampp\htdocs\CofeinWebsite\classes\Main.php:47
Stack trace:
#0 D:\Programs\Xampp\htdocs\CofeinWebsite\classes\Main.php(21): Main->processRequest()
#1 D:\Programs\Xampp\htdocs\CofeinWebsite\classes\Main.php(130): Main->__construct()
#2 D:\Programs\Xampp\htdocs\CofeinWebsite\index.php(12): Main::getInstance()
#3 {main}


[11/05/15  18:40:15]
exception 'Exception' with message 'Bad request.' in D:\Programs\Xampp\htdocs\CofeinWebsite\classes\Main.php:47
Stack trace:
#0 D:\Programs\Xampp\htdocs\CofeinWebsite\classes\Main.php(21): Main->processRequest()
#1 D:\Programs\Xampp\htdocs\CofeinWebsite\classes\Main.php(130): Main->__construct()
#2 D:\Programs\Xampp\htdocs\CofeinWebsite\index.php(12): Main::getInstance()
#3 {main}


[11/05/15  18:41:27]
exception 'Twig_Error_Loader' with message 'Unable to find template "shop_layout.html.twig" (looked into: views/templates) in "shop_en.html.twig".' in D:\Programs\Xampp\htdocs\CofeinWebsite\classes\Twig\vendor\twig\twig\lib\Twig\Loader\Filesystem.php:191
Stack trace:
#0 D:\Programs\Xampp\htdocs\CofeinWebsite\classes\Twig\vendor\twig\twig\lib\Twig\Loader\Filesystem.php(138): Twig_Loader_Filesystem->findTemplate('shop_layout.htm...')
#1 D:\Programs\Xampp\htdocs\CofeinWebsite\classes\Twig\vendor\twig\twig\lib\Twig\Environment.php(265): Twig_Loader_Filesystem->getCacheKey('shop_layout.htm...')
#2 D:\Programs\Xampp\htdocs\CofeinWebsite\classes\Twig\vendor\twig\twig\lib\Twig\Environment.php(323): Twig_Environment->getTemplateClass('shop_layout.htm...', NULL)
#3 D:\Programs\Xampp\htdocs\CofeinWebsite\classes\Twig\vendor\twig\twig\lib\Twig\Environment.php(397): Twig_Environment->loadTemplate('shop_layout.htm...')
#4 D:\Programs\Xampp\htdocs\CofeinWebsite\classes\Twig\vendor\twig\twig\lib\Twig\Environment.php(331) : eval()'d code(17): Twig_Environment->resolveTemplate('shop_layout.htm...')
#5 D:\Programs\Xampp\htdocs\CofeinWebsite\classes\Twig\vendor\twig\twig\lib\Twig\Template.php(69): __TwigTemplate_f2eef6757f71cad5f8dd61525705a8e6dbb1cdb80aa956dcb98b2983c6891b7f->doGetParent(Array)
#6 D:\Programs\Xampp\htdocs\CofeinWebsite\classes\Twig\vendor\twig\twig\lib\Twig\Environment.php(331) : eval()'d code(22): Twig_Template->getParent(Array)
#7 D:\Programs\Xampp\htdocs\CofeinWebsite\classes\Twig\vendor\twig\twig\lib\Twig\Template.php(279): __TwigTemplate_f2eef6757f71cad5f8dd61525705a8e6dbb1cdb80aa956dcb98b2983c6891b7f->doDisplay(Array, Array)
#8 D:\Programs\Xampp\htdocs\CofeinWebsite\classes\Twig\vendor\twig\twig\lib\Twig\Template.php(253): Twig_Template->displayWithErrorHandling(Array, Array)
#9 D:\Programs\Xampp\htdocs\CofeinWebsite\classes\Twig\vendor\twig\twig\lib\Twig\Template.php(264): Twig_Template->display(Array)
#10 D:\Programs\Xampp\htdocs\CofeinWebsite\classes\Twig\vendor\twig\twig\lib\Twig\Environment.php(292): Twig_Template->render(Array)
#11 D:\Programs\Xampp\htdocs\CofeinWebsite\classes\Main.php(104): Twig_Environment->render('shop_en.html.tw...', Array)
#12 D:\Programs\Xampp\htdocs\CofeinWebsite\classes\Main.php(42): Main->ajaxResponse()
#13 D:\Programs\Xampp\htdocs\CofeinWebsite\classes\Main.php(21): Main->processRequest()
#14 D:\Programs\Xampp\htdocs\CofeinWebsite\classes\Main.php(130): Main->__construct()
#15 D:\Programs\Xampp\htdocs\CofeinWebsite\index.php(12): Main::getInstance()
#16 {main}


[11/05/15  18:41:31]
exception 'Twig_Error_Loader' with message 'Unable to find template "shop_layout.html.twig" (looked into: views/templates) in "shop_en.html.twig".' in D:\Programs\Xampp\htdocs\CofeinWebsite\classes\Twig\vendor\twig\twig\lib\Twig\Loader\Filesystem.php:191
Stack trace:
#0 D:\Programs\Xampp\htdocs\CofeinWebsite\classes\Twig\vendor\twig\twig\lib\Twig\Loader\Filesystem.php(138): Twig_Loader_Filesystem->findTemplate('shop_layout.htm...')
#1 D:\Programs\Xampp\htdocs\CofeinWebsite\classes\Twig\vendor\twig\twig\lib\Twig\Environment.php(265): Twig_Loader_Filesystem->getCacheKey('shop_layout.htm...')
#2 D:\Programs\Xampp\htdocs\CofeinWebsite\classes\Twig\vendor\twig\twig\lib\Twig\Environment.php(323): Twig_Environment->getTemplateClass('shop_layout.htm...', NULL)
#3 D:\Programs\Xampp\htdocs\CofeinWebsite\classes\Twig\vendor\twig\twig\lib\Twig\Environment.php(397): Twig_Environment->loadTemplate('shop_layout.htm...')
#4 D:\Programs\Xampp\htdocs\CofeinWebsite\classes\Twig\vendor\twig\twig\lib\Twig\Environment.php(331) : eval()'d code(17): Twig_Environment->resolveTemplate('shop_layout.htm...')
#5 D:\Programs\Xampp\htdocs\CofeinWebsite\classes\Twig\vendor\twig\twig\lib\Twig\Template.php(69): __TwigTemplate_f2eef6757f71cad5f8dd61525705a8e6dbb1cdb80aa956dcb98b2983c6891b7f->doGetParent(Array)
#6 D:\Programs\Xampp\htdocs\CofeinWebsite\classes\Twig\vendor\twig\twig\lib\Twig\Environment.php(331) : eval()'d code(22): Twig_Template->getParent(Array)
#7 D:\Programs\Xampp\htdocs\CofeinWebsite\classes\Twig\vendor\twig\twig\lib\Twig\Template.php(279): __TwigTemplate_f2eef6757f71cad5f8dd61525705a8e6dbb1cdb80aa956dcb98b2983c6891b7f->doDisplay(Array, Array)
#8 D:\Programs\Xampp\htdocs\CofeinWebsite\classes\Twig\vendor\twig\twig\lib\Twig\Template.php(253): Twig_Template->displayWithErrorHandling(Array, Array)
#9 D:\Programs\Xampp\htdocs\CofeinWebsite\classes\Twig\vendor\twig\twig\lib\Twig\Template.php(264): Twig_Template->display(Array)
#10 D:\Programs\Xampp\htdocs\CofeinWebsite\classes\Twig\vendor\twig\twig\lib\Twig\Environment.php(292): Twig_Template->render(Array)
#11 D:\Programs\Xampp\htdocs\CofeinWebsite\classes\Main.php(104): Twig_Environment->render('shop_en.html.tw...', Array)
#12 D:\Programs\Xampp\htdocs\CofeinWebsite\classes\Main.php(42): Main->ajaxResponse()
#13 D:\Programs\Xampp\htdocs\CofeinWebsite\classes\Main.php(21): Main->processRequest()
#14 D:\Programs\Xampp\htdocs\CofeinWebsite\classes\Main.php(130): Main->__construct()
#15 D:\Programs\Xampp\htdocs\CofeinWebsite\index.php(12): Main::getInstance()
#16 {main}


[11/05/15  18:41:34]
exception 'Twig_Error_Loader' with message 'Unable to find template "shop_layout.html.twig" (looked into: views/templates) in "shop_en.html.twig".' in D:\Programs\Xampp\htdocs\CofeinWebsite\classes\Twig\vendor\twig\twig\lib\Twig\Loader\Filesystem.php:191
Stack trace:
#0 D:\Programs\Xampp\htdocs\CofeinWebsite\classes\Twig\vendor\twig\twig\lib\Twig\Loader\Filesystem.php(138): Twig_Loader_Filesystem->findTemplate('shop_layout.htm...')
#1 D:\Programs\Xampp\htdocs\CofeinWebsite\classes\Twig\vendor\twig\twig\lib\Twig\Environment.php(265): Twig_Loader_Filesystem->getCacheKey('shop_layout.htm...')
#2 D:\Programs\Xampp\htdocs\CofeinWebsite\classes\Twig\vendor\twig\twig\lib\Twig\Environment.php(323): Twig_Environment->getTemplateClass('shop_layout.htm...', NULL)
#3 D:\Programs\Xampp\htdocs\CofeinWebsite\classes\Twig\vendor\twig\twig\lib\Twig\Environment.php(397): Twig_Environment->loadTemplate('shop_layout.htm...')
#4 D:\Programs\Xampp\htdocs\CofeinWebsite\classes\Twig\vendor\twig\twig\lib\Twig\Environment.php(331) : eval()'d code(17): Twig_Environment->resolveTemplate('shop_layout.htm...')
#5 D:\Programs\Xampp\htdocs\CofeinWebsite\classes\Twig\vendor\twig\twig\lib\Twig\Template.php(69): __TwigTemplate_f2eef6757f71cad5f8dd61525705a8e6dbb1cdb80aa956dcb98b2983c6891b7f->doGetParent(Array)
#6 D:\Programs\Xampp\htdocs\CofeinWebsite\classes\Twig\vendor\twig\twig\lib\Twig\Environment.php(331) : eval()'d code(22): Twig_Template->getParent(Array)
#7 D:\Programs\Xampp\htdocs\CofeinWebsite\classes\Twig\vendor\twig\twig\lib\Twig\Template.php(279): __TwigTemplate_f2eef6757f71cad5f8dd61525705a8e6dbb1cdb80aa956dcb98b2983c6891b7f->doDisplay(Array, Array)
#8 D:\Programs\Xampp\htdocs\CofeinWebsite\classes\Twig\vendor\twig\twig\lib\Twig\Template.php(253): Twig_Template->displayWithErrorHandling(Array, Array)
#9 D:\Programs\Xampp\htdocs\CofeinWebsite\classes\Twig\vendor\twig\twig\lib\Twig\Template.php(264): Twig_Template->display(Array)
#10 D:\Programs\Xampp\htdocs\CofeinWebsite\classes\Twig\vendor\twig\twig\lib\Twig\Environment.php(292): Twig_Template->render(Array)
#11 D:\Programs\Xampp\htdocs\CofeinWebsite\classes\Main.php(104): Twig_Environment->render('shop_en.html.tw...', Array)
#12 D:\Programs\Xampp\htdocs\CofeinWebsite\classes\Main.php(42): Main->ajaxResponse()
#13 D:\Programs\Xampp\htdocs\CofeinWebsite\classes\Main.php(21): Main->processRequest()
#14 D:\Programs\Xampp\htdocs\CofeinWebsite\classes\Main.php(130): Main->__construct()
#15 D:\Programs\Xampp\htdocs\CofeinWebsite\index.php(12): Main::getInstance()
#16 {main}


[11/05/15  18:41:38]
exception 'Twig_Error_Loader' with message 'Unable to find template "shop_layout.html.twig" (looked into: views/templates) in "shop_en.html.twig".' in D:\Programs\Xampp\htdocs\CofeinWebsite\classes\Twig\vendor\twig\twig\lib\Twig\Loader\Filesystem.php:191
Stack trace:
#0 D:\Programs\Xampp\htdocs\CofeinWebsite\classes\Twig\vendor\twig\twig\lib\Twig\Loader\Filesystem.php(138): Twig_Loader_Filesystem->findTemplate('shop_layout.htm...')
#1 D:\Programs\Xampp\htdocs\CofeinWebsite\classes\Twig\vendor\twig\twig\lib\Twig\Environment.php(265): Twig_Loader_Filesystem->getCacheKey('shop_layout.htm...')
#2 D:\Programs\Xampp\htdocs\CofeinWebsite\classes\Twig\vendor\twig\twig\lib\Twig\Environment.php(323): Twig_Environment->getTemplateClass('shop_layout.htm...', NULL)
#3 D:\Programs\Xampp\htdocs\CofeinWebsite\classes\Twig\vendor\twig\twig\lib\Twig\Environment.php(397): Twig_Environment->loadTemplate('shop_layout.htm...')
#4 D:\Programs\Xampp\htdocs\CofeinWebsite\classes\Twig\vendor\twig\twig\lib\Twig\Environment.php(331) : eval()'d code(17): Twig_Environment->resolveTemplate('shop_layout.htm...')
#5 D:\Programs\Xampp\htdocs\CofeinWebsite\classes\Twig\vendor\twig\twig\lib\Twig\Template.php(69): __TwigTemplate_f2eef6757f71cad5f8dd61525705a8e6dbb1cdb80aa956dcb98b2983c6891b7f->doGetParent(Array)
#6 D:\Programs\Xampp\htdocs\CofeinWebsite\classes\Twig\vendor\twig\twig\lib\Twig\Environment.php(331) : eval()'d code(22): Twig_Template->getParent(Array)
#7 D:\Programs\Xampp\htdocs\CofeinWebsite\classes\Twig\vendor\twig\twig\lib\Twig\Template.php(279): __TwigTemplate_f2eef6757f71cad5f8dd61525705a8e6dbb1cdb80aa956dcb98b2983c6891b7f->doDisplay(Array, Array)
#8 D:\Programs\Xampp\htdocs\CofeinWebsite\classes\Twig\vendor\twig\twig\lib\Twig\Template.php(253): Twig_Template->displayWithErrorHandling(Array, Array)
#9 D:\Programs\Xampp\htdocs\CofeinWebsite\classes\Twig\vendor\twig\twig\lib\Twig\Template.php(264): Twig_Template->display(Array)
#10 D:\Programs\Xampp\htdocs\CofeinWebsite\classes\Twig\vendor\twig\twig\lib\Twig\Environment.php(292): Twig_Template->render(Array)
#11 D:\Programs\Xampp\htdocs\CofeinWebsite\classes\Main.php(104): Twig_Environment->render('shop_en.html.tw...', Array)
#12 D:\Programs\Xampp\htdocs\CofeinWebsite\classes\Main.php(42): Main->ajaxResponse()
#13 D:\Programs\Xampp\htdocs\CofeinWebsite\classes\Main.php(21): Main->processRequest()
#14 D:\Programs\Xampp\htdocs\CofeinWebsite\classes\Main.php(130): Main->__construct()
#15 D:\Programs\Xampp\htdocs\CofeinWebsite\index.php(12): Main::getInstance()
#16 {main}


[18/05/15  17:02:40]
exception 'PDOException' with message 'SQLSTATE[42S02]: Base table or view not found: 1146 Table 'cofein.shop_bg' doesn't exist' in D:\Programs\Xampp\htdocs\CofeinWebsite\classes\Database.php:33
Stack trace:
#0 D:\Programs\Xampp\htdocs\CofeinWebsite\classes\Database.php(33): PDOStatement->execute(Array)
#1 D:\Programs\Xampp\htdocs\CofeinWebsite\classes\Shop.php(28): Database->execute()
#2 D:\Programs\Xampp\htdocs\CofeinWebsite\classes\Main.php(60): Shop->getContent()
#3 D:\Programs\Xampp\htdocs\CofeinWebsite\classes\Main.php(38): Main->setContent()
#4 D:\Programs\Xampp\htdocs\CofeinWebsite\classes\Main.php(20): Main->processRequest()
#5 D:\Programs\Xampp\htdocs\CofeinWebsite\classes\Main.php(126): Main->__construct()
#6 D:\Programs\Xampp\htdocs\CofeinWebsite\index.php(12): Main::getInstance()
#7 {main}


[18/05/15  17:06:17]
exception 'PDOException' with message 'SQLSTATE[42S02]: Base table or view not found: 1146 Table 'cofein.shop_bg' doesn't exist' in D:\Programs\Xampp\htdocs\CofeinWebsite\classes\Database.php:33
Stack trace:
#0 D:\Programs\Xampp\htdocs\CofeinWebsite\classes\Database.php(33): PDOStatement->execute(Array)
#1 D:\Programs\Xampp\htdocs\CofeinWebsite\classes\Shop.php(28): Database->execute()
#2 D:\Programs\Xampp\htdocs\CofeinWebsite\classes\Main.php(60): Shop->getContent()
#3 D:\Programs\Xampp\htdocs\CofeinWebsite\classes\Main.php(38): Main->setContent()
#4 D:\Programs\Xampp\htdocs\CofeinWebsite\classes\Main.php(20): Main->processRequest()
#5 D:\Programs\Xampp\htdocs\CofeinWebsite\classes\Main.php(126): Main->__construct()
#6 D:\Programs\Xampp\htdocs\CofeinWebsite\index.php(12): Main::getInstance()
#7 {main}


[18/05/15  17:07:19]
exception 'PDOException' with message 'SQLSTATE[42S02]: Base table or view not found: 1146 Table 'cofein.shop_bg' doesn't exist' in D:\Programs\Xampp\htdocs\CofeinWebsite\classes\Database.php:33
Stack trace:
#0 D:\Programs\Xampp\htdocs\CofeinWebsite\classes\Database.php(33): PDOStatement->execute(Array)
#1 D:\Programs\Xampp\htdocs\CofeinWebsite\classes\Shop.php(28): Database->execute()
#2 D:\Programs\Xampp\htdocs\CofeinWebsite\classes\Main.php(60): Shop->getContent()
#3 D:\Programs\Xampp\htdocs\CofeinWebsite\classes\Main.php(38): Main->setContent()
#4 D:\Programs\Xampp\htdocs\CofeinWebsite\classes\Main.php(20): Main->processRequest()
#5 D:\Programs\Xampp\htdocs\CofeinWebsite\classes\Main.php(126): Main->__construct()
#6 D:\Programs\Xampp\htdocs\CofeinWebsite\index.php(12): Main::getInstance()
#7 {main}


[18/05/15  17:57:23]
exception 'Exception' with message 'Bad request.' in D:\Programs\Xampp\htdocs\CofeinWebsite\classes\Main.php:47
Stack trace:
#0 D:\Programs\Xampp\htdocs\CofeinWebsite\classes\Main.php(20): Main->processRequest()
#1 D:\Programs\Xampp\htdocs\CofeinWebsite\classes\Main.php(128): Main->__construct()
#2 D:\Programs\Xampp\htdocs\CofeinWebsite\index.php(12): Main::getInstance()
#3 {main}


[18/05/15  17:57:24]
exception 'Exception' with message 'Bad request.' in D:\Programs\Xampp\htdocs\CofeinWebsite\classes\Main.php:47
Stack trace:
#0 D:\Programs\Xampp\htdocs\CofeinWebsite\classes\Main.php(20): Main->processRequest()
#1 D:\Programs\Xampp\htdocs\CofeinWebsite\classes\Main.php(128): Main->__construct()
#2 D:\Programs\Xampp\htdocs\CofeinWebsite\index.php(12): Main::getInstance()
#3 {main}


[18/05/15  17:57:24]
exception 'Exception' with message 'Bad request.' in D:\Programs\Xampp\htdocs\CofeinWebsite\classes\Main.php:47
Stack trace:
#0 D:\Programs\Xampp\htdocs\CofeinWebsite\classes\Main.php(20): Main->processRequest()
#1 D:\Programs\Xampp\htdocs\CofeinWebsite\classes\Main.php(128): Main->__construct()
#2 D:\Programs\Xampp\htdocs\CofeinWebsite\index.php(12): Main::getInstance()
#3 {main}


[18/05/15  17:57:24]
exception 'Exception' with message 'Bad request.' in D:\Programs\Xampp\htdocs\CofeinWebsite\classes\Main.php:47
Stack trace:
#0 D:\Programs\Xampp\htdocs\CofeinWebsite\classes\Main.php(20): Main->processRequest()
#1 D:\Programs\Xampp\htdocs\CofeinWebsite\classes\Main.php(128): Main->__construct()
#2 D:\Programs\Xampp\htdocs\CofeinWebsite\index.php(12): Main::getInstance()
#3 {main}


[18/05/15  17:57:25]
exception 'Exception' with message 'Bad request.' in D:\Programs\Xampp\htdocs\CofeinWebsite\classes\Main.php:47
Stack trace:
#0 D:\Programs\Xampp\htdocs\CofeinWebsite\classes\Main.php(20): Main->processRequest()
#1 D:\Programs\Xampp\htdocs\CofeinWebsite\classes\Main.php(128): Main->__construct()
#2 D:\Programs\Xampp\htdocs\CofeinWebsite\index.php(12): Main::getInstance()
#3 {main}


[18/05/15  17:57:25]
exception 'Exception' with message 'Bad request.' in D:\Programs\Xampp\htdocs\CofeinWebsite\classes\Main.php:47
Stack trace:
#0 D:\Programs\Xampp\htdocs\CofeinWebsite\classes\Main.php(20): Main->processRequest()
#1 D:\Programs\Xampp\htdocs\CofeinWebsite\classes\Main.php(128): Main->__construct()
#2 D:\Programs\Xampp\htdocs\CofeinWebsite\index.php(12): Main::getInstance()
#3 {main}


[18/05/15  17:58:44]
exception 'Twig_Error_Loader' with message 'Unable to find template "layout_en.html.twig" (looked into: views/layouts, views/templates).' in D:\Programs\Xampp\htdocs\CofeinWebsite\classes\Twig\vendor\twig\twig\lib\Twig\Loader\Filesystem.php:191
Stack trace:
#0 D:\Programs\Xampp\htdocs\CofeinWebsite\classes\Twig\vendor\twig\twig\lib\Twig\Loader\Filesystem.php(138): Twig_Loader_Filesystem->findTemplate('layout_en.html....')
#1 D:\Programs\Xampp\htdocs\CofeinWebsite\classes\Twig\vendor\twig\twig\lib\Twig\Environment.php(265): Twig_Loader_Filesystem->getCacheKey('layout_en.html....')
#2 D:\Programs\Xampp\htdocs\CofeinWebsite\classes\Twig\vendor\twig\twig\lib\Twig\Environment.php(323): Twig_Environment->getTemplateClass('layout_en.html....', NULL)
#3 D:\Programs\Xampp\htdocs\CofeinWebsite\classes\Twig\vendor\twig\twig\lib\Twig\Environment.php(292): Twig_Environment->loadTemplate('layout_en.html....')
#4 D:\Programs\Xampp\htdocs\CofeinWebsite\classes\Main.php(76): Twig_Environment->render('layout_en.html....', Array)
#5 D:\Programs\Xampp\htdocs\CofeinWebsite\classes\Main.php(39): Main->render()
#6 D:\Programs\Xampp\htdocs\CofeinWebsite\classes\Main.php(21): Main->processRequest()
#7 D:\Programs\Xampp\htdocs\CofeinWebsite\classes\Main.php(111): Main->__construct()
#8 D:\Programs\Xampp\htdocs\CofeinWebsite\index.php(12): Main::getInstance()
#9 {main}


[18/05/15  17:59:15]
exception 'Exception' with message 'Bad request.' in D:\Programs\Xampp\htdocs\CofeinWebsite\classes\Main.php:47
Stack trace:
#0 D:\Programs\Xampp\htdocs\CofeinWebsite\classes\Main.php(20): Main->processRequest()
#1 D:\Programs\Xampp\htdocs\CofeinWebsite\classes\Main.php(128): Main->__construct()
#2 D:\Programs\Xampp\htdocs\CofeinWebsite\index.php(12): Main::getInstance()
#3 {main}


[18/05/15  17:59:16]
exception 'Exception' with message 'Bad request.' in D:\Programs\Xampp\htdocs\CofeinWebsite\classes\Main.php:47
Stack trace:
#0 D:\Programs\Xampp\htdocs\CofeinWebsite\classes\Main.php(20): Main->processRequest()
#1 D:\Programs\Xampp\htdocs\CofeinWebsite\classes\Main.php(128): Main->__construct()
#2 D:\Programs\Xampp\htdocs\CofeinWebsite\index.php(12): Main::getInstance()
#3 {main}


[18/05/15  18:03:49]
exception 'Exception' with message 'Bad request.' in D:\Programs\Xampp\htdocs\CofeinWebsite\classes\Main.php:47
Stack trace:
#0 D:\Programs\Xampp\htdocs\CofeinWebsite\classes\Main.php(20): Main->processRequest()
#1 D:\Programs\Xampp\htdocs\CofeinWebsite\classes\Main.php(128): Main->__construct()
#2 D:\Programs\Xampp\htdocs\CofeinWebsite\index.php(12): Main::getInstance()
#3 {main}


[18/05/15  18:05:06]
exception 'Exception' with message 'Bad request.' in D:\Programs\Xampp\htdocs\CofeinWebsite\classes\Main.php:45
Stack trace:
#0 D:\Programs\Xampp\htdocs\CofeinWebsite\classes\Main.php(20): Main->processRequest()
#1 D:\Programs\Xampp\htdocs\CofeinWebsite\classes\Main.php(126): Main->__construct()
#2 D:\Programs\Xampp\htdocs\CofeinWebsite\index.php(12): Main::getInstance()
#3 {main}


[18/05/15  18:05:07]
exception 'Exception' with message 'Bad request.' in D:\Programs\Xampp\htdocs\CofeinWebsite\classes\Main.php:45
Stack trace:
#0 D:\Programs\Xampp\htdocs\CofeinWebsite\classes\Main.php(20): Main->processRequest()
#1 D:\Programs\Xampp\htdocs\CofeinWebsite\classes\Main.php(126): Main->__construct()
#2 D:\Programs\Xampp\htdocs\CofeinWebsite\index.php(12): Main::getInstance()
#3 {main}


[19/05/15  09:57:52]
exception 'Exception' with message 'Bad request.' in D:\Programs\Xampp\htdocs\CofeinWebsite\classes\Main.php:49
Stack trace:
#0 D:\Programs\Xampp\htdocs\CofeinWebsite\classes\Main.php(20): Main->processRequest()
#1 D:\Programs\Xampp\htdocs\CofeinWebsite\classes\Main.php(130): Main->__construct()
#2 D:\Programs\Xampp\htdocs\CofeinWebsite\index.php(12): Main::getInstance()
#3 {main}


[19/05/15  10:17:37]
exception 'PDOException' with message 'SQLSTATE[42S02]: Base table or view not found: 1146 Table 'cofein.shop_bg' doesn't exist' in D:\Programs\Xampp\htdocs\CofeinWebsite\classes\Database.php:33
Stack trace:
#0 D:\Programs\Xampp\htdocs\CofeinWebsite\classes\Database.php(33): PDOStatement->execute(Array)
#1 D:\Programs\Xampp\htdocs\CofeinWebsite\classes\Shop.php(29): Database->execute()
#2 D:\Programs\Xampp\htdocs\CofeinWebsite\classes\Main.php(64): Shop->getContent()
#3 D:\Programs\Xampp\htdocs\CofeinWebsite\classes\Main.php(42): Main->setContent()
#4 D:\Programs\Xampp\htdocs\CofeinWebsite\classes\Main.php(20): Main->processRequest()
#5 D:\Programs\Xampp\htdocs\CofeinWebsite\classes\Main.php(130): Main->__construct()
#6 D:\Programs\Xampp\htdocs\CofeinWebsite\index.php(12): Main::getInstance()
#7 {main}


[19/05/15  13:55:09]
exception 'Exception' with message 'Bad request.' in D:\Programs\Xampp\htdocs\CofeinWebsite\classes\Main.php:49
Stack trace:
#0 D:\Programs\Xampp\htdocs\CofeinWebsite\classes\Main.php(20): Main->processRequest()
#1 D:\Programs\Xampp\htdocs\CofeinWebsite\classes\Main.php(130): Main->__construct()
#2 D:\Programs\Xampp\htdocs\CofeinWebsite\index.php(12): Main::getInstance()
#3 {main}


[19/05/15  13:55:13]
exception 'Exception' with message 'Bad request.' in D:\Programs\Xampp\htdocs\CofeinWebsite\classes\Main.php:49
Stack trace:
#0 D:\Programs\Xampp\htdocs\CofeinWebsite\classes\Main.php(20): Main->processRequest()
#1 D:\Programs\Xampp\htdocs\CofeinWebsite\classes\Main.php(130): Main->__construct()
#2 D:\Programs\Xampp\htdocs\CofeinWebsite\index.php(12): Main::getInstance()
#3 {main}


[19/05/15  13:55:14]
exception 'Exception' with message 'Bad request.' in D:\Programs\Xampp\htdocs\CofeinWebsite\classes\Main.php:49
Stack trace:
#0 D:\Programs\Xampp\htdocs\CofeinWebsite\classes\Main.php(20): Main->processRequest()
#1 D:\Programs\Xampp\htdocs\CofeinWebsite\classes\Main.php(130): Main->__construct()
#2 D:\Programs\Xampp\htdocs\CofeinWebsite\index.php(12): Main::getInstance()
#3 {main}


[19/05/15  13:55:15]
exception 'Exception' with message 'Bad request.' in D:\Programs\Xampp\htdocs\CofeinWebsite\classes\Main.php:49
Stack trace:
#0 D:\Programs\Xampp\htdocs\CofeinWebsite\classes\Main.php(20): Main->processRequest()
#1 D:\Programs\Xampp\htdocs\CofeinWebsite\classes\Main.php(130): Main->__construct()
#2 D:\Programs\Xampp\htdocs\CofeinWebsite\index.php(12): Main::getInstance()
#3 {main}


[21/05/15  10:05:10]
exception 'Twig_Error_Loader' with message 'Unable to find template "" (looked into: views/layouts, views/templates) in "admin_login.html.twig".' in D:\Programs\Xampp\htdocs\CofeinWebsite\classes\Twig\vendor\twig\twig\lib\Twig\Loader\Filesystem.php:191
Stack trace:
#0 D:\Programs\Xampp\htdocs\CofeinWebsite\classes\Twig\vendor\twig\twig\lib\Twig\Loader\Filesystem.php(138): Twig_Loader_Filesystem->findTemplate(false)
#1 D:\Programs\Xampp\htdocs\CofeinWebsite\classes\Twig\vendor\twig\twig\lib\Twig\Environment.php(265): Twig_Loader_Filesystem->getCacheKey(false)
#2 D:\Programs\Xampp\htdocs\CofeinWebsite\classes\Twig\vendor\twig\twig\lib\Twig\Environment.php(323): Twig_Environment->getTemplateClass(false, NULL)
#3 D:\Programs\Xampp\htdocs\CofeinWebsite\classes\Twig\vendor\twig\twig\lib\Twig\Environment.php(397): Twig_Environment->loadTemplate(false)
#4 D:\Programs\Xampp\htdocs\CofeinWebsite\classes\Twig\vendor\twig\twig\lib\Twig\Environment.php(331) : eval()'d code(19): Twig_Environment->resolveTemplate(false)
#5 D:\Programs\Xampp\htdocs\CofeinWebsite\classes\Twig\vendor\twig\twig\lib\Twig\Template.php(69): __TwigTemplate_6c4db2ddf01d804a134fd7a70cd5915b3e2e335efb97925e1fdbfd47c74e4abf->doGetParent(Array)
#6 D:\Programs\Xampp\htdocs\CofeinWebsite\classes\Twig\vendor\twig\twig\lib\Twig\Environment.php(331) : eval()'d code(24): Twig_Template->getParent(Array)
#7 D:\Programs\Xampp\htdocs\CofeinWebsite\classes\Twig\vendor\twig\twig\lib\Twig\Template.php(279): __TwigTemplate_6c4db2ddf01d804a134fd7a70cd5915b3e2e335efb97925e1fdbfd47c74e4abf->doDisplay(Array, Array)
#8 D:\Programs\Xampp\htdocs\CofeinWebsite\classes\Twig\vendor\twig\twig\lib\Twig\Template.php(253): Twig_Template->displayWithErrorHandling(Array, Array)
#9 D:\Programs\Xampp\htdocs\CofeinWebsite\classes\Twig\vendor\twig\twig\lib\Twig\Template.php(264): Twig_Template->display(Array)
#10 D:\Programs\Xampp\htdocs\CofeinWebsite\classes\Twig\vendor\twig\twig\lib\Twig\Environment.php(292): Twig_Template->render(Array)
#11 D:\Programs\Xampp\htdocs\CofeinWebsite\classes\Main.php(87): Twig_Environment->render('admin_login.htm...', Array)
#12 D:\Programs\Xampp\htdocs\CofeinWebsite\classes\Main.php(44): Main->render()
#13 D:\Programs\Xampp\htdocs\CofeinWebsite\classes\Main.php(20): Main->processRequest()
#14 D:\Programs\Xampp\htdocs\CofeinWebsite\classes\Main.php(127): Main->__construct()
#15 D:\Programs\Xampp\htdocs\CofeinWebsite\index.php(12): Main::getInstance()
#16 {main}


[21/05/15  10:05:58]
exception 'Exception' with message 'Bad request.' in D:\Programs\Xampp\htdocs\CofeinWebsite\classes\Main.php:47
Stack trace:
#0 D:\Programs\Xampp\htdocs\CofeinWebsite\classes\Main.php(20): Main->processRequest()
#1 D:\Programs\Xampp\htdocs\CofeinWebsite\classes\Main.php(127): Main->__construct()
#2 D:\Programs\Xampp\htdocs\CofeinWebsite\index.php(12): Main::getInstance()
#3 {main}


[21/05/15  15:45:58]
exception 'LogicException' with message 'Node "1" does not exist for Node "Twig_Node".' in D:\Programs\Xampp\htdocs\CofeinWebsite\classes\Twig\vendor\twig\twig\lib\Twig\Node.php:193
Stack trace:
#0 D:\Programs\Xampp\htdocs\CofeinWebsite\classes\Twig\vendor\twig\twig\lib\Twig\Node\If.php(49): Twig_Node->getNode(1)
#1 D:\Programs\Xampp\htdocs\CofeinWebsite\classes\Twig\vendor\twig\twig\lib\Twig\Node.php(108): Twig_Node_If->compile(Object(Twig_Compiler))
#2 D:\Programs\Xampp\htdocs\CofeinWebsite\classes\Twig\vendor\twig\twig\lib\Twig\Node.php(108): Twig_Node->compile(Object(Twig_Compiler))
#3 D:\Programs\Xampp\htdocs\CofeinWebsite\classes\Twig\vendor\twig\twig\lib\Twig\Compiler.php(98): Twig_Node->compile(Object(Twig_Compiler))
#4 D:\Programs\Xampp\htdocs\CofeinWebsite\classes\Twig\vendor\twig\twig\lib\Twig\Node\Module.php(109): Twig_Compiler->subcompile(Object(Twig_Node_Body))
#5 D:\Programs\Xampp\htdocs\CofeinWebsite\classes\Twig\vendor\twig\twig\lib\Twig\Node\Module.php(61): Twig_Node_Module->compileDisplayBody(Object(Twig_Compiler))
#6 D:\Programs\Xampp\htdocs\CofeinWebsite\classes\Twig\vendor\twig\twig\lib\Twig\Node\Module.php(38): Twig_Node_Module->compileTemplate(Object(Twig_Compiler))
#7 D:\Programs\Xampp\htdocs\CofeinWebsite\classes\Twig\vendor\twig\twig\lib\Twig\Compiler.php(87): Twig_Node_Module->compile(Object(Twig_Compiler))
#8 D:\Programs\Xampp\htdocs\CofeinWebsite\classes\Twig\vendor\twig\twig\lib\Twig\Environment.php(543): Twig_Compiler->compile(Object(Twig_Node_Module))
#9 D:\Programs\Xampp\htdocs\CofeinWebsite\classes\Twig\vendor\twig\twig\lib\Twig\Environment.php(559): Twig_Environment->compile(Object(Twig_Node_Module))
#10 D:\Programs\Xampp\htdocs\CofeinWebsite\classes\Twig\vendor\twig\twig\lib\Twig\Environment.php(331): Twig_Environment->compileSource('{% if layout %}...', 'gallery.html.tw...')
#11 D:\Programs\Xampp\htdocs\CofeinWebsite\classes\Twig\vendor\twig\twig\lib\Twig\Environment.php(292): Twig_Environment->loadTemplate('gallery.html.tw...')
#12 D:\Programs\Xampp\htdocs\CofeinWebsite\classes\Main.php(89): Twig_Environment->render('gallery.html.tw...', Array)
#13 D:\Programs\Xampp\htdocs\CofeinWebsite\classes\Main.php(20): Main->render()
#14 D:\Programs\Xampp\htdocs\CofeinWebsite\classes\Main.php(122): Main->__construct()
#15 D:\Programs\Xampp\htdocs\CofeinWebsite\index.php(12): Main::getInstance()
#16 {main}

Next exception 'Twig_Error_Syntax' with message 'An exception has been thrown during the compilation of a template ("Node "1" does not exist for Node "Twig_Node".") in "gallery.html.twig".' in D:\Programs\Xampp\htdocs\CofeinWebsite\classes\Twig\vendor\twig\twig\lib\Twig\Environment.php:564
Stack trace:
#0 D:\Programs\Xampp\htdocs\CofeinWebsite\classes\Twig\vendor\twig\twig\lib\Twig\Environment.php(331): Twig_Environment->compileSource('{% if layout %}...', 'gallery.html.tw...')
#1 D:\Programs\Xampp\htdocs\CofeinWebsite\classes\Twig\vendor\twig\twig\lib\Twig\Environment.php(292): Twig_Environment->loadTemplate('gallery.html.tw...')
#2 D:\Programs\Xampp\htdocs\CofeinWebsite\classes\Main.php(89): Twig_Environment->render('gallery.html.tw...', Array)
#3 D:\Programs\Xampp\htdocs\CofeinWebsite\classes\Main.php(20): Main->render()
#4 D:\Programs\Xampp\htdocs\CofeinWebsite\classes\Main.php(122): Main->__construct()
#5 D:\Programs\Xampp\htdocs\CofeinWebsite\index.php(12): Main::getInstance()
#6 {main}


[21/05/15  15:46:04]
exception 'LogicException' with message 'Node "1" does not exist for Node "Twig_Node".' in D:\Programs\Xampp\htdocs\CofeinWebsite\classes\Twig\vendor\twig\twig\lib\Twig\Node.php:193
Stack trace:
#0 D:\Programs\Xampp\htdocs\CofeinWebsite\classes\Twig\vendor\twig\twig\lib\Twig\Node\If.php(49): Twig_Node->getNode(1)
#1 D:\Programs\Xampp\htdocs\CofeinWebsite\classes\Twig\vendor\twig\twig\lib\Twig\Node.php(108): Twig_Node_If->compile(Object(Twig_Compiler))
#2 D:\Programs\Xampp\htdocs\CofeinWebsite\classes\Twig\vendor\twig\twig\lib\Twig\Node.php(108): Twig_Node->compile(Object(Twig_Compiler))
#3 D:\Programs\Xampp\htdocs\CofeinWebsite\classes\Twig\vendor\twig\twig\lib\Twig\Compiler.php(98): Twig_Node->compile(Object(Twig_Compiler))
#4 D:\Programs\Xampp\htdocs\CofeinWebsite\classes\Twig\vendor\twig\twig\lib\Twig\Node\Module.php(109): Twig_Compiler->subcompile(Object(Twig_Node_Body))
#5 D:\Programs\Xampp\htdocs\CofeinWebsite\classes\Twig\vendor\twig\twig\lib\Twig\Node\Module.php(61): Twig_Node_Module->compileDisplayBody(Object(Twig_Compiler))
#6 D:\Programs\Xampp\htdocs\CofeinWebsite\classes\Twig\vendor\twig\twig\lib\Twig\Node\Module.php(38): Twig_Node_Module->compileTemplate(Object(Twig_Compiler))
#7 D:\Programs\Xampp\htdocs\CofeinWebsite\classes\Twig\vendor\twig\twig\lib\Twig\Compiler.php(87): Twig_Node_Module->compile(Object(Twig_Compiler))
#8 D:\Programs\Xampp\htdocs\CofeinWebsite\classes\Twig\vendor\twig\twig\lib\Twig\Environment.php(543): Twig_Compiler->compile(Object(Twig_Node_Module))
#9 D:\Programs\Xampp\htdocs\CofeinWebsite\classes\Twig\vendor\twig\twig\lib\Twig\Environment.php(559): Twig_Environment->compile(Object(Twig_Node_Module))
#10 D:\Programs\Xampp\htdocs\CofeinWebsite\classes\Twig\vendor\twig\twig\lib\Twig\Environment.php(331): Twig_Environment->compileSource('{% if layout %}...', 'gallery.html.tw...')
#11 D:\Programs\Xampp\htdocs\CofeinWebsite\classes\Twig\vendor\twig\twig\lib\Twig\Environment.php(292): Twig_Environment->loadTemplate('gallery.html.tw...')
#12 D:\Programs\Xampp\htdocs\CofeinWebsite\classes\Main.php(89): Twig_Environment->render('gallery.html.tw...', Array)
#13 D:\Programs\Xampp\htdocs\CofeinWebsite\classes\Main.php(20): Main->render()
#14 D:\Programs\Xampp\htdocs\CofeinWebsite\classes\Main.php(122): Main->__construct()
#15 D:\Programs\Xampp\htdocs\CofeinWebsite\index.php(12): Main::getInstance()
#16 {main}

Next exception 'Twig_Error_Syntax' with message 'An exception has been thrown during the compilation of a template ("Node "1" does not exist for Node "Twig_Node".") in "gallery.html.twig".' in D:\Programs\Xampp\htdocs\CofeinWebsite\classes\Twig\vendor\twig\twig\lib\Twig\Environment.php:564
Stack trace:
#0 D:\Programs\Xampp\htdocs\CofeinWebsite\classes\Twig\vendor\twig\twig\lib\Twig\Environment.php(331): Twig_Environment->compileSource('{% if layout %}...', 'gallery.html.tw...')
#1 D:\Programs\Xampp\htdocs\CofeinWebsite\classes\Twig\vendor\twig\twig\lib\Twig\Environment.php(292): Twig_Environment->loadTemplate('gallery.html.tw...')
#2 D:\Programs\Xampp\htdocs\CofeinWebsite\classes\Main.php(89): Twig_Environment->render('gallery.html.tw...', Array)
#3 D:\Programs\Xampp\htdocs\CofeinWebsite\classes\Main.php(20): Main->render()
#4 D:\Programs\Xampp\htdocs\CofeinWebsite\classes\Main.php(122): Main->__construct()
#5 D:\Programs\Xampp\htdocs\CofeinWebsite\index.php(12): Main::getInstance()
#6 {main}


[21/05/15  15:46:04]
exception 'LogicException' with message 'Node "1" does not exist for Node "Twig_Node".' in D:\Programs\Xampp\htdocs\CofeinWebsite\classes\Twig\vendor\twig\twig\lib\Twig\Node.php:193
Stack trace:
#0 D:\Programs\Xampp\htdocs\CofeinWebsite\classes\Twig\vendor\twig\twig\lib\Twig\Node\If.php(49): Twig_Node->getNode(1)
#1 D:\Programs\Xampp\htdocs\CofeinWebsite\classes\Twig\vendor\twig\twig\lib\Twig\Node.php(108): Twig_Node_If->compile(Object(Twig_Compiler))
#2 D:\Programs\Xampp\htdocs\CofeinWebsite\classes\Twig\vendor\twig\twig\lib\Twig\Node.php(108): Twig_Node->compile(Object(Twig_Compiler))
#3 D:\Programs\Xampp\htdocs\CofeinWebsite\classes\Twig\vendor\twig\twig\lib\Twig\Compiler.php(98): Twig_Node->compile(Object(Twig_Compiler))
#4 D:\Programs\Xampp\htdocs\CofeinWebsite\classes\Twig\vendor\twig\twig\lib\Twig\Node\Module.php(109): Twig_Compiler->subcompile(Object(Twig_Node_Body))
#5 D:\Programs\Xampp\htdocs\CofeinWebsite\classes\Twig\vendor\twig\twig\lib\Twig\Node\Module.php(61): Twig_Node_Module->compileDisplayBody(Object(Twig_Compiler))
#6 D:\Programs\Xampp\htdocs\CofeinWebsite\classes\Twig\vendor\twig\twig\lib\Twig\Node\Module.php(38): Twig_Node_Module->compileTemplate(Object(Twig_Compiler))
#7 D:\Programs\Xampp\htdocs\CofeinWebsite\classes\Twig\vendor\twig\twig\lib\Twig\Compiler.php(87): Twig_Node_Module->compile(Object(Twig_Compiler))
#8 D:\Programs\Xampp\htdocs\CofeinWebsite\classes\Twig\vendor\twig\twig\lib\Twig\Environment.php(543): Twig_Compiler->compile(Object(Twig_Node_Module))
#9 D:\Programs\Xampp\htdocs\CofeinWebsite\classes\Twig\vendor\twig\twig\lib\Twig\Environment.php(559): Twig_Environment->compile(Object(Twig_Node_Module))
#10 D:\Programs\Xampp\htdocs\CofeinWebsite\classes\Twig\vendor\twig\twig\lib\Twig\Environment.php(331): Twig_Environment->compileSource('{% if layout %}...', 'gallery.html.tw...')
#11 D:\Programs\Xampp\htdocs\CofeinWebsite\classes\Twig\vendor\twig\twig\lib\Twig\Environment.php(292): Twig_Environment->loadTemplate('gallery.html.tw...')
#12 D:\Programs\Xampp\htdocs\CofeinWebsite\classes\Main.php(89): Twig_Environment->render('gallery.html.tw...', Array)
#13 D:\Programs\Xampp\htdocs\CofeinWebsite\classes\Main.php(20): Main->render()
#14 D:\Programs\Xampp\htdocs\CofeinWebsite\classes\Main.php(122): Main->__construct()
#15 D:\Programs\Xampp\htdocs\CofeinWebsite\index.php(12): Main::getInstance()
#16 {main}

Next exception 'Twig_Error_Syntax' with message 'An exception has been thrown during the compilation of a template ("Node "1" does not exist for Node "Twig_Node".") in "gallery.html.twig".' in D:\Programs\Xampp\htdocs\CofeinWebsite\classes\Twig\vendor\twig\twig\lib\Twig\Environment.php:564
Stack trace:
#0 D:\Programs\Xampp\htdocs\CofeinWebsite\classes\Twig\vendor\twig\twig\lib\Twig\Environment.php(331): Twig_Environment->compileSource('{% if layout %}...', 'gallery.html.tw...')
#1 D:\Programs\Xampp\htdocs\CofeinWebsite\classes\Twig\vendor\twig\twig\lib\Twig\Environment.php(292): Twig_Environment->loadTemplate('gallery.html.tw...')
#2 D:\Programs\Xampp\htdocs\CofeinWebsite\classes\Main.php(89): Twig_Environment->render('gallery.html.tw...', Array)
#3 D:\Programs\Xampp\htdocs\CofeinWebsite\classes\Main.php(20): Main->render()
#4 D:\Programs\Xampp\htdocs\CofeinWebsite\classes\Main.php(122): Main->__construct()
#5 D:\Programs\Xampp\htdocs\CofeinWebsite\index.php(12): Main::getInstance()
#6 {main}


[21/05/15  15:46:15]
exception 'LogicException' with message 'Node "1" does not exist for Node "Twig_Node".' in D:\Programs\Xampp\htdocs\CofeinWebsite\classes\Twig\vendor\twig\twig\lib\Twig\Node.php:193
Stack trace:
#0 D:\Programs\Xampp\htdocs\CofeinWebsite\classes\Twig\vendor\twig\twig\lib\Twig\Node\If.php(49): Twig_Node->getNode(1)
#1 D:\Programs\Xampp\htdocs\CofeinWebsite\classes\Twig\vendor\twig\twig\lib\Twig\Node.php(108): Twig_Node_If->compile(Object(Twig_Compiler))
#2 D:\Programs\Xampp\htdocs\CofeinWebsite\classes\Twig\vendor\twig\twig\lib\Twig\Node.php(108): Twig_Node->compile(Object(Twig_Compiler))
#3 D:\Programs\Xampp\htdocs\CofeinWebsite\classes\Twig\vendor\twig\twig\lib\Twig\Compiler.php(98): Twig_Node->compile(Object(Twig_Compiler))
#4 D:\Programs\Xampp\htdocs\CofeinWebsite\classes\Twig\vendor\twig\twig\lib\Twig\Node\Module.php(109): Twig_Compiler->subcompile(Object(Twig_Node_Body))
#5 D:\Programs\Xampp\htdocs\CofeinWebsite\classes\Twig\vendor\twig\twig\lib\Twig\Node\Module.php(61): Twig_Node_Module->compileDisplayBody(Object(Twig_Compiler))
#6 D:\Programs\Xampp\htdocs\CofeinWebsite\classes\Twig\vendor\twig\twig\lib\Twig\Node\Module.php(38): Twig_Node_Module->compileTemplate(Object(Twig_Compiler))
#7 D:\Programs\Xampp\htdocs\CofeinWebsite\classes\Twig\vendor\twig\twig\lib\Twig\Compiler.php(87): Twig_Node_Module->compile(Object(Twig_Compiler))
#8 D:\Programs\Xampp\htdocs\CofeinWebsite\classes\Twig\vendor\twig\twig\lib\Twig\Environment.php(543): Twig_Compiler->compile(Object(Twig_Node_Module))
#9 D:\Programs\Xampp\htdocs\CofeinWebsite\classes\Twig\vendor\twig\twig\lib\Twig\Environment.php(559): Twig_Environment->compile(Object(Twig_Node_Module))
#10 D:\Programs\Xampp\htdocs\CofeinWebsite\classes\Twig\vendor\twig\twig\lib\Twig\Environment.php(331): Twig_Environment->compileSource('{% if layout %}...', 'gallery.html.tw...')
#11 D:\Programs\Xampp\htdocs\CofeinWebsite\classes\Twig\vendor\twig\twig\lib\Twig\Environment.php(292): Twig_Environment->loadTemplate('gallery.html.tw...')
#12 D:\Programs\Xampp\htdocs\CofeinWebsite\classes\Main.php(89): Twig_Environment->render('gallery.html.tw...', Array)
#13 D:\Programs\Xampp\htdocs\CofeinWebsite\classes\Main.php(20): Main->render()
#14 D:\Programs\Xampp\htdocs\CofeinWebsite\classes\Main.php(122): Main->__construct()
#15 D:\Programs\Xampp\htdocs\CofeinWebsite\index.php(12): Main::getInstance()
#16 {main}

Next exception 'Twig_Error_Syntax' with message 'An exception has been thrown during the compilation of a template ("Node "1" does not exist for Node "Twig_Node".") in "gallery.html.twig".' in D:\Programs\Xampp\htdocs\CofeinWebsite\classes\Twig\vendor\twig\twig\lib\Twig\Environment.php:564
Stack trace:
#0 D:\Programs\Xampp\htdocs\CofeinWebsite\classes\Twig\vendor\twig\twig\lib\Twig\Environment.php(331): Twig_Environment->compileSource('{% if layout %}...', 'gallery.html.tw...')
#1 D:\Programs\Xampp\htdocs\CofeinWebsite\classes\Twig\vendor\twig\twig\lib\Twig\Environment.php(292): Twig_Environment->loadTemplate('gallery.html.tw...')
#2 D:\Programs\Xampp\htdocs\CofeinWebsite\classes\Main.php(89): Twig_Environment->render('gallery.html.tw...', Array)
#3 D:\Programs\Xampp\htdocs\CofeinWebsite\classes\Main.php(20): Main->render()
#4 D:\Programs\Xampp\htdocs\CofeinWebsite\classes\Main.php(122): Main->__construct()
#5 D:\Programs\Xampp\htdocs\CofeinWebsite\index.php(12): Main::getInstance()
#6 {main}


[21/05/15  15:46:24]
exception 'LogicException' with message 'Node "1" does not exist for Node "Twig_Node".' in D:\Programs\Xampp\htdocs\CofeinWebsite\classes\Twig\vendor\twig\twig\lib\Twig\Node.php:193
Stack trace:
#0 D:\Programs\Xampp\htdocs\CofeinWebsite\classes\Twig\vendor\twig\twig\lib\Twig\Node\If.php(49): Twig_Node->getNode(1)
#1 D:\Programs\Xampp\htdocs\CofeinWebsite\classes\Twig\vendor\twig\twig\lib\Twig\Node.php(108): Twig_Node_If->compile(Object(Twig_Compiler))
#2 D:\Programs\Xampp\htdocs\CofeinWebsite\classes\Twig\vendor\twig\twig\lib\Twig\Node.php(108): Twig_Node->compile(Object(Twig_Compiler))
#3 D:\Programs\Xampp\htdocs\CofeinWebsite\classes\Twig\vendor\twig\twig\lib\Twig\Compiler.php(98): Twig_Node->compile(Object(Twig_Compiler))
#4 D:\Programs\Xampp\htdocs\CofeinWebsite\classes\Twig\vendor\twig\twig\lib\Twig\Node\Module.php(109): Twig_Compiler->subcompile(Object(Twig_Node_Body))
#5 D:\Programs\Xampp\htdocs\CofeinWebsite\classes\Twig\vendor\twig\twig\lib\Twig\Node\Module.php(61): Twig_Node_Module->compileDisplayBody(Object(Twig_Compiler))
#6 D:\Programs\Xampp\htdocs\CofeinWebsite\classes\Twig\vendor\twig\twig\lib\Twig\Node\Module.php(38): Twig_Node_Module->compileTemplate(Object(Twig_Compiler))
#7 D:\Programs\Xampp\htdocs\CofeinWebsite\classes\Twig\vendor\twig\twig\lib\Twig\Compiler.php(87): Twig_Node_Module->compile(Object(Twig_Compiler))
#8 D:\Programs\Xampp\htdocs\CofeinWebsite\classes\Twig\vendor\twig\twig\lib\Twig\Environment.php(543): Twig_Compiler->compile(Object(Twig_Node_Module))
#9 D:\Programs\Xampp\htdocs\CofeinWebsite\classes\Twig\vendor\twig\twig\lib\Twig\Environment.php(559): Twig_Environment->compile(Object(Twig_Node_Module))
#10 D:\Programs\Xampp\htdocs\CofeinWebsite\classes\Twig\vendor\twig\twig\lib\Twig\Environment.php(331): Twig_Environment->compileSource('{% if layout %}...', 'gallery.html.tw...')
#11 D:\Programs\Xampp\htdocs\CofeinWebsite\classes\Twig\vendor\twig\twig\lib\Twig\Environment.php(292): Twig_Environment->loadTemplate('gallery.html.tw...')
#12 D:\Programs\Xampp\htdocs\CofeinWebsite\classes\Main.php(89): Twig_Environment->render('gallery.html.tw...', Array)
#13 D:\Programs\Xampp\htdocs\CofeinWebsite\classes\Main.php(20): Main->render()
#14 D:\Programs\Xampp\htdocs\CofeinWebsite\classes\Main.php(122): Main->__construct()
#15 D:\Programs\Xampp\htdocs\CofeinWebsite\index.php(12): Main::getInstance()
#16 {main}

Next exception 'Twig_Error_Syntax' with message 'An exception has been thrown during the compilation of a template ("Node "1" does not exist for Node "Twig_Node".") in "gallery.html.twig".' in D:\Programs\Xampp\htdocs\CofeinWebsite\classes\Twig\vendor\twig\twig\lib\Twig\Environment.php:564
Stack trace:
#0 D:\Programs\Xampp\htdocs\CofeinWebsite\classes\Twig\vendor\twig\twig\lib\Twig\Environment.php(331): Twig_Environment->compileSource('{% if layout %}...', 'gallery.html.tw...')
#1 D:\Programs\Xampp\htdocs\CofeinWebsite\classes\Twig\vendor\twig\twig\lib\Twig\Environment.php(292): Twig_Environment->loadTemplate('gallery.html.tw...')
#2 D:\Programs\Xampp\htdocs\CofeinWebsite\classes\Main.php(89): Twig_Environment->render('gallery.html.tw...', Array)
#3 D:\Programs\Xampp\htdocs\CofeinWebsite\classes\Main.php(20): Main->render()
#4 D:\Programs\Xampp\htdocs\CofeinWebsite\classes\Main.php(122): Main->__construct()
#5 D:\Programs\Xampp\htdocs\CofeinWebsite\index.php(12): Main::getInstance()
#6 {main}


[21/05/15  15:47:54]
exception 'Twig_Error_Loader' with message 'Unable to find template "" (looked into: views/layouts, views/templates) in "gallery.html.twig".' in D:\Programs\Xampp\htdocs\CofeinWebsite\classes\Twig\vendor\twig\twig\lib\Twig\Loader\Filesystem.php:191
Stack trace:
#0 D:\Programs\Xampp\htdocs\CofeinWebsite\classes\Twig\vendor\twig\twig\lib\Twig\Loader\Filesystem.php(138): Twig_Loader_Filesystem->findTemplate(false)
#1 D:\Programs\Xampp\htdocs\CofeinWebsite\classes\Twig\vendor\twig\twig\lib\Twig\Environment.php(265): Twig_Loader_Filesystem->getCacheKey(false)
#2 D:\Programs\Xampp\htdocs\CofeinWebsite\classes\Twig\vendor\twig\twig\lib\Twig\Environment.php(323): Twig_Environment->getTemplateClass(false, NULL)
#3 D:\Programs\Xampp\htdocs\CofeinWebsite\classes\Twig\vendor\twig\twig\lib\Twig\Environment.php(397): Twig_Environment->loadTemplate(false)
#4 D:\Programs\Xampp\htdocs\CofeinWebsite\classes\Twig\vendor\twig\twig\lib\Twig\Environment.php(331) : eval()'d code(17): Twig_Environment->resolveTemplate(false)
#5 D:\Programs\Xampp\htdocs\CofeinWebsite\classes\Twig\vendor\twig\twig\lib\Twig\Template.php(69): __TwigTemplate_078f565cadb31b8dba98e88f0d410071d3ea018238bcdcade20f84caa35fb61f->doGetParent(Array)
#6 D:\Programs\Xampp\htdocs\CofeinWebsite\classes\Twig\vendor\twig\twig\lib\Twig\Environment.php(331) : eval()'d code(22): Twig_Template->getParent(Array)
#7 D:\Programs\Xampp\htdocs\CofeinWebsite\classes\Twig\vendor\twig\twig\lib\Twig\Template.php(279): __TwigTemplate_078f565cadb31b8dba98e88f0d410071d3ea018238bcdcade20f84caa35fb61f->doDisplay(Array, Array)
#8 D:\Programs\Xampp\htdocs\CofeinWebsite\classes\Twig\vendor\twig\twig\lib\Twig\Template.php(253): Twig_Template->displayWithErrorHandling(Array, Array)
#9 D:\Programs\Xampp\htdocs\CofeinWebsite\classes\Twig\vendor\twig\twig\lib\Twig\Template.php(264): Twig_Template->display(Array)
#10 D:\Programs\Xampp\htdocs\CofeinWebsite\classes\Twig\vendor\twig\twig\lib\Twig\Environment.php(292): Twig_Template->render(Array)
#11 D:\Programs\Xampp\htdocs\CofeinWebsite\classes\Main.php(89): Twig_Environment->render('gallery.html.tw...', Array)
#12 D:\Programs\Xampp\htdocs\CofeinWebsite\classes\Main.php(20): Main->render()
#13 D:\Programs\Xampp\htdocs\CofeinWebsite\classes\Main.php(122): Main->__construct()
#14 D:\Programs\Xampp\htdocs\CofeinWebsite\index.php(12): Main::getInstance()
#15 {main}


[26/05/15  13:31:51]
exception 'Exception' with message 'Bad request.' in D:\Programs\Xampp\htdocs\CofeinWebsite\classes\Main.php:45
Stack trace:
#0 D:\Programs\Xampp\htdocs\CofeinWebsite\classes\Main.php(20): Main->createPage()
#1 D:\Programs\Xampp\htdocs\CofeinWebsite\classes\Main.php(122): Main->__construct()
#2 D:\Programs\Xampp\htdocs\CofeinWebsite\index.php(12): Main::getInstance()
#3 {main}


[27/05/15  14:12:31]
exception 'PDOException' with message 'SQLSTATE[42S02]: Base table or view not found: 1146 Table 'cofein.shop_bg' doesn't exist' in D:\Programs\Xampp\htdocs\CofeinWebsite\classes\Database.php:33
Stack trace:
#0 D:\Programs\Xampp\htdocs\CofeinWebsite\classes\Database.php(33): PDOStatement->execute(Array)
#1 D:\Programs\Xampp\htdocs\CofeinWebsite\classes\Shop.php(24): Database->execute()
#2 D:\Programs\Xampp\htdocs\CofeinWebsite\classes\Main.php(63): Shop->getContent()
#3 D:\Programs\Xampp\htdocs\CofeinWebsite\classes\Main.php(43): Main->setContent()
#4 D:\Programs\Xampp\htdocs\CofeinWebsite\classes\Main.php(20): Main->createPage()
#5 D:\Programs\Xampp\htdocs\CofeinWebsite\classes\Main.php(122): Main->__construct()
#6 D:\Programs\Xampp\htdocs\CofeinWebsite\index.php(12): Main::getInstance()
#7 {main}


[27/05/15  14:12:51]
exception 'PDOException' with message 'SQLSTATE[42S02]: Base table or view not found: 1146 Table 'cofein.shop_bg' doesn't exist' in D:\Programs\Xampp\htdocs\CofeinWebsite\classes\Database.php:33
Stack trace:
#0 D:\Programs\Xampp\htdocs\CofeinWebsite\classes\Database.php(33): PDOStatement->execute(Array)
#1 D:\Programs\Xampp\htdocs\CofeinWebsite\classes\Shop.php(24): Database->execute()
#2 D:\Programs\Xampp\htdocs\CofeinWebsite\classes\Main.php(63): Shop->getContent()
#3 D:\Programs\Xampp\htdocs\CofeinWebsite\classes\Main.php(43): Main->setContent()
#4 D:\Programs\Xampp\htdocs\CofeinWebsite\classes\Main.php(20): Main->createPage()
#5 D:\Programs\Xampp\htdocs\CofeinWebsite\classes\Main.php(122): Main->__construct()
#6 D:\Programs\Xampp\htdocs\CofeinWebsite\index.php(12): Main::getInstance()
#7 {main}


[27/05/15  14:17:01]
exception 'Exception' with message 'Bad request.' in D:\Programs\Xampp\htdocs\CofeinWebsite\classes\Main.php:45
Stack trace:
#0 D:\Programs\Xampp\htdocs\CofeinWebsite\classes\Main.php(20): Main->createPage()
#1 D:\Programs\Xampp\htdocs\CofeinWebsite\classes\Main.php(122): Main->__construct()
#2 D:\Programs\Xampp\htdocs\CofeinWebsite\index.php(12): Main::getInstance()
#3 {main}


[27/05/15  14:17:45]
exception 'PDOException' with message 'SQLSTATE[42S02]: Base table or view not found: 1146 Table 'cofein.shop_bg' doesn't exist' in D:\Programs\Xampp\htdocs\CofeinWebsite\classes\Database.php:33
Stack trace:
#0 D:\Programs\Xampp\htdocs\CofeinWebsite\classes\Database.php(33): PDOStatement->execute(Array)
#1 D:\Programs\Xampp\htdocs\CofeinWebsite\classes\Shop.php(24): Database->execute()
#2 D:\Programs\Xampp\htdocs\CofeinWebsite\classes\Main.php(63): Shop->getContent()
#3 D:\Programs\Xampp\htdocs\CofeinWebsite\classes\Main.php(43): Main->setContent()
#4 D:\Programs\Xampp\htdocs\CofeinWebsite\classes\Main.php(20): Main->createPage()
#5 D:\Programs\Xampp\htdocs\CofeinWebsite\classes\Main.php(122): Main->__construct()
#6 D:\Programs\Xampp\htdocs\CofeinWebsite\index.php(12): Main::getInstance()
#7 {main}


[27/05/15  14:17:53]
exception 'Exception' with message 'Bad request.' in D:\Programs\Xampp\htdocs\CofeinWebsite\classes\Main.php:45
Stack trace:
#0 D:\Programs\Xampp\htdocs\CofeinWebsite\classes\Main.php(20): Main->createPage()
#1 D:\Programs\Xampp\htdocs\CofeinWebsite\classes\Main.php(122): Main->__construct()
#2 D:\Programs\Xampp\htdocs\CofeinWebsite\index.php(12): Main::getInstance()
#3 {main}


[27/05/15  14:17:56]
exception 'Exception' with message 'Bad request.' in D:\Programs\Xampp\htdocs\CofeinWebsite\classes\Main.php:45
Stack trace:
#0 D:\Programs\Xampp\htdocs\CofeinWebsite\classes\Main.php(20): Main->createPage()
#1 D:\Programs\Xampp\htdocs\CofeinWebsite\classes\Main.php(122): Main->__construct()
#2 D:\Programs\Xampp\htdocs\CofeinWebsite\index.php(12): Main::getInstance()
#3 {main}


[27/05/15  14:17:57]
exception 'Exception' with message 'Bad request.' in D:\Programs\Xampp\htdocs\CofeinWebsite\classes\Main.php:45
Stack trace:
#0 D:\Programs\Xampp\htdocs\CofeinWebsite\classes\Main.php(20): Main->createPage()
#1 D:\Programs\Xampp\htdocs\CofeinWebsite\classes\Main.php(122): Main->__construct()
#2 D:\Programs\Xampp\htdocs\CofeinWebsite\index.php(12): Main::getInstance()
#3 {main}


[27/05/15  14:18:00]
exception 'Exception' with message 'Bad request.' in D:\Programs\Xampp\htdocs\CofeinWebsite\classes\Main.php:45
Stack trace:
#0 D:\Programs\Xampp\htdocs\CofeinWebsite\classes\Main.php(20): Main->createPage()
#1 D:\Programs\Xampp\htdocs\CofeinWebsite\classes\Main.php(122): Main->__construct()
#2 D:\Programs\Xampp\htdocs\CofeinWebsite\index.php(12): Main::getInstance()
#3 {main}


[27/05/15  14:18:59]
exception 'Exception' with message 'Bad request.' in D:\Programs\Xampp\htdocs\CofeinWebsite\classes\Main.php:45
Stack trace:
#0 D:\Programs\Xampp\htdocs\CofeinWebsite\classes\Main.php(20): Main->createPage()
#1 D:\Programs\Xampp\htdocs\CofeinWebsite\classes\Main.php(122): Main->__construct()
#2 D:\Programs\Xampp\htdocs\CofeinWebsite\index.php(12): Main::getInstance()
#3 {main}


[27/05/15  14:19:00]
exception 'Exception' with message 'Bad request.' in D:\Programs\Xampp\htdocs\CofeinWebsite\classes\Main.php:45
Stack trace:
#0 D:\Programs\Xampp\htdocs\CofeinWebsite\classes\Main.php(20): Main->createPage()
#1 D:\Programs\Xampp\htdocs\CofeinWebsite\classes\Main.php(122): Main->__construct()
#2 D:\Programs\Xampp\htdocs\CofeinWebsite\index.php(12): Main::getInstance()
#3 {main}


[27/05/15  14:19:01]
exception 'Exception' with message 'Bad request.' in D:\Programs\Xampp\htdocs\CofeinWebsite\classes\Main.php:45
Stack trace:
#0 D:\Programs\Xampp\htdocs\CofeinWebsite\classes\Main.php(20): Main->createPage()
#1 D:\Programs\Xampp\htdocs\CofeinWebsite\classes\Main.php(122): Main->__construct()
#2 D:\Programs\Xampp\htdocs\CofeinWebsite\index.php(12): Main::getInstance()
#3 {main}


[27/05/15  14:19:03]
exception 'Exception' with message 'Bad request.' in D:\Programs\Xampp\htdocs\CofeinWebsite\classes\Main.php:45
Stack trace:
#0 D:\Programs\Xampp\htdocs\CofeinWebsite\classes\Main.php(20): Main->createPage()
#1 D:\Programs\Xampp\htdocs\CofeinWebsite\classes\Main.php(122): Main->__construct()
#2 D:\Programs\Xampp\htdocs\CofeinWebsite\index.php(12): Main::getInstance()
#3 {main}


[27/05/15  14:19:05]
exception 'Exception' with message 'Bad request.' in D:\Programs\Xampp\htdocs\CofeinWebsite\classes\Main.php:45
Stack trace:
#0 D:\Programs\Xampp\htdocs\CofeinWebsite\classes\Main.php(20): Main->createPage()
#1 D:\Programs\Xampp\htdocs\CofeinWebsite\classes\Main.php(122): Main->__construct()
#2 D:\Programs\Xampp\htdocs\CofeinWebsite\index.php(12): Main::getInstance()
#3 {main}


[27/05/15  14:19:07]
exception 'Exception' with message 'Bad request.' in D:\Programs\Xampp\htdocs\CofeinWebsite\classes\Main.php:45
Stack trace:
#0 D:\Programs\Xampp\htdocs\CofeinWebsite\classes\Main.php(20): Main->createPage()
#1 D:\Programs\Xampp\htdocs\CofeinWebsite\classes\Main.php(122): Main->__construct()
#2 D:\Programs\Xampp\htdocs\CofeinWebsite\index.php(12): Main::getInstance()
#3 {main}


[27/05/15  14:19:08]
exception 'Exception' with message 'Bad request.' in D:\Programs\Xampp\htdocs\CofeinWebsite\classes\Main.php:45
Stack trace:
#0 D:\Programs\Xampp\htdocs\CofeinWebsite\classes\Main.php(20): Main->createPage()
#1 D:\Programs\Xampp\htdocs\CofeinWebsite\classes\Main.php(122): Main->__construct()
#2 D:\Programs\Xampp\htdocs\CofeinWebsite\index.php(12): Main::getInstance()
#3 {main}


[27/05/15  14:19:14]
exception 'Exception' with message 'Bad request.' in D:\Programs\Xampp\htdocs\CofeinWebsite\classes\Main.php:45
Stack trace:
#0 D:\Programs\Xampp\htdocs\CofeinWebsite\classes\Main.php(20): Main->createPage()
#1 D:\Programs\Xampp\htdocs\CofeinWebsite\classes\Main.php(122): Main->__construct()
#2 D:\Programs\Xampp\htdocs\CofeinWebsite\index.php(12): Main::getInstance()
#3 {main}


[27/05/15  14:19:15]
exception 'Exception' with message 'Bad request.' in D:\Programs\Xampp\htdocs\CofeinWebsite\classes\Main.php:45
Stack trace:
#0 D:\Programs\Xampp\htdocs\CofeinWebsite\classes\Main.php(20): Main->createPage()
#1 D:\Programs\Xampp\htdocs\CofeinWebsite\classes\Main.php(122): Main->__construct()
#2 D:\Programs\Xampp\htdocs\CofeinWebsite\index.php(12): Main::getInstance()
#3 {main}


[27/05/15  14:19:16]
exception 'Exception' with message 'Bad request.' in D:\Programs\Xampp\htdocs\CofeinWebsite\classes\Main.php:45
Stack trace:
#0 D:\Programs\Xampp\htdocs\CofeinWebsite\classes\Main.php(20): Main->createPage()
#1 D:\Programs\Xampp\htdocs\CofeinWebsite\classes\Main.php(122): Main->__construct()
#2 D:\Programs\Xampp\htdocs\CofeinWebsite\index.php(12): Main::getInstance()
#3 {main}


[27/05/15  14:19:25]
exception 'Exception' with message 'Bad request.' in D:\Programs\Xampp\htdocs\CofeinWebsite\classes\Main.php:45
Stack trace:
#0 D:\Programs\Xampp\htdocs\CofeinWebsite\classes\Main.php(20): Main->createPage()
#1 D:\Programs\Xampp\htdocs\CofeinWebsite\classes\Main.php(122): Main->__construct()
#2 D:\Programs\Xampp\htdocs\CofeinWebsite\index.php(12): Main::getInstance()
#3 {main}


[27/05/15  14:19:35]
exception 'Exception' with message 'Bad request.' in D:\Programs\Xampp\htdocs\CofeinWebsite\classes\Main.php:45
Stack trace:
#0 D:\Programs\Xampp\htdocs\CofeinWebsite\classes\Main.php(20): Main->createPage()
#1 D:\Programs\Xampp\htdocs\CofeinWebsite\classes\Main.php(122): Main->__construct()
#2 D:\Programs\Xampp\htdocs\CofeinWebsite\index.php(12): Main::getInstance()
#3 {main}


[27/05/15  14:19:36]
exception 'Exception' with message 'Bad request.' in D:\Programs\Xampp\htdocs\CofeinWebsite\classes\Main.php:45
Stack trace:
#0 D:\Programs\Xampp\htdocs\CofeinWebsite\classes\Main.php(20): Main->createPage()
#1 D:\Programs\Xampp\htdocs\CofeinWebsite\classes\Main.php(122): Main->__construct()
#2 D:\Programs\Xampp\htdocs\CofeinWebsite\index.php(12): Main::getInstance()
#3 {main}


[27/05/15  14:19:45]
exception 'Exception' with message 'Bad request.' in D:\Programs\Xampp\htdocs\CofeinWebsite\classes\Main.php:45
Stack trace:
#0 D:\Programs\Xampp\htdocs\CofeinWebsite\classes\Main.php(20): Main->createPage()
#1 D:\Programs\Xampp\htdocs\CofeinWebsite\classes\Main.php(122): Main->__construct()
#2 D:\Programs\Xampp\htdocs\CofeinWebsite\index.php(12): Main::getInstance()
#3 {main}


[27/05/15  14:19:46]
exception 'Exception' with message 'Bad request.' in D:\Programs\Xampp\htdocs\CofeinWebsite\classes\Main.php:45
Stack trace:
#0 D:\Programs\Xampp\htdocs\CofeinWebsite\classes\Main.php(20): Main->createPage()
#1 D:\Programs\Xampp\htdocs\CofeinWebsite\classes\Main.php(122): Main->__construct()
#2 D:\Programs\Xampp\htdocs\CofeinWebsite\index.php(12): Main::getInstance()
#3 {main}


[27/05/15  15:49:24]
exception 'Twig_Error_Loader' with message 'The "CofeinWebsite/views/layouts/" directory does not exist.' in D:\Programs\Xampp\htdocs\CofeinWebsite\classes\Twig\vendor\twig\twig\lib\Twig\Loader\Filesystem.php:93
Stack trace:
#0 D:\Programs\Xampp\htdocs\CofeinWebsite\classes\Twig\vendor\twig\twig\lib\Twig\Loader\Filesystem.php(75): Twig_Loader_Filesystem->addPath('CofeinWebsite/v...', '__main__')
#1 D:\Programs\Xampp\htdocs\CofeinWebsite\classes\Twig\vendor\twig\twig\lib\Twig\Loader\Filesystem.php(33): Twig_Loader_Filesystem->setPaths(Array)
#2 D:\Programs\Xampp\htdocs\CofeinWebsite\classes\Main.php(80): Twig_Loader_Filesystem->__construct(Array)
#3 D:\Programs\Xampp\htdocs\CofeinWebsite\classes\Main.php(21): Main->render()
#4 D:\Programs\Xampp\htdocs\CofeinWebsite\classes\Main.php(124): Main->__construct()
#5 D:\Programs\Xampp\htdocs\CofeinWebsite\index.php(12): Main::getInstance()
#6 {main}


[29/05/15  11:06:00]
exception 'Twig_Error_Loader' with message 'Unable to find template "" (looked into: views/layouts, views/templates) in "admin_login.html.twig".' in D:\Programs\Xampp\htdocs\CofeinWebsite\classes\Twig\vendor\twig\twig\lib\Twig\Loader\Filesystem.php:191
Stack trace:
#0 D:\Programs\Xampp\htdocs\CofeinWebsite\classes\Twig\vendor\twig\twig\lib\Twig\Loader\Filesystem.php(138): Twig_Loader_Filesystem->findTemplate(false)
#1 D:\Programs\Xampp\htdocs\CofeinWebsite\classes\Twig\vendor\twig\twig\lib\Twig\Environment.php(265): Twig_Loader_Filesystem->getCacheKey(false)
#2 D:\Programs\Xampp\htdocs\CofeinWebsite\classes\Twig\vendor\twig\twig\lib\Twig\Environment.php(323): Twig_Environment->getTemplateClass(false, NULL)
#3 D:\Programs\Xampp\htdocs\CofeinWebsite\classes\Twig\vendor\twig\twig\lib\Twig\Environment.php(397): Twig_Environment->loadTemplate(false)
#4 D:\Programs\Xampp\htdocs\CofeinWebsite\classes\Twig\vendor\twig\twig\lib\Twig\Environment.php(331) : eval()'d code(19): Twig_Environment->resolveTemplate(false)
#5 D:\Programs\Xampp\htdocs\CofeinWebsite\classes\Twig\vendor\twig\twig\lib\Twig\Template.php(69): __TwigTemplate_6c4db2ddf01d804a134fd7a70cd5915b3e2e335efb97925e1fdbfd47c74e4abf->doGetParent(Array)
#6 D:\Programs\Xampp\htdocs\CofeinWebsite\classes\Twig\vendor\twig\twig\lib\Twig\Environment.php(331) : eval()'d code(24): Twig_Template->getParent(Array)
#7 D:\Programs\Xampp\htdocs\CofeinWebsite\classes\Twig\vendor\twig\twig\lib\Twig\Template.php(279): __TwigTemplate_6c4db2ddf01d804a134fd7a70cd5915b3e2e335efb97925e1fdbfd47c74e4abf->doDisplay(Array, Array)
#8 D:\Programs\Xampp\htdocs\CofeinWebsite\classes\Twig\vendor\twig\twig\lib\Twig\Template.php(253): Twig_Template->displayWithErrorHandling(Array, Array)
#9 D:\Programs\Xampp\htdocs\CofeinWebsite\classes\Twig\vendor\twig\twig\lib\Twig\Template.php(264): Twig_Template->display(Array)
#10 D:\Programs\Xampp\htdocs\CofeinWebsite\classes\Twig\vendor\twig\twig\lib\Twig\Environment.php(292): Twig_Template->render(Array)
#11 D:\Programs\Xampp\htdocs\CofeinWebsite\classes\Main.php(90): Twig_Environment->render('admin_login.htm...', Array)
#12 D:\Programs\Xampp\htdocs\CofeinWebsite\classes\Main.php(20): Main->render()
#13 D:\Programs\Xampp\htdocs\CofeinWebsite\classes\Main.php(123): Main->__construct()
#14 D:\Programs\Xampp\htdocs\CofeinWebsite\index.php(12): Main::getInstance()
#15 {main}


[29/05/15  11:07:41]
exception 'Exception' with message 'Bad request.' in D:\Programs\Xampp\htdocs\CofeinWebsite\classes\Main.php:45
Stack trace:
#0 D:\Programs\Xampp\htdocs\CofeinWebsite\classes\Main.php(20): Main->createPage()
#1 D:\Programs\Xampp\htdocs\CofeinWebsite\classes\Main.php(123): Main->__construct()
#2 D:\Programs\Xampp\htdocs\CofeinWebsite\index.php(12): Main::getInstance()
#3 {main}


[29/05/15  11:09:37]
exception 'Exception' with message 'Bad request.' in D:\Programs\Xampp\htdocs\CofeinWebsite\classes\Main.php:45
Stack trace:
#0 D:\Programs\Xampp\htdocs\CofeinWebsite\classes\Main.php(20): Main->createPage()
#1 D:\Programs\Xampp\htdocs\CofeinWebsite\classes\Main.php(123): Main->__construct()
#2 D:\Programs\Xampp\htdocs\CofeinWebsite\index.php(12): Main::getInstance()
#3 {main}


[29/05/15  11:09:46]
exception 'Exception' with message 'Bad request.' in D:\Programs\Xampp\htdocs\CofeinWebsite\classes\Main.php:45
Stack trace:
#0 D:\Programs\Xampp\htdocs\CofeinWebsite\classes\Main.php(20): Main->createPage()
#1 D:\Programs\Xampp\htdocs\CofeinWebsite\classes\Main.php(123): Main->__construct()
#2 D:\Programs\Xampp\htdocs\CofeinWebsite\index.php(12): Main::getInstance()
#3 {main}


[29/05/15  11:10:01]
exception 'Exception' with message 'Bad request.' in D:\Programs\Xampp\htdocs\CofeinWebsite\classes\Main.php:45
Stack trace:
#0 D:\Programs\Xampp\htdocs\CofeinWebsite\classes\Main.php(20): Main->createPage()
#1 D:\Programs\Xampp\htdocs\CofeinWebsite\classes\Main.php(123): Main->__construct()
#2 D:\Programs\Xampp\htdocs\CofeinWebsite\index.php(12): Main::getInstance()
#3 {main}


[29/05/15  11:14:59]
exception 'Twig_Error_Loader' with message 'Unable to find template "" (looked into: views/layouts, views/templates) in "admin_login.html.twig".' in D:\Programs\Xampp\htdocs\CofeinWebsite\classes\Twig\vendor\twig\twig\lib\Twig\Loader\Filesystem.php:191
Stack trace:
#0 D:\Programs\Xampp\htdocs\CofeinWebsite\classes\Twig\vendor\twig\twig\lib\Twig\Loader\Filesystem.php(138): Twig_Loader_Filesystem->findTemplate(false)
#1 D:\Programs\Xampp\htdocs\CofeinWebsite\classes\Twig\vendor\twig\twig\lib\Twig\Environment.php(265): Twig_Loader_Filesystem->getCacheKey(false)
#2 D:\Programs\Xampp\htdocs\CofeinWebsite\classes\Twig\vendor\twig\twig\lib\Twig\Environment.php(323): Twig_Environment->getTemplateClass(false, NULL)
#3 D:\Programs\Xampp\htdocs\CofeinWebsite\classes\Twig\vendor\twig\twig\lib\Twig\Environment.php(397): Twig_Environment->loadTemplate(false)
#4 D:\Programs\Xampp\htdocs\CofeinWebsite\classes\Twig\vendor\twig\twig\lib\Twig\Environment.php(331) : eval()'d code(19): Twig_Environment->resolveTemplate(false)
#5 D:\Programs\Xampp\htdocs\CofeinWebsite\classes\Twig\vendor\twig\twig\lib\Twig\Template.php(69): __TwigTemplate_6c4db2ddf01d804a134fd7a70cd5915b3e2e335efb97925e1fdbfd47c74e4abf->doGetParent(Array)
#6 D:\Programs\Xampp\htdocs\CofeinWebsite\classes\Twig\vendor\twig\twig\lib\Twig\Environment.php(331) : eval()'d code(24): Twig_Template->getParent(Array)
#7 D:\Programs\Xampp\htdocs\CofeinWebsite\classes\Twig\vendor\twig\twig\lib\Twig\Template.php(279): __TwigTemplate_6c4db2ddf01d804a134fd7a70cd5915b3e2e335efb97925e1fdbfd47c74e4abf->doDisplay(Array, Array)
#8 D:\Programs\Xampp\htdocs\CofeinWebsite\classes\Twig\vendor\twig\twig\lib\Twig\Template.php(253): Twig_Template->displayWithErrorHandling(Array, Array)
#9 D:\Programs\Xampp\htdocs\CofeinWebsite\classes\Twig\vendor\twig\twig\lib\Twig\Template.php(264): Twig_Template->display(Array)
#10 D:\Programs\Xampp\htdocs\CofeinWebsite\classes\Twig\vendor\twig\twig\lib\Twig\Environment.php(292): Twig_Template->render(Array)
#11 D:\Programs\Xampp\htdocs\CofeinWebsite\classes\Main.php(90): Twig_Environment->render('admin_login.htm...', Array)
#12 D:\Programs\Xampp\htdocs\CofeinWebsite\classes\Main.php(20): Main->render()
#13 D:\Programs\Xampp\htdocs\CofeinWebsite\classes\Main.php(123): Main->__construct()
#14 D:\Programs\Xampp\htdocs\CofeinWebsite\index.php(12): Main::getInstance()
#15 {main}


[29/05/15  11:16:23]
exception 'Twig_Error_Loader' with message 'Unable to find template "" (looked into: views/layouts, views/templates) in "admin_login.html.twig".' in D:\Programs\Xampp\htdocs\CofeinWebsite\classes\Twig\vendor\twig\twig\lib\Twig\Loader\Filesystem.php:191
Stack trace:
#0 D:\Programs\Xampp\htdocs\CofeinWebsite\classes\Twig\vendor\twig\twig\lib\Twig\Loader\Filesystem.php(138): Twig_Loader_Filesystem->findTemplate(false)
#1 D:\Programs\Xampp\htdocs\CofeinWebsite\classes\Twig\vendor\twig\twig\lib\Twig\Environment.php(265): Twig_Loader_Filesystem->getCacheKey(false)
#2 D:\Programs\Xampp\htdocs\CofeinWebsite\classes\Twig\vendor\twig\twig\lib\Twig\Environment.php(323): Twig_Environment->getTemplateClass(false, NULL)
#3 D:\Programs\Xampp\htdocs\CofeinWebsite\classes\Twig\vendor\twig\twig\lib\Twig\Environment.php(397): Twig_Environment->loadTemplate(false)
#4 D:\Programs\Xampp\htdocs\CofeinWebsite\classes\Twig\vendor\twig\twig\lib\Twig\Environment.php(331) : eval()'d code(19): Twig_Environment->resolveTemplate(false)
#5 D:\Programs\Xampp\htdocs\CofeinWebsite\classes\Twig\vendor\twig\twig\lib\Twig\Template.php(69): __TwigTemplate_6c4db2ddf01d804a134fd7a70cd5915b3e2e335efb97925e1fdbfd47c74e4abf->doGetParent(Array)
#6 D:\Programs\Xampp\htdocs\CofeinWebsite\classes\Twig\vendor\twig\twig\lib\Twig\Environment.php(331) : eval()'d code(24): Twig_Template->getParent(Array)
#7 D:\Programs\Xampp\htdocs\CofeinWebsite\classes\Twig\vendor\twig\twig\lib\Twig\Template.php(279): __TwigTemplate_6c4db2ddf01d804a134fd7a70cd5915b3e2e335efb97925e1fdbfd47c74e4abf->doDisplay(Array, Array)
#8 D:\Programs\Xampp\htdocs\CofeinWebsite\classes\Twig\vendor\twig\twig\lib\Twig\Template.php(253): Twig_Template->displayWithErrorHandling(Array, Array)
#9 D:\Programs\Xampp\htdocs\CofeinWebsite\classes\Twig\vendor\twig\twig\lib\Twig\Template.php(264): Twig_Template->display(Array)
#10 D:\Programs\Xampp\htdocs\CofeinWebsite\classes\Twig\vendor\twig\twig\lib\Twig\Environment.php(292): Twig_Template->render(Array)
#11 D:\Programs\Xampp\htdocs\CofeinWebsite\classes\Main.php(91): Twig_Environment->render('admin_login.htm...', Array)
#12 D:\Programs\Xampp\htdocs\CofeinWebsite\classes\Main.php(20): Main->render()
#13 D:\Programs\Xampp\htdocs\CofeinWebsite\classes\Main.php(124): Main->__construct()
#14 D:\Programs\Xampp\htdocs\CofeinWebsite\index.php(12): Main::getInstance()
#15 {main}


[29/05/15  11:17:19]
exception 'Twig_Error_Loader' with message 'Unable to find template "admin_login.hmtl.twig" (looked into: views/layouts, views/templates).' in D:\Programs\Xampp\htdocs\CofeinWebsite\classes\Twig\vendor\twig\twig\lib\Twig\Loader\Filesystem.php:191
Stack trace:
#0 D:\Programs\Xampp\htdocs\CofeinWebsite\classes\Twig\vendor\twig\twig\lib\Twig\Loader\Filesystem.php(138): Twig_Loader_Filesystem->findTemplate('admin_login.hmt...')
#1 D:\Programs\Xampp\htdocs\CofeinWebsite\classes\Twig\vendor\twig\twig\lib\Twig\Environment.php(265): Twig_Loader_Filesystem->getCacheKey('admin_login.hmt...')
#2 D:\Programs\Xampp\htdocs\CofeinWebsite\classes\Twig\vendor\twig\twig\lib\Twig\Environment.php(323): Twig_Environment->getTemplateClass('admin_login.hmt...', NULL)
#3 D:\Programs\Xampp\htdocs\CofeinWebsite\classes\Twig\vendor\twig\twig\lib\Twig\Environment.php(292): Twig_Environment->loadTemplate('admin_login.hmt...')
#4 D:\Programs\Xampp\htdocs\CofeinWebsite\classes\Main.php(90): Twig_Environment->render('admin_login.hmt...', Array)
#5 D:\Programs\Xampp\htdocs\CofeinWebsite\classes\Main.php(20): Main->render()
#6 D:\Programs\Xampp\htdocs\CofeinWebsite\classes\Main.php(123): Main->__construct()
#7 D:\Programs\Xampp\htdocs\CofeinWebsite\index.php(12): Main::getInstance()
#8 {main}


[29/05/15  11:18:38]
exception 'Twig_Error_Loader' with message 'Unable to find template "" (looked into: views/layouts, views/templates) in "admin_login.html.twig".' in D:\Programs\Xampp\htdocs\CofeinWebsite\classes\Twig\vendor\twig\twig\lib\Twig\Loader\Filesystem.php:191
Stack trace:
#0 D:\Programs\Xampp\htdocs\CofeinWebsite\classes\Twig\vendor\twig\twig\lib\Twig\Loader\Filesystem.php(138): Twig_Loader_Filesystem->findTemplate(false)
#1 D:\Programs\Xampp\htdocs\CofeinWebsite\classes\Twig\vendor\twig\twig\lib\Twig\Environment.php(265): Twig_Loader_Filesystem->getCacheKey(false)
#2 D:\Programs\Xampp\htdocs\CofeinWebsite\classes\Twig\vendor\twig\twig\lib\Twig\Environment.php(323): Twig_Environment->getTemplateClass(false, NULL)
#3 D:\Programs\Xampp\htdocs\CofeinWebsite\classes\Twig\vendor\twig\twig\lib\Twig\Environment.php(397): Twig_Environment->loadTemplate(false)
#4 D:\Programs\Xampp\htdocs\CofeinWebsite\classes\Twig\vendor\twig\twig\lib\Twig\Environment.php(331) : eval()'d code(19): Twig_Environment->resolveTemplate(false)
#5 D:\Programs\Xampp\htdocs\CofeinWebsite\classes\Twig\vendor\twig\twig\lib\Twig\Template.php(69): __TwigTemplate_6c4db2ddf01d804a134fd7a70cd5915b3e2e335efb97925e1fdbfd47c74e4abf->doGetParent(Array)
#6 D:\Programs\Xampp\htdocs\CofeinWebsite\classes\Twig\vendor\twig\twig\lib\Twig\Environment.php(331) : eval()'d code(24): Twig_Template->getParent(Array)
#7 D:\Programs\Xampp\htdocs\CofeinWebsite\classes\Twig\vendor\twig\twig\lib\Twig\Template.php(279): __TwigTemplate_6c4db2ddf01d804a134fd7a70cd5915b3e2e335efb97925e1fdbfd47c74e4abf->doDisplay(Array, Array)
#8 D:\Programs\Xampp\htdocs\CofeinWebsite\classes\Twig\vendor\twig\twig\lib\Twig\Template.php(253): Twig_Template->displayWithErrorHandling(Array, Array)
#9 D:\Programs\Xampp\htdocs\CofeinWebsite\classes\Twig\vendor\twig\twig\lib\Twig\Template.php(264): Twig_Template->display(Array)
#10 D:\Programs\Xampp\htdocs\CofeinWebsite\classes\Twig\vendor\twig\twig\lib\Twig\Environment.php(292): Twig_Template->render(Array)
#11 D:\Programs\Xampp\htdocs\CofeinWebsite\classes\Main.php(90): Twig_Environment->render('admin_login.htm...', Array)
#12 D:\Programs\Xampp\htdocs\CofeinWebsite\classes\Main.php(20): Main->render()
#13 D:\Programs\Xampp\htdocs\CofeinWebsite\classes\Main.php(123): Main->__construct()
#14 D:\Programs\Xampp\htdocs\CofeinWebsite\index.php(12): Main::getInstance()
#15 {main}


[29/05/15  11:18:50]
exception 'Twig_Error_Loader' with message 'Unable to find template "" (looked into: views/layouts, views/templates) in "admin_login.html.twig".' in D:\Programs\Xampp\htdocs\CofeinWebsite\classes\Twig\vendor\twig\twig\lib\Twig\Loader\Filesystem.php:191
Stack trace:
#0 D:\Programs\Xampp\htdocs\CofeinWebsite\classes\Twig\vendor\twig\twig\lib\Twig\Loader\Filesystem.php(138): Twig_Loader_Filesystem->findTemplate(false)
#1 D:\Programs\Xampp\htdocs\CofeinWebsite\classes\Twig\vendor\twig\twig\lib\Twig\Environment.php(265): Twig_Loader_Filesystem->getCacheKey(false)
#2 D:\Programs\Xampp\htdocs\CofeinWebsite\classes\Twig\vendor\twig\twig\lib\Twig\Environment.php(323): Twig_Environment->getTemplateClass(false, NULL)
#3 D:\Programs\Xampp\htdocs\CofeinWebsite\classes\Twig\vendor\twig\twig\lib\Twig\Environment.php(397): Twig_Environment->loadTemplate(false)
#4 D:\Programs\Xampp\htdocs\CofeinWebsite\classes\Twig\vendor\twig\twig\lib\Twig\Environment.php(331) : eval()'d code(19): Twig_Environment->resolveTemplate(false)
#5 D:\Programs\Xampp\htdocs\CofeinWebsite\classes\Twig\vendor\twig\twig\lib\Twig\Template.php(69): __TwigTemplate_6c4db2ddf01d804a134fd7a70cd5915b3e2e335efb97925e1fdbfd47c74e4abf->doGetParent(Array)
#6 D:\Programs\Xampp\htdocs\CofeinWebsite\classes\Twig\vendor\twig\twig\lib\Twig\Environment.php(331) : eval()'d code(24): Twig_Template->getParent(Array)
#7 D:\Programs\Xampp\htdocs\CofeinWebsite\classes\Twig\vendor\twig\twig\lib\Twig\Template.php(279): __TwigTemplate_6c4db2ddf01d804a134fd7a70cd5915b3e2e335efb97925e1fdbfd47c74e4abf->doDisplay(Array, Array)
#8 D:\Programs\Xampp\htdocs\CofeinWebsite\classes\Twig\vendor\twig\twig\lib\Twig\Template.php(253): Twig_Template->displayWithErrorHandling(Array, Array)
#9 D:\Programs\Xampp\htdocs\CofeinWebsite\classes\Twig\vendor\twig\twig\lib\Twig\Template.php(264): Twig_Template->display(Array)
#10 D:\Programs\Xampp\htdocs\CofeinWebsite\classes\Twig\vendor\twig\twig\lib\Twig\Environment.php(292): Twig_Template->render(Array)
#11 D:\Programs\Xampp\htdocs\CofeinWebsite\classes\Main.php(90): Twig_Environment->render('admin_login.htm...', Array)
#12 D:\Programs\Xampp\htdocs\CofeinWebsite\classes\Main.php(20): Main->render()
#13 D:\Programs\Xampp\htdocs\CofeinWebsite\classes\Main.php(123): Main->__construct()
#14 D:\Programs\Xampp\htdocs\CofeinWebsite\index.php(12): Main::getInstance()
#15 {main}


[29/05/15  11:20:20]
exception 'Twig_Error_Loader' with message 'Unable to find template "" (looked into: views/layouts, views/templates) in "admin_login.html.twig".' in D:\Programs\Xampp\htdocs\CofeinWebsite\classes\Twig\vendor\twig\twig\lib\Twig\Loader\Filesystem.php:191
Stack trace:
#0 D:\Programs\Xampp\htdocs\CofeinWebsite\classes\Twig\vendor\twig\twig\lib\Twig\Loader\Filesystem.php(138): Twig_Loader_Filesystem->findTemplate(false)
#1 D:\Programs\Xampp\htdocs\CofeinWebsite\classes\Twig\vendor\twig\twig\lib\Twig\Environment.php(265): Twig_Loader_Filesystem->getCacheKey(false)
#2 D:\Programs\Xampp\htdocs\CofeinWebsite\classes\Twig\vendor\twig\twig\lib\Twig\Environment.php(323): Twig_Environment->getTemplateClass(false, NULL)
#3 D:\Programs\Xampp\htdocs\CofeinWebsite\classes\Twig\vendor\twig\twig\lib\Twig\Environment.php(397): Twig_Environment->loadTemplate(false)
#4 D:\Programs\Xampp\htdocs\CofeinWebsite\classes\Twig\vendor\twig\twig\lib\Twig\Environment.php(331) : eval()'d code(19): Twig_Environment->resolveTemplate(false)
#5 D:\Programs\Xampp\htdocs\CofeinWebsite\classes\Twig\vendor\twig\twig\lib\Twig\Template.php(69): __TwigTemplate_6c4db2ddf01d804a134fd7a70cd5915b3e2e335efb97925e1fdbfd47c74e4abf->doGetParent(Array)
#6 D:\Programs\Xampp\htdocs\CofeinWebsite\classes\Twig\vendor\twig\twig\lib\Twig\Environment.php(331) : eval()'d code(24): Twig_Template->getParent(Array)
#7 D:\Programs\Xampp\htdocs\CofeinWebsite\classes\Twig\vendor\twig\twig\lib\Twig\Template.php(279): __TwigTemplate_6c4db2ddf01d804a134fd7a70cd5915b3e2e335efb97925e1fdbfd47c74e4abf->doDisplay(Array, Array)
#8 D:\Programs\Xampp\htdocs\CofeinWebsite\classes\Twig\vendor\twig\twig\lib\Twig\Template.php(253): Twig_Template->displayWithErrorHandling(Array, Array)
#9 D:\Programs\Xampp\htdocs\CofeinWebsite\classes\Twig\vendor\twig\twig\lib\Twig\Template.php(264): Twig_Template->display(Array)
#10 D:\Programs\Xampp\htdocs\CofeinWebsite\classes\Twig\vendor\twig\twig\lib\Twig\Environment.php(292): Twig_Template->render(Array)
#11 D:\Programs\Xampp\htdocs\CofeinWebsite\classes\Main.php(90): Twig_Environment->render('admin_login.htm...', Array)
#12 D:\Programs\Xampp\htdocs\CofeinWebsite\classes\Main.php(20): Main->render()
#13 D:\Programs\Xampp\htdocs\CofeinWebsite\classes\Main.php(123): Main->__construct()
#14 D:\Programs\Xampp\htdocs\CofeinWebsite\index.php(12): Main::getInstance()
#15 {main}


[29/05/15  11:20:56]
exception 'Twig_Error_Loader' with message 'Unable to find template "" (looked into: views/layouts, views/templates) in "admin_login.html.twig".' in D:\Programs\Xampp\htdocs\CofeinWebsite\classes\Twig\vendor\twig\twig\lib\Twig\Loader\Filesystem.php:191
Stack trace:
#0 D:\Programs\Xampp\htdocs\CofeinWebsite\classes\Twig\vendor\twig\twig\lib\Twig\Loader\Filesystem.php(138): Twig_Loader_Filesystem->findTemplate(false)
#1 D:\Programs\Xampp\htdocs\CofeinWebsite\classes\Twig\vendor\twig\twig\lib\Twig\Environment.php(265): Twig_Loader_Filesystem->getCacheKey(false)
#2 D:\Programs\Xampp\htdocs\CofeinWebsite\classes\Twig\vendor\twig\twig\lib\Twig\Environment.php(323): Twig_Environment->getTemplateClass(false, NULL)
#3 D:\Programs\Xampp\htdocs\CofeinWebsite\classes\Twig\vendor\twig\twig\lib\Twig\Environment.php(397): Twig_Environment->loadTemplate(false)
#4 D:\Programs\Xampp\htdocs\CofeinWebsite\classes\Twig\vendor\twig\twig\lib\Twig\Environment.php(331) : eval()'d code(19): Twig_Environment->resolveTemplate(false)
#5 D:\Programs\Xampp\htdocs\CofeinWebsite\classes\Twig\vendor\twig\twig\lib\Twig\Template.php(69): __TwigTemplate_6c4db2ddf01d804a134fd7a70cd5915b3e2e335efb97925e1fdbfd47c74e4abf->doGetParent(Array)
#6 D:\Programs\Xampp\htdocs\CofeinWebsite\classes\Twig\vendor\twig\twig\lib\Twig\Environment.php(331) : eval()'d code(24): Twig_Template->getParent(Array)
#7 D:\Programs\Xampp\htdocs\CofeinWebsite\classes\Twig\vendor\twig\twig\lib\Twig\Template.php(279): __TwigTemplate_6c4db2ddf01d804a134fd7a70cd5915b3e2e335efb97925e1fdbfd47c74e4abf->doDisplay(Array, Array)
#8 D:\Programs\Xampp\htdocs\CofeinWebsite\classes\Twig\vendor\twig\twig\lib\Twig\Template.php(253): Twig_Template->displayWithErrorHandling(Array, Array)
#9 D:\Programs\Xampp\htdocs\CofeinWebsite\classes\Twig\vendor\twig\twig\lib\Twig\Template.php(264): Twig_Template->display(Array)
#10 D:\Programs\Xampp\htdocs\CofeinWebsite\classes\Twig\vendor\twig\twig\lib\Twig\Environment.php(292): Twig_Template->render(Array)
#11 D:\Programs\Xampp\htdocs\CofeinWebsite\classes\Main.php(91): Twig_Environment->render('admin_login.htm...', Array)
#12 D:\Programs\Xampp\htdocs\CofeinWebsite\classes\Main.php(20): Main->render()
#13 D:\Programs\Xampp\htdocs\CofeinWebsite\classes\Main.php(124): Main->__construct()
#14 D:\Programs\Xampp\htdocs\CofeinWebsite\index.php(12): Main::getInstance()
#15 {main}


[29/05/15  11:21:40]
exception 'Twig_Error_Loader' with message 'Unable to find template "asdf" (looked into: views/layouts, views/templates).' in D:\Programs\Xampp\htdocs\CofeinWebsite\classes\Twig\vendor\twig\twig\lib\Twig\Loader\Filesystem.php:191
Stack trace:
#0 D:\Programs\Xampp\htdocs\CofeinWebsite\classes\Twig\vendor\twig\twig\lib\Twig\Loader\Filesystem.php(138): Twig_Loader_Filesystem->findTemplate('asdf')
#1 D:\Programs\Xampp\htdocs\CofeinWebsite\classes\Twig\vendor\twig\twig\lib\Twig\Environment.php(265): Twig_Loader_Filesystem->getCacheKey('asdf')
#2 D:\Programs\Xampp\htdocs\CofeinWebsite\classes\Twig\vendor\twig\twig\lib\Twig\Environment.php(323): Twig_Environment->getTemplateClass('asdf', NULL)
#3 D:\Programs\Xampp\htdocs\CofeinWebsite\classes\Twig\vendor\twig\twig\lib\Twig\Environment.php(292): Twig_Environment->loadTemplate('asdf')
#4 D:\Programs\Xampp\htdocs\CofeinWebsite\classes\Main.php(90): Twig_Environment->render('asdf', Array)
#5 D:\Programs\Xampp\htdocs\CofeinWebsite\classes\Main.php(20): Main->render()
#6 D:\Programs\Xampp\htdocs\CofeinWebsite\classes\Main.php(123): Main->__construct()
#7 D:\Programs\Xampp\htdocs\CofeinWebsite\index.php(12): Main::getInstance()
#8 {main}


[29/05/15  11:23:13]
exception 'Twig_Error_Loader' with message 'Unable to find template "" (looked into: views/layouts, views/templates) in "admin_login.html.twig".' in D:\Programs\Xampp\htdocs\CofeinWebsite\classes\Twig\vendor\twig\twig\lib\Twig\Loader\Filesystem.php:191
Stack trace:
#0 D:\Programs\Xampp\htdocs\CofeinWebsite\classes\Twig\vendor\twig\twig\lib\Twig\Loader\Filesystem.php(138): Twig_Loader_Filesystem->findTemplate(false)
#1 D:\Programs\Xampp\htdocs\CofeinWebsite\classes\Twig\vendor\twig\twig\lib\Twig\Environment.php(265): Twig_Loader_Filesystem->getCacheKey(false)
#2 D:\Programs\Xampp\htdocs\CofeinWebsite\classes\Twig\vendor\twig\twig\lib\Twig\Environment.php(323): Twig_Environment->getTemplateClass(false, NULL)
#3 D:\Programs\Xampp\htdocs\CofeinWebsite\classes\Twig\vendor\twig\twig\lib\Twig\Environment.php(397): Twig_Environment->loadTemplate(false)
#4 D:\Programs\Xampp\htdocs\CofeinWebsite\classes\Twig\vendor\twig\twig\lib\Twig\Environment.php(331) : eval()'d code(19): Twig_Environment->resolveTemplate(false)
#5 D:\Programs\Xampp\htdocs\CofeinWebsite\classes\Twig\vendor\twig\twig\lib\Twig\Template.php(69): __TwigTemplate_6c4db2ddf01d804a134fd7a70cd5915b3e2e335efb97925e1fdbfd47c74e4abf->doGetParent(Array)
#6 D:\Programs\Xampp\htdocs\CofeinWebsite\classes\Twig\vendor\twig\twig\lib\Twig\Environment.php(331) : eval()'d code(24): Twig_Template->getParent(Array)
#7 D:\Programs\Xampp\htdocs\CofeinWebsite\classes\Twig\vendor\twig\twig\lib\Twig\Template.php(279): __TwigTemplate_6c4db2ddf01d804a134fd7a70cd5915b3e2e335efb97925e1fdbfd47c74e4abf->doDisplay(Array, Array)
#8 D:\Programs\Xampp\htdocs\CofeinWebsite\classes\Twig\vendor\twig\twig\lib\Twig\Template.php(253): Twig_Template->displayWithErrorHandling(Array, Array)
#9 D:\Programs\Xampp\htdocs\CofeinWebsite\classes\Twig\vendor\twig\twig\lib\Twig\Template.php(264): Twig_Template->display(Array)
#10 D:\Programs\Xampp\htdocs\CofeinWebsite\classes\Twig\vendor\twig\twig\lib\Twig\Environment.php(292): Twig_Template->render(Array)
#11 D:\Programs\Xampp\htdocs\CofeinWebsite\classes\Main.php(90): Twig_Environment->render('admin_login.htm...', Array)
#12 D:\Programs\Xampp\htdocs\CofeinWebsite\classes\Main.php(20): Main->render()
#13 D:\Programs\Xampp\htdocs\CofeinWebsite\classes\Main.php(123): Main->__construct()
#14 D:\Programs\Xampp\htdocs\CofeinWebsite\index.php(12): Main::getInstance()
#15 {main}


[08/06/15  14:51:54]
exception 'Exception' with message 'Bad request.' in D:\Programs\Xampp\htdocs\CofeinWebsite_Bootstrap\classes\Main.php:45
Stack trace:
#0 D:\Programs\Xampp\htdocs\CofeinWebsite_Bootstrap\classes\Main.php(20): Main->createPage()
#1 D:\Programs\Xampp\htdocs\CofeinWebsite_Bootstrap\classes\Main.php(123): Main->__construct()
#2 D:\Programs\Xampp\htdocs\CofeinWebsite_Bootstrap\index.php(12): Main::getInstance()
#3 {main}


[08/06/15  14:51:55]
exception 'Exception' with message 'Bad request.' in D:\Programs\Xampp\htdocs\CofeinWebsite_Bootstrap\classes\Main.php:45
Stack trace:
#0 D:\Programs\Xampp\htdocs\CofeinWebsite_Bootstrap\classes\Main.php(20): Main->createPage()
#1 D:\Programs\Xampp\htdocs\CofeinWebsite_Bootstrap\classes\Main.php(123): Main->__construct()
#2 D:\Programs\Xampp\htdocs\CofeinWebsite_Bootstrap\index.php(12): Main::getInstance()
#3 {main}


[08/06/15  14:51:56]
exception 'Exception' with message 'Bad request.' in D:\Programs\Xampp\htdocs\CofeinWebsite_Bootstrap\classes\Main.php:45
Stack trace:
#0 D:\Programs\Xampp\htdocs\CofeinWebsite_Bootstrap\classes\Main.php(20): Main->createPage()
#1 D:\Programs\Xampp\htdocs\CofeinWebsite_Bootstrap\classes\Main.php(123): Main->__construct()
#2 D:\Programs\Xampp\htdocs\CofeinWebsite_Bootstrap\index.php(12): Main::getInstance()
#3 {main}


[08/06/15  14:51:57]
exception 'Exception' with message 'Bad request.' in D:\Programs\Xampp\htdocs\CofeinWebsite_Bootstrap\classes\Main.php:45
Stack trace:
#0 D:\Programs\Xampp\htdocs\CofeinWebsite_Bootstrap\classes\Main.php(20): Main->createPage()
#1 D:\Programs\Xampp\htdocs\CofeinWebsite_Bootstrap\classes\Main.php(123): Main->__construct()
#2 D:\Programs\Xampp\htdocs\CofeinWebsite_Bootstrap\index.php(12): Main::getInstance()
#3 {main}


[08/06/15  14:51:57]
exception 'Exception' with message 'Bad request.' in D:\Programs\Xampp\htdocs\CofeinWebsite_Bootstrap\classes\Main.php:45
Stack trace:
#0 D:\Programs\Xampp\htdocs\CofeinWebsite_Bootstrap\classes\Main.php(20): Main->createPage()
#1 D:\Programs\Xampp\htdocs\CofeinWebsite_Bootstrap\classes\Main.php(123): Main->__construct()
#2 D:\Programs\Xampp\htdocs\CofeinWebsite_Bootstrap\index.php(12): Main::getInstance()
#3 {main}


[08/06/15  14:51:58]
exception 'Exception' with message 'Bad request.' in D:\Programs\Xampp\htdocs\CofeinWebsite_Bootstrap\classes\Main.php:45
Stack trace:
#0 D:\Programs\Xampp\htdocs\CofeinWebsite_Bootstrap\classes\Main.php(20): Main->createPage()
#1 D:\Programs\Xampp\htdocs\CofeinWebsite_Bootstrap\classes\Main.php(123): Main->__construct()
#2 D:\Programs\Xampp\htdocs\CofeinWebsite_Bootstrap\index.php(12): Main::getInstance()
#3 {main}


[08/06/15  14:51:58]
exception 'Exception' with message 'Bad request.' in D:\Programs\Xampp\htdocs\CofeinWebsite_Bootstrap\classes\Main.php:45
Stack trace:
#0 D:\Programs\Xampp\htdocs\CofeinWebsite_Bootstrap\classes\Main.php(20): Main->createPage()
#1 D:\Programs\Xampp\htdocs\CofeinWebsite_Bootstrap\classes\Main.php(123): Main->__construct()
#2 D:\Programs\Xampp\htdocs\CofeinWebsite_Bootstrap\index.php(12): Main::getInstance()
#3 {main}


[08/06/15  14:52:10]
exception 'Exception' with message 'Bad request.' in D:\Programs\Xampp\htdocs\CofeinWebsite_Bootstrap\classes\Main.php:45
Stack trace:
#0 D:\Programs\Xampp\htdocs\CofeinWebsite_Bootstrap\classes\Main.php(20): Main->createPage()
#1 D:\Programs\Xampp\htdocs\CofeinWebsite_Bootstrap\classes\Main.php(123): Main->__construct()
#2 D:\Programs\Xampp\htdocs\CofeinWebsite_Bootstrap\index.php(12): Main::getInstance()
#3 {main}


[08/06/15  14:52:19]
exception 'Exception' with message 'Bad request.' in D:\Programs\Xampp\htdocs\CofeinWebsite_Bootstrap\classes\Main.php:45
Stack trace:
#0 D:\Programs\Xampp\htdocs\CofeinWebsite_Bootstrap\classes\Main.php(20): Main->createPage()
#1 D:\Programs\Xampp\htdocs\CofeinWebsite_Bootstrap\classes\Main.php(123): Main->__construct()
#2 D:\Programs\Xampp\htdocs\CofeinWebsite_Bootstrap\index.php(12): Main::getInstance()
#3 {main}


[08/06/15  14:52:25]
exception 'Exception' with message 'Bad request.' in D:\Programs\Xampp\htdocs\CofeinWebsite_Bootstrap\classes\Main.php:45
Stack trace:
#0 D:\Programs\Xampp\htdocs\CofeinWebsite_Bootstrap\classes\Main.php(20): Main->createPage()
#1 D:\Programs\Xampp\htdocs\CofeinWebsite_Bootstrap\classes\Main.php(123): Main->__construct()
#2 D:\Programs\Xampp\htdocs\CofeinWebsite_Bootstrap\index.php(12): Main::getInstance()
#3 {main}


[08/06/15  14:52:25]
exception 'Exception' with message 'Bad request.' in D:\Programs\Xampp\htdocs\CofeinWebsite_Bootstrap\classes\Main.php:45
Stack trace:
#0 D:\Programs\Xampp\htdocs\CofeinWebsite_Bootstrap\classes\Main.php(20): Main->createPage()
#1 D:\Programs\Xampp\htdocs\CofeinWebsite_Bootstrap\classes\Main.php(123): Main->__construct()
#2 D:\Programs\Xampp\htdocs\CofeinWebsite_Bootstrap\index.php(12): Main::getInstance()
#3 {main}


[08/06/15  14:52:26]
exception 'Exception' with message 'Bad request.' in D:\Programs\Xampp\htdocs\CofeinWebsite_Bootstrap\classes\Main.php:45
Stack trace:
#0 D:\Programs\Xampp\htdocs\CofeinWebsite_Bootstrap\classes\Main.php(20): Main->createPage()
#1 D:\Programs\Xampp\htdocs\CofeinWebsite_Bootstrap\classes\Main.php(123): Main->__construct()
#2 D:\Programs\Xampp\htdocs\CofeinWebsite_Bootstrap\index.php(12): Main::getInstance()
#3 {main}


[08/06/15  18:31:34]
exception 'Exception' with message 'Bad request.' in D:\Programs\Xampp\htdocs\CofeinWebsite_Bootstrap\classes\Main.php:45
Stack trace:
#0 D:\Programs\Xampp\htdocs\CofeinWebsite_Bootstrap\classes\Main.php(20): Main->createPage()
#1 D:\Programs\Xampp\htdocs\CofeinWebsite_Bootstrap\classes\Main.php(123): Main->__construct()
#2 D:\Programs\Xampp\htdocs\CofeinWebsite_Bootstrap\index.php(12): Main::getInstance()
#3 {main}


[08/06/15  18:31:40]
exception 'Exception' with message 'Bad request.' in D:\Programs\Xampp\htdocs\CofeinWebsite_Bootstrap\classes\Main.php:45
Stack trace:
#0 D:\Programs\Xampp\htdocs\CofeinWebsite_Bootstrap\classes\Main.php(20): Main->createPage()
#1 D:\Programs\Xampp\htdocs\CofeinWebsite_Bootstrap\classes\Main.php(123): Main->__construct()
#2 D:\Programs\Xampp\htdocs\CofeinWebsite_Bootstrap\index.php(12): Main::getInstance()
#3 {main}


[08/06/15  18:31:40]
exception 'Exception' with message 'Bad request.' in D:\Programs\Xampp\htdocs\CofeinWebsite_Bootstrap\classes\Main.php:45
Stack trace:
#0 D:\Programs\Xampp\htdocs\CofeinWebsite_Bootstrap\classes\Main.php(20): Main->createPage()
#1 D:\Programs\Xampp\htdocs\CofeinWebsite_Bootstrap\classes\Main.php(123): Main->__construct()
#2 D:\Programs\Xampp\htdocs\CofeinWebsite_Bootstrap\index.php(12): Main::getInstance()
#3 {main}


[08/06/15  18:31:41]
exception 'Exception' with message 'Bad request.' in D:\Programs\Xampp\htdocs\CofeinWebsite_Bootstrap\classes\Main.php:45
Stack trace:
#0 D:\Programs\Xampp\htdocs\CofeinWebsite_Bootstrap\classes\Main.php(20): Main->createPage()
#1 D:\Programs\Xampp\htdocs\CofeinWebsite_Bootstrap\classes\Main.php(123): Main->__construct()
#2 D:\Programs\Xampp\htdocs\CofeinWebsite_Bootstrap\index.php(12): Main::getInstance()
#3 {main}


[08/06/15  18:31:41]
exception 'Exception' with message 'Bad request.' in D:\Programs\Xampp\htdocs\CofeinWebsite_Bootstrap\classes\Main.php:45
Stack trace:
#0 D:\Programs\Xampp\htdocs\CofeinWebsite_Bootstrap\classes\Main.php(20): Main->createPage()
#1 D:\Programs\Xampp\htdocs\CofeinWebsite_Bootstrap\classes\Main.php(123): Main->__construct()
#2 D:\Programs\Xampp\htdocs\CofeinWebsite_Bootstrap\index.php(12): Main::getInstance()
#3 {main}


[08/06/15  18:31:42]
exception 'Exception' with message 'Bad request.' in D:\Programs\Xampp\htdocs\CofeinWebsite_Bootstrap\classes\Main.php:45
Stack trace:
#0 D:\Programs\Xampp\htdocs\CofeinWebsite_Bootstrap\classes\Main.php(20): Main->createPage()
#1 D:\Programs\Xampp\htdocs\CofeinWebsite_Bootstrap\classes\Main.php(123): Main->__construct()
#2 D:\Programs\Xampp\htdocs\CofeinWebsite_Bootstrap\index.php(12): Main::getInstance()
#3 {main}


[08/06/15  18:31:42]
exception 'Exception' with message 'Bad request.' in D:\Programs\Xampp\htdocs\CofeinWebsite_Bootstrap\classes\Main.php:45
Stack trace:
#0 D:\Programs\Xampp\htdocs\CofeinWebsite_Bootstrap\classes\Main.php(20): Main->createPage()
#1 D:\Programs\Xampp\htdocs\CofeinWebsite_Bootstrap\classes\Main.php(123): Main->__construct()
#2 D:\Programs\Xampp\htdocs\CofeinWebsite_Bootstrap\index.php(12): Main::getInstance()
#3 {main}


[08/06/15  18:31:43]
exception 'Exception' with message 'Bad request.' in D:\Programs\Xampp\htdocs\CofeinWebsite_Bootstrap\classes\Main.php:45
Stack trace:
#0 D:\Programs\Xampp\htdocs\CofeinWebsite_Bootstrap\classes\Main.php(20): Main->createPage()
#1 D:\Programs\Xampp\htdocs\CofeinWebsite_Bootstrap\classes\Main.php(123): Main->__construct()
#2 D:\Programs\Xampp\htdocs\CofeinWebsite_Bootstrap\index.php(12): Main::getInstance()
#3 {main}


[08/06/15  18:35:14]
exception 'Exception' with message 'Bad request.' in D:\Programs\Xampp\htdocs\CofeinWebsite_Bootstrap\classes\Main.php:45
Stack trace:
#0 D:\Programs\Xampp\htdocs\CofeinWebsite_Bootstrap\classes\Main.php(20): Main->createPage()
#1 D:\Programs\Xampp\htdocs\CofeinWebsite_Bootstrap\classes\Main.php(123): Main->__construct()
#2 D:\Programs\Xampp\htdocs\CofeinWebsite_Bootstrap\index.php(12): Main::getInstance()
#3 {main}


[08/06/15  18:36:42]
exception 'Exception' with message 'Bad request.' in D:\Programs\Xampp\htdocs\CofeinWebsite_Bootstrap\classes\Main.php:45
Stack trace:
#0 D:\Programs\Xampp\htdocs\CofeinWebsite_Bootstrap\classes\Main.php(20): Main->createPage()
#1 D:\Programs\Xampp\htdocs\CofeinWebsite_Bootstrap\classes\Main.php(123): Main->__construct()
#2 D:\Programs\Xampp\htdocs\CofeinWebsite_Bootstrap\index.php(12): Main::getInstance()
#3 {main}


[12/06/15  10:23:59]
exception 'Exception' with message 'Bad request.' in D:\Programs\Xampp\htdocs\CofeinWebsite_Bootstrap\classes\Main.php:45
Stack trace:
#0 D:\Programs\Xampp\htdocs\CofeinWebsite_Bootstrap\classes\Main.php(20): Main->createPage()
#1 D:\Programs\Xampp\htdocs\CofeinWebsite_Bootstrap\classes\Main.php(123): Main->__construct()
#2 D:\Programs\Xampp\htdocs\CofeinWebsite_Bootstrap\index.php(12): Main::getInstance()
#3 {main}


[12/06/15  10:24:03]
exception 'Exception' with message 'Bad request.' in D:\Programs\Xampp\htdocs\CofeinWebsite_Bootstrap\classes\Main.php:45
Stack trace:
#0 D:\Programs\Xampp\htdocs\CofeinWebsite_Bootstrap\classes\Main.php(20): Main->createPage()
#1 D:\Programs\Xampp\htdocs\CofeinWebsite_Bootstrap\classes\Main.php(123): Main->__construct()
#2 D:\Programs\Xampp\htdocs\CofeinWebsite_Bootstrap\index.php(12): Main::getInstance()
#3 {main}


[15/06/15  10:10:00]
exception 'Twig_Error_Loader' with message 'Unable to find template "ajax_layout" (looked into: views/layouts, views/templates) in "admin_login.html.twig".' in D:\Programs\Xampp\htdocs\CofeinWebsite_Bootstrap\libs\Twig\vendor\twig\twig\lib\Twig\Loader\Filesystem.php:191
Stack trace:
#0 D:\Programs\Xampp\htdocs\CofeinWebsite_Bootstrap\libs\Twig\vendor\twig\twig\lib\Twig\Loader\Filesystem.php(138): Twig_Loader_Filesystem->findTemplate('ajax_layout')
#1 D:\Programs\Xampp\htdocs\CofeinWebsite_Bootstrap\libs\Twig\vendor\twig\twig\lib\Twig\Environment.php(265): Twig_Loader_Filesystem->getCacheKey('ajax_layout')
#2 D:\Programs\Xampp\htdocs\CofeinWebsite_Bootstrap\libs\Twig\vendor\twig\twig\lib\Twig\Environment.php(323): Twig_Environment->getTemplateClass('ajax_layout', NULL)
#3 D:\Programs\Xampp\htdocs\CofeinWebsite_Bootstrap\libs\Twig\vendor\twig\twig\lib\Twig\Environment.php(397): Twig_Environment->loadTemplate('ajax_layout')
#4 D:\Programs\Xampp\htdocs\CofeinWebsite_Bootstrap\libs\Twig\vendor\twig\twig\lib\Twig\Environment.php(331) : eval()'d code(19): Twig_Environment->resolveTemplate('ajax_layout')
#5 D:\Programs\Xampp\htdocs\CofeinWebsite_Bootstrap\libs\Twig\vendor\twig\twig\lib\Twig\Template.php(69): __TwigTemplate_6c4db2ddf01d804a134fd7a70cd5915b3e2e335efb97925e1fdbfd47c74e4abf->doGetParent(Array)
#6 D:\Programs\Xampp\htdocs\CofeinWebsite_Bootstrap\libs\Twig\vendor\twig\twig\lib\Twig\Environment.php(331) : eval()'d code(24): Twig_Template->getParent(Array)
#7 D:\Programs\Xampp\htdocs\CofeinWebsite_Bootstrap\libs\Twig\vendor\twig\twig\lib\Twig\Template.php(279): __TwigTemplate_6c4db2ddf01d804a134fd7a70cd5915b3e2e335efb97925e1fdbfd47c74e4abf->doDisplay(Array, Array)
#8 D:\Programs\Xampp\htdocs\CofeinWebsite_Bootstrap\libs\Twig\vendor\twig\twig\lib\Twig\Template.php(253): Twig_Template->displayWithErrorHandling(Array, Array)
#9 D:\Programs\Xampp\htdocs\CofeinWebsite_Bootstrap\libs\Twig\vendor\twig\twig\lib\Twig\Template.php(264): Twig_Template->display(Array)
#10 D:\Programs\Xampp\htdocs\CofeinWebsite_Bootstrap\libs\Twig\vendor\twig\twig\lib\Twig\Environment.php(292): Twig_Template->render(Array)
#11 D:\Programs\Xampp\htdocs\CofeinWebsite_Bootstrap\classes\Main.php(90): Twig_Environment->render('admin_login.htm...', Array)
#12 D:\Programs\Xampp\htdocs\CofeinWebsite_Bootstrap\classes\Main.php(20): Main->render()
#13 D:\Programs\Xampp\htdocs\CofeinWebsite_Bootstrap\classes\Main.php(123): Main->__construct()
#14 D:\Programs\Xampp\htdocs\CofeinWebsite_Bootstrap\index.php(12): Main::getInstance()
#15 {main}


[15/06/15  10:11:09]
exception 'Twig_Error_Loader' with message 'Unable to find template "ajax_layout_layout.html.twig" (looked into: views/layouts, views/templates) in "admin_login.html.twig".' in D:\Programs\Xampp\htdocs\CofeinWebsite_Bootstrap\libs\Twig\vendor\twig\twig\lib\Twig\Loader\Filesystem.php:191
Stack trace:
#0 D:\Programs\Xampp\htdocs\CofeinWebsite_Bootstrap\libs\Twig\vendor\twig\twig\lib\Twig\Loader\Filesystem.php(138): Twig_Loader_Filesystem->findTemplate('ajax_layout_lay...')
#1 D:\Programs\Xampp\htdocs\CofeinWebsite_Bootstrap\libs\Twig\vendor\twig\twig\lib\Twig\Environment.php(265): Twig_Loader_Filesystem->getCacheKey('ajax_layout_lay...')
#2 D:\Programs\Xampp\htdocs\CofeinWebsite_Bootstrap\libs\Twig\vendor\twig\twig\lib\Twig\Environment.php(323): Twig_Environment->getTemplateClass('ajax_layout_lay...', NULL)
#3 D:\Programs\Xampp\htdocs\CofeinWebsite_Bootstrap\libs\Twig\vendor\twig\twig\lib\Twig\Environment.php(397): Twig_Environment->loadTemplate('ajax_layout_lay...')
#4 D:\Programs\Xampp\htdocs\CofeinWebsite_Bootstrap\libs\Twig\vendor\twig\twig\lib\Twig\Environment.php(331) : eval()'d code(19): Twig_Environment->resolveTemplate('ajax_layout_lay...')
#5 D:\Programs\Xampp\htdocs\CofeinWebsite_Bootstrap\libs\Twig\vendor\twig\twig\lib\Twig\Template.php(69): __TwigTemplate_6c4db2ddf01d804a134fd7a70cd5915b3e2e335efb97925e1fdbfd47c74e4abf->doGetParent(Array)
#6 D:\Programs\Xampp\htdocs\CofeinWebsite_Bootstrap\libs\Twig\vendor\twig\twig\lib\Twig\Environment.php(331) : eval()'d code(24): Twig_Template->getParent(Array)
#7 D:\Programs\Xampp\htdocs\CofeinWebsite_Bootstrap\libs\Twig\vendor\twig\twig\lib\Twig\Template.php(279): __TwigTemplate_6c4db2ddf01d804a134fd7a70cd5915b3e2e335efb97925e1fdbfd47c74e4abf->doDisplay(Array, Array)
#8 D:\Programs\Xampp\htdocs\CofeinWebsite_Bootstrap\libs\Twig\vendor\twig\twig\lib\Twig\Template.php(253): Twig_Template->displayWithErrorHandling(Array, Array)
#9 D:\Programs\Xampp\htdocs\CofeinWebsite_Bootstrap\libs\Twig\vendor\twig\twig\lib\Twig\Template.php(264): Twig_Template->display(Array)
#10 D:\Programs\Xampp\htdocs\CofeinWebsite_Bootstrap\libs\Twig\vendor\twig\twig\lib\Twig\Environment.php(292): Twig_Template->render(Array)
#11 D:\Programs\Xampp\htdocs\CofeinWebsite_Bootstrap\classes\Main.php(90): Twig_Environment->render('admin_login.htm...', Array)
#12 D:\Programs\Xampp\htdocs\CofeinWebsite_Bootstrap\classes\Main.php(20): Main->render()
#13 D:\Programs\Xampp\htdocs\CofeinWebsite_Bootstrap\classes\Main.php(123): Main->__construct()
#14 D:\Programs\Xampp\htdocs\CofeinWebsite_Bootstrap\index.php(12): Main::getInstance()
#15 {main}


[15/06/15  10:30:03]
exception 'Twig_Error_Syntax' with message 'A template that extends another one cannot have a body in "admin_layout.html.twig" at line 1.' in D:\Programs\Xampp\htdocs\CofeinWebsite_Bootstrap\libs\Twig\vendor\twig\twig\lib\Twig\Parser.php:370
Stack trace:
#0 D:\Programs\Xampp\htdocs\CofeinWebsite_Bootstrap\libs\Twig\vendor\twig\twig\lib\Twig\Parser.php(383): Twig_Parser->filterBodyNodes(Object(Twig_Node_Print))
#1 D:\Programs\Xampp\htdocs\CofeinWebsite_Bootstrap\libs\Twig\vendor\twig\twig\lib\Twig\Parser.php(98): Twig_Parser->filterBodyNodes(Object(Twig_Node))
#2 D:\Programs\Xampp\htdocs\CofeinWebsite_Bootstrap\libs\Twig\vendor\twig\twig\lib\Twig\Environment.php(507): Twig_Parser->parse(Object(Twig_TokenStream))
#3 D:\Programs\Xampp\htdocs\CofeinWebsite_Bootstrap\libs\Twig\vendor\twig\twig\lib\Twig\Environment.php(559): Twig_Environment->parse(Object(Twig_TokenStream))
#4 D:\Programs\Xampp\htdocs\CofeinWebsite_Bootstrap\libs\Twig\vendor\twig\twig\lib\Twig\Environment.php(331): Twig_Environment->compileSource('{{ dump(layout)...', 'admin_layout.ht...')
#5 D:\Programs\Xampp\htdocs\CofeinWebsite_Bootstrap\libs\Twig\vendor\twig\twig\lib\Twig\Environment.php(397): Twig_Environment->loadTemplate('admin_layout.ht...')
#6 D:\Programs\Xampp\htdocs\CofeinWebsite_Bootstrap\libs\Twig\vendor\twig\twig\lib\Twig\Environment.php(331) : eval()'d code(19): Twig_Environment->resolveTemplate('admin_layout.ht...')
#7 D:\Programs\Xampp\htdocs\CofeinWebsite_Bootstrap\libs\Twig\vendor\twig\twig\lib\Twig\Template.php(69): __TwigTemplate_6c4db2ddf01d804a134fd7a70cd5915b3e2e335efb97925e1fdbfd47c74e4abf->doGetParent(Array)
#8 D:\Programs\Xampp\htdocs\CofeinWebsite_Bootstrap\libs\Twig\vendor\twig\twig\lib\Twig\Environment.php(331) : eval()'d code(24): Twig_Template->getParent(Array)
#9 D:\Programs\Xampp\htdocs\CofeinWebsite_Bootstrap\libs\Twig\vendor\twig\twig\lib\Twig\Template.php(279): __TwigTemplate_6c4db2ddf01d804a134fd7a70cd5915b3e2e335efb97925e1fdbfd47c74e4abf->doDisplay(Array, Array)
#10 D:\Programs\Xampp\htdocs\CofeinWebsite_Bootstrap\libs\Twig\vendor\twig\twig\lib\Twig\Template.php(253): Twig_Template->displayWithErrorHandling(Array, Array)
#11 D:\Programs\Xampp\htdocs\CofeinWebsite_Bootstrap\libs\Twig\vendor\twig\twig\lib\Twig\Template.php(264): Twig_Template->display(Array)
#12 D:\Programs\Xampp\htdocs\CofeinWebsite_Bootstrap\libs\Twig\vendor\twig\twig\lib\Twig\Environment.php(292): Twig_Template->render(Array)
#13 D:\Programs\Xampp\htdocs\CofeinWebsite_Bootstrap\classes\Main.php(90): Twig_Environment->render('admin_login.htm...', Array)
#14 D:\Programs\Xampp\htdocs\CofeinWebsite_Bootstrap\classes\Main.php(20): Main->render()
#15 D:\Programs\Xampp\htdocs\CofeinWebsite_Bootstrap\classes\Main.php(123): Main->__construct()
#16 D:\Programs\Xampp\htdocs\CofeinWebsite_Bootstrap\index.php(12): Main::getInstance()
#17 {main}


[15/06/15  20:54:20]
exception 'Twig_Error_Loader' with message 'Unable to find template "admin.html.twig" (looked into: views/layouts, views/templates).' in D:\Programs\Xampp\htdocs\CofeinWebsite_Bootstrap\libs\Twig\vendor\twig\twig\lib\Twig\Loader\Filesystem.php:191
Stack trace:
#0 D:\Programs\Xampp\htdocs\CofeinWebsite_Bootstrap\libs\Twig\vendor\twig\twig\lib\Twig\Loader\Filesystem.php(138): Twig_Loader_Filesystem->findTemplate('admin.html.twig')
#1 D:\Programs\Xampp\htdocs\CofeinWebsite_Bootstrap\libs\Twig\vendor\twig\twig\lib\Twig\Environment.php(265): Twig_Loader_Filesystem->getCacheKey('admin.html.twig')
#2 D:\Programs\Xampp\htdocs\CofeinWebsite_Bootstrap\libs\Twig\vendor\twig\twig\lib\Twig\Environment.php(323): Twig_Environment->getTemplateClass('admin.html.twig', NULL)
#3 D:\Programs\Xampp\htdocs\CofeinWebsite_Bootstrap\libs\Twig\vendor\twig\twig\lib\Twig\Environment.php(331) : eval()'d code(10): Twig_Environment->loadTemplate('admin.html.twig')
#4 D:\Programs\Xampp\htdocs\CofeinWebsite_Bootstrap\libs\Twig\vendor\twig\twig\lib\Twig\Environment.php(345): __TwigTemplate_7561adbd580db43f0fcf75ad8cebd76b215375cdcc91755649710923f35147c1->__construct(Object(Twig_Environment))
#5 D:\Programs\Xampp\htdocs\CofeinWebsite_Bootstrap\libs\Twig\vendor\twig\twig\lib\Twig\Environment.php(292): Twig_Environment->loadTemplate('admin_gallery.h...')
#6 D:\Programs\Xampp\htdocs\CofeinWebsite_Bootstrap\classes\Main.php(90): Twig_Environment->render('admin_gallery.h...', Array)
#7 D:\Programs\Xampp\htdocs\CofeinWebsite_Bootstrap\classes\Main.php(20): Main->render()
#8 D:\Programs\Xampp\htdocs\CofeinWebsite_Bootstrap\classes\Main.php(123): Main->__construct()
#9 D:\Programs\Xampp\htdocs\CofeinWebsite_Bootstrap\index.php(12): Main::getInstance()
#10 {main}


[16/06/15  19:22:39]
exception 'Exception' with message 'Bad request.' in D:\Programs\Xampp\htdocs\CofeinWebsite_Bootstrap\classes\Main.php:45
Stack trace:
#0 D:\Programs\Xampp\htdocs\CofeinWebsite_Bootstrap\classes\Main.php(20): Main->createPage()
#1 D:\Programs\Xampp\htdocs\CofeinWebsite_Bootstrap\classes\Main.php(123): Main->__construct()
#2 D:\Programs\Xampp\htdocs\CofeinWebsite_Bootstrap\index.php(12): Main::getInstance()
#3 {main}


[20/08/15  15:39:12]
exception 'Exception' with message 'Bad request.' in D:\Programs\Xampp\htdocs\CofeinWebsite_Bootstrap\classes\Main.php:45
Stack trace:
#0 D:\Programs\Xampp\htdocs\CofeinWebsite_Bootstrap\classes\Main.php(20): Main->createPage()
#1 D:\Programs\Xampp\htdocs\CofeinWebsite_Bootstrap\classes\Main.php(123): Main->__construct()
#2 D:\Programs\Xampp\htdocs\CofeinWebsite_Bootstrap\index.php(12): Main::getInstance()
#3 {main}


[03/09/15  15:45:54]
exception 'Exception' with message 'Bad request.' in D:\Programs\Xampp\htdocs\CofeinWebsite_Bootstrap\classes\Main.php:45
Stack trace:
#0 D:\Programs\Xampp\htdocs\CofeinWebsite_Bootstrap\classes\Main.php(20): Main->createPage()
#1 D:\Programs\Xampp\htdocs\CofeinWebsite_Bootstrap\classes\Main.php(123): Main->__construct()
#2 D:\Programs\Xampp\htdocs\CofeinWebsite_Bootstrap\index.php(12): Main::getInstance()
#3 {main}


[03/09/15  15:45:57]
exception 'Exception' with message 'Bad request.' in D:\Programs\Xampp\htdocs\CofeinWebsite_Bootstrap\classes\Main.php:45
Stack trace:
#0 D:\Programs\Xampp\htdocs\CofeinWebsite_Bootstrap\classes\Main.php(20): Main->createPage()
#1 D:\Programs\Xampp\htdocs\CofeinWebsite_Bootstrap\classes\Main.php(123): Main->__construct()
#2 D:\Programs\Xampp\htdocs\CofeinWebsite_Bootstrap\index.php(12): Main::getInstance()
#3 {main}


[03/09/15  15:46:04]
exception 'Exception' with message 'Bad request.' in D:\Programs\Xampp\htdocs\CofeinWebsite_Bootstrap\classes\Main.php:45
Stack trace:
#0 D:\Programs\Xampp\htdocs\CofeinWebsite_Bootstrap\classes\Main.php(20): Main->createPage()
#1 D:\Programs\Xampp\htdocs\CofeinWebsite_Bootstrap\classes\Main.php(123): Main->__construct()
#2 D:\Programs\Xampp\htdocs\CofeinWebsite_Bootstrap\index.php(12): Main::getInstance()
#3 {main}


[03/09/15  15:46:05]
exception 'Exception' with message 'Bad request.' in D:\Programs\Xampp\htdocs\CofeinWebsite_Bootstrap\classes\Main.php:45
Stack trace:
#0 D:\Programs\Xampp\htdocs\CofeinWebsite_Bootstrap\classes\Main.php(20): Main->createPage()
#1 D:\Programs\Xampp\htdocs\CofeinWebsite_Bootstrap\classes\Main.php(123): Main->__construct()
#2 D:\Programs\Xampp\htdocs\CofeinWebsite_Bootstrap\index.php(12): Main::getInstance()
#3 {main}


[03/09/15  15:46:06]
exception 'PDOException' with message 'SQLSTATE[42S02]: Base table or view not found: 1146 Table 'cofein.gallery_bg' doesn't exist' in D:\Programs\Xampp\htdocs\CofeinWebsite_Bootstrap\classes\Database.php:34
Stack trace:
#0 D:\Programs\Xampp\htdocs\CofeinWebsite_Bootstrap\classes\Database.php(34): PDOStatement->execute(Array)
#1 D:\Programs\Xampp\htdocs\CofeinWebsite_Bootstrap\classes\Gallery.php(9): Database->execute()
#2 D:\Programs\Xampp\htdocs\CofeinWebsite_Bootstrap\classes\Main.php(63): Gallery->getContent()
#3 D:\Programs\Xampp\htdocs\CofeinWebsite_Bootstrap\classes\Main.php(43): Main->setContent()
#4 D:\Programs\Xampp\htdocs\CofeinWebsite_Bootstrap\classes\Main.php(20): Main->createPage()
#5 D:\Programs\Xampp\htdocs\CofeinWebsite_Bootstrap\classes\Main.php(123): Main->__construct()
#6 D:\Programs\Xampp\htdocs\CofeinWebsite_Bootstrap\index.php(12): Main::getInstance()
#7 {main}


[03/09/15  15:46:07]
exception 'Exception' with message 'Bad request.' in D:\Programs\Xampp\htdocs\CofeinWebsite_Bootstrap\classes\Main.php:45
Stack trace:
#0 D:\Programs\Xampp\htdocs\CofeinWebsite_Bootstrap\classes\Main.php(20): Main->createPage()
#1 D:\Programs\Xampp\htdocs\CofeinWebsite_Bootstrap\classes\Main.php(123): Main->__construct()
#2 D:\Programs\Xampp\htdocs\CofeinWebsite_Bootstrap\index.php(12): Main::getInstance()
#3 {main}


[03/09/15  15:55:50]
exception 'Exception' with message 'Bad request.' in D:\Programs\Xampp\htdocs\CofeinWebsite_Bootstrap\classes\Main.php:45
Stack trace:
#0 D:\Programs\Xampp\htdocs\CofeinWebsite_Bootstrap\classes\Main.php(20): Main->createPage()
#1 D:\Programs\Xampp\htdocs\CofeinWebsite_Bootstrap\classes\Main.php(126): Main->__construct()
#2 D:\Programs\Xampp\htdocs\CofeinWebsite_Bootstrap\index.php(12): Main::getInstance()
#3 {main}


[03/09/15  15:56:02]
exception 'Exception' with message 'Bad request.' in D:\Programs\Xampp\htdocs\CofeinWebsite_Bootstrap\classes\Main.php:45
Stack trace:
#0 D:\Programs\Xampp\htdocs\CofeinWebsite_Bootstrap\classes\Main.php(20): Main->createPage()
#1 D:\Programs\Xampp\htdocs\CofeinWebsite_Bootstrap\classes\Main.php(126): Main->__construct()
#2 D:\Programs\Xampp\htdocs\CofeinWebsite_Bootstrap\index.php(12): Main::getInstance()
#3 {main}


[03/09/15  15:57:48]
exception 'Exception' with message 'Bad request.' in D:\Programs\Xampp\htdocs\CofeinWebsite_Bootstrap\classes\Main.php:45
Stack trace:
#0 D:\Programs\Xampp\htdocs\CofeinWebsite_Bootstrap\classes\Main.php(20): Main->createPage()
#1 D:\Programs\Xampp\htdocs\CofeinWebsite_Bootstrap\classes\Main.php(126): Main->__construct()
#2 D:\Programs\Xampp\htdocs\CofeinWebsite_Bootstrap\index.php(12): Main::getInstance()
#3 {main}


[03/09/15  15:59:24]
exception 'Exception' with message 'Bad request.' in D:\Programs\Xampp\htdocs\CofeinWebsite_Bootstrap\classes\Main.php:45
Stack trace:
#0 D:\Programs\Xampp\htdocs\CofeinWebsite_Bootstrap\classes\Main.php(20): Main->createPage()
#1 D:\Programs\Xampp\htdocs\CofeinWebsite_Bootstrap\classes\Main.php(126): Main->__construct()
#2 D:\Programs\Xampp\htdocs\CofeinWebsite_Bootstrap\index.php(12): Main::getInstance()
#3 {main}


[03/09/15  16:01:27]
exception 'Exception' with message 'Bad request.' in D:\Programs\Xampp\htdocs\CofeinWebsite_Bootstrap\classes\Main.php:45
Stack trace:
#0 D:\Programs\Xampp\htdocs\CofeinWebsite_Bootstrap\classes\Main.php(20): Main->createPage()
#1 D:\Programs\Xampp\htdocs\CofeinWebsite_Bootstrap\classes\Main.php(126): Main->__construct()
#2 D:\Programs\Xampp\htdocs\CofeinWebsite_Bootstrap\index.php(12): Main::getInstance()
#3 {main}


[03/09/15  16:02:31]
exception 'Exception' with message 'Bad request.' in D:\Programs\Xampp\htdocs\CofeinWebsite_Bootstrap\classes\Main.php:46
Stack trace:
#0 D:\Programs\Xampp\htdocs\CofeinWebsite_Bootstrap\classes\Main.php(20): Main->createPage()
#1 D:\Programs\Xampp\htdocs\CofeinWebsite_Bootstrap\classes\Main.php(127): Main->__construct()
#2 D:\Programs\Xampp\htdocs\CofeinWebsite_Bootstrap\index.php(12): Main::getInstance()
#3 {main}


[03/09/15  16:03:21]
exception 'Exception' with message 'Bad request.' in D:\Programs\Xampp\htdocs\CofeinWebsite_Bootstrap\classes\Main.php:46
Stack trace:
#0 D:\Programs\Xampp\htdocs\CofeinWebsite_Bootstrap\classes\Main.php(20): Main->createPage()
#1 D:\Programs\Xampp\htdocs\CofeinWebsite_Bootstrap\classes\Main.php(127): Main->__construct()
#2 D:\Programs\Xampp\htdocs\CofeinWebsite_Bootstrap\index.php(12): Main::getInstance()
#3 {main}


[03/09/15  16:03:24]
exception 'Exception' with message 'Bad request.' in D:\Programs\Xampp\htdocs\CofeinWebsite_Bootstrap\classes\Main.php:46
Stack trace:
#0 D:\Programs\Xampp\htdocs\CofeinWebsite_Bootstrap\classes\Main.php(20): Main->createPage()
#1 D:\Programs\Xampp\htdocs\CofeinWebsite_Bootstrap\classes\Main.php(127): Main->__construct()
#2 D:\Programs\Xampp\htdocs\CofeinWebsite_Bootstrap\index.php(12): Main::getInstance()
#3 {main}


[03/09/15  16:03:53]
exception 'Exception' with message 'Bad request.' in D:\Programs\Xampp\htdocs\CofeinWebsite_Bootstrap\classes\Main.php:46
Stack trace:
#0 D:\Programs\Xampp\htdocs\CofeinWebsite_Bootstrap\classes\Main.php(20): Main->createPage()
#1 D:\Programs\Xampp\htdocs\CofeinWebsite_Bootstrap\classes\Main.php(127): Main->__construct()
#2 D:\Programs\Xampp\htdocs\CofeinWebsite_Bootstrap\index.php(12): Main::getInstance()
#3 {main}


[03/09/15  16:05:04]
exception 'Exception' with message 'Bad request.' in D:\Programs\Xampp\htdocs\CofeinWebsite_Bootstrap\classes\Main.php:46
Stack trace:
#0 D:\Programs\Xampp\htdocs\CofeinWebsite_Bootstrap\classes\Main.php(20): Main->createPage()
#1 D:\Programs\Xampp\htdocs\CofeinWebsite_Bootstrap\classes\Main.php(127): Main->__construct()
#2 D:\Programs\Xampp\htdocs\CofeinWebsite_Bootstrap\index.php(12): Main::getInstance()
#3 {main}


[03/09/15  16:06:49]
exception 'Exception' with message 'Bad request.' in D:\Programs\Xampp\htdocs\CofeinWebsite_Bootstrap\classes\Main.php:46
Stack trace:
#0 D:\Programs\Xampp\htdocs\CofeinWebsite_Bootstrap\classes\Main.php(20): Main->createPage()
#1 D:\Programs\Xampp\htdocs\CofeinWebsite_Bootstrap\classes\Main.php(127): Main->__construct()
#2 D:\Programs\Xampp\htdocs\CofeinWebsite_Bootstrap\index.php(12): Main::getInstance()
#3 {main}


[03/09/15  16:07:21]
exception 'Exception' with message 'Bad request.' in D:\Programs\Xampp\htdocs\CofeinWebsite_Bootstrap\classes\Main.php:46
Stack trace:
#0 D:\Programs\Xampp\htdocs\CofeinWebsite_Bootstrap\classes\Main.php(20): Main->createPage()
#1 D:\Programs\Xampp\htdocs\CofeinWebsite_Bootstrap\classes\Main.php(127): Main->__construct()
#2 D:\Programs\Xampp\htdocs\CofeinWebsite_Bootstrap\index.php(12): Main::getInstance()
#3 {main}


[03/09/15  16:07:48]
exception 'Exception' with message 'Bad request.' in D:\Programs\Xampp\htdocs\CofeinWebsite_Bootstrap\classes\Main.php:46
Stack trace:
#0 D:\Programs\Xampp\htdocs\CofeinWebsite_Bootstrap\classes\Main.php(20): Main->createPage()
#1 D:\Programs\Xampp\htdocs\CofeinWebsite_Bootstrap\classes\Main.php(127): Main->__construct()
#2 D:\Programs\Xampp\htdocs\CofeinWebsite_Bootstrap\index.php(12): Main::getInstance()
#3 {main}


[03/09/15  16:08:25]
exception 'Twig_Error_Loader' with message 'Unable to find template "bio_bg.html.twig" (looked into: views/layouts, views/templates).' in D:\Programs\Xampp\htdocs\CofeinWebsite_Bootstrap\libs\Twig\vendor\twig\twig\lib\Twig\Loader\Filesystem.php:191
Stack trace:
#0 D:\Programs\Xampp\htdocs\CofeinWebsite_Bootstrap\libs\Twig\vendor\twig\twig\lib\Twig\Loader\Filesystem.php(138): Twig_Loader_Filesystem->findTemplate('bio_bg.html.twi...')
#1 D:\Programs\Xampp\htdocs\CofeinWebsite_Bootstrap\libs\Twig\vendor\twig\twig\lib\Twig\Environment.php(265): Twig_Loader_Filesystem->getCacheKey('bio_bg.html.twi...')
#2 D:\Programs\Xampp\htdocs\CofeinWebsite_Bootstrap\libs\Twig\vendor\twig\twig\lib\Twig\Environment.php(323): Twig_Environment->getTemplateClass('bio_bg.html.twi...', NULL)
#3 D:\Programs\Xampp\htdocs\CofeinWebsite_Bootstrap\libs\Twig\vendor\twig\twig\lib\Twig\Environment.php(292): Twig_Environment->loadTemplate('bio_bg.html.twi...')
#4 D:\Programs\Xampp\htdocs\CofeinWebsite_Bootstrap\classes\Main.php(91): Twig_Environment->render('bio_bg.html.twi...', Array)
#5 D:\Programs\Xampp\htdocs\CofeinWebsite_Bootstrap\classes\Main.php(20): Main->render()
#6 D:\Programs\Xampp\htdocs\CofeinWebsite_Bootstrap\classes\Main.php(127): Main->__construct()
#7 D:\Programs\Xampp\htdocs\CofeinWebsite_Bootstrap\index.php(12): Main::getInstance()
#8 {main}


[03/09/15  16:18:26]
exception 'PDOException' with message 'SQLSTATE[42S02]: Base table or view not found: 1146 Table 'cofein.gallery_bg' doesn't exist' in D:\Programs\Xampp\htdocs\CofeinWebsite_Bootstrap\classes\Database.php:34
Stack trace:
#0 D:\Programs\Xampp\htdocs\CofeinWebsite_Bootstrap\classes\Database.php(34): PDOStatement->execute(Array)
#1 D:\Programs\Xampp\htdocs\CofeinWebsite_Bootstrap\classes\Gallery.php(9): Database->execute()
#2 D:\Programs\Xampp\htdocs\CofeinWebsite_Bootstrap\classes\Main.php(63): Gallery->getContent()
#3 D:\Programs\Xampp\htdocs\CofeinWebsite_Bootstrap\classes\Main.php(43): Main->setContent()
#4 D:\Programs\Xampp\htdocs\CofeinWebsite_Bootstrap\classes\Main.php(20): Main->createPage()
#5 D:\Programs\Xampp\htdocs\CofeinWebsite_Bootstrap\classes\Main.php(126): Main->__construct()
#6 D:\Programs\Xampp\htdocs\CofeinWebsite_Bootstrap\index.php(12): Main::getInstance()
#7 {main}


[03/09/15  16:18:27]
exception 'Exception' with message 'Bad request.' in D:\Programs\Xampp\htdocs\CofeinWebsite_Bootstrap\classes\Main.php:45
Stack trace:
#0 D:\Programs\Xampp\htdocs\CofeinWebsite_Bootstrap\classes\Main.php(20): Main->createPage()
#1 D:\Programs\Xampp\htdocs\CofeinWebsite_Bootstrap\classes\Main.php(126): Main->__construct()
#2 D:\Programs\Xampp\htdocs\CofeinWebsite_Bootstrap\index.php(12): Main::getInstance()
#3 {main}


[03/09/15  16:24:03]
exception 'Exception' with message 'Bad request.' in D:\Programs\Xampp\htdocs\CofeinWebsite_Bootstrap\classes\Main.php:45
Stack trace:
#0 D:\Programs\Xampp\htdocs\CofeinWebsite_Bootstrap\classes\Main.php(20): Main->createPage()
#1 D:\Programs\Xampp\htdocs\CofeinWebsite_Bootstrap\classes\Main.php(126): Main->__construct()
#2 D:\Programs\Xampp\htdocs\CofeinWebsite_Bootstrap\index.php(12): Main::getInstance()
#3 {main}


[03/09/15  16:25:08]
exception 'Exception' with message 'Bad request.' in D:\Programs\Xampp\htdocs\CofeinWebsite_Bootstrap\classes\Main.php:46
Stack trace:
#0 D:\Programs\Xampp\htdocs\CofeinWebsite_Bootstrap\classes\Main.php(20): Main->createPage()
#1 D:\Programs\Xampp\htdocs\CofeinWebsite_Bootstrap\classes\Main.php(127): Main->__construct()
#2 D:\Programs\Xampp\htdocs\CofeinWebsite_Bootstrap\index.php(12): Main::getInstance()
#3 {main}


[03/09/15  16:25:26]
exception 'Exception' with message 'Bad request.' in D:\Programs\Xampp\htdocs\CofeinWebsite_Bootstrap\classes\Main.php:46
Stack trace:
#0 D:\Programs\Xampp\htdocs\CofeinWebsite_Bootstrap\classes\Main.php(20): Main->createPage()
#1 D:\Programs\Xampp\htdocs\CofeinWebsite_Bootstrap\classes\Main.php(127): Main->__construct()
#2 D:\Programs\Xampp\htdocs\CofeinWebsite_Bootstrap\index.php(12): Main::getInstance()
#3 {main}


[03/09/15  16:25:40]
exception 'Exception' with message 'Bad request.' in D:\Programs\Xampp\htdocs\CofeinWebsite_Bootstrap\classes\Main.php:46
Stack trace:
#0 D:\Programs\Xampp\htdocs\CofeinWebsite_Bootstrap\classes\Main.php(20): Main->createPage()
#1 D:\Programs\Xampp\htdocs\CofeinWebsite_Bootstrap\classes\Main.php(127): Main->__construct()
#2 D:\Programs\Xampp\htdocs\CofeinWebsite_Bootstrap\index.php(12): Main::getInstance()
#3 {main}


[03/09/15  16:25:41]
exception 'Exception' with message 'Bad request.' in D:\Programs\Xampp\htdocs\CofeinWebsite_Bootstrap\classes\Main.php:46
Stack trace:
#0 D:\Programs\Xampp\htdocs\CofeinWebsite_Bootstrap\classes\Main.php(20): Main->createPage()
#1 D:\Programs\Xampp\htdocs\CofeinWebsite_Bootstrap\classes\Main.php(127): Main->__construct()
#2 D:\Programs\Xampp\htdocs\CofeinWebsite_Bootstrap\index.php(12): Main::getInstance()
#3 {main}


[03/09/15  16:25:43]
exception 'Exception' with message 'Bad request.' in D:\Programs\Xampp\htdocs\CofeinWebsite_Bootstrap\classes\Main.php:46
Stack trace:
#0 D:\Programs\Xampp\htdocs\CofeinWebsite_Bootstrap\classes\Main.php(20): Main->createPage()
#1 D:\Programs\Xampp\htdocs\CofeinWebsite_Bootstrap\classes\Main.php(127): Main->__construct()
#2 D:\Programs\Xampp\htdocs\CofeinWebsite_Bootstrap\index.php(12): Main::getInstance()
#3 {main}


[03/09/15  16:25:44]
exception 'Exception' with message 'Bad request.' in D:\Programs\Xampp\htdocs\CofeinWebsite_Bootstrap\classes\Main.php:46
Stack trace:
#0 D:\Programs\Xampp\htdocs\CofeinWebsite_Bootstrap\classes\Main.php(20): Main->createPage()
#1 D:\Programs\Xampp\htdocs\CofeinWebsite_Bootstrap\classes\Main.php(127): Main->__construct()
#2 D:\Programs\Xampp\htdocs\CofeinWebsite_Bootstrap\index.php(12): Main::getInstance()
#3 {main}


[03/09/15  16:25:45]
exception 'Exception' with message 'Bad request.' in D:\Programs\Xampp\htdocs\CofeinWebsite_Bootstrap\classes\Main.php:46
Stack trace:
#0 D:\Programs\Xampp\htdocs\CofeinWebsite_Bootstrap\classes\Main.php(20): Main->createPage()
#1 D:\Programs\Xampp\htdocs\CofeinWebsite_Bootstrap\classes\Main.php(127): Main->__construct()
#2 D:\Programs\Xampp\htdocs\CofeinWebsite_Bootstrap\index.php(12): Main::getInstance()
#3 {main}


[03/09/15  16:25:50]
exception 'Exception' with message 'Bad request.' in D:\Programs\Xampp\htdocs\CofeinWebsite_Bootstrap\classes\Main.php:46
Stack trace:
#0 D:\Programs\Xampp\htdocs\CofeinWebsite_Bootstrap\classes\Main.php(20): Main->createPage()
#1 D:\Programs\Xampp\htdocs\CofeinWebsite_Bootstrap\classes\Main.php(127): Main->__construct()
#2 D:\Programs\Xampp\htdocs\CofeinWebsite_Bootstrap\index.php(12): Main::getInstance()
#3 {main}


[03/09/15  16:26:02]
exception 'PDOException' with message 'SQLSTATE[42S02]: Base table or view not found: 1146 Table 'cofein.gallery_bg' doesn't exist' in D:\Programs\Xampp\htdocs\CofeinWebsite_Bootstrap\classes\Database.php:34
Stack trace:
#0 D:\Programs\Xampp\htdocs\CofeinWebsite_Bootstrap\classes\Database.php(34): PDOStatement->execute(Array)
#1 D:\Programs\Xampp\htdocs\CofeinWebsite_Bootstrap\classes\Gallery.php(9): Database->execute()
#2 D:\Programs\Xampp\htdocs\CofeinWebsite_Bootstrap\classes\Main.php(64): Gallery->getContent()
#3 D:\Programs\Xampp\htdocs\CofeinWebsite_Bootstrap\classes\Main.php(44): Main->setContent()
#4 D:\Programs\Xampp\htdocs\CofeinWebsite_Bootstrap\classes\Main.php(20): Main->createPage()
#5 D:\Programs\Xampp\htdocs\CofeinWebsite_Bootstrap\classes\Main.php(127): Main->__construct()
#6 D:\Programs\Xampp\htdocs\CofeinWebsite_Bootstrap\index.php(12): Main::getInstance()
#7 {main}


[03/09/15  16:26:24]
exception 'PDOException' with message 'SQLSTATE[42S02]: Base table or view not found: 1146 Table 'cofein.gallery_bg' doesn't exist' in D:\Programs\Xampp\htdocs\CofeinWebsite_Bootstrap\classes\Database.php:34
Stack trace:
#0 D:\Programs\Xampp\htdocs\CofeinWebsite_Bootstrap\classes\Database.php(34): PDOStatement->execute(Array)
#1 D:\Programs\Xampp\htdocs\CofeinWebsite_Bootstrap\classes\Gallery.php(9): Database->execute()
#2 D:\Programs\Xampp\htdocs\CofeinWebsite_Bootstrap\classes\Main.php(64): Gallery->getContent()
#3 D:\Programs\Xampp\htdocs\CofeinWebsite_Bootstrap\classes\Main.php(44): Main->setContent()
#4 D:\Programs\Xampp\htdocs\CofeinWebsite_Bootstrap\classes\Main.php(20): Main->createPage()
#5 D:\Programs\Xampp\htdocs\CofeinWebsite_Bootstrap\classes\Main.php(127): Main->__construct()
#6 D:\Programs\Xampp\htdocs\CofeinWebsite_Bootstrap\index.php(12): Main::getInstance()
#7 {main}


[03/09/15  16:26:48]
exception 'PDOException' with message 'SQLSTATE[42S02]: Base table or view not found: 1146 Table 'cofein.gallery' doesn't exist' in D:\Programs\Xampp\htdocs\CofeinWebsite_Bootstrap\classes\Database.php:34
Stack trace:
#0 D:\Programs\Xampp\htdocs\CofeinWebsite_Bootstrap\classes\Database.php(34): PDOStatement->execute(Array)
#1 D:\Programs\Xampp\htdocs\CofeinWebsite_Bootstrap\classes\Gallery.php(9): Database->execute()
#2 D:\Programs\Xampp\htdocs\CofeinWebsite_Bootstrap\classes\Main.php(64): Gallery->getContent()
#3 D:\Programs\Xampp\htdocs\CofeinWebsite_Bootstrap\classes\Main.php(44): Main->setContent()
#4 D:\Programs\Xampp\htdocs\CofeinWebsite_Bootstrap\classes\Main.php(20): Main->createPage()
#5 D:\Programs\Xampp\htdocs\CofeinWebsite_Bootstrap\classes\Main.php(127): Main->__construct()
#6 D:\Programs\Xampp\htdocs\CofeinWebsite_Bootstrap\index.php(12): Main::getInstance()
#7 {main}


[04/09/15  10:25:49]
exception 'Exception' with message 'Bad request.' in D:\Programs\Xampp\htdocs\CofeinWebsite_Bootstrap\classes\Main.php:45
Stack trace:
#0 D:\Programs\Xampp\htdocs\CofeinWebsite_Bootstrap\classes\Main.php(20): Main->createPage()
#1 D:\Programs\Xampp\htdocs\CofeinWebsite_Bootstrap\classes\Main.php(126): Main->__construct()
#2 D:\Programs\Xampp\htdocs\CofeinWebsite_Bootstrap\index.php(12): Main::getInstance()
#3 {main}


[04/09/15  10:27:12]
exception 'PDOException' with message 'SQLSTATE[42S02]: Base table or view not found: 1146 Table 'cofein.shop_bg' doesn't exist' in D:\Programs\Xampp\htdocs\CofeinWebsite_Bootstrap\classes\Database.php:34
Stack trace:
#0 D:\Programs\Xampp\htdocs\CofeinWebsite_Bootstrap\classes\Database.php(34): PDOStatement->execute(Array)
#1 D:\Programs\Xampp\htdocs\CofeinWebsite_Bootstrap\classes\Shop.php(24): Database->execute()
#2 D:\Programs\Xampp\htdocs\CofeinWebsite_Bootstrap\classes\Main.php(63): Shop->getContent()
#3 D:\Programs\Xampp\htdocs\CofeinWebsite_Bootstrap\classes\Main.php(43): Main->setContent()
#4 D:\Programs\Xampp\htdocs\CofeinWebsite_Bootstrap\classes\Main.php(20): Main->createPage()
#5 D:\Programs\Xampp\htdocs\CofeinWebsite_Bootstrap\classes\Main.php(126): Main->__construct()
#6 D:\Programs\Xampp\htdocs\CofeinWebsite_Bootstrap\index.php(12): Main::getInstance()
#7 {main}


[04/09/15  10:27:12]
exception 'PDOException' with message 'SQLSTATE[42S02]: Base table or view not found: 1146 Table 'cofein.shop_bg' doesn't exist' in D:\Programs\Xampp\htdocs\CofeinWebsite_Bootstrap\classes\Database.php:34
Stack trace:
#0 D:\Programs\Xampp\htdocs\CofeinWebsite_Bootstrap\classes\Database.php(34): PDOStatement->execute(Array)
#1 D:\Programs\Xampp\htdocs\CofeinWebsite_Bootstrap\classes\Shop.php(24): Database->execute()
#2 D:\Programs\Xampp\htdocs\CofeinWebsite_Bootstrap\classes\Main.php(63): Shop->getContent()
#3 D:\Programs\Xampp\htdocs\CofeinWebsite_Bootstrap\classes\Main.php(43): Main->setContent()
#4 D:\Programs\Xampp\htdocs\CofeinWebsite_Bootstrap\classes\Main.php(20): Main->createPage()
#5 D:\Programs\Xampp\htdocs\CofeinWebsite_Bootstrap\classes\Main.php(126): Main->__construct()
#6 D:\Programs\Xampp\htdocs\CofeinWebsite_Bootstrap\index.php(12): Main::getInstance()
#7 {main}


[04/09/15  10:27:54]
exception 'PDOException' with message 'SQLSTATE[42S02]: Base table or view not found: 1146 Table 'cofein.shop_bg' doesn't exist' in D:\Programs\Xampp\htdocs\CofeinWebsite_Bootstrap\classes\Database.php:34
Stack trace:
#0 D:\Programs\Xampp\htdocs\CofeinWebsite_Bootstrap\classes\Database.php(34): PDOStatement->execute(Array)
#1 D:\Programs\Xampp\htdocs\CofeinWebsite_Bootstrap\classes\Shop.php(24): Database->execute()
#2 D:\Programs\Xampp\htdocs\CofeinWebsite_Bootstrap\classes\Main.php(63): Shop->getContent()
#3 D:\Programs\Xampp\htdocs\CofeinWebsite_Bootstrap\classes\Main.php(43): Main->setContent()
#4 D:\Programs\Xampp\htdocs\CofeinWebsite_Bootstrap\classes\Main.php(20): Main->createPage()
#5 D:\Programs\Xampp\htdocs\CofeinWebsite_Bootstrap\classes\Main.php(126): Main->__construct()
#6 D:\Programs\Xampp\htdocs\CofeinWebsite_Bootstrap\index.php(12): Main::getInstance()
#7 {main}


[04/09/15  10:27:54]
exception 'PDOException' with message 'SQLSTATE[42S02]: Base table or view not found: 1146 Table 'cofein.shop_bg' doesn't exist' in D:\Programs\Xampp\htdocs\CofeinWebsite_Bootstrap\classes\Database.php:34
Stack trace:
#0 D:\Programs\Xampp\htdocs\CofeinWebsite_Bootstrap\classes\Database.php(34): PDOStatement->execute(Array)
#1 D:\Programs\Xampp\htdocs\CofeinWebsite_Bootstrap\classes\Shop.php(24): Database->execute()
#2 D:\Programs\Xampp\htdocs\CofeinWebsite_Bootstrap\classes\Main.php(63): Shop->getContent()
#3 D:\Programs\Xampp\htdocs\CofeinWebsite_Bootstrap\classes\Main.php(43): Main->setContent()
#4 D:\Programs\Xampp\htdocs\CofeinWebsite_Bootstrap\classes\Main.php(20): Main->createPage()
#5 D:\Programs\Xampp\htdocs\CofeinWebsite_Bootstrap\classes\Main.php(126): Main->__construct()
#6 D:\Programs\Xampp\htdocs\CofeinWebsite_Bootstrap\index.php(12): Main::getInstance()
#7 {main}


[04/09/15  10:30:38]
exception 'Twig_Error_Syntax' with message 'A template that extends another one cannot have a body in "under_construction.html.twig" at line 2.' in D:\Programs\Xampp\htdocs\CofeinWebsite_Bootstrap\libs\Twig\vendor\twig\twig\lib\Twig\Parser.php:370
Stack trace:
#0 D:\Programs\Xampp\htdocs\CofeinWebsite_Bootstrap\libs\Twig\vendor\twig\twig\lib\Twig\Parser.php(98): Twig_Parser->filterBodyNodes(Object(Twig_Node_Text))
#1 D:\Programs\Xampp\htdocs\CofeinWebsite_Bootstrap\libs\Twig\vendor\twig\twig\lib\Twig\Environment.php(507): Twig_Parser->parse(Object(Twig_TokenStream))
#2 D:\Programs\Xampp\htdocs\CofeinWebsite_Bootstrap\libs\Twig\vendor\twig\twig\lib\Twig\Environment.php(559): Twig_Environment->parse(Object(Twig_TokenStream))
#3 D:\Programs\Xampp\htdocs\CofeinWebsite_Bootstrap\libs\Twig\vendor\twig\twig\lib\Twig\Environment.php(331): Twig_Environment->compileSource('{% extends layo...', 'under_construct...')
#4 D:\Programs\Xampp\htdocs\CofeinWebsite_Bootstrap\libs\Twig\vendor\twig\twig\lib\Twig\Environment.php(292): Twig_Environment->loadTemplate('under_construct...')
#5 D:\Programs\Xampp\htdocs\CofeinWebsite_Bootstrap\classes\Main.php(90): Twig_Environment->render('under_construct...', Array)
#6 D:\Programs\Xampp\htdocs\CofeinWebsite_Bootstrap\classes\Main.php(20): Main->render()
#7 D:\Programs\Xampp\htdocs\CofeinWebsite_Bootstrap\classes\Main.php(126): Main->__construct()
#8 D:\Programs\Xampp\htdocs\CofeinWebsite_Bootstrap\index.php(12): Main::getInstance()
#9 {main}


[04/09/15  10:30:38]
exception 'Twig_Error_Syntax' with message 'A template that extends another one cannot have a body in "under_construction.html.twig" at line 2.' in D:\Programs\Xampp\htdocs\CofeinWebsite_Bootstrap\libs\Twig\vendor\twig\twig\lib\Twig\Parser.php:370
Stack trace:
#0 D:\Programs\Xampp\htdocs\CofeinWebsite_Bootstrap\libs\Twig\vendor\twig\twig\lib\Twig\Parser.php(98): Twig_Parser->filterBodyNodes(Object(Twig_Node_Text))
#1 D:\Programs\Xampp\htdocs\CofeinWebsite_Bootstrap\libs\Twig\vendor\twig\twig\lib\Twig\Environment.php(507): Twig_Parser->parse(Object(Twig_TokenStream))
#2 D:\Programs\Xampp\htdocs\CofeinWebsite_Bootstrap\libs\Twig\vendor\twig\twig\lib\Twig\Environment.php(559): Twig_Environment->parse(Object(Twig_TokenStream))
#3 D:\Programs\Xampp\htdocs\CofeinWebsite_Bootstrap\libs\Twig\vendor\twig\twig\lib\Twig\Environment.php(331): Twig_Environment->compileSource('{% extends layo...', 'under_construct...')
#4 D:\Programs\Xampp\htdocs\CofeinWebsite_Bootstrap\libs\Twig\vendor\twig\twig\lib\Twig\Environment.php(292): Twig_Environment->loadTemplate('under_construct...')
#5 D:\Programs\Xampp\htdocs\CofeinWebsite_Bootstrap\classes\Main.php(90): Twig_Environment->render('under_construct...', Array)
#6 D:\Programs\Xampp\htdocs\CofeinWebsite_Bootstrap\classes\Main.php(20): Main->render()
#7 D:\Programs\Xampp\htdocs\CofeinWebsite_Bootstrap\classes\Main.php(126): Main->__construct()
#8 D:\Programs\Xampp\htdocs\CofeinWebsite_Bootstrap\index.php(12): Main::getInstance()
#9 {main}


[04/09/15  10:44:35]
exception 'Exception' with message 'Bad request.' in D:\Programs\Xampp\htdocs\CofeinWebsite_Bootstrap\classes\Main.php:45
Stack trace:
#0 D:\Programs\Xampp\htdocs\CofeinWebsite_Bootstrap\classes\Main.php(20): Main->createPage()
#1 D:\Programs\Xampp\htdocs\CofeinWebsite_Bootstrap\classes\Main.php(126): Main->__construct()
#2 D:\Programs\Xampp\htdocs\CofeinWebsite_Bootstrap\index.php(12): Main::getInstance()
#3 {main}


[04/09/15  10:44:38]
exception 'Exception' with message 'Bad request.' in D:\Programs\Xampp\htdocs\CofeinWebsite_Bootstrap\classes\Main.php:45
Stack trace:
#0 D:\Programs\Xampp\htdocs\CofeinWebsite_Bootstrap\classes\Main.php(20): Main->createPage()
#1 D:\Programs\Xampp\htdocs\CofeinWebsite_Bootstrap\classes\Main.php(126): Main->__construct()
#2 D:\Programs\Xampp\htdocs\CofeinWebsite_Bootstrap\index.php(12): Main::getInstance()
#3 {main}


[04/09/15  10:46:57]
exception 'Exception' with message 'Bad request.' in D:\Programs\Xampp\htdocs\CofeinWebsite_Bootstrap\classes\Main.php:45
Stack trace:
#0 D:\Programs\Xampp\htdocs\CofeinWebsite_Bootstrap\classes\Main.php(20): Main->createPage()
#1 D:\Programs\Xampp\htdocs\CofeinWebsite_Bootstrap\classes\Main.php(126): Main->__construct()
#2 D:\Programs\Xampp\htdocs\CofeinWebsite_Bootstrap\index.php(12): Main::getInstance()
#3 {main}


[04/09/15  10:47:57]
exception 'Exception' with message 'Bad request.' in D:\Programs\Xampp\htdocs\CofeinWebsite_Bootstrap\classes\Main.php:45
Stack trace:
#0 D:\Programs\Xampp\htdocs\CofeinWebsite_Bootstrap\classes\Main.php(20): Main->createPage()
#1 D:\Programs\Xampp\htdocs\CofeinWebsite_Bootstrap\classes\Main.php(126): Main->__construct()
#2 D:\Programs\Xampp\htdocs\CofeinWebsite_Bootstrap\index.php(12): Main::getInstance()
#3 {main}


[04/09/15  12:28:58]
exception 'Twig_Error_Syntax' with message 'Unexpected token "operator" of value "<" in "gallery.html.twig" at line 5' in D:\Programs\Xampp\htdocs\CofeinWebsite_Bootstrap\libs\Twig\vendor\twig\twig\lib\Twig\ExpressionParser.php:175
Stack trace:
#0 D:\Programs\Xampp\htdocs\CofeinWebsite_Bootstrap\libs\Twig\vendor\twig\twig\lib\Twig\ExpressionParser.php(84): Twig_ExpressionParser->parsePrimaryExpression()
#1 D:\Programs\Xampp\htdocs\CofeinWebsite_Bootstrap\libs\Twig\vendor\twig\twig\lib\Twig\ExpressionParser.php(41): Twig_ExpressionParser->getPrimary()
#2 D:\Programs\Xampp\htdocs\CofeinWebsite_Bootstrap\libs\Twig\vendor\twig\twig\lib\Twig\Parser.php(141): Twig_ExpressionParser->parseExpression()
#3 D:\Programs\Xampp\htdocs\CofeinWebsite_Bootstrap\libs\Twig\vendor\twig\twig\lib\Twig\TokenParser\For.php(47): Twig_Parser->subparse(Array)
#4 D:\Programs\Xampp\htdocs\CofeinWebsite_Bootstrap\libs\Twig\vendor\twig\twig\lib\Twig\Parser.php(187): Twig_TokenParser_For->parse(Object(Twig_Token))
#5 D:\Programs\Xampp\htdocs\CofeinWebsite_Bootstrap\libs\Twig\vendor\twig\twig\lib\Twig\TokenParser\Block.php(45): Twig_Parser->subparse(Array, true)
#6 D:\Programs\Xampp\htdocs\CofeinWebsite_Bootstrap\libs\Twig\vendor\twig\twig\lib\Twig\Parser.php(187): Twig_TokenParser_Block->parse(Object(Twig_Token))
#7 D:\Programs\Xampp\htdocs\CofeinWebsite_Bootstrap\libs\Twig\vendor\twig\twig\lib\Twig\Parser.php(95): Twig_Parser->subparse(NULL, false)
#8 D:\Programs\Xampp\htdocs\CofeinWebsite_Bootstrap\libs\Twig\vendor\twig\twig\lib\Twig\Environment.php(507): Twig_Parser->parse(Object(Twig_TokenStream))
#9 D:\Programs\Xampp\htdocs\CofeinWebsite_Bootstrap\libs\Twig\vendor\twig\twig\lib\Twig\Environment.php(559): Twig_Environment->parse(Object(Twig_TokenStream))
#10 D:\Programs\Xampp\htdocs\CofeinWebsite_Bootstrap\libs\Twig\vendor\twig\twig\lib\Twig\Environment.php(331): Twig_Environment->compileSource('{% extends layo...', 'gallery.html.tw...')
#11 D:\Programs\Xampp\htdocs\CofeinWebsite_Bootstrap\libs\Twig\vendor\twig\twig\lib\Twig\Environment.php(292): Twig_Environment->loadTemplate('gallery.html.tw...')
#12 D:\Programs\Xampp\htdocs\CofeinWebsite_Bootstrap\classes\Main.php(90): Twig_Environment->render('gallery.html.tw...', Array)
#13 D:\Programs\Xampp\htdocs\CofeinWebsite_Bootstrap\classes\Main.php(20): Main->render()
#14 D:\Programs\Xampp\htdocs\CofeinWebsite_Bootstrap\classes\Main.php(126): Main->__construct()
#15 D:\Programs\Xampp\htdocs\CofeinWebsite_Bootstrap\index.php(12): Main::getInstance()
#16 {main}


[09/09/15  19:51:12]
exception 'Exception' with message 'Could not upload file D:\Programs\Xampp\tmp\php2702.tmp in Admin->news())' in D:\Programs\Xampp\htdocs\Cofein\classes\AdminNews.php:35
Stack trace:
#0 D:\Programs\Xampp\htdocs\Cofein\classes\AdminNews.php(18): AdminNews->moveImagesToTemp()
#1 D:\Programs\Xampp\htdocs\Cofein\classes\Admin.php(22): AdminNews->imageUpload()
#2 D:\Programs\Xampp\htdocs\Cofein\classes\Main.php(63): Admin->getContent()
#3 D:\Programs\Xampp\htdocs\Cofein\classes\Main.php(43): Main->setContent()
#4 D:\Programs\Xampp\htdocs\Cofein\classes\Main.php(20): Main->createPage()
#5 D:\Programs\Xampp\htdocs\Cofein\classes\Main.php(126): Main->__construct()
#6 D:\Programs\Xampp\htdocs\Cofein\index.php(12): Main::getInstance()
#7 {main}


[10/09/15  20:06:45]
exception 'PDOException' with message 'SQLSTATE[23000]: Integrity constraint violation: 1048 Column 'album' cannot be null' in D:\Programs\Xampp\htdocs\Cofein\classes\Database.php:34
Stack trace:
#0 D:\Programs\Xampp\htdocs\Cofein\classes\Database.php(34): PDOStatement->execute(Array)
#1 D:\Programs\Xampp\htdocs\Cofein\classes\AdminGallery.php(121): Database->execute(Array)
#2 D:\Programs\Xampp\htdocs\Cofein\classes\AdminGallery.php(15): AdminGallery->uploadToDB()
#3 D:\Programs\Xampp\htdocs\Cofein\classes\Admin.php(40): AdminGallery->submit()
#4 D:\Programs\Xampp\htdocs\Cofein\classes\Main.php(63): Admin->getContent()
#5 D:\Programs\Xampp\htdocs\Cofein\classes\Main.php(43): Main->setContent()
#6 D:\Programs\Xampp\htdocs\Cofein\classes\Main.php(20): Main->createPage()
#7 D:\Programs\Xampp\htdocs\Cofein\classes\Main.php(126): Main->__construct()
#8 D:\Programs\Xampp\htdocs\Cofein\index.php(12): Main::getInstance()
#9 {main}


[10/09/15  21:24:45]
exception 'PDOException' with message 'SQLSTATE[42000]: Syntax error or access violation: 1064 You have an error in your SQL syntax; check the manual that corresponds to your MySQL server version for the right syntax to use near '' at line 1' in D:\Programs\Xampp\htdocs\Cofein\classes\Database.php:34
Stack trace:
#0 D:\Programs\Xampp\htdocs\Cofein\classes\Database.php(34): PDOStatement->execute(Array)
#1 D:\Programs\Xampp\htdocs\Cofein\classes\AdminGallery.php(111): Database->execute()
#2 D:\Programs\Xampp\htdocs\Cofein\classes\AdminGallery.php(15): AdminGallery->uploadToDB()
#3 D:\Programs\Xampp\htdocs\Cofein\classes\Admin.php(40): AdminGallery->submit()
#4 D:\Programs\Xampp\htdocs\Cofein\classes\Main.php(63): Admin->getContent()
#5 D:\Programs\Xampp\htdocs\Cofein\classes\Main.php(43): Main->setContent()
#6 D:\Programs\Xampp\htdocs\Cofein\classes\Main.php(20): Main->createPage()
#7 D:\Programs\Xampp\htdocs\Cofein\classes\Main.php(126): Main->__construct()
#8 D:\Programs\Xampp\htdocs\Cofein\index.php(12): Main::getInstance()
#9 {main}


[10/09/15  21:26:00]
exception 'PDOException' with message 'SQLSTATE[42000]: Syntax error or access violation: 1064 You have an error in your SQL syntax; check the manual that corresponds to your MySQL server version for the right syntax to use near '' at line 1' in D:\Programs\Xampp\htdocs\Cofein\classes\Database.php:34
Stack trace:
#0 D:\Programs\Xampp\htdocs\Cofein\classes\Database.php(34): PDOStatement->execute(Array)
#1 D:\Programs\Xampp\htdocs\Cofein\classes\AdminGallery.php(111): Database->execute()
#2 D:\Programs\Xampp\htdocs\Cofein\classes\AdminGallery.php(15): AdminGallery->uploadToDB()
#3 D:\Programs\Xampp\htdocs\Cofein\classes\Admin.php(40): AdminGallery->submit()
#4 D:\Programs\Xampp\htdocs\Cofein\classes\Main.php(63): Admin->getContent()
#5 D:\Programs\Xampp\htdocs\Cofein\classes\Main.php(43): Main->setContent()
#6 D:\Programs\Xampp\htdocs\Cofein\classes\Main.php(20): Main->createPage()
#7 D:\Programs\Xampp\htdocs\Cofein\classes\Main.php(126): Main->__construct()
#8 D:\Programs\Xampp\htdocs\Cofein\index.php(12): Main::getInstance()
#9 {main}


[10/09/15  21:26:17]
exception 'PDOException' with message 'SQLSTATE[23000]: Integrity constraint violation: 1048 Column 'album' cannot be null' in D:\Programs\Xampp\htdocs\Cofein\classes\Database.php:34
Stack trace:
#0 D:\Programs\Xampp\htdocs\Cofein\classes\Database.php(34): PDOStatement->execute(Array)
#1 D:\Programs\Xampp\htdocs\Cofein\classes\AdminGallery.php(116): Database->execute(Array)
#2 D:\Programs\Xampp\htdocs\Cofein\classes\AdminGallery.php(15): AdminGallery->uploadToDB()
#3 D:\Programs\Xampp\htdocs\Cofein\classes\Admin.php(40): AdminGallery->submit()
#4 D:\Programs\Xampp\htdocs\Cofein\classes\Main.php(63): Admin->getContent()
#5 D:\Programs\Xampp\htdocs\Cofein\classes\Main.php(43): Main->setContent()
#6 D:\Programs\Xampp\htdocs\Cofein\classes\Main.php(20): Main->createPage()
#7 D:\Programs\Xampp\htdocs\Cofein\classes\Main.php(126): Main->__construct()
#8 D:\Programs\Xampp\htdocs\Cofein\index.php(12): Main::getInstance()
#9 {main}


[10/09/15  21:27:25]
exception 'PDOException' with message 'SQLSTATE[42000]: Syntax error or access violation: 1064 You have an error in your SQL syntax; check the manual that corresponds to your MySQL server version for the right syntax to use near '' at line 1' in D:\Programs\Xampp\htdocs\Cofein\classes\Database.php:34
Stack trace:
#0 D:\Programs\Xampp\htdocs\Cofein\classes\Database.php(34): PDOStatement->execute(Array)
#1 D:\Programs\Xampp\htdocs\Cofein\classes\AdminGallery.php(112): Database->execute()
#2 D:\Programs\Xampp\htdocs\Cofein\classes\AdminGallery.php(15): AdminGallery->uploadToDB()
#3 D:\Programs\Xampp\htdocs\Cofein\classes\Admin.php(40): AdminGallery->submit()
#4 D:\Programs\Xampp\htdocs\Cofein\classes\Main.php(63): Admin->getContent()
#5 D:\Programs\Xampp\htdocs\Cofein\classes\Main.php(43): Main->setContent()
#6 D:\Programs\Xampp\htdocs\Cofein\classes\Main.php(20): Main->createPage()
#7 D:\Programs\Xampp\htdocs\Cofein\classes\Main.php(126): Main->__construct()
#8 D:\Programs\Xampp\htdocs\Cofein\index.php(12): Main::getInstance()
#9 {main}


[10/09/15  21:28:02]
exception 'PDOException' with message 'SQLSTATE[42000]: Syntax error or access violation: 1064 You have an error in your SQL syntax; check the manual that corresponds to your MySQL server version for the right syntax to use near '' at line 1' in D:\Programs\Xampp\htdocs\Cofein\classes\Database.php:34
Stack trace:
#0 D:\Programs\Xampp\htdocs\Cofein\classes\Database.php(34): PDOStatement->execute(Array)
#1 D:\Programs\Xampp\htdocs\Cofein\classes\AdminGallery.php(107): Database->execute()
#2 D:\Programs\Xampp\htdocs\Cofein\classes\AdminGallery.php(15): AdminGallery->uploadToDB()
#3 D:\Programs\Xampp\htdocs\Cofein\classes\Admin.php(40): AdminGallery->submit()
#4 D:\Programs\Xampp\htdocs\Cofein\classes\Main.php(63): Admin->getContent()
#5 D:\Programs\Xampp\htdocs\Cofein\classes\Main.php(43): Main->setContent()
#6 D:\Programs\Xampp\htdocs\Cofein\classes\Main.php(20): Main->createPage()
#7 D:\Programs\Xampp\htdocs\Cofein\classes\Main.php(126): Main->__construct()
#8 D:\Programs\Xampp\htdocs\Cofein\index.php(12): Main::getInstance()
#9 {main}


[10/09/15  21:30:35]
exception 'PDOException' with message 'SQLSTATE[42S22]: Column not found: 1054 Unknown column 'views' in 'where clause'' in D:\Programs\Xampp\htdocs\Cofein\classes\Database.php:34
Stack trace:
#0 D:\Programs\Xampp\htdocs\Cofein\classes\Database.php(34): PDOStatement->execute(Array)
#1 D:\Programs\Xampp\htdocs\Cofein\classes\AdminGallery.php(110): Database->execute()
#2 D:\Programs\Xampp\htdocs\Cofein\classes\AdminGallery.php(100): AdminGallery->uploadToDB('views/img/galle...')
#3 D:\Programs\Xampp\htdocs\Cofein\classes\AdminGallery.php(61): AdminGallery->uploadImages(false, 'test4')
#4 D:\Programs\Xampp\htdocs\Cofein\classes\AdminGallery.php(14): AdminGallery->moveImagesToAlbum()
#5 D:\Programs\Xampp\htdocs\Cofein\classes\Admin.php(40): AdminGallery->submit()
#6 D:\Programs\Xampp\htdocs\Cofein\classes\Main.php(63): Admin->getContent()
#7 D:\Programs\Xampp\htdocs\Cofein\classes\Main.php(43): Main->setContent()
#8 D:\Programs\Xampp\htdocs\Cofein\classes\Main.php(20): Main->createPage()
#9 D:\Programs\Xampp\htdocs\Cofein\classes\Main.php(126): Main->__construct()
#10 D:\Programs\Xampp\htdocs\Cofein\index.php(12): Main::getInstance()
#11 {main}


[10/09/15  21:41:41]
exception 'PDOException' with message 'SQLSTATE[42S22]: Column not found: 1054 Unknown column 'views' in 'where clause'' in D:\Programs\Xampp\htdocs\Cofein\classes\Database.php:34
Stack trace:
#0 D:\Programs\Xampp\htdocs\Cofein\classes\Database.php(34): PDOStatement->execute(Array)
#1 D:\Programs\Xampp\htdocs\Cofein\classes\AdminGallery.php(109): Database->execute()
#2 D:\Programs\Xampp\htdocs\Cofein\classes\AdminGallery.php(99): AdminGallery->uploadToDB('views/img/galle...')
#3 D:\Programs\Xampp\htdocs\Cofein\classes\AdminGallery.php(60): AdminGallery->uploadImages(1, 'test4')
#4 D:\Programs\Xampp\htdocs\Cofein\classes\AdminGallery.php(14): AdminGallery->moveImagesToAlbum()
#5 D:\Programs\Xampp\htdocs\Cofein\classes\Admin.php(40): AdminGallery->submit()
#6 D:\Programs\Xampp\htdocs\Cofein\classes\Main.php(63): Admin->getContent()
#7 D:\Programs\Xampp\htdocs\Cofein\classes\Main.php(43): Main->setContent()
#8 D:\Programs\Xampp\htdocs\Cofein\classes\Main.php(20): Main->createPage()
#9 D:\Programs\Xampp\htdocs\Cofein\classes\Main.php(126): Main->__construct()
#10 D:\Programs\Xampp\htdocs\Cofein\index.php(12): Main::getInstance()
#11 {main}


[10/09/15  21:48:30]
exception 'PDOException' with message 'SQLSTATE[42S22]: Column not found: 1054 Unknown column 'views' in 'where clause'' in D:\Programs\Xampp\htdocs\Cofein\classes\Database.php:34
Stack trace:
#0 D:\Programs\Xampp\htdocs\Cofein\classes\Database.php(34): PDOStatement->execute(Array)
#1 D:\Programs\Xampp\htdocs\Cofein\classes\AdminGallery.php(110): Database->execute()
#2 D:\Programs\Xampp\htdocs\Cofein\classes\AdminGallery.php(99): AdminGallery->uploadToDB('views/img/galle...')
#3 D:\Programs\Xampp\htdocs\Cofein\classes\AdminGallery.php(60): AdminGallery->uploadImages(2, 'test3')
#4 D:\Programs\Xampp\htdocs\Cofein\classes\AdminGallery.php(14): AdminGallery->moveImagesToAlbum()
#5 D:\Programs\Xampp\htdocs\Cofein\classes\Admin.php(40): AdminGallery->submit()
#6 D:\Programs\Xampp\htdocs\Cofein\classes\Main.php(63): Admin->getContent()
#7 D:\Programs\Xampp\htdocs\Cofein\classes\Main.php(43): Main->setContent()
#8 D:\Programs\Xampp\htdocs\Cofein\classes\Main.php(20): Main->createPage()
#9 D:\Programs\Xampp\htdocs\Cofein\classes\Main.php(126): Main->__construct()
#10 D:\Programs\Xampp\htdocs\Cofein\index.php(12): Main::getInstance()
#11 {main}


[10/09/15  21:48:57]
exception 'PDOException' with message 'SQLSTATE[42S22]: Column not found: 1054 Unknown column 'bla' in 'where clause'' in D:\Programs\Xampp\htdocs\Cofein\classes\Database.php:34
Stack trace:
#0 D:\Programs\Xampp\htdocs\Cofein\classes\Database.php(34): PDOStatement->execute(Array)
#1 D:\Programs\Xampp\htdocs\Cofein\classes\AdminGallery.php(110): Database->execute()
#2 D:\Programs\Xampp\htdocs\Cofein\classes\AdminGallery.php(99): AdminGallery->uploadToDB('views/img/galle...')
#3 D:\Programs\Xampp\htdocs\Cofein\classes\AdminGallery.php(60): AdminGallery->uploadImages(3, 'test3')
#4 D:\Programs\Xampp\htdocs\Cofein\classes\AdminGallery.php(14): AdminGallery->moveImagesToAlbum()
#5 D:\Programs\Xampp\htdocs\Cofein\classes\Admin.php(40): AdminGallery->submit()
#6 D:\Programs\Xampp\htdocs\Cofein\classes\Main.php(63): Admin->getContent()
#7 D:\Programs\Xampp\htdocs\Cofein\classes\Main.php(43): Main->setContent()
#8 D:\Programs\Xampp\htdocs\Cofein\classes\Main.php(20): Main->createPage()
#9 D:\Programs\Xampp\htdocs\Cofein\classes\Main.php(126): Main->__construct()
#10 D:\Programs\Xampp\htdocs\Cofein\index.php(12): Main::getInstance()
#11 {main}


[10/09/15  21:49:30]
exception 'PDOException' with message 'SQLSTATE[42000]: Syntax error or access violation: 1064 You have an error in your SQL syntax; check the manual that corresponds to your MySQL server version for the right syntax to use near '\img\gallery\test3' at line 1' in D:\Programs\Xampp\htdocs\Cofein\classes\Database.php:34
Stack trace:
#0 D:\Programs\Xampp\htdocs\Cofein\classes\Database.php(34): PDOStatement->execute(Array)
#1 D:\Programs\Xampp\htdocs\Cofein\classes\AdminGallery.php(110): Database->execute()
#2 D:\Programs\Xampp\htdocs\Cofein\classes\AdminGallery.php(99): AdminGallery->uploadToDB('views/img/galle...')
#3 D:\Programs\Xampp\htdocs\Cofein\classes\AdminGallery.php(60): AdminGallery->uploadImages(4, 'test3')
#4 D:\Programs\Xampp\htdocs\Cofein\classes\AdminGallery.php(14): AdminGallery->moveImagesToAlbum()
#5 D:\Programs\Xampp\htdocs\Cofein\classes\Admin.php(40): AdminGallery->submit()
#6 D:\Programs\Xampp\htdocs\Cofein\classes\Main.php(63): Admin->getContent()
#7 D:\Programs\Xampp\htdocs\Cofein\classes\Main.php(43): Main->setContent()
#8 D:\Programs\Xampp\htdocs\Cofein\classes\Main.php(20): Main->createPage()
#9 D:\Programs\Xampp\htdocs\Cofein\classes\Main.php(126): Main->__construct()
#10 D:\Programs\Xampp\htdocs\Cofein\index.php(12): Main::getInstance()
#11 {main}


[10/09/15  22:53:35]
exception 'PDOException' with message 'SQLSTATE[HY093]: Invalid parameter number: no parameters were bound' in D:\Programs\Xampp\htdocs\Cofein\classes\Database.php:34
Stack trace:
#0 D:\Programs\Xampp\htdocs\Cofein\classes\Database.php(34): PDOStatement->execute(Array)
#1 D:\Programs\Xampp\htdocs\Cofein\classes\Gallery.php(13): Database->execute()
#2 D:\Programs\Xampp\htdocs\Cofein\classes\Main.php(63): Gallery->getContent()
#3 D:\Programs\Xampp\htdocs\Cofein\classes\Main.php(43): Main->setContent()
#4 D:\Programs\Xampp\htdocs\Cofein\classes\Main.php(20): Main->createPage()
#5 D:\Programs\Xampp\htdocs\Cofein\classes\Main.php(126): Main->__construct()
#6 D:\Programs\Xampp\htdocs\Cofein\index.php(12): Main::getInstance()
#7 {main}


[10/09/15  22:53:40]
exception 'PDOException' with message 'SQLSTATE[HY093]: Invalid parameter number: no parameters were bound' in D:\Programs\Xampp\htdocs\Cofein\classes\Database.php:34
Stack trace:
#0 D:\Programs\Xampp\htdocs\Cofein\classes\Database.php(34): PDOStatement->execute(Array)
#1 D:\Programs\Xampp\htdocs\Cofein\classes\Gallery.php(13): Database->execute()
#2 D:\Programs\Xampp\htdocs\Cofein\classes\Main.php(63): Gallery->getContent()
#3 D:\Programs\Xampp\htdocs\Cofein\classes\Main.php(43): Main->setContent()
#4 D:\Programs\Xampp\htdocs\Cofein\classes\Main.php(20): Main->createPage()
#5 D:\Programs\Xampp\htdocs\Cofein\classes\Main.php(126): Main->__construct()
#6 D:\Programs\Xampp\htdocs\Cofein\index.php(12): Main::getInstance()
#7 {main}


[10/09/15  22:53:42]
exception 'PDOException' with message 'SQLSTATE[HY093]: Invalid parameter number: no parameters were bound' in D:\Programs\Xampp\htdocs\Cofein\classes\Database.php:34
Stack trace:
#0 D:\Programs\Xampp\htdocs\Cofein\classes\Database.php(34): PDOStatement->execute(Array)
#1 D:\Programs\Xampp\htdocs\Cofein\classes\Gallery.php(13): Database->execute()
#2 D:\Programs\Xampp\htdocs\Cofein\classes\Main.php(63): Gallery->getContent()
#3 D:\Programs\Xampp\htdocs\Cofein\classes\Main.php(43): Main->setContent()
#4 D:\Programs\Xampp\htdocs\Cofein\classes\Main.php(20): Main->createPage()
#5 D:\Programs\Xampp\htdocs\Cofein\classes\Main.php(126): Main->__construct()
#6 D:\Programs\Xampp\htdocs\Cofein\index.php(12): Main::getInstance()
#7 {main}


[10/09/15  22:53:54]
exception 'PDOException' with message 'SQLSTATE[HY093]: Invalid parameter number: no parameters were bound' in D:\Programs\Xampp\htdocs\Cofein\classes\Database.php:34
Stack trace:
#0 D:\Programs\Xampp\htdocs\Cofein\classes\Database.php(34): PDOStatement->execute(Array)
#1 D:\Programs\Xampp\htdocs\Cofein\classes\Gallery.php(13): Database->execute()
#2 D:\Programs\Xampp\htdocs\Cofein\classes\Main.php(63): Gallery->getContent()
#3 D:\Programs\Xampp\htdocs\Cofein\classes\Main.php(43): Main->setContent()
#4 D:\Programs\Xampp\htdocs\Cofein\classes\Main.php(20): Main->createPage()
#5 D:\Programs\Xampp\htdocs\Cofein\classes\Main.php(126): Main->__construct()
#6 D:\Programs\Xampp\htdocs\Cofein\index.php(12): Main::getInstance()
#7 {main}


[10/09/15  22:53:56]
exception 'PDOException' with message 'SQLSTATE[HY093]: Invalid parameter number: no parameters were bound' in D:\Programs\Xampp\htdocs\Cofein\classes\Database.php:34
Stack trace:
#0 D:\Programs\Xampp\htdocs\Cofein\classes\Database.php(34): PDOStatement->execute(Array)
#1 D:\Programs\Xampp\htdocs\Cofein\classes\Gallery.php(13): Database->execute()
#2 D:\Programs\Xampp\htdocs\Cofein\classes\Main.php(63): Gallery->getContent()
#3 D:\Programs\Xampp\htdocs\Cofein\classes\Main.php(43): Main->setContent()
#4 D:\Programs\Xampp\htdocs\Cofein\classes\Main.php(20): Main->createPage()
#5 D:\Programs\Xampp\htdocs\Cofein\classes\Main.php(126): Main->__construct()
#6 D:\Programs\Xampp\htdocs\Cofein\index.php(12): Main::getInstance()
#7 {main}


[10/09/15  22:54:54]
exception 'PDOException' with message 'SQLSTATE[HY093]: Invalid parameter number: no parameters were bound' in D:\Programs\Xampp\htdocs\Cofein\classes\Database.php:34
Stack trace:
#0 D:\Programs\Xampp\htdocs\Cofein\classes\Database.php(34): PDOStatement->execute(Array)
#1 D:\Programs\Xampp\htdocs\Cofein\classes\Gallery.php(13): Database->execute()
#2 D:\Programs\Xampp\htdocs\Cofein\classes\Main.php(63): Gallery->getContent()
#3 D:\Programs\Xampp\htdocs\Cofein\classes\Main.php(43): Main->setContent()
#4 D:\Programs\Xampp\htdocs\Cofein\classes\Main.php(20): Main->createPage()
#5 D:\Programs\Xampp\htdocs\Cofein\classes\Main.php(126): Main->__construct()
#6 D:\Programs\Xampp\htdocs\Cofein\index.php(12): Main::getInstance()
#7 {main}


[10/09/15  22:54:57]
exception 'PDOException' with message 'SQLSTATE[HY093]: Invalid parameter number: no parameters were bound' in D:\Programs\Xampp\htdocs\Cofein\classes\Database.php:34
Stack trace:
#0 D:\Programs\Xampp\htdocs\Cofein\classes\Database.php(34): PDOStatement->execute(Array)
#1 D:\Programs\Xampp\htdocs\Cofein\classes\Gallery.php(13): Database->execute()
#2 D:\Programs\Xampp\htdocs\Cofein\classes\Main.php(63): Gallery->getContent()
#3 D:\Programs\Xampp\htdocs\Cofein\classes\Main.php(43): Main->setContent()
#4 D:\Programs\Xampp\htdocs\Cofein\classes\Main.php(20): Main->createPage()
#5 D:\Programs\Xampp\htdocs\Cofein\classes\Main.php(126): Main->__construct()
#6 D:\Programs\Xampp\htdocs\Cofein\index.php(12): Main::getInstance()
#7 {main}


[10/09/15  22:55:28]
exception 'PDOException' with message 'SQLSTATE[HY093]: Invalid parameter number: no parameters were bound' in D:\Programs\Xampp\htdocs\Cofein\classes\Database.php:34
Stack trace:
#0 D:\Programs\Xampp\htdocs\Cofein\classes\Database.php(34): PDOStatement->execute(Array)
#1 D:\Programs\Xampp\htdocs\Cofein\classes\Gallery.php(13): Database->execute()
#2 D:\Programs\Xampp\htdocs\Cofein\classes\Main.php(63): Gallery->getContent()
#3 D:\Programs\Xampp\htdocs\Cofein\classes\Main.php(43): Main->setContent()
#4 D:\Programs\Xampp\htdocs\Cofein\classes\Main.php(20): Main->createPage()
#5 D:\Programs\Xampp\htdocs\Cofein\classes\Main.php(126): Main->__construct()
#6 D:\Programs\Xampp\htdocs\Cofein\index.php(12): Main::getInstance()
#7 {main}


[10/09/15  22:56:34]
exception 'PDOException' with message 'SQLSTATE[HY093]: Invalid parameter number: no parameters were bound' in D:\Programs\Xampp\htdocs\Cofein\classes\Database.php:34
Stack trace:
#0 D:\Programs\Xampp\htdocs\Cofein\classes\Database.php(34): PDOStatement->execute(Array)
#1 D:\Programs\Xampp\htdocs\Cofein\classes\Gallery.php(13): Database->execute()
#2 D:\Programs\Xampp\htdocs\Cofein\classes\Main.php(63): Gallery->getContent()
#3 D:\Programs\Xampp\htdocs\Cofein\classes\Main.php(43): Main->setContent()
#4 D:\Programs\Xampp\htdocs\Cofein\classes\Main.php(20): Main->createPage()
#5 D:\Programs\Xampp\htdocs\Cofein\classes\Main.php(126): Main->__construct()
#6 D:\Programs\Xampp\htdocs\Cofein\index.php(12): Main::getInstance()
#7 {main}


[10/09/15  22:57:44]
exception 'PDOException' with message 'SQLSTATE[HY093]: Invalid parameter number: no parameters were bound' in D:\Programs\Xampp\htdocs\Cofein\classes\Database.php:34
Stack trace:
#0 D:\Programs\Xampp\htdocs\Cofein\classes\Database.php(34): PDOStatement->execute(Array)
#1 D:\Programs\Xampp\htdocs\Cofein\classes\Gallery.php(13): Database->execute()
#2 D:\Programs\Xampp\htdocs\Cofein\classes\Main.php(63): Gallery->getContent()
#3 D:\Programs\Xampp\htdocs\Cofein\classes\Main.php(43): Main->setContent()
#4 D:\Programs\Xampp\htdocs\Cofein\classes\Main.php(20): Main->createPage()
#5 D:\Programs\Xampp\htdocs\Cofein\classes\Main.php(126): Main->__construct()
#6 D:\Programs\Xampp\htdocs\Cofein\index.php(12): Main::getInstance()
#7 {main}


[10/09/15  22:57:51]
exception 'PDOException' with message 'SQLSTATE[HY093]: Invalid parameter number: no parameters were bound' in D:\Programs\Xampp\htdocs\Cofein\classes\Database.php:34
Stack trace:
#0 D:\Programs\Xampp\htdocs\Cofein\classes\Database.php(34): PDOStatement->execute(Array)
#1 D:\Programs\Xampp\htdocs\Cofein\classes\Gallery.php(13): Database->execute()
#2 D:\Programs\Xampp\htdocs\Cofein\classes\Main.php(63): Gallery->getContent()
#3 D:\Programs\Xampp\htdocs\Cofein\classes\Main.php(43): Main->setContent()
#4 D:\Programs\Xampp\htdocs\Cofein\classes\Main.php(20): Main->createPage()
#5 D:\Programs\Xampp\htdocs\Cofein\classes\Main.php(126): Main->__construct()
#6 D:\Programs\Xampp\htdocs\Cofein\index.php(12): Main::getInstance()
#7 {main}


[10/09/15  22:58:03]
exception 'PDOException' with message 'SQLSTATE[HY093]: Invalid parameter number: no parameters were bound' in D:\Programs\Xampp\htdocs\Cofein\classes\Database.php:34
Stack trace:
#0 D:\Programs\Xampp\htdocs\Cofein\classes\Database.php(34): PDOStatement->execute(Array)
#1 D:\Programs\Xampp\htdocs\Cofein\classes\Gallery.php(13): Database->execute()
#2 D:\Programs\Xampp\htdocs\Cofein\classes\Main.php(63): Gallery->getContent()
#3 D:\Programs\Xampp\htdocs\Cofein\classes\Main.php(43): Main->setContent()
#4 D:\Programs\Xampp\htdocs\Cofein\classes\Main.php(20): Main->createPage()
#5 D:\Programs\Xampp\htdocs\Cofein\classes\Main.php(126): Main->__construct()
#6 D:\Programs\Xampp\htdocs\Cofein\index.php(12): Main::getInstance()
#7 {main}


[10/09/15  22:58:05]
exception 'PDOException' with message 'SQLSTATE[HY093]: Invalid parameter number: no parameters were bound' in D:\Programs\Xampp\htdocs\Cofein\classes\Database.php:34
Stack trace:
#0 D:\Programs\Xampp\htdocs\Cofein\classes\Database.php(34): PDOStatement->execute(Array)
#1 D:\Programs\Xampp\htdocs\Cofein\classes\Gallery.php(13): Database->execute()
#2 D:\Programs\Xampp\htdocs\Cofein\classes\Main.php(63): Gallery->getContent()
#3 D:\Programs\Xampp\htdocs\Cofein\classes\Main.php(43): Main->setContent()
#4 D:\Programs\Xampp\htdocs\Cofein\classes\Main.php(20): Main->createPage()
#5 D:\Programs\Xampp\htdocs\Cofein\classes\Main.php(126): Main->__construct()
#6 D:\Programs\Xampp\htdocs\Cofein\index.php(12): Main::getInstance()
#7 {main}


[10/09/15  22:59:01]
exception 'PDOException' with message 'SQLSTATE[HY093]: Invalid parameter number: no parameters were bound' in D:\Programs\Xampp\htdocs\Cofein\classes\Database.php:34
Stack trace:
#0 D:\Programs\Xampp\htdocs\Cofein\classes\Database.php(34): PDOStatement->execute(Array)
#1 D:\Programs\Xampp\htdocs\Cofein\classes\Gallery.php(13): Database->execute()
#2 D:\Programs\Xampp\htdocs\Cofein\classes\Main.php(63): Gallery->getContent()
#3 D:\Programs\Xampp\htdocs\Cofein\classes\Main.php(43): Main->setContent()
#4 D:\Programs\Xampp\htdocs\Cofein\classes\Main.php(20): Main->createPage()
#5 D:\Programs\Xampp\htdocs\Cofein\classes\Main.php(126): Main->__construct()
#6 D:\Programs\Xampp\htdocs\Cofein\index.php(12): Main::getInstance()
#7 {main}


[10/09/15  22:59:21]
exception 'PDOException' with message 'SQLSTATE[HY093]: Invalid parameter number: no parameters were bound' in D:\Programs\Xampp\htdocs\Cofein\classes\Database.php:34
Stack trace:
#0 D:\Programs\Xampp\htdocs\Cofein\classes\Database.php(34): PDOStatement->execute(Array)
#1 D:\Programs\Xampp\htdocs\Cofein\classes\Gallery.php(13): Database->execute()
#2 D:\Programs\Xampp\htdocs\Cofein\classes\Main.php(63): Gallery->getContent()
#3 D:\Programs\Xampp\htdocs\Cofein\classes\Main.php(43): Main->setContent()
#4 D:\Programs\Xampp\htdocs\Cofein\classes\Main.php(20): Main->createPage()
#5 D:\Programs\Xampp\htdocs\Cofein\classes\Main.php(126): Main->__construct()
#6 D:\Programs\Xampp\htdocs\Cofein\index.php(12): Main::getInstance()
#7 {main}


[10/09/15  22:59:29]
exception 'PDOException' with message 'SQLSTATE[HY093]: Invalid parameter number: no parameters were bound' in D:\Programs\Xampp\htdocs\Cofein\classes\Database.php:34
Stack trace:
#0 D:\Programs\Xampp\htdocs\Cofein\classes\Database.php(34): PDOStatement->execute(Array)
#1 D:\Programs\Xampp\htdocs\Cofein\classes\Gallery.php(13): Database->execute()
#2 D:\Programs\Xampp\htdocs\Cofein\classes\Main.php(63): Gallery->getContent()
#3 D:\Programs\Xampp\htdocs\Cofein\classes\Main.php(43): Main->setContent()
#4 D:\Programs\Xampp\htdocs\Cofein\classes\Main.php(20): Main->createPage()
#5 D:\Programs\Xampp\htdocs\Cofein\classes\Main.php(126): Main->__construct()
#6 D:\Programs\Xampp\htdocs\Cofein\index.php(12): Main::getInstance()
#7 {main}


[10/09/15  23:02:12]
exception 'PDOException' with message 'SQLSTATE[HY093]: Invalid parameter number: no parameters were bound' in D:\Programs\Xampp\htdocs\Cofein\classes\Database.php:34
Stack trace:
#0 D:\Programs\Xampp\htdocs\Cofein\classes\Database.php(34): PDOStatement->execute(Array)
#1 D:\Programs\Xampp\htdocs\Cofein\classes\Gallery.php(13): Database->execute()
#2 D:\Programs\Xampp\htdocs\Cofein\classes\Main.php(63): Gallery->getContent()
#3 D:\Programs\Xampp\htdocs\Cofein\classes\Main.php(43): Main->setContent()
#4 D:\Programs\Xampp\htdocs\Cofein\classes\Main.php(20): Main->createPage()
#5 D:\Programs\Xampp\htdocs\Cofein\classes\Main.php(126): Main->__construct()
#6 D:\Programs\Xampp\htdocs\Cofein\index.php(12): Main::getInstance()
#7 {main}


[10/09/15  23:29:09]
exception 'PDOException' with message 'SQLSTATE[HY093]: Invalid parameter number: no parameters were bound' in D:\Programs\Xampp\htdocs\Cofein\classes\Database.php:34
Stack trace:
#0 D:\Programs\Xampp\htdocs\Cofein\classes\Database.php(34): PDOStatement->execute(Array)
#1 D:\Programs\Xampp\htdocs\Cofein\classes\Gallery.php(13): Database->execute()
#2 D:\Programs\Xampp\htdocs\Cofein\classes\Main.php(63): Gallery->getContent()
#3 D:\Programs\Xampp\htdocs\Cofein\classes\Main.php(43): Main->setContent()
#4 D:\Programs\Xampp\htdocs\Cofein\classes\Main.php(20): Main->createPage()
#5 D:\Programs\Xampp\htdocs\Cofein\classes\Main.php(126): Main->__construct()
#6 D:\Programs\Xampp\htdocs\Cofein\index.php(12): Main::getInstance()
#7 {main}


[10/09/15  23:30:51]
exception 'PDOException' with message 'SQLSTATE[42S22]: Column not found: 1054 Unknown column 'Array' in 'where clause'' in D:\Programs\Xampp\htdocs\Cofein\classes\Database.php:34
Stack trace:
#0 D:\Programs\Xampp\htdocs\Cofein\classes\Database.php(34): PDOStatement->execute(Array)
#1 D:\Programs\Xampp\htdocs\Cofein\classes\Gallery.php(13): Database->execute()
#2 D:\Programs\Xampp\htdocs\Cofein\classes\Main.php(63): Gallery->getContent()
#3 D:\Programs\Xampp\htdocs\Cofein\classes\Main.php(43): Main->setContent()
#4 D:\Programs\Xampp\htdocs\Cofein\classes\Main.php(20): Main->createPage()
#5 D:\Programs\Xampp\htdocs\Cofein\classes\Main.php(126): Main->__construct()
#6 D:\Programs\Xampp\htdocs\Cofein\index.php(12): Main::getInstance()
#7 {main}


[10/09/15  23:31:52]
exception 'PDOException' with message 'SQLSTATE[42S22]: Column not found: 1054 Unknown column 'Array' in 'where clause'' in D:\Programs\Xampp\htdocs\Cofein\classes\Database.php:34
Stack trace:
#0 D:\Programs\Xampp\htdocs\Cofein\classes\Database.php(34): PDOStatement->execute(Array)
#1 D:\Programs\Xampp\htdocs\Cofein\classes\Gallery.php(13): Database->execute()
#2 D:\Programs\Xampp\htdocs\Cofein\classes\Main.php(63): Gallery->getContent()
#3 D:\Programs\Xampp\htdocs\Cofein\classes\Main.php(43): Main->setContent()
#4 D:\Programs\Xampp\htdocs\Cofein\classes\Main.php(20): Main->createPage()
#5 D:\Programs\Xampp\htdocs\Cofein\classes\Main.php(126): Main->__construct()
#6 D:\Programs\Xampp\htdocs\Cofein\index.php(12): Main::getInstance()
#7 {main}


[11/09/15  00:26:56]
exception 'Twig_Error_Syntax' with message 'Unexpected token "name" of value "article" ("end of print statement" expected) in "gallery.html.twig" at line 27' in D:\Programs\Xampp\htdocs\Cofein\libs\Twig\vendor\twig\twig\lib\Twig\TokenStream.php:88
Stack trace:
#0 D:\Programs\Xampp\htdocs\Cofein\libs\Twig\vendor\twig\twig\lib\Twig\Parser.php(142): Twig_TokenStream->expect(4)
#1 D:\Programs\Xampp\htdocs\Cofein\libs\Twig\vendor\twig\twig\lib\Twig\TokenParser\Block.php(45): Twig_Parser->subparse(Array, true)
#2 D:\Programs\Xampp\htdocs\Cofein\libs\Twig\vendor\twig\twig\lib\Twig\Parser.php(187): Twig_TokenParser_Block->parse(Object(Twig_Token))
#3 D:\Programs\Xampp\htdocs\Cofein\libs\Twig\vendor\twig\twig\lib\Twig\Parser.php(95): Twig_Parser->subparse(NULL, false)
#4 D:\Programs\Xampp\htdocs\Cofein\libs\Twig\vendor\twig\twig\lib\Twig\Environment.php(507): Twig_Parser->parse(Object(Twig_TokenStream))
#5 D:\Programs\Xampp\htdocs\Cofein\libs\Twig\vendor\twig\twig\lib\Twig\Environment.php(559): Twig_Environment->parse(Object(Twig_TokenStream))
#6 D:\Programs\Xampp\htdocs\Cofein\libs\Twig\vendor\twig\twig\lib\Twig\Environment.php(331): Twig_Environment->compileSource('{% extends layo...', 'gallery.html.tw...')
#7 D:\Programs\Xampp\htdocs\Cofein\libs\Twig\vendor\twig\twig\lib\Twig\Environment.php(292): Twig_Environment->loadTemplate('gallery.html.tw...')
#8 D:\Programs\Xampp\htdocs\Cofein\classes\Main.php(90): Twig_Environment->render('gallery.html.tw...', Array)
#9 D:\Programs\Xampp\htdocs\Cofein\classes\Main.php(20): Main->render()
#10 D:\Programs\Xampp\htdocs\Cofein\classes\Main.php(126): Main->__construct()
#11 D:\Programs\Xampp\htdocs\Cofein\index.php(12): Main::getInstance()
#12 {main}


[11/09/15  00:27:19]
exception 'Twig_Error_Syntax' with message 'Unexpected tag name "dump" (expecting closing tag for the "block" tag defined near line 4) in "gallery.html.twig" at line 27' in D:\Programs\Xampp\htdocs\Cofein\libs\Twig\vendor\twig\twig\lib\Twig\Parser.php:174
Stack trace:
#0 D:\Programs\Xampp\htdocs\Cofein\libs\Twig\vendor\twig\twig\lib\Twig\TokenParser\Block.php(45): Twig_Parser->subparse(Array, true)
#1 D:\Programs\Xampp\htdocs\Cofein\libs\Twig\vendor\twig\twig\lib\Twig\Parser.php(187): Twig_TokenParser_Block->parse(Object(Twig_Token))
#2 D:\Programs\Xampp\htdocs\Cofein\libs\Twig\vendor\twig\twig\lib\Twig\Parser.php(95): Twig_Parser->subparse(NULL, false)
#3 D:\Programs\Xampp\htdocs\Cofein\libs\Twig\vendor\twig\twig\lib\Twig\Environment.php(507): Twig_Parser->parse(Object(Twig_TokenStream))
#4 D:\Programs\Xampp\htdocs\Cofein\libs\Twig\vendor\twig\twig\lib\Twig\Environment.php(559): Twig_Environment->parse(Object(Twig_TokenStream))
#5 D:\Programs\Xampp\htdocs\Cofein\libs\Twig\vendor\twig\twig\lib\Twig\Environment.php(331): Twig_Environment->compileSource('{% extends layo...', 'gallery.html.tw...')
#6 D:\Programs\Xampp\htdocs\Cofein\libs\Twig\vendor\twig\twig\lib\Twig\Environment.php(292): Twig_Environment->loadTemplate('gallery.html.tw...')
#7 D:\Programs\Xampp\htdocs\Cofein\classes\Main.php(90): Twig_Environment->render('gallery.html.tw...', Array)
#8 D:\Programs\Xampp\htdocs\Cofein\classes\Main.php(20): Main->render()
#9 D:\Programs\Xampp\htdocs\Cofein\classes\Main.php(126): Main->__construct()
#10 D:\Programs\Xampp\htdocs\Cofein\index.php(12): Main::getInstance()
#11 {main}


[11/09/15  00:27:32]
exception 'Twig_Error_Syntax' with message 'The function "dump" does not exist in "gallery.html.twig" at line 27' in D:\Programs\Xampp\htdocs\Cofein\libs\Twig\vendor\twig\twig\lib\Twig\ExpressionParser.php:553
Stack trace:
#0 D:\Programs\Xampp\htdocs\Cofein\libs\Twig\vendor\twig\twig\lib\Twig\ExpressionParser.php(336): Twig_ExpressionParser->getFunctionNodeClass('dump', 27)
#1 D:\Programs\Xampp\htdocs\Cofein\libs\Twig\vendor\twig\twig\lib\Twig\ExpressionParser.php(144): Twig_ExpressionParser->getFunctionNode('dump', 27)
#2 D:\Programs\Xampp\htdocs\Cofein\libs\Twig\vendor\twig\twig\lib\Twig\ExpressionParser.php(84): Twig_ExpressionParser->parsePrimaryExpression()
#3 D:\Programs\Xampp\htdocs\Cofein\libs\Twig\vendor\twig\twig\lib\Twig\ExpressionParser.php(41): Twig_ExpressionParser->getPrimary()
#4 D:\Programs\Xampp\htdocs\Cofein\libs\Twig\vendor\twig\twig\lib\Twig\Parser.php(141): Twig_ExpressionParser->parseExpression()
#5 D:\Programs\Xampp\htdocs\Cofein\libs\Twig\vendor\twig\twig\lib\Twig\TokenParser\Block.php(45): Twig_Parser->subparse(Array, true)
#6 D:\Programs\Xampp\htdocs\Cofein\libs\Twig\vendor\twig\twig\lib\Twig\Parser.php(187): Twig_TokenParser_Block->parse(Object(Twig_Token))
#7 D:\Programs\Xampp\htdocs\Cofein\libs\Twig\vendor\twig\twig\lib\Twig\Parser.php(95): Twig_Parser->subparse(NULL, false)
#8 D:\Programs\Xampp\htdocs\Cofein\libs\Twig\vendor\twig\twig\lib\Twig\Environment.php(507): Twig_Parser->parse(Object(Twig_TokenStream))
#9 D:\Programs\Xampp\htdocs\Cofein\libs\Twig\vendor\twig\twig\lib\Twig\Environment.php(559): Twig_Environment->parse(Object(Twig_TokenStream))
#10 D:\Programs\Xampp\htdocs\Cofein\libs\Twig\vendor\twig\twig\lib\Twig\Environment.php(331): Twig_Environment->compileSource('{% extends layo...', 'gallery.html.tw...')
#11 D:\Programs\Xampp\htdocs\Cofein\libs\Twig\vendor\twig\twig\lib\Twig\Environment.php(292): Twig_Environment->loadTemplate('gallery.html.tw...')
#12 D:\Programs\Xampp\htdocs\Cofein\classes\Main.php(90): Twig_Environment->render('gallery.html.tw...', Array)
#13 D:\Programs\Xampp\htdocs\Cofein\classes\Main.php(20): Main->render()
#14 D:\Programs\Xampp\htdocs\Cofein\classes\Main.php(126): Main->__construct()
#15 D:\Programs\Xampp\htdocs\Cofein\index.php(12): Main::getInstance()
#16 {main}


[11/09/15  00:27:57]
exception 'Twig_Error_Syntax' with message 'The function "dump" does not exist in "gallery.html.twig" at line 27' in D:\Programs\Xampp\htdocs\Cofein\libs\Twig\vendor\twig\twig\lib\Twig\ExpressionParser.php:553
Stack trace:
#0 D:\Programs\Xampp\htdocs\Cofein\libs\Twig\vendor\twig\twig\lib\Twig\ExpressionParser.php(336): Twig_ExpressionParser->getFunctionNodeClass('dump', 27)
#1 D:\Programs\Xampp\htdocs\Cofein\libs\Twig\vendor\twig\twig\lib\Twig\ExpressionParser.php(144): Twig_ExpressionParser->getFunctionNode('dump', 27)
#2 D:\Programs\Xampp\htdocs\Cofein\libs\Twig\vendor\twig\twig\lib\Twig\ExpressionParser.php(84): Twig_ExpressionParser->parsePrimaryExpression()
#3 D:\Programs\Xampp\htdocs\Cofein\libs\Twig\vendor\twig\twig\lib\Twig\ExpressionParser.php(41): Twig_ExpressionParser->getPrimary()
#4 D:\Programs\Xampp\htdocs\Cofein\libs\Twig\vendor\twig\twig\lib\Twig\Parser.php(141): Twig_ExpressionParser->parseExpression()
#5 D:\Programs\Xampp\htdocs\Cofein\libs\Twig\vendor\twig\twig\lib\Twig\TokenParser\Block.php(45): Twig_Parser->subparse(Array, true)
#6 D:\Programs\Xampp\htdocs\Cofein\libs\Twig\vendor\twig\twig\lib\Twig\Parser.php(187): Twig_TokenParser_Block->parse(Object(Twig_Token))
#7 D:\Programs\Xampp\htdocs\Cofein\libs\Twig\vendor\twig\twig\lib\Twig\Parser.php(95): Twig_Parser->subparse(NULL, false)
#8 D:\Programs\Xampp\htdocs\Cofein\libs\Twig\vendor\twig\twig\lib\Twig\Environment.php(507): Twig_Parser->parse(Object(Twig_TokenStream))
#9 D:\Programs\Xampp\htdocs\Cofein\libs\Twig\vendor\twig\twig\lib\Twig\Environment.php(559): Twig_Environment->parse(Object(Twig_TokenStream))
#10 D:\Programs\Xampp\htdocs\Cofein\libs\Twig\vendor\twig\twig\lib\Twig\Environment.php(331): Twig_Environment->compileSource('{% extends layo...', 'gallery.html.tw...')
#11 D:\Programs\Xampp\htdocs\Cofein\libs\Twig\vendor\twig\twig\lib\Twig\Environment.php(292): Twig_Environment->loadTemplate('gallery.html.tw...')
#12 D:\Programs\Xampp\htdocs\Cofein\classes\Main.php(90): Twig_Environment->render('gallery.html.tw...', Array)
#13 D:\Programs\Xampp\htdocs\Cofein\classes\Main.php(20): Main->render()
#14 D:\Programs\Xampp\htdocs\Cofein\classes\Main.php(126): Main->__construct()
#15 D:\Programs\Xampp\htdocs\Cofein\index.php(12): Main::getInstance()
#16 {main}


[11/09/15  00:28:08]
exception 'Twig_Error_Syntax' with message 'Unexpected tag name "dump" (expecting closing tag for the "block" tag defined near line 4) in "gallery.html.twig" at line 27' in D:\Programs\Xampp\htdocs\Cofein\libs\Twig\vendor\twig\twig\lib\Twig\Parser.php:174
Stack trace:
#0 D:\Programs\Xampp\htdocs\Cofein\libs\Twig\vendor\twig\twig\lib\Twig\TokenParser\Block.php(45): Twig_Parser->subparse(Array, true)
#1 D:\Programs\Xampp\htdocs\Cofein\libs\Twig\vendor\twig\twig\lib\Twig\Parser.php(187): Twig_TokenParser_Block->parse(Object(Twig_Token))
#2 D:\Programs\Xampp\htdocs\Cofein\libs\Twig\vendor\twig\twig\lib\Twig\Parser.php(95): Twig_Parser->subparse(NULL, false)
#3 D:\Programs\Xampp\htdocs\Cofein\libs\Twig\vendor\twig\twig\lib\Twig\Environment.php(507): Twig_Parser->parse(Object(Twig_TokenStream))
#4 D:\Programs\Xampp\htdocs\Cofein\libs\Twig\vendor\twig\twig\lib\Twig\Environment.php(559): Twig_Environment->parse(Object(Twig_TokenStream))
#5 D:\Programs\Xampp\htdocs\Cofein\libs\Twig\vendor\twig\twig\lib\Twig\Environment.php(331): Twig_Environment->compileSource('{% extends layo...', 'gallery.html.tw...')
#6 D:\Programs\Xampp\htdocs\Cofein\libs\Twig\vendor\twig\twig\lib\Twig\Environment.php(292): Twig_Environment->loadTemplate('gallery.html.tw...')
#7 D:\Programs\Xampp\htdocs\Cofein\classes\Main.php(90): Twig_Environment->render('gallery.html.tw...', Array)
#8 D:\Programs\Xampp\htdocs\Cofein\classes\Main.php(20): Main->render()
#9 D:\Programs\Xampp\htdocs\Cofein\classes\Main.php(126): Main->__construct()
#10 D:\Programs\Xampp\htdocs\Cofein\index.php(12): Main::getInstance()
#11 {main}


[11/09/15  00:30:04]
exception 'Twig_Error_Syntax' with message 'Unexpected tag name "dump" (expecting closing tag for the "block" tag defined near line 4) in "gallery.html.twig" at line 27' in D:\Programs\Xampp\htdocs\Cofein\libs\Twig\vendor\twig\twig\lib\Twig\Parser.php:174
Stack trace:
#0 D:\Programs\Xampp\htdocs\Cofein\libs\Twig\vendor\twig\twig\lib\Twig\TokenParser\Block.php(45): Twig_Parser->subparse(Array, true)
#1 D:\Programs\Xampp\htdocs\Cofein\libs\Twig\vendor\twig\twig\lib\Twig\Parser.php(187): Twig_TokenParser_Block->parse(Object(Twig_Token))
#2 D:\Programs\Xampp\htdocs\Cofein\libs\Twig\vendor\twig\twig\lib\Twig\Parser.php(95): Twig_Parser->subparse(NULL, false)
#3 D:\Programs\Xampp\htdocs\Cofein\libs\Twig\vendor\twig\twig\lib\Twig\Environment.php(507): Twig_Parser->parse(Object(Twig_TokenStream))
#4 D:\Programs\Xampp\htdocs\Cofein\libs\Twig\vendor\twig\twig\lib\Twig\Environment.php(559): Twig_Environment->parse(Object(Twig_TokenStream))
#5 D:\Programs\Xampp\htdocs\Cofein\libs\Twig\vendor\twig\twig\lib\Twig\Environment.php(331): Twig_Environment->compileSource('{% extends layo...', 'gallery.html.tw...')
#6 D:\Programs\Xampp\htdocs\Cofein\libs\Twig\vendor\twig\twig\lib\Twig\Environment.php(292): Twig_Environment->loadTemplate('gallery.html.tw...')
#7 D:\Programs\Xampp\htdocs\Cofein\classes\Main.php(90): Twig_Environment->render('gallery.html.tw...', Array)
#8 D:\Programs\Xampp\htdocs\Cofein\classes\Main.php(20): Main->render()
#9 D:\Programs\Xampp\htdocs\Cofein\classes\Main.php(126): Main->__construct()
#10 D:\Programs\Xampp\htdocs\Cofein\index.php(12): Main::getInstance()
#11 {main}


[11/09/15  00:31:22]
exception 'Twig_Error_Syntax' with message 'Unexpected tag name "dump" (expecting closing tag for the "block" tag defined near line 4) in "gallery.html.twig" at line 27' in D:\Programs\Xampp\htdocs\Cofein\libs\Twig\vendor\twig\twig\lib\Twig\Parser.php:174
Stack trace:
#0 D:\Programs\Xampp\htdocs\Cofein\libs\Twig\vendor\twig\twig\lib\Twig\TokenParser\Block.php(45): Twig_Parser->subparse(Array, true)
#1 D:\Programs\Xampp\htdocs\Cofein\libs\Twig\vendor\twig\twig\lib\Twig\Parser.php(187): Twig_TokenParser_Block->parse(Object(Twig_Token))
#2 D:\Programs\Xampp\htdocs\Cofein\libs\Twig\vendor\twig\twig\lib\Twig\Parser.php(95): Twig_Parser->subparse(NULL, false)
#3 D:\Programs\Xampp\htdocs\Cofein\libs\Twig\vendor\twig\twig\lib\Twig\Environment.php(507): Twig_Parser->parse(Object(Twig_TokenStream))
#4 D:\Programs\Xampp\htdocs\Cofein\libs\Twig\vendor\twig\twig\lib\Twig\Environment.php(559): Twig_Environment->parse(Object(Twig_TokenStream))
#5 D:\Programs\Xampp\htdocs\Cofein\libs\Twig\vendor\twig\twig\lib\Twig\Environment.php(331): Twig_Environment->compileSource('{% extends layo...', 'gallery.html.tw...')
#6 D:\Programs\Xampp\htdocs\Cofein\libs\Twig\vendor\twig\twig\lib\Twig\Environment.php(292): Twig_Environment->loadTemplate('gallery.html.tw...')
#7 D:\Programs\Xampp\htdocs\Cofein\classes\Main.php(90): Twig_Environment->render('gallery.html.tw...', Array)
#8 D:\Programs\Xampp\htdocs\Cofein\classes\Main.php(20): Main->render()
#9 D:\Programs\Xampp\htdocs\Cofein\classes\Main.php(126): Main->__construct()
#10 D:\Programs\Xampp\htdocs\Cofein\index.php(12): Main::getInstance()
#11 {main}


[11/09/15  00:32:00]
exception 'Twig_Error_Syntax' with message 'The function "dump" does not exist in "gallery.html.twig" at line 27' in D:\Programs\Xampp\htdocs\Cofein\libs\Twig\vendor\twig\twig\lib\Twig\ExpressionParser.php:553
Stack trace:
#0 D:\Programs\Xampp\htdocs\Cofein\libs\Twig\vendor\twig\twig\lib\Twig\ExpressionParser.php(336): Twig_ExpressionParser->getFunctionNodeClass('dump', 27)
#1 D:\Programs\Xampp\htdocs\Cofein\libs\Twig\vendor\twig\twig\lib\Twig\ExpressionParser.php(144): Twig_ExpressionParser->getFunctionNode('dump', 27)
#2 D:\Programs\Xampp\htdocs\Cofein\libs\Twig\vendor\twig\twig\lib\Twig\ExpressionParser.php(84): Twig_ExpressionParser->parsePrimaryExpression()
#3 D:\Programs\Xampp\htdocs\Cofein\libs\Twig\vendor\twig\twig\lib\Twig\ExpressionParser.php(41): Twig_ExpressionParser->getPrimary()
#4 D:\Programs\Xampp\htdocs\Cofein\libs\Twig\vendor\twig\twig\lib\Twig\Parser.php(141): Twig_ExpressionParser->parseExpression()
#5 D:\Programs\Xampp\htdocs\Cofein\libs\Twig\vendor\twig\twig\lib\Twig\TokenParser\Block.php(45): Twig_Parser->subparse(Array, true)
#6 D:\Programs\Xampp\htdocs\Cofein\libs\Twig\vendor\twig\twig\lib\Twig\Parser.php(187): Twig_TokenParser_Block->parse(Object(Twig_Token))
#7 D:\Programs\Xampp\htdocs\Cofein\libs\Twig\vendor\twig\twig\lib\Twig\Parser.php(95): Twig_Parser->subparse(NULL, false)
#8 D:\Programs\Xampp\htdocs\Cofein\libs\Twig\vendor\twig\twig\lib\Twig\Environment.php(507): Twig_Parser->parse(Object(Twig_TokenStream))
#9 D:\Programs\Xampp\htdocs\Cofein\libs\Twig\vendor\twig\twig\lib\Twig\Environment.php(559): Twig_Environment->parse(Object(Twig_TokenStream))
#10 D:\Programs\Xampp\htdocs\Cofein\libs\Twig\vendor\twig\twig\lib\Twig\Environment.php(331): Twig_Environment->compileSource('{% extends layo...', 'gallery.html.tw...')
#11 D:\Programs\Xampp\htdocs\Cofein\libs\Twig\vendor\twig\twig\lib\Twig\Environment.php(292): Twig_Environment->loadTemplate('gallery.html.tw...')
#12 D:\Programs\Xampp\htdocs\Cofein\classes\Main.php(90): Twig_Environment->render('gallery.html.tw...', Array)
#13 D:\Programs\Xampp\htdocs\Cofein\classes\Main.php(20): Main->render()
#14 D:\Programs\Xampp\htdocs\Cofein\classes\Main.php(126): Main->__construct()
#15 D:\Programs\Xampp\htdocs\Cofein\index.php(12): Main::getInstance()
#16 {main}


[11/09/15  00:32:30]
exception 'Twig_Error_Syntax' with message 'The function "dump" does not exist in "gallery.html.twig" at line 27' in D:\Programs\Xampp\htdocs\Cofein\libs\Twig\vendor\twig\twig\lib\Twig\ExpressionParser.php:553
Stack trace:
#0 D:\Programs\Xampp\htdocs\Cofein\libs\Twig\vendor\twig\twig\lib\Twig\ExpressionParser.php(336): Twig_ExpressionParser->getFunctionNodeClass('dump', 27)
#1 D:\Programs\Xampp\htdocs\Cofein\libs\Twig\vendor\twig\twig\lib\Twig\ExpressionParser.php(144): Twig_ExpressionParser->getFunctionNode('dump', 27)
#2 D:\Programs\Xampp\htdocs\Cofein\libs\Twig\vendor\twig\twig\lib\Twig\ExpressionParser.php(84): Twig_ExpressionParser->parsePrimaryExpression()
#3 D:\Programs\Xampp\htdocs\Cofein\libs\Twig\vendor\twig\twig\lib\Twig\ExpressionParser.php(41): Twig_ExpressionParser->getPrimary()
#4 D:\Programs\Xampp\htdocs\Cofein\libs\Twig\vendor\twig\twig\lib\Twig\Parser.php(141): Twig_ExpressionParser->parseExpression()
#5 D:\Programs\Xampp\htdocs\Cofein\libs\Twig\vendor\twig\twig\lib\Twig\TokenParser\Block.php(45): Twig_Parser->subparse(Array, true)
#6 D:\Programs\Xampp\htdocs\Cofein\libs\Twig\vendor\twig\twig\lib\Twig\Parser.php(187): Twig_TokenParser_Block->parse(Object(Twig_Token))
#7 D:\Programs\Xampp\htdocs\Cofein\libs\Twig\vendor\twig\twig\lib\Twig\Parser.php(95): Twig_Parser->subparse(NULL, false)
#8 D:\Programs\Xampp\htdocs\Cofein\libs\Twig\vendor\twig\twig\lib\Twig\Environment.php(507): Twig_Parser->parse(Object(Twig_TokenStream))
#9 D:\Programs\Xampp\htdocs\Cofein\libs\Twig\vendor\twig\twig\lib\Twig\Environment.php(559): Twig_Environment->parse(Object(Twig_TokenStream))
#10 D:\Programs\Xampp\htdocs\Cofein\libs\Twig\vendor\twig\twig\lib\Twig\Environment.php(331): Twig_Environment->compileSource('{% extends layo...', 'gallery.html.tw...')
#11 D:\Programs\Xampp\htdocs\Cofein\libs\Twig\vendor\twig\twig\lib\Twig\Environment.php(292): Twig_Environment->loadTemplate('gallery.html.tw...')
#12 D:\Programs\Xampp\htdocs\Cofein\classes\Main.php(90): Twig_Environment->render('gallery.html.tw...', Array)
#13 D:\Programs\Xampp\htdocs\Cofein\classes\Main.php(20): Main->render()
#14 D:\Programs\Xampp\htdocs\Cofein\classes\Main.php(126): Main->__construct()
#15 D:\Programs\Xampp\htdocs\Cofein\index.php(12): Main::getInstance()
#16 {main}


[11/09/15  00:46:39]
exception 'PDOException' with message 'SQLSTATE[21S01]: Insert value list does not match column list: 1136 Column count doesn't match value count at row 1' in D:\Programs\Xampp\htdocs\Cofein\classes\Database.php:34
Stack trace:
#0 D:\Programs\Xampp\htdocs\Cofein\classes\Database.php(34): PDOStatement->execute(Array)
#1 D:\Programs\Xampp\htdocs\Cofein\classes\AdminGallery.php(83): Database->execute(Array)
#2 D:\Programs\Xampp\htdocs\Cofein\classes\AdminGallery.php(58): AdminGallery->createNewAlbum('views/img/galle...')
#3 D:\Programs\Xampp\htdocs\Cofein\classes\AdminGallery.php(15): AdminGallery->moveImagesToAlbum()
#4 D:\Programs\Xampp\htdocs\Cofein\classes\Admin.php(40): AdminGallery->submit()
#5 D:\Programs\Xampp\htdocs\Cofein\classes\Main.php(63): Admin->getContent()
#6 D:\Programs\Xampp\htdocs\Cofein\classes\Main.php(43): Main->setContent()
#7 D:\Programs\Xampp\htdocs\Cofein\classes\Main.php(20): Main->createPage()
#8 D:\Programs\Xampp\htdocs\Cofein\classes\Main.php(126): Main->__construct()
#9 D:\Programs\Xampp\htdocs\Cofein\index.php(12): Main::getInstance()
#10 {main}


[11/09/15  00:49:55]
exception 'PDOException' with message 'SQLSTATE[23000]: Integrity constraint violation: 1048 Column 'album' cannot be null' in D:\Programs\Xampp\htdocs\Cofein\classes\Database.php:34
Stack trace:
#0 D:\Programs\Xampp\htdocs\Cofein\classes\Database.php(34): PDOStatement->execute(Array)
#1 D:\Programs\Xampp\htdocs\Cofein\classes\AdminGallery.php(122): Database->execute(Array)
#2 D:\Programs\Xampp\htdocs\Cofein\classes\AdminGallery.php(102): AdminGallery->uploadToDB('views/img/galle...')
#3 D:\Programs\Xampp\htdocs\Cofein\classes\AdminGallery.php(62): AdminGallery->uploadImages(0)
#4 D:\Programs\Xampp\htdocs\Cofein\classes\AdminGallery.php(15): AdminGallery->moveImagesToAlbum()
#5 D:\Programs\Xampp\htdocs\Cofein\classes\Admin.php(40): AdminGallery->submit()
#6 D:\Programs\Xampp\htdocs\Cofein\classes\Main.php(63): Admin->getContent()
#7 D:\Programs\Xampp\htdocs\Cofein\classes\Main.php(43): Main->setContent()
#8 D:\Programs\Xampp\htdocs\Cofein\classes\Main.php(20): Main->createPage()
#9 D:\Programs\Xampp\htdocs\Cofein\classes\Main.php(126): Main->__construct()
#10 D:\Programs\Xampp\htdocs\Cofein\index.php(12): Main::getInstance()
#11 {main}


[11/09/15  01:34:14]
exception 'PDOException' with message 'SQLSTATE[23000]: Integrity constraint violation: 1048 Column 'album' cannot be null' in D:\Programs\Xampp\htdocs\Cofein\classes\Database.php:34
Stack trace:
#0 D:\Programs\Xampp\htdocs\Cofein\classes\Database.php(34): PDOStatement->execute(Array)
#1 D:\Programs\Xampp\htdocs\Cofein\classes\AdminGallery.php(122): Database->execute(Array)
#2 D:\Programs\Xampp\htdocs\Cofein\classes\AdminGallery.php(102): AdminGallery->uploadToDB('views/img/galle...')
#3 D:\Programs\Xampp\htdocs\Cofein\classes\AdminGallery.php(62): AdminGallery->uploadImages(2)
#4 D:\Programs\Xampp\htdocs\Cofein\classes\AdminGallery.php(15): AdminGallery->moveImagesToAlbum()
#5 D:\Programs\Xampp\htdocs\Cofein\classes\Admin.php(40): AdminGallery->submit()
#6 D:\Programs\Xampp\htdocs\Cofein\classes\Main.php(63): Admin->getContent()
#7 D:\Programs\Xampp\htdocs\Cofein\classes\Main.php(43): Main->setContent()
#8 D:\Programs\Xampp\htdocs\Cofein\classes\Main.php(20): Main->createPage()
#9 D:\Programs\Xampp\htdocs\Cofein\classes\Main.php(126): Main->__construct()
#10 D:\Programs\Xampp\htdocs\Cofein\index.php(12): Main::getInstance()
#11 {main}


[11/09/15  23:00:27]
exception 'PDOException' with message 'SQLSTATE[23000]: Integrity constraint violation: 1048 Column 'album' cannot be null' in D:\Programs\Xampp\htdocs\Cofein\classes\Database.php:34
Stack trace:
#0 D:\Programs\Xampp\htdocs\Cofein\classes\Database.php(34): PDOStatement->execute(Array)
#1 D:\Programs\Xampp\htdocs\Cofein\classes\AdminGallery.php(122): Database->execute(Array)
#2 D:\Programs\Xampp\htdocs\Cofein\classes\AdminGallery.php(102): AdminGallery->uploadToDB('views/img/galle...')
#3 D:\Programs\Xampp\htdocs\Cofein\classes\AdminGallery.php(62): AdminGallery->uploadImages(3)
#4 D:\Programs\Xampp\htdocs\Cofein\classes\AdminGallery.php(15): AdminGallery->moveImagesToAlbum()
#5 D:\Programs\Xampp\htdocs\Cofein\classes\Admin.php(40): AdminGallery->submit()
#6 D:\Programs\Xampp\htdocs\Cofein\classes\Main.php(63): Admin->getContent()
#7 D:\Programs\Xampp\htdocs\Cofein\classes\Main.php(43): Main->setContent()
#8 D:\Programs\Xampp\htdocs\Cofein\classes\Main.php(20): Main->createPage()
#9 D:\Programs\Xampp\htdocs\Cofein\classes\Main.php(126): Main->__construct()
#10 D:\Programs\Xampp\htdocs\Cofein\index.php(12): Main::getInstance()
#11 {main}


[11/09/15  23:34:41]
exception 'PDOException' with message 'SQLSTATE[23000]: Integrity constraint violation: 1048 Column 'album' cannot be null' in D:\Programs\Xampp\htdocs\Cofein\classes\Database.php:34
Stack trace:
#0 D:\Programs\Xampp\htdocs\Cofein\classes\Database.php(34): PDOStatement->execute(Array)
#1 D:\Programs\Xampp\htdocs\Cofein\classes\AdminGallery.php(122): Database->execute(Array)
#2 D:\Programs\Xampp\htdocs\Cofein\classes\AdminGallery.php(102): AdminGallery->uploadToDB('views/img/galle...')
#3 D:\Programs\Xampp\htdocs\Cofein\classes\AdminGallery.php(62): AdminGallery->uploadImages(4)
#4 D:\Programs\Xampp\htdocs\Cofein\classes\AdminGallery.php(15): AdminGallery->moveImagesToAlbum()
#5 D:\Programs\Xampp\htdocs\Cofein\classes\Admin.php(40): AdminGallery->submit()
#6 D:\Programs\Xampp\htdocs\Cofein\classes\Main.php(63): Admin->getContent()
#7 D:\Programs\Xampp\htdocs\Cofein\classes\Main.php(43): Main->setContent()
#8 D:\Programs\Xampp\htdocs\Cofein\classes\Main.php(20): Main->createPage()
#9 D:\Programs\Xampp\htdocs\Cofein\classes\Main.php(126): Main->__construct()
#10 D:\Programs\Xampp\htdocs\Cofein\index.php(12): Main::getInstance()
#11 {main}


[11/09/15  23:42:18]
exception 'PDOException' with message 'SQLSTATE[23000]: Integrity constraint violation: 1048 Column 'album' cannot be null' in D:\Programs\Xampp\htdocs\Cofein\classes\Database.php:34
Stack trace:
#0 D:\Programs\Xampp\htdocs\Cofein\classes\Database.php(34): PDOStatement->execute(Array)
#1 D:\Programs\Xampp\htdocs\Cofein\classes\AdminGallery.php(122): Database->execute(Array)
#2 D:\Programs\Xampp\htdocs\Cofein\classes\AdminGallery.php(102): AdminGallery->uploadToDB('views/img/galle...')
#3 D:\Programs\Xampp\htdocs\Cofein\classes\AdminGallery.php(62): AdminGallery->uploadImages(1)
#4 D:\Programs\Xampp\htdocs\Cofein\classes\AdminGallery.php(15): AdminGallery->moveImagesToAlbum()
#5 D:\Programs\Xampp\htdocs\Cofein\classes\Admin.php(40): AdminGallery->submit()
#6 D:\Programs\Xampp\htdocs\Cofein\classes\Main.php(63): Admin->getContent()
#7 D:\Programs\Xampp\htdocs\Cofein\classes\Main.php(43): Main->setContent()
#8 D:\Programs\Xampp\htdocs\Cofein\classes\Main.php(20): Main->createPage()
#9 D:\Programs\Xampp\htdocs\Cofein\classes\Main.php(126): Main->__construct()
#10 D:\Programs\Xampp\htdocs\Cofein\index.php(12): Main::getInstance()
#11 {main}


[11/09/15  23:47:54]
exception 'PDOException' with message 'SQLSTATE[HY093]: Invalid parameter number: parameter was not defined' in D:\Programs\Xampp\htdocs\Cofein\classes\Database.php:34
Stack trace:
#0 D:\Programs\Xampp\htdocs\Cofein\classes\Database.php(34): PDOStatement->execute(Array)
#1 D:\Programs\Xampp\htdocs\Cofein\classes\Gallery.php(15): Database->execute(Array)
#2 D:\Programs\Xampp\htdocs\Cofein\classes\Main.php(63): Gallery->getContent()
#3 D:\Programs\Xampp\htdocs\Cofein\classes\Main.php(43): Main->setContent()
#4 D:\Programs\Xampp\htdocs\Cofein\classes\Main.php(20): Main->createPage()
#5 D:\Programs\Xampp\htdocs\Cofein\classes\Main.php(126): Main->__construct()
#6 D:\Programs\Xampp\htdocs\Cofein\index.php(12): Main::getInstance()
#7 {main}


[11/09/15  23:48:40]
exception 'PDOException' with message 'SQLSTATE[HY093]: Invalid parameter number: parameter was not defined' in D:\Programs\Xampp\htdocs\Cofein\classes\Database.php:34
Stack trace:
#0 D:\Programs\Xampp\htdocs\Cofein\classes\Database.php(34): PDOStatement->execute(Array)
#1 D:\Programs\Xampp\htdocs\Cofein\classes\Gallery.php(15): Database->execute(Array)
#2 D:\Programs\Xampp\htdocs\Cofein\classes\Main.php(63): Gallery->getContent()
#3 D:\Programs\Xampp\htdocs\Cofein\classes\Main.php(43): Main->setContent()
#4 D:\Programs\Xampp\htdocs\Cofein\classes\Main.php(20): Main->createPage()
#5 D:\Programs\Xampp\htdocs\Cofein\classes\Main.php(126): Main->__construct()
#6 D:\Programs\Xampp\htdocs\Cofein\index.php(12): Main::getInstance()
#7 {main}


[11/09/15  23:48:42]
exception 'PDOException' with message 'SQLSTATE[HY093]: Invalid parameter number: parameter was not defined' in D:\Programs\Xampp\htdocs\Cofein\classes\Database.php:34
Stack trace:
#0 D:\Programs\Xampp\htdocs\Cofein\classes\Database.php(34): PDOStatement->execute(Array)
#1 D:\Programs\Xampp\htdocs\Cofein\classes\Gallery.php(15): Database->execute(Array)
#2 D:\Programs\Xampp\htdocs\Cofein\classes\Main.php(63): Gallery->getContent()
#3 D:\Programs\Xampp\htdocs\Cofein\classes\Main.php(43): Main->setContent()
#4 D:\Programs\Xampp\htdocs\Cofein\classes\Main.php(20): Main->createPage()
#5 D:\Programs\Xampp\htdocs\Cofein\classes\Main.php(126): Main->__construct()
#6 D:\Programs\Xampp\htdocs\Cofein\index.php(12): Main::getInstance()
#7 {main}


[11/09/15  23:49:33]
exception 'PDOException' with message 'SQLSTATE[HY093]: Invalid parameter number: parameter was not defined' in D:\Programs\Xampp\htdocs\Cofein\classes\Database.php:34
Stack trace:
#0 D:\Programs\Xampp\htdocs\Cofein\classes\Database.php(34): PDOStatement->execute(Array)
#1 D:\Programs\Xampp\htdocs\Cofein\classes\Gallery.php(15): Database->execute(Array)
#2 D:\Programs\Xampp\htdocs\Cofein\classes\Main.php(63): Gallery->getContent()
#3 D:\Programs\Xampp\htdocs\Cofein\classes\Main.php(43): Main->setContent()
#4 D:\Programs\Xampp\htdocs\Cofein\classes\Main.php(20): Main->createPage()
#5 D:\Programs\Xampp\htdocs\Cofein\classes\Main.php(126): Main->__construct()
#6 D:\Programs\Xampp\htdocs\Cofein\index.php(12): Main::getInstance()
#7 {main}


[11/09/15  23:49:35]
exception 'PDOException' with message 'SQLSTATE[HY093]: Invalid parameter number: parameter was not defined' in D:\Programs\Xampp\htdocs\Cofein\classes\Database.php:34
Stack trace:
#0 D:\Programs\Xampp\htdocs\Cofein\classes\Database.php(34): PDOStatement->execute(Array)
#1 D:\Programs\Xampp\htdocs\Cofein\classes\Gallery.php(15): Database->execute(Array)
#2 D:\Programs\Xampp\htdocs\Cofein\classes\Main.php(63): Gallery->getContent()
#3 D:\Programs\Xampp\htdocs\Cofein\classes\Main.php(43): Main->setContent()
#4 D:\Programs\Xampp\htdocs\Cofein\classes\Main.php(20): Main->createPage()
#5 D:\Programs\Xampp\htdocs\Cofein\classes\Main.php(126): Main->__construct()
#6 D:\Programs\Xampp\htdocs\Cofein\index.php(12): Main::getInstance()
#7 {main}


[11/09/15  23:49:38]
exception 'PDOException' with message 'SQLSTATE[HY093]: Invalid parameter number: parameter was not defined' in D:\Programs\Xampp\htdocs\Cofein\classes\Database.php:34
Stack trace:
#0 D:\Programs\Xampp\htdocs\Cofein\classes\Database.php(34): PDOStatement->execute(Array)
#1 D:\Programs\Xampp\htdocs\Cofein\classes\Gallery.php(15): Database->execute(Array)
#2 D:\Programs\Xampp\htdocs\Cofein\classes\Main.php(63): Gallery->getContent()
#3 D:\Programs\Xampp\htdocs\Cofein\classes\Main.php(43): Main->setContent()
#4 D:\Programs\Xampp\htdocs\Cofein\classes\Main.php(20): Main->createPage()
#5 D:\Programs\Xampp\htdocs\Cofein\classes\Main.php(126): Main->__construct()
#6 D:\Programs\Xampp\htdocs\Cofein\index.php(12): Main::getInstance()
#7 {main}


[12/09/15  12:30:28]
exception 'PDOException' with message 'SQLSTATE[HY093]: Invalid parameter number: parameter was not defined' in D:\Programs\Xampp\htdocs\Cofein\classes\Database.php:34
Stack trace:
#0 D:\Programs\Xampp\htdocs\Cofein\classes\Database.php(34): PDOStatement->execute(Array)
#1 D:\Programs\Xampp\htdocs\Cofein\classes\Gallery.php(15): Database->execute(Array)
#2 D:\Programs\Xampp\htdocs\Cofein\classes\Main.php(63): Gallery->getContent()
#3 D:\Programs\Xampp\htdocs\Cofein\classes\Main.php(43): Main->setContent()
#4 D:\Programs\Xampp\htdocs\Cofein\classes\Main.php(20): Main->createPage()
#5 D:\Programs\Xampp\htdocs\Cofein\classes\Main.php(126): Main->__construct()
#6 D:\Programs\Xampp\htdocs\Cofein\index.php(12): Main::getInstance()
#7 {main}


[12/09/15  12:31:25]
exception 'PDOException' with message 'SQLSTATE[HY093]: Invalid parameter number: parameter was not defined' in D:\Programs\Xampp\htdocs\Cofein\classes\Database.php:34
Stack trace:
#0 D:\Programs\Xampp\htdocs\Cofein\classes\Database.php(34): PDOStatement->execute(Array)
#1 D:\Programs\Xampp\htdocs\Cofein\classes\Gallery.php(15): Database->execute(Array)
#2 D:\Programs\Xampp\htdocs\Cofein\classes\Main.php(63): Gallery->getContent()
#3 D:\Programs\Xampp\htdocs\Cofein\classes\Main.php(43): Main->setContent()
#4 D:\Programs\Xampp\htdocs\Cofein\classes\Main.php(20): Main->createPage()
#5 D:\Programs\Xampp\htdocs\Cofein\classes\Main.php(126): Main->__construct()
#6 D:\Programs\Xampp\htdocs\Cofein\index.php(12): Main::getInstance()
#7 {main}


[12/09/15  12:31:28]
exception 'PDOException' with message 'SQLSTATE[HY093]: Invalid parameter number: parameter was not defined' in D:\Programs\Xampp\htdocs\Cofein\classes\Database.php:34
Stack trace:
#0 D:\Programs\Xampp\htdocs\Cofein\classes\Database.php(34): PDOStatement->execute(Array)
#1 D:\Programs\Xampp\htdocs\Cofein\classes\Gallery.php(15): Database->execute(Array)
#2 D:\Programs\Xampp\htdocs\Cofein\classes\Main.php(63): Gallery->getContent()
#3 D:\Programs\Xampp\htdocs\Cofein\classes\Main.php(43): Main->setContent()
#4 D:\Programs\Xampp\htdocs\Cofein\classes\Main.php(20): Main->createPage()
#5 D:\Programs\Xampp\htdocs\Cofein\classes\Main.php(126): Main->__construct()
#6 D:\Programs\Xampp\htdocs\Cofein\index.php(12): Main::getInstance()
#7 {main}


[12/09/15  13:17:19]
exception 'Twig_Error_Syntax' with message 'Unexpected character ";" in "gallery.html.twig" at line 22' in D:\Programs\Xampp\htdocs\Cofein\libs\Twig\vendor\twig\twig\lib\Twig\Lexer.php:284
Stack trace:
#0 D:\Programs\Xampp\htdocs\Cofein\libs\Twig\vendor\twig\twig\lib\Twig\Lexer.php(216): Twig_Lexer->lexExpression()
#1 D:\Programs\Xampp\htdocs\Cofein\libs\Twig\vendor\twig\twig\lib\Twig\Lexer.php(115): Twig_Lexer->lexVar()
#2 D:\Programs\Xampp\htdocs\Cofein\libs\Twig\vendor\twig\twig\lib\Twig\Environment.php(469): Twig_Lexer->tokenize('{% extends layo...', 'gallery.html.tw...')
#3 D:\Programs\Xampp\htdocs\Cofein\libs\Twig\vendor\twig\twig\lib\Twig\Environment.php(559): Twig_Environment->tokenize('{% extends layo...', 'gallery.html.tw...')
#4 D:\Programs\Xampp\htdocs\Cofein\libs\Twig\vendor\twig\twig\lib\Twig\Environment.php(331): Twig_Environment->compileSource('{% extends layo...', 'gallery.html.tw...')
#5 D:\Programs\Xampp\htdocs\Cofein\libs\Twig\vendor\twig\twig\lib\Twig\Environment.php(292): Twig_Environment->loadTemplate('gallery.html.tw...')
#6 D:\Programs\Xampp\htdocs\Cofein\classes\Main.php(90): Twig_Environment->render('gallery.html.tw...', Array)
#7 D:\Programs\Xampp\htdocs\Cofein\classes\Main.php(20): Main->render()
#8 D:\Programs\Xampp\htdocs\Cofein\classes\Main.php(126): Main->__construct()
#9 D:\Programs\Xampp\htdocs\Cofein\index.php(12): Main::getInstance()
#10 {main}


[16/09/15  13:22:29]
exception 'Twig_Error_Loader' with message 'Unable to find template "admin_admin_edit_gallery.html.twig" (looked into: views/layouts, views/templates).' in D:\Programs\Xampp\htdocs\Cofein\libs\Twig\vendor\twig\twig\lib\Twig\Loader\Filesystem.php:191
Stack trace:
#0 D:\Programs\Xampp\htdocs\Cofein\libs\Twig\vendor\twig\twig\lib\Twig\Loader\Filesystem.php(138): Twig_Loader_Filesystem->findTemplate('admin_admin_edi...')
#1 D:\Programs\Xampp\htdocs\Cofein\libs\Twig\vendor\twig\twig\lib\Twig\Environment.php(265): Twig_Loader_Filesystem->getCacheKey('admin_admin_edi...')
#2 D:\Programs\Xampp\htdocs\Cofein\libs\Twig\vendor\twig\twig\lib\Twig\Environment.php(323): Twig_Environment->getTemplateClass('admin_admin_edi...', NULL)
#3 D:\Programs\Xampp\htdocs\Cofein\libs\Twig\vendor\twig\twig\lib\Twig\Environment.php(292): Twig_Environment->loadTemplate('admin_admin_edi...')
#4 D:\Programs\Xampp\htdocs\Cofein\classes\Main.php(98): Twig_Environment->render('admin_admin_edi...', Array)
#5 D:\Programs\Xampp\htdocs\Cofein\classes\Main.php(21): Main->render()
#6 D:\Programs\Xampp\htdocs\Cofein\classes\Main.php(134): Main->__construct()
#7 D:\Programs\Xampp\htdocs\Cofein\index.php(12): Main::getInstance()
#8 {main}


[16/09/15  13:23:13]
exception 'Twig_Error_Loader' with message 'Unable to find template "admin_admin_edit_gallery.html.twig" (looked into: views/layouts, views/templates).' in D:\Programs\Xampp\htdocs\Cofein\libs\Twig\vendor\twig\twig\lib\Twig\Loader\Filesystem.php:191
Stack trace:
#0 D:\Programs\Xampp\htdocs\Cofein\libs\Twig\vendor\twig\twig\lib\Twig\Loader\Filesystem.php(138): Twig_Loader_Filesystem->findTemplate('admin_admin_edi...')
#1 D:\Programs\Xampp\htdocs\Cofein\libs\Twig\vendor\twig\twig\lib\Twig\Environment.php(265): Twig_Loader_Filesystem->getCacheKey('admin_admin_edi...')
#2 D:\Programs\Xampp\htdocs\Cofein\libs\Twig\vendor\twig\twig\lib\Twig\Environment.php(323): Twig_Environment->getTemplateClass('admin_admin_edi...', NULL)
#3 D:\Programs\Xampp\htdocs\Cofein\libs\Twig\vendor\twig\twig\lib\Twig\Environment.php(292): Twig_Environment->loadTemplate('admin_admin_edi...')
#4 D:\Programs\Xampp\htdocs\Cofein\classes\Main.php(98): Twig_Environment->render('admin_admin_edi...', Array)
#5 D:\Programs\Xampp\htdocs\Cofein\classes\Main.php(21): Main->render()
#6 D:\Programs\Xampp\htdocs\Cofein\classes\Main.php(134): Main->__construct()
#7 D:\Programs\Xampp\htdocs\Cofein\index.php(12): Main::getInstance()
#8 {main}


[16/09/15  13:53:13]
exception 'PDOException' with message 'SQLSTATE[HY000]: General error' in D:\Programs\Xampp\htdocs\Cofein\classes\Database.php:40
Stack trace:
#0 D:\Programs\Xampp\htdocs\Cofein\classes\Database.php(40): PDOStatement->fetchAll(2)
#1 D:\Programs\Xampp\htdocs\Cofein\classes\AdminGallery.php(154): Database->fetchAllAssoc()
#2 D:\Programs\Xampp\htdocs\Cofein\classes\Admin.php(43): AdminGallery->remove()
#3 D:\Programs\Xampp\htdocs\Cofein\classes\Main.php(71): Admin->getContent()
#4 D:\Programs\Xampp\htdocs\Cofein\classes\Main.php(44): Main->setContent()
#5 D:\Programs\Xampp\htdocs\Cofein\classes\Main.php(21): Main->createPage()
#6 D:\Programs\Xampp\htdocs\Cofein\classes\Main.php(134): Main->__construct()
#7 D:\Programs\Xampp\htdocs\Cofein\index.php(12): Main::getInstance()
#8 {main}


[20/02/16  20:34:45]
exception 'Tinify\ClientException' with message 'File is empty (HTTP 400/InputMissing)' in D:\Programs\Xampp\htdocs\Cofein\vendor\tinify\tinify\lib\Tinify\Exception.php:18
Stack trace:
#0 D:\Programs\Xampp\htdocs\Cofein\vendor\tinify\tinify\lib\Tinify\Client.php(82): Tinify\Exception::create('File is empty', 'InputMissing', 400)
#1 D:\Programs\Xampp\htdocs\Cofein\vendor\tinify\tinify\lib\Tinify\Source.php(13): Tinify\Client->request('post', '/shrink', false)
#2 D:\Programs\Xampp\htdocs\Cofein\vendor\tinify\tinify\lib\Tinify\Source.php(9): Tinify\Source::fromBuffer(false)
#3 D:\Programs\Xampp\htdocs\Cofein\vendor\tinify\tinify\lib\Tinify.php(61): Tinify\Source::fromFile('views/img/galle...')
#4 D:\Programs\Xampp\htdocs\Cofein\classes\Gallery.php(46): Tinify\fromFile('views/img/galle...')
#5 D:\Programs\Xampp\htdocs\Cofein\classes\Gallery.php(22): Gallery->minify('My first galler...', Array)
#6 D:\Programs\Xampp\htdocs\Cofein\classes\Main.php(71): Gallery->getContent()
#7 D:\Programs\Xampp\htdocs\Cofein\classes\Main.php(44): Main->setContent()
#8 D:\Programs\Xampp\htdocs\Cofein\classes\Main.php(21): Main->createPage()
#9 D:\Programs\Xampp\htdocs\Cofein\classes\Main.php(134): Main->__construct()
#10 D:\Programs\Xampp\htdocs\Cofein\index.php(12): Main::getInstance()
#11 {main}


[21/02/16  10:57:07]
exception 'Tinify\ClientException' with message 'File is empty (HTTP 400/InputMissing)' in D:\Programs\Xampp\htdocs\Cofein\vendor\tinify\tinify\lib\Tinify\Exception.php:18
Stack trace:
#0 D:\Programs\Xampp\htdocs\Cofein\vendor\tinify\tinify\lib\Tinify\Client.php(82): Tinify\Exception::create('File is empty', 'InputMissing', 400)
#1 D:\Programs\Xampp\htdocs\Cofein\vendor\tinify\tinify\lib\Tinify\Source.php(13): Tinify\Client->request('post', '/shrink', false)
#2 D:\Programs\Xampp\htdocs\Cofein\vendor\tinify\tinify\lib\Tinify\Source.php(9): Tinify\Source::fromBuffer(false)
#3 D:\Programs\Xampp\htdocs\Cofein\vendor\tinify\tinify\lib\Tinify.php(61): Tinify\Source::fromFile(NULL)
#4 D:\Programs\Xampp\htdocs\Cofein\classes\Gallery.php(38): Tinify\fromFile(NULL)
#5 D:\Programs\Xampp\htdocs\Cofein\classes\Gallery.php(20): Gallery->minify(NULL)
#6 D:\Programs\Xampp\htdocs\Cofein\classes\Main.php(71): Gallery->getContent()
#7 D:\Programs\Xampp\htdocs\Cofein\classes\Main.php(44): Main->setContent()
#8 D:\Programs\Xampp\htdocs\Cofein\classes\Main.php(21): Main->createPage()
#9 D:\Programs\Xampp\htdocs\Cofein\classes\Main.php(134): Main->__construct()
#10 D:\Programs\Xampp\htdocs\Cofein\index.php(12): Main::getInstance()
#11 {main}


[21/02/16  10:57:57]
exception 'Tinify\ClientException' with message 'File is empty (HTTP 400/InputMissing)' in D:\Programs\Xampp\htdocs\Cofein\vendor\tinify\tinify\lib\Tinify\Exception.php:18
Stack trace:
#0 D:\Programs\Xampp\htdocs\Cofein\vendor\tinify\tinify\lib\Tinify\Client.php(82): Tinify\Exception::create('File is empty', 'InputMissing', 400)
#1 D:\Programs\Xampp\htdocs\Cofein\vendor\tinify\tinify\lib\Tinify\Source.php(13): Tinify\Client->request('post', '/shrink', false)
#2 D:\Programs\Xampp\htdocs\Cofein\vendor\tinify\tinify\lib\Tinify\Source.php(9): Tinify\Source::fromBuffer(false)
#3 D:\Programs\Xampp\htdocs\Cofein\vendor\tinify\tinify\lib\Tinify.php(61): Tinify\Source::fromFile(NULL)
#4 D:\Programs\Xampp\htdocs\Cofein\classes\Gallery.php(38): Tinify\fromFile(NULL)
#5 D:\Programs\Xampp\htdocs\Cofein\classes\Gallery.php(20): Gallery->minify(NULL)
#6 D:\Programs\Xampp\htdocs\Cofein\classes\Main.php(71): Gallery->getContent()
#7 D:\Programs\Xampp\htdocs\Cofein\classes\Main.php(44): Main->setContent()
#8 D:\Programs\Xampp\htdocs\Cofein\classes\Main.php(21): Main->createPage()
#9 D:\Programs\Xampp\htdocs\Cofein\classes\Main.php(134): Main->__construct()
#10 D:\Programs\Xampp\htdocs\Cofein\index.php(12): Main::getInstance()
#11 {main}


[21/02/16  10:58:13]
exception 'Tinify\ClientException' with message 'File is empty (HTTP 400/InputMissing)' in D:\Programs\Xampp\htdocs\Cofein\vendor\tinify\tinify\lib\Tinify\Exception.php:18
Stack trace:
#0 D:\Programs\Xampp\htdocs\Cofein\vendor\tinify\tinify\lib\Tinify\Client.php(82): Tinify\Exception::create('File is empty', 'InputMissing', 400)
#1 D:\Programs\Xampp\htdocs\Cofein\vendor\tinify\tinify\lib\Tinify\Source.php(13): Tinify\Client->request('post', '/shrink', false)
#2 D:\Programs\Xampp\htdocs\Cofein\vendor\tinify\tinify\lib\Tinify\Source.php(9): Tinify\Source::fromBuffer(false)
#3 D:\Programs\Xampp\htdocs\Cofein\vendor\tinify\tinify\lib\Tinify.php(61): Tinify\Source::fromFile(NULL)
#4 D:\Programs\Xampp\htdocs\Cofein\classes\Gallery.php(38): Tinify\fromFile(NULL)
#5 D:\Programs\Xampp\htdocs\Cofein\classes\Gallery.php(20): Gallery->minify(NULL)
#6 D:\Programs\Xampp\htdocs\Cofein\classes\Main.php(71): Gallery->getContent()
#7 D:\Programs\Xampp\htdocs\Cofein\classes\Main.php(44): Main->setContent()
#8 D:\Programs\Xampp\htdocs\Cofein\classes\Main.php(21): Main->createPage()
#9 D:\Programs\Xampp\htdocs\Cofein\classes\Main.php(134): Main->__construct()
#10 D:\Programs\Xampp\htdocs\Cofein\index.php(12): Main::getInstance()
#11 {main}


[21/02/16  10:59:10]
exception 'Tinify\ClientException' with message 'File is empty (HTTP 400/InputMissing)' in D:\Programs\Xampp\htdocs\Cofein\vendor\tinify\tinify\lib\Tinify\Exception.php:18
Stack trace:
#0 D:\Programs\Xampp\htdocs\Cofein\vendor\tinify\tinify\lib\Tinify\Client.php(82): Tinify\Exception::create('File is empty', 'InputMissing', 400)
#1 D:\Programs\Xampp\htdocs\Cofein\vendor\tinify\tinify\lib\Tinify\Source.php(13): Tinify\Client->request('post', '/shrink', false)
#2 D:\Programs\Xampp\htdocs\Cofein\vendor\tinify\tinify\lib\Tinify\Source.php(9): Tinify\Source::fromBuffer(false)
#3 D:\Programs\Xampp\htdocs\Cofein\vendor\tinify\tinify\lib\Tinify.php(61): Tinify\Source::fromFile('M')
#4 D:\Programs\Xampp\htdocs\Cofein\classes\Gallery.php(38): Tinify\fromFile('M')
#5 D:\Programs\Xampp\htdocs\Cofein\classes\Gallery.php(20): Gallery->minify('My first galler...', Array)
#6 D:\Programs\Xampp\htdocs\Cofein\classes\Main.php(71): Gallery->getContent()
#7 D:\Programs\Xampp\htdocs\Cofein\classes\Main.php(44): Main->setContent()
#8 D:\Programs\Xampp\htdocs\Cofein\classes\Main.php(21): Main->createPage()
#9 D:\Programs\Xampp\htdocs\Cofein\classes\Main.php(134): Main->__construct()
#10 D:\Programs\Xampp\htdocs\Cofein\index.php(12): Main::getInstance()
#11 {main}


[21/02/16  11:40:26]
exception 'Tinify\ClientException' with message 'File is empty (HTTP 400/InputMissing)' in D:\Programs\Xampp\htdocs\Cofein\vendor\tinify\tinify\lib\Tinify\Exception.php:18
Stack trace:
#0 D:\Programs\Xampp\htdocs\Cofein\vendor\tinify\tinify\lib\Tinify\Client.php(82): Tinify\Exception::create('File is empty', 'InputMissing', 400)
#1 D:\Programs\Xampp\htdocs\Cofein\vendor\tinify\tinify\lib\Tinify\Source.php(13): Tinify\Client->request('post', '/shrink', false)
#2 D:\Programs\Xampp\htdocs\Cofein\vendor\tinify\tinify\lib\Tinify\Source.php(9): Tinify\Source::fromBuffer(false)
#3 D:\Programs\Xampp\htdocs\Cofein\vendor\tinify\tinify\lib\Tinify.php(61): Tinify\Source::fromFile('views/img/galle...')
#4 D:\Programs\Xampp\htdocs\Cofein\classes\Gallery.php(41): Tinify\fromFile('views/img/galle...')
#5 D:\Programs\Xampp\htdocs\Cofein\classes\Gallery.php(20): Gallery->minify(Array)
#6 D:\Programs\Xampp\htdocs\Cofein\classes\Main.php(71): Gallery->getContent()
#7 D:\Programs\Xampp\htdocs\Cofein\classes\Main.php(44): Main->setContent()
#8 D:\Programs\Xampp\htdocs\Cofein\classes\Main.php(21): Main->createPage()
#9 D:\Programs\Xampp\htdocs\Cofein\classes\Main.php(134): Main->__construct()
#10 D:\Programs\Xampp\htdocs\Cofein\index.php(12): Main::getInstance()
#11 {main}


[21/02/16  14:46:16]
exception 'Twig_Error_Syntax' with message 'Unknown "dump" function in "gallery.html.twig" at line 15.' in D:\Programs\Xampp\htdocs\Cofein\vendor\twig\twig\lib\Twig\ExpressionParser.php:569
Stack trace:
#0 D:\Programs\Xampp\htdocs\Cofein\vendor\twig\twig\lib\Twig\ExpressionParser.php(351): Twig_ExpressionParser->getFunctionNodeClass('dump', 15)
#1 D:\Programs\Xampp\htdocs\Cofein\vendor\twig\twig\lib\Twig\ExpressionParser.php(144): Twig_ExpressionParser->getFunctionNode('dump', 15)
#2 D:\Programs\Xampp\htdocs\Cofein\vendor\twig\twig\lib\Twig\ExpressionParser.php(84): Twig_ExpressionParser->parsePrimaryExpression()
#3 D:\Programs\Xampp\htdocs\Cofein\vendor\twig\twig\lib\Twig\ExpressionParser.php(41): Twig_ExpressionParser->getPrimary()
#4 D:\Programs\Xampp\htdocs\Cofein\vendor\twig\twig\lib\Twig\Parser.php(147): Twig_ExpressionParser->parseExpression()
#5 D:\Programs\Xampp\htdocs\Cofein\vendor\twig\twig\lib\Twig\TokenParser\If.php(34): Twig_Parser->subparse(Array)
#6 D:\Programs\Xampp\htdocs\Cofein\vendor\twig\twig\lib\Twig\Parser.php(190): Twig_TokenParser_If->parse(Object(Twig_Token))
#7 D:\Programs\Xampp\htdocs\Cofein\vendor\twig\twig\lib\Twig\TokenParser\For.php(40): Twig_Parser->subparse(Array)
#8 D:\Programs\Xampp\htdocs\Cofein\vendor\twig\twig\lib\Twig\Parser.php(190): Twig_TokenParser_For->parse(Object(Twig_Token))
#9 D:\Programs\Xampp\htdocs\Cofein\vendor\twig\twig\lib\Twig\TokenParser\Block.php(38): Twig_Parser->subparse(Array, true)
#10 D:\Programs\Xampp\htdocs\Cofein\vendor\twig\twig\lib\Twig\Parser.php(190): Twig_TokenParser_Block->parse(Object(Twig_Token))
#11 D:\Programs\Xampp\htdocs\Cofein\vendor\twig\twig\lib\Twig\Parser.php(103): Twig_Parser->subparse(NULL, false)
#12 D:\Programs\Xampp\htdocs\Cofein\vendor\twig\twig\lib\Twig\Environment.php(513): Twig_Parser->parse(Object(Twig_TokenStream))
#13 D:\Programs\Xampp\htdocs\Cofein\vendor\twig\twig\lib\Twig\Environment.php(565): Twig_Environment->parse(Object(Twig_TokenStream))
#14 D:\Programs\Xampp\htdocs\Cofein\vendor\twig\twig\lib\Twig\Environment.php(331): Twig_Environment->compileSource('{% extends layo...', 'gallery.html.tw...')
#15 D:\Programs\Xampp\htdocs\Cofein\vendor\twig\twig\lib\Twig\Environment.php(286): Twig_Environment->loadTemplate('gallery.html.tw...')
#16 D:\Programs\Xampp\htdocs\Cofein\classes\Main.php(98): Twig_Environment->render('gallery.html.tw...', Array)
#17 D:\Programs\Xampp\htdocs\Cofein\classes\Main.php(21): Main->render()
#18 D:\Programs\Xampp\htdocs\Cofein\classes\Main.php(134): Main->__construct()
#19 D:\Programs\Xampp\htdocs\Cofein\index.php(12): Main::getInstance()
#20 {main}


[21/02/16  14:46:57]
exception 'Twig_Error_Syntax' with message 'Unknown "dump" function in "gallery.html.twig" at line 15.' in D:\Programs\Xampp\htdocs\Cofein\vendor\twig\twig\lib\Twig\ExpressionParser.php:569
Stack trace:
#0 D:\Programs\Xampp\htdocs\Cofein\vendor\twig\twig\lib\Twig\ExpressionParser.php(351): Twig_ExpressionParser->getFunctionNodeClass('dump', 15)
#1 D:\Programs\Xampp\htdocs\Cofein\vendor\twig\twig\lib\Twig\ExpressionParser.php(144): Twig_ExpressionParser->getFunctionNode('dump', 15)
#2 D:\Programs\Xampp\htdocs\Cofein\vendor\twig\twig\lib\Twig\ExpressionParser.php(84): Twig_ExpressionParser->parsePrimaryExpression()
#3 D:\Programs\Xampp\htdocs\Cofein\vendor\twig\twig\lib\Twig\ExpressionParser.php(41): Twig_ExpressionParser->getPrimary()
#4 D:\Programs\Xampp\htdocs\Cofein\vendor\twig\twig\lib\Twig\Parser.php(147): Twig_ExpressionParser->parseExpression()
#5 D:\Programs\Xampp\htdocs\Cofein\vendor\twig\twig\lib\Twig\TokenParser\If.php(34): Twig_Parser->subparse(Array)
#6 D:\Programs\Xampp\htdocs\Cofein\vendor\twig\twig\lib\Twig\Parser.php(190): Twig_TokenParser_If->parse(Object(Twig_Token))
#7 D:\Programs\Xampp\htdocs\Cofein\vendor\twig\twig\lib\Twig\TokenParser\For.php(40): Twig_Parser->subparse(Array)
#8 D:\Programs\Xampp\htdocs\Cofein\vendor\twig\twig\lib\Twig\Parser.php(190): Twig_TokenParser_For->parse(Object(Twig_Token))
#9 D:\Programs\Xampp\htdocs\Cofein\vendor\twig\twig\lib\Twig\TokenParser\Block.php(38): Twig_Parser->subparse(Array, true)
#10 D:\Programs\Xampp\htdocs\Cofein\vendor\twig\twig\lib\Twig\Parser.php(190): Twig_TokenParser_Block->parse(Object(Twig_Token))
#11 D:\Programs\Xampp\htdocs\Cofein\vendor\twig\twig\lib\Twig\Parser.php(103): Twig_Parser->subparse(NULL, false)
#12 D:\Programs\Xampp\htdocs\Cofein\vendor\twig\twig\lib\Twig\Environment.php(513): Twig_Parser->parse(Object(Twig_TokenStream))
#13 D:\Programs\Xampp\htdocs\Cofein\vendor\twig\twig\lib\Twig\Environment.php(565): Twig_Environment->parse(Object(Twig_TokenStream))
#14 D:\Programs\Xampp\htdocs\Cofein\vendor\twig\twig\lib\Twig\Environment.php(331): Twig_Environment->compileSource('{% extends layo...', 'gallery.html.tw...')
#15 D:\Programs\Xampp\htdocs\Cofein\vendor\twig\twig\lib\Twig\Environment.php(286): Twig_Environment->loadTemplate('gallery.html.tw...')
#16 D:\Programs\Xampp\htdocs\Cofein\classes\Main.php(98): Twig_Environment->render('gallery.html.tw...', Array)
#17 D:\Programs\Xampp\htdocs\Cofein\classes\Main.php(21): Main->render()
#18 D:\Programs\Xampp\htdocs\Cofein\classes\Main.php(134): Main->__construct()
#19 D:\Programs\Xampp\htdocs\Cofein\index.php(12): Main::getInstance()
#20 {main}


[21/02/16  14:47:16]
exception 'Twig_Error_Syntax' with message 'Unknown "dump" function in "gallery.html.twig" at line 15.' in D:\Programs\Xampp\htdocs\Cofein\vendor\twig\twig\lib\Twig\ExpressionParser.php:569
Stack trace:
#0 D:\Programs\Xampp\htdocs\Cofein\vendor\twig\twig\lib\Twig\ExpressionParser.php(351): Twig_ExpressionParser->getFunctionNodeClass('dump', 15)
#1 D:\Programs\Xampp\htdocs\Cofein\vendor\twig\twig\lib\Twig\ExpressionParser.php(144): Twig_ExpressionParser->getFunctionNode('dump', 15)
#2 D:\Programs\Xampp\htdocs\Cofein\vendor\twig\twig\lib\Twig\ExpressionParser.php(84): Twig_ExpressionParser->parsePrimaryExpression()
#3 D:\Programs\Xampp\htdocs\Cofein\vendor\twig\twig\lib\Twig\ExpressionParser.php(41): Twig_ExpressionParser->getPrimary()
#4 D:\Programs\Xampp\htdocs\Cofein\vendor\twig\twig\lib\Twig\Parser.php(147): Twig_ExpressionParser->parseExpression()
#5 D:\Programs\Xampp\htdocs\Cofein\vendor\twig\twig\lib\Twig\TokenParser\If.php(34): Twig_Parser->subparse(Array)
#6 D:\Programs\Xampp\htdocs\Cofein\vendor\twig\twig\lib\Twig\Parser.php(190): Twig_TokenParser_If->parse(Object(Twig_Token))
#7 D:\Programs\Xampp\htdocs\Cofein\vendor\twig\twig\lib\Twig\TokenParser\For.php(40): Twig_Parser->subparse(Array)
#8 D:\Programs\Xampp\htdocs\Cofein\vendor\twig\twig\lib\Twig\Parser.php(190): Twig_TokenParser_For->parse(Object(Twig_Token))
#9 D:\Programs\Xampp\htdocs\Cofein\vendor\twig\twig\lib\Twig\TokenParser\Block.php(38): Twig_Parser->subparse(Array, true)
#10 D:\Programs\Xampp\htdocs\Cofein\vendor\twig\twig\lib\Twig\Parser.php(190): Twig_TokenParser_Block->parse(Object(Twig_Token))
#11 D:\Programs\Xampp\htdocs\Cofein\vendor\twig\twig\lib\Twig\Parser.php(103): Twig_Parser->subparse(NULL, false)
#12 D:\Programs\Xampp\htdocs\Cofein\vendor\twig\twig\lib\Twig\Environment.php(513): Twig_Parser->parse(Object(Twig_TokenStream))
#13 D:\Programs\Xampp\htdocs\Cofein\vendor\twig\twig\lib\Twig\Environment.php(565): Twig_Environment->parse(Object(Twig_TokenStream))
#14 D:\Programs\Xampp\htdocs\Cofein\vendor\twig\twig\lib\Twig\Environment.php(331): Twig_Environment->compileSource('{% extends layo...', 'gallery.html.tw...')
#15 D:\Programs\Xampp\htdocs\Cofein\vendor\twig\twig\lib\Twig\Environment.php(286): Twig_Environment->loadTemplate('gallery.html.tw...')
#16 D:\Programs\Xampp\htdocs\Cofein\classes\Main.php(98): Twig_Environment->render('gallery.html.tw...', Array)
#17 D:\Programs\Xampp\htdocs\Cofein\classes\Main.php(21): Main->render()
#18 D:\Programs\Xampp\htdocs\Cofein\classes\Main.php(134): Main->__construct()
#19 D:\Programs\Xampp\htdocs\Cofein\index.php(12): Main::getInstance()
#20 {main}


[21/02/16  14:47:20]
exception 'Twig_Error_Syntax' with message 'Unknown "dump" function in "gallery.html.twig" at line 15.' in D:\Programs\Xampp\htdocs\Cofein\vendor\twig\twig\lib\Twig\ExpressionParser.php:569
Stack trace:
#0 D:\Programs\Xampp\htdocs\Cofein\vendor\twig\twig\lib\Twig\ExpressionParser.php(351): Twig_ExpressionParser->getFunctionNodeClass('dump', 15)
#1 D:\Programs\Xampp\htdocs\Cofein\vendor\twig\twig\lib\Twig\ExpressionParser.php(144): Twig_ExpressionParser->getFunctionNode('dump', 15)
#2 D:\Programs\Xampp\htdocs\Cofein\vendor\twig\twig\lib\Twig\ExpressionParser.php(84): Twig_ExpressionParser->parsePrimaryExpression()
#3 D:\Programs\Xampp\htdocs\Cofein\vendor\twig\twig\lib\Twig\ExpressionParser.php(41): Twig_ExpressionParser->getPrimary()
#4 D:\Programs\Xampp\htdocs\Cofein\vendor\twig\twig\lib\Twig\Parser.php(147): Twig_ExpressionParser->parseExpression()
#5 D:\Programs\Xampp\htdocs\Cofein\vendor\twig\twig\lib\Twig\TokenParser\If.php(34): Twig_Parser->subparse(Array)
#6 D:\Programs\Xampp\htdocs\Cofein\vendor\twig\twig\lib\Twig\Parser.php(190): Twig_TokenParser_If->parse(Object(Twig_Token))
#7 D:\Programs\Xampp\htdocs\Cofein\vendor\twig\twig\lib\Twig\TokenParser\For.php(40): Twig_Parser->subparse(Array)
#8 D:\Programs\Xampp\htdocs\Cofein\vendor\twig\twig\lib\Twig\Parser.php(190): Twig_TokenParser_For->parse(Object(Twig_Token))
#9 D:\Programs\Xampp\htdocs\Cofein\vendor\twig\twig\lib\Twig\TokenParser\Block.php(38): Twig_Parser->subparse(Array, true)
#10 D:\Programs\Xampp\htdocs\Cofein\vendor\twig\twig\lib\Twig\Parser.php(190): Twig_TokenParser_Block->parse(Object(Twig_Token))
#11 D:\Programs\Xampp\htdocs\Cofein\vendor\twig\twig\lib\Twig\Parser.php(103): Twig_Parser->subparse(NULL, false)
#12 D:\Programs\Xampp\htdocs\Cofein\vendor\twig\twig\lib\Twig\Environment.php(513): Twig_Parser->parse(Object(Twig_TokenStream))
#13 D:\Programs\Xampp\htdocs\Cofein\vendor\twig\twig\lib\Twig\Environment.php(565): Twig_Environment->parse(Object(Twig_TokenStream))
#14 D:\Programs\Xampp\htdocs\Cofein\vendor\twig\twig\lib\Twig\Environment.php(331): Twig_Environment->compileSource('{% extends layo...', 'gallery.html.tw...')
#15 D:\Programs\Xampp\htdocs\Cofein\vendor\twig\twig\lib\Twig\Environment.php(286): Twig_Environment->loadTemplate('gallery.html.tw...')
#16 D:\Programs\Xampp\htdocs\Cofein\classes\Main.php(98): Twig_Environment->render('gallery.html.tw...', Array)
#17 D:\Programs\Xampp\htdocs\Cofein\classes\Main.php(21): Main->render()
#18 D:\Programs\Xampp\htdocs\Cofein\classes\Main.php(134): Main->__construct()
#19 D:\Programs\Xampp\htdocs\Cofein\index.php(12): Main::getInstance()
#20 {main}


[21/02/16  15:50:09]
exception 'Twig_Error_Syntax' with message 'A template that extends another one cannot have a body in "bio_bg.html.twig" at line 2.' in D:\Programs\Xampp\htdocs\Cofein\vendor\twig\twig\lib\Twig\Parser.php:371
Stack trace:
#0 D:\Programs\Xampp\htdocs\Cofein\vendor\twig\twig\lib\Twig\Parser.php(105): Twig_Parser->filterBodyNodes(Object(Twig_Node_Text))
#1 D:\Programs\Xampp\htdocs\Cofein\vendor\twig\twig\lib\Twig\Environment.php(513): Twig_Parser->parse(Object(Twig_TokenStream))
#2 D:\Programs\Xampp\htdocs\Cofein\vendor\twig\twig\lib\Twig\Environment.php(565): Twig_Environment->parse(Object(Twig_TokenStream))
#3 D:\Programs\Xampp\htdocs\Cofein\vendor\twig\twig\lib\Twig\Environment.php(331): Twig_Environment->compileSource('{% extends layo...', 'bio_bg.html.twi...')
#4 D:\Programs\Xampp\htdocs\Cofein\vendor\twig\twig\lib\Twig\Environment.php(286): Twig_Environment->loadTemplate('bio_bg.html.twi...')
#5 D:\Programs\Xampp\htdocs\Cofein\classes\Main.php(98): Twig_Environment->render('bio_bg.html.twi...', Array)
#6 D:\Programs\Xampp\htdocs\Cofein\classes\Main.php(21): Main->render()
#7 D:\Programs\Xampp\htdocs\Cofein\classes\Main.php(134): Main->__construct()
#8 D:\Programs\Xampp\htdocs\Cofein\index.php(12): Main::getInstance()
#9 {main}


[21/02/16  16:11:34]
exception 'Exception' with message 'Bad request.' in D:\Programs\Xampp\htdocs\Cofein\classes\Main.php:46
Stack trace:
#0 D:\Programs\Xampp\htdocs\Cofein\classes\Main.php(21): Main->createPage()
#1 D:\Programs\Xampp\htdocs\Cofein\classes\Main.php(134): Main->__construct()
#2 D:\Programs\Xampp\htdocs\Cofein\index.php(12): Main::getInstance()
#3 {main}


[21/02/16  16:11:34]
exception 'Twig_Error_Loader' with message 'Unable to find template "nrk_bg.html.twig" (looked into: views/layouts, views/templates).' in D:\Programs\Xampp\htdocs\Cofein\vendor\twig\twig\lib\Twig\Loader\Filesystem.php:222
Stack trace:
#0 D:\Programs\Xampp\htdocs\Cofein\vendor\twig\twig\lib\Twig\Loader\Filesystem.php(139): Twig_Loader_Filesystem->findTemplate('nrk_bg.html.twi...')
#1 D:\Programs\Xampp\htdocs\Cofein\vendor\twig\twig\lib\Twig\Environment.php(265): Twig_Loader_Filesystem->getCacheKey('nrk_bg.html.twi...')
#2 D:\Programs\Xampp\htdocs\Cofein\vendor\twig\twig\lib\Twig\Environment.php(317): Twig_Environment->getTemplateClass('nrk_bg.html.twi...', NULL)
#3 D:\Programs\Xampp\htdocs\Cofein\vendor\twig\twig\lib\Twig\Environment.php(286): Twig_Environment->loadTemplate('nrk_bg.html.twi...')
#4 D:\Programs\Xampp\htdocs\Cofein\classes\Main.php(98): Twig_Environment->render('nrk_bg.html.twi...', Array)
#5 D:\Programs\Xampp\htdocs\Cofein\classes\Main.php(21): Main->render()
#6 D:\Programs\Xampp\htdocs\Cofein\classes\Main.php(134): Main->__construct()
#7 D:\Programs\Xampp\htdocs\Cofein\index.php(12): Main::getInstance()
#8 {main}


[21/02/16  16:12:19]
exception 'Exception' with message 'Bad request.' in D:\Programs\Xampp\htdocs\Cofein\classes\Main.php:46
Stack trace:
#0 D:\Programs\Xampp\htdocs\Cofein\classes\Main.php(21): Main->createPage()
#1 D:\Programs\Xampp\htdocs\Cofein\classes\Main.php(134): Main->__construct()
#2 D:\Programs\Xampp\htdocs\Cofein\index.php(12): Main::getInstance()
#3 {main}


[21/02/16  16:12:35]
exception 'Exception' with message 'Bad request.' in D:\Programs\Xampp\htdocs\Cofein\classes\Main.php:46
Stack trace:
#0 D:\Programs\Xampp\htdocs\Cofein\classes\Main.php(21): Main->createPage()
#1 D:\Programs\Xampp\htdocs\Cofein\classes\Main.php(134): Main->__construct()
#2 D:\Programs\Xampp\htdocs\Cofein\index.php(12): Main::getInstance()
#3 {main}


[21/02/16  16:14:02]
exception 'Exception' with message 'Bad request.' in D:\Programs\Xampp\htdocs\Cofein\classes\Main.php:46
Stack trace:
#0 D:\Programs\Xampp\htdocs\Cofein\classes\Main.php(21): Main->createPage()
#1 D:\Programs\Xampp\htdocs\Cofein\classes\Main.php(134): Main->__construct()
#2 D:\Programs\Xampp\htdocs\Cofein\index.php(12): Main::getInstance()
#3 {main}


[21/02/16  16:14:10]
exception 'Exception' with message 'Bad request.' in D:\Programs\Xampp\htdocs\Cofein\classes\Main.php:46
Stack trace:
#0 D:\Programs\Xampp\htdocs\Cofein\classes\Main.php(21): Main->createPage()
#1 D:\Programs\Xampp\htdocs\Cofein\classes\Main.php(134): Main->__construct()
#2 D:\Programs\Xampp\htdocs\Cofein\index.php(12): Main::getInstance()
#3 {main}


[21/02/16  16:14:59]
exception 'Exception' with message 'Bad request.' in D:\Programs\Xampp\htdocs\Cofein\classes\Main.php:46
Stack trace:
#0 D:\Programs\Xampp\htdocs\Cofein\classes\Main.php(21): Main->createPage()
#1 D:\Programs\Xampp\htdocs\Cofein\classes\Main.php(134): Main->__construct()
#2 D:\Programs\Xampp\htdocs\Cofein\index.php(12): Main::getInstance()
#3 {main}


[21/02/16  16:15:13]
exception 'Exception' with message 'Bad request.' in D:\Programs\Xampp\htdocs\Cofein\classes\Main.php:46
Stack trace:
#0 D:\Programs\Xampp\htdocs\Cofein\classes\Main.php(21): Main->createPage()
#1 D:\Programs\Xampp\htdocs\Cofein\classes\Main.php(134): Main->__construct()
#2 D:\Programs\Xampp\htdocs\Cofein\index.php(12): Main::getInstance()
#3 {main}


[21/02/16  16:15:58]
exception 'Exception' with message 'Bad request.' in D:\Programs\Xampp\htdocs\Cofein\classes\Main.php:46
Stack trace:
#0 D:\Programs\Xampp\htdocs\Cofein\classes\Main.php(21): Main->createPage()
#1 D:\Programs\Xampp\htdocs\Cofein\classes\Main.php(134): Main->__construct()
#2 D:\Programs\Xampp\htdocs\Cofein\index.php(12): Main::getInstance()
#3 {main}


[21/02/16  16:16:01]
exception 'Exception' with message 'Bad request.' in D:\Programs\Xampp\htdocs\Cofein\classes\Main.php:46
Stack trace:
#0 D:\Programs\Xampp\htdocs\Cofein\classes\Main.php(21): Main->createPage()
#1 D:\Programs\Xampp\htdocs\Cofein\classes\Main.php(134): Main->__construct()
#2 D:\Programs\Xampp\htdocs\Cofein\index.php(12): Main::getInstance()
#3 {main}


[21/02/16  16:16:04]
exception 'Exception' with message 'Bad request.' in D:\Programs\Xampp\htdocs\Cofein\classes\Main.php:46
Stack trace:
#0 D:\Programs\Xampp\htdocs\Cofein\classes\Main.php(21): Main->createPage()
#1 D:\Programs\Xampp\htdocs\Cofein\classes\Main.php(134): Main->__construct()
#2 D:\Programs\Xampp\htdocs\Cofein\index.php(12): Main::getInstance()
#3 {main}


[21/02/16  16:16:17]
exception 'Exception' with message 'Bad request.' in D:\Programs\Xampp\htdocs\Cofein\classes\Main.php:46
Stack trace:
#0 D:\Programs\Xampp\htdocs\Cofein\classes\Main.php(21): Main->createPage()
#1 D:\Programs\Xampp\htdocs\Cofein\classes\Main.php(134): Main->__construct()
#2 D:\Programs\Xampp\htdocs\Cofein\index.php(12): Main::getInstance()
#3 {main}


[21/02/16  16:16:20]
exception 'Exception' with message 'Bad request.' in D:\Programs\Xampp\htdocs\Cofein\classes\Main.php:46
Stack trace:
#0 D:\Programs\Xampp\htdocs\Cofein\classes\Main.php(21): Main->createPage()
#1 D:\Programs\Xampp\htdocs\Cofein\classes\Main.php(134): Main->__construct()
#2 D:\Programs\Xampp\htdocs\Cofein\index.php(12): Main::getInstance()
#3 {main}


[21/02/16  16:16:21]
exception 'Exception' with message 'Bad request.' in D:\Programs\Xampp\htdocs\Cofein\classes\Main.php:46
Stack trace:
#0 D:\Programs\Xampp\htdocs\Cofein\classes\Main.php(21): Main->createPage()
#1 D:\Programs\Xampp\htdocs\Cofein\classes\Main.php(134): Main->__construct()
#2 D:\Programs\Xampp\htdocs\Cofein\index.php(12): Main::getInstance()
#3 {main}


[21/02/16  16:16:23]
exception 'Exception' with message 'Bad request.' in D:\Programs\Xampp\htdocs\Cofein\classes\Main.php:46
Stack trace:
#0 D:\Programs\Xampp\htdocs\Cofein\classes\Main.php(21): Main->createPage()
#1 D:\Programs\Xampp\htdocs\Cofein\classes\Main.php(134): Main->__construct()
#2 D:\Programs\Xampp\htdocs\Cofein\index.php(12): Main::getInstance()
#3 {main}


[21/02/16  16:16:25]
exception 'Exception' with message 'Bad request.' in D:\Programs\Xampp\htdocs\Cofein\classes\Main.php:46
Stack trace:
#0 D:\Programs\Xampp\htdocs\Cofein\classes\Main.php(21): Main->createPage()
#1 D:\Programs\Xampp\htdocs\Cofein\classes\Main.php(134): Main->__construct()
#2 D:\Programs\Xampp\htdocs\Cofein\index.php(12): Main::getInstance()
#3 {main}


[21/02/16  16:16:29]
exception 'Exception' with message 'Bad request.' in D:\Programs\Xampp\htdocs\Cofein\classes\Main.php:46
Stack trace:
#0 D:\Programs\Xampp\htdocs\Cofein\classes\Main.php(21): Main->createPage()
#1 D:\Programs\Xampp\htdocs\Cofein\classes\Main.php(134): Main->__construct()
#2 D:\Programs\Xampp\htdocs\Cofein\index.php(12): Main::getInstance()
#3 {main}


[21/02/16  16:16:30]
exception 'Exception' with message 'Bad request.' in D:\Programs\Xampp\htdocs\Cofein\classes\Main.php:46
Stack trace:
#0 D:\Programs\Xampp\htdocs\Cofein\classes\Main.php(21): Main->createPage()
#1 D:\Programs\Xampp\htdocs\Cofein\classes\Main.php(134): Main->__construct()
#2 D:\Programs\Xampp\htdocs\Cofein\index.php(12): Main::getInstance()
#3 {main}


[21/02/16  16:17:21]
exception 'Exception' with message 'Bad request.' in D:\Programs\Xampp\htdocs\Cofein\classes\Main.php:46
Stack trace:
#0 D:\Programs\Xampp\htdocs\Cofein\classes\Main.php(21): Main->createPage()
#1 D:\Programs\Xampp\htdocs\Cofein\classes\Main.php(134): Main->__construct()
#2 D:\Programs\Xampp\htdocs\Cofein\index.php(12): Main::getInstance()
#3 {main}


[21/02/16  16:17:43]
exception 'Exception' with message 'Bad request.' in D:\Programs\Xampp\htdocs\Cofein\classes\Main.php:46
Stack trace:
#0 D:\Programs\Xampp\htdocs\Cofein\classes\Main.php(21): Main->createPage()
#1 D:\Programs\Xampp\htdocs\Cofein\classes\Main.php(134): Main->__construct()
#2 D:\Programs\Xampp\htdocs\Cofein\index.php(12): Main::getInstance()
#3 {main}


[21/02/16  16:17:53]
exception 'Exception' with message 'Bad request.' in D:\Programs\Xampp\htdocs\Cofein\classes\Main.php:46
Stack trace:
#0 D:\Programs\Xampp\htdocs\Cofein\classes\Main.php(21): Main->createPage()
#1 D:\Programs\Xampp\htdocs\Cofein\classes\Main.php(134): Main->__construct()
#2 D:\Programs\Xampp\htdocs\Cofein\index.php(12): Main::getInstance()
#3 {main}


[21/02/16  16:17:55]
exception 'Exception' with message 'Bad request.' in D:\Programs\Xampp\htdocs\Cofein\classes\Main.php:46
Stack trace:
#0 D:\Programs\Xampp\htdocs\Cofein\classes\Main.php(21): Main->createPage()
#1 D:\Programs\Xampp\htdocs\Cofein\classes\Main.php(134): Main->__construct()
#2 D:\Programs\Xampp\htdocs\Cofein\index.php(12): Main::getInstance()
#3 {main}


[21/02/16  16:18:41]
exception 'Exception' with message 'Bad request.' in D:\Programs\Xampp\htdocs\Cofein\classes\Main.php:46
Stack trace:
#0 D:\Programs\Xampp\htdocs\Cofein\classes\Main.php(21): Main->createPage()
#1 D:\Programs\Xampp\htdocs\Cofein\classes\Main.php(134): Main->__construct()
#2 D:\Programs\Xampp\htdocs\Cofein\index.php(12): Main::getInstance()
#3 {main}


[21/02/16  16:18:44]
exception 'Exception' with message 'Bad request.' in D:\Programs\Xampp\htdocs\Cofein\classes\Main.php:46
Stack trace:
#0 D:\Programs\Xampp\htdocs\Cofein\classes\Main.php(21): Main->createPage()
#1 D:\Programs\Xampp\htdocs\Cofein\classes\Main.php(134): Main->__construct()
#2 D:\Programs\Xampp\htdocs\Cofein\index.php(12): Main::getInstance()
#3 {main}


[21/02/16  16:18:46]
exception 'Exception' with message 'Bad request.' in D:\Programs\Xampp\htdocs\Cofein\classes\Main.php:46
Stack trace:
#0 D:\Programs\Xampp\htdocs\Cofein\classes\Main.php(21): Main->createPage()
#1 D:\Programs\Xampp\htdocs\Cofein\classes\Main.php(134): Main->__construct()
#2 D:\Programs\Xampp\htdocs\Cofein\index.php(12): Main::getInstance()
#3 {main}


[21/02/16  16:18:48]
exception 'Exception' with message 'Bad request.' in D:\Programs\Xampp\htdocs\Cofein\classes\Main.php:46
Stack trace:
#0 D:\Programs\Xampp\htdocs\Cofein\classes\Main.php(21): Main->createPage()
#1 D:\Programs\Xampp\htdocs\Cofein\classes\Main.php(134): Main->__construct()
#2 D:\Programs\Xampp\htdocs\Cofein\index.php(12): Main::getInstance()
#3 {main}


[21/02/16  16:18:50]
exception 'Exception' with message 'Bad request.' in D:\Programs\Xampp\htdocs\Cofein\classes\Main.php:46
Stack trace:
#0 D:\Programs\Xampp\htdocs\Cofein\classes\Main.php(21): Main->createPage()
#1 D:\Programs\Xampp\htdocs\Cofein\classes\Main.php(134): Main->__construct()
#2 D:\Programs\Xampp\htdocs\Cofein\index.php(12): Main::getInstance()
#3 {main}


[23/02/16  18:50:08]
exception 'Exception' with message 'Bad request.' in D:\Programs\Xampp\htdocs\Cofein\classes\Main.php:46
Stack trace:
#0 D:\Programs\Xampp\htdocs\Cofein\classes\Main.php(21): Main->createPage()
#1 D:\Programs\Xampp\htdocs\Cofein\classes\Main.php(134): Main->__construct()
#2 D:\Programs\Xampp\htdocs\Cofein\index.php(12): Main::getInstance()
#3 {main}


[23/02/16  19:19:11]
exception 'Exception' with message 'Bad request.' in D:\Programs\Xampp\htdocs\Cofein\classes\Main.php:46
Stack trace:
#0 D:\Programs\Xampp\htdocs\Cofein\classes\Main.php(21): Main->createPage()
#1 D:\Programs\Xampp\htdocs\Cofein\classes\Main.php(134): Main->__construct()
#2 D:\Programs\Xampp\htdocs\Cofein\index.php(12): Main::getInstance()
#3 {main}


[23/02/16  19:19:22]
exception 'Exception' with message 'Bad request.' in D:\Programs\Xampp\htdocs\Cofein\classes\Main.php:46
Stack trace:
#0 D:\Programs\Xampp\htdocs\Cofein\classes\Main.php(21): Main->createPage()
#1 D:\Programs\Xampp\htdocs\Cofein\classes\Main.php(134): Main->__construct()
#2 D:\Programs\Xampp\htdocs\Cofein\index.php(12): Main::getInstance()
#3 {main}


[23/02/16  19:24:33]
exception 'Exception' with message 'Bad request.' in D:\Programs\Xampp\htdocs\Cofein\classes\Main.php:46
Stack trace:
#0 D:\Programs\Xampp\htdocs\Cofein\classes\Main.php(21): Main->createPage()
#1 D:\Programs\Xampp\htdocs\Cofein\classes\Main.php(134): Main->__construct()
#2 D:\Programs\Xampp\htdocs\Cofein\index.php(11): Main::getInstance()
#3 {main}


[23/02/16  19:32:53]
exception 'Exception' with message 'Bad request.' in D:\Programs\Xampp\htdocs\Cofein\classes\Main.php:46
Stack trace:
#0 D:\Programs\Xampp\htdocs\Cofein\classes\Main.php(21): Main->createPage()
#1 D:\Programs\Xampp\htdocs\Cofein\classes\Main.php(134): Main->__construct()
#2 D:\Programs\Xampp\htdocs\Cofein\index.php(11): Main::getInstance()
#3 {main}


[23/02/16  19:33:00]
exception 'Exception' with message 'Bad request.' in D:\Programs\Xampp\htdocs\Cofein\classes\Main.php:46
Stack trace:
#0 D:\Programs\Xampp\htdocs\Cofein\classes\Main.php(21): Main->createPage()
#1 D:\Programs\Xampp\htdocs\Cofein\classes\Main.php(134): Main->__construct()
#2 D:\Programs\Xampp\htdocs\Cofein\index.php(11): Main::getInstance()
#3 {main}


[23/02/16  19:33:05]
exception 'Exception' with message 'Bad request.' in D:\Programs\Xampp\htdocs\Cofein\classes\Main.php:46
Stack trace:
#0 D:\Programs\Xampp\htdocs\Cofein\classes\Main.php(21): Main->createPage()
#1 D:\Programs\Xampp\htdocs\Cofein\classes\Main.php(134): Main->__construct()
#2 D:\Programs\Xampp\htdocs\Cofein\index.php(11): Main::getInstance()
#3 {main}


[23/02/16  19:33:07]
exception 'Exception' with message 'Bad request.' in D:\Programs\Xampp\htdocs\Cofein\classes\Main.php:46
Stack trace:
#0 D:\Programs\Xampp\htdocs\Cofein\classes\Main.php(21): Main->createPage()
#1 D:\Programs\Xampp\htdocs\Cofein\classes\Main.php(134): Main->__construct()
#2 D:\Programs\Xampp\htdocs\Cofein\index.php(11): Main::getInstance()
#3 {main}


[23/02/16  19:33:10]
exception 'Exception' with message 'Bad request.' in D:\Programs\Xampp\htdocs\Cofein\classes\Main.php:46
Stack trace:
#0 D:\Programs\Xampp\htdocs\Cofein\classes\Main.php(21): Main->createPage()
#1 D:\Programs\Xampp\htdocs\Cofein\classes\Main.php(134): Main->__construct()
#2 D:\Programs\Xampp\htdocs\Cofein\index.php(11): Main::getInstance()
#3 {main}


[23/02/16  19:33:14]
exception 'Exception' with message 'Bad request.' in D:\Programs\Xampp\htdocs\Cofein\classes\Main.php:46
Stack trace:
#0 D:\Programs\Xampp\htdocs\Cofein\classes\Main.php(21): Main->createPage()
#1 D:\Programs\Xampp\htdocs\Cofein\classes\Main.php(134): Main->__construct()
#2 D:\Programs\Xampp\htdocs\Cofein\index.php(11): Main::getInstance()
#3 {main}


[23/02/16  19:37:43]
exception 'Exception' with message 'Bad request.' in D:\Programs\Xampp\htdocs\Cofein\classes\Main.php:46
Stack trace:
#0 D:\Programs\Xampp\htdocs\Cofein\classes\Main.php(21): Main->createPage()
#1 D:\Programs\Xampp\htdocs\Cofein\classes\Main.php(134): Main->__construct()
#2 D:\Programs\Xampp\htdocs\Cofein\index.php(11): Main::getInstance()
#3 {main}


[23/02/16  19:38:23]
exception 'Exception' with message 'Bad request.' in D:\Programs\Xampp\htdocs\Cofein\classes\Main.php:46
Stack trace:
#0 D:\Programs\Xampp\htdocs\Cofein\classes\Main.php(21): Main->createPage()
#1 D:\Programs\Xampp\htdocs\Cofein\classes\Main.php(134): Main->__construct()
#2 D:\Programs\Xampp\htdocs\Cofein\index.php(12): Main::getInstance()
#3 {main}


[23/02/16  19:38:41]
exception 'Exception' with message 'Bad request.' in D:\Programs\Xampp\htdocs\Cofein\classes\Main.php:46
Stack trace:
#0 D:\Programs\Xampp\htdocs\Cofein\classes\Main.php(21): Main->createPage()
#1 D:\Programs\Xampp\htdocs\Cofein\classes\Main.php(134): Main->__construct()
#2 D:\Programs\Xampp\htdocs\Cofein\index.php(12): Main::getInstance()
#3 {main}


[23/02/16  19:39:42]
exception 'Exception' with message 'Bad request.' in D:\Programs\Xampp\htdocs\Cofein\classes\Main.php:46
Stack trace:
#0 D:\Programs\Xampp\htdocs\Cofein\classes\Main.php(21): Main->createPage()
#1 D:\Programs\Xampp\htdocs\Cofein\classes\Main.php(134): Main->__construct()
#2 D:\Programs\Xampp\htdocs\Cofein\index.php(12): Main::getInstance()
#3 {main}


[23/02/16  19:39:48]
exception 'Exception' with message 'Bad request.' in D:\Programs\Xampp\htdocs\Cofein\classes\Main.php:46
Stack trace:
#0 D:\Programs\Xampp\htdocs\Cofein\classes\Main.php(21): Main->createPage()
#1 D:\Programs\Xampp\htdocs\Cofein\classes\Main.php(134): Main->__construct()
#2 D:\Programs\Xampp\htdocs\Cofein\index.php(12): Main::getInstance()
#3 {main}


[23/02/16  19:41:03]
exception 'Exception' with message 'Bad request.' in D:\Programs\Xampp\htdocs\Cofein\classes\Main.php:46
Stack trace:
#0 D:\Programs\Xampp\htdocs\Cofein\classes\Main.php(21): Main->createPage()
#1 D:\Programs\Xampp\htdocs\Cofein\classes\Main.php(134): Main->__construct()
#2 D:\Programs\Xampp\htdocs\Cofein\index.php(12): Main::getInstance()
#3 {main}


[15/03/16  12:11:51]
exception 'Twig_Error_Syntax' with message 'Unknown "dump" function in "index.html.twig" at line 3.' in D:\Programs\Xampp\htdocs\Cofein\vendor\twig\twig\lib\Twig\ExpressionParser.php:569
Stack trace:
#0 D:\Programs\Xampp\htdocs\Cofein\vendor\twig\twig\lib\Twig\ExpressionParser.php(351): Twig_ExpressionParser->getFunctionNodeClass('dump', 3)
#1 D:\Programs\Xampp\htdocs\Cofein\vendor\twig\twig\lib\Twig\ExpressionParser.php(144): Twig_ExpressionParser->getFunctionNode('dump', 3)
#2 D:\Programs\Xampp\htdocs\Cofein\vendor\twig\twig\lib\Twig\ExpressionParser.php(84): Twig_ExpressionParser->parsePrimaryExpression()
#3 D:\Programs\Xampp\htdocs\Cofein\vendor\twig\twig\lib\Twig\ExpressionParser.php(41): Twig_ExpressionParser->getPrimary()
#4 D:\Programs\Xampp\htdocs\Cofein\vendor\twig\twig\lib\Twig\Parser.php(147): Twig_ExpressionParser->parseExpression()
#5 D:\Programs\Xampp\htdocs\Cofein\vendor\twig\twig\lib\Twig\TokenParser\Block.php(38): Twig_Parser->subparse(Array, true)
#6 D:\Programs\Xampp\htdocs\Cofein\vendor\twig\twig\lib\Twig\Parser.php(190): Twig_TokenParser_Block->parse(Object(Twig_Token))
#7 D:\Programs\Xampp\htdocs\Cofein\vendor\twig\twig\lib\Twig\Parser.php(103): Twig_Parser->subparse(NULL, false)
#8 D:\Programs\Xampp\htdocs\Cofein\vendor\twig\twig\lib\Twig\Environment.php(513): Twig_Parser->parse(Object(Twig_TokenStream))
#9 D:\Programs\Xampp\htdocs\Cofein\vendor\twig\twig\lib\Twig\Environment.php(565): Twig_Environment->parse(Object(Twig_TokenStream))
#10 D:\Programs\Xampp\htdocs\Cofein\vendor\twig\twig\lib\Twig\Environment.php(331): Twig_Environment->compileSource('{% extends layo...', 'index.html.twig')
#11 D:\Programs\Xampp\htdocs\Cofein\vendor\twig\twig\lib\Twig\Environment.php(286): Twig_Environment->loadTemplate('index.html.twig')
#12 D:\Programs\Xampp\htdocs\Cofein\classes\Main.php(100): Twig_Environment->render('index.html.twig', Array)
#13 D:\Programs\Xampp\htdocs\Cofein\classes\Main.php(22): Main->render()
#14 D:\Programs\Xampp\htdocs\Cofein\classes\Main.php(139): Main->__construct()
#15 D:\Programs\Xampp\htdocs\Cofein\index.php(13): Main::getInstance()
#16 {main}


[15/03/16  12:12:09]
exception 'Twig_Error_Syntax' with message 'Unknown "dump" function in "index.html.twig" at line 3.' in D:\Programs\Xampp\htdocs\Cofein\vendor\twig\twig\lib\Twig\ExpressionParser.php:569
Stack trace:
#0 D:\Programs\Xampp\htdocs\Cofein\vendor\twig\twig\lib\Twig\ExpressionParser.php(351): Twig_ExpressionParser->getFunctionNodeClass('dump', 3)
#1 D:\Programs\Xampp\htdocs\Cofein\vendor\twig\twig\lib\Twig\ExpressionParser.php(144): Twig_ExpressionParser->getFunctionNode('dump', 3)
#2 D:\Programs\Xampp\htdocs\Cofein\vendor\twig\twig\lib\Twig\ExpressionParser.php(84): Twig_ExpressionParser->parsePrimaryExpression()
#3 D:\Programs\Xampp\htdocs\Cofein\vendor\twig\twig\lib\Twig\ExpressionParser.php(41): Twig_ExpressionParser->getPrimary()
#4 D:\Programs\Xampp\htdocs\Cofein\vendor\twig\twig\lib\Twig\Parser.php(147): Twig_ExpressionParser->parseExpression()
#5 D:\Programs\Xampp\htdocs\Cofein\vendor\twig\twig\lib\Twig\TokenParser\Block.php(38): Twig_Parser->subparse(Array, true)
#6 D:\Programs\Xampp\htdocs\Cofein\vendor\twig\twig\lib\Twig\Parser.php(190): Twig_TokenParser_Block->parse(Object(Twig_Token))
#7 D:\Programs\Xampp\htdocs\Cofein\vendor\twig\twig\lib\Twig\Parser.php(103): Twig_Parser->subparse(NULL, false)
#8 D:\Programs\Xampp\htdocs\Cofein\vendor\twig\twig\lib\Twig\Environment.php(513): Twig_Parser->parse(Object(Twig_TokenStream))
#9 D:\Programs\Xampp\htdocs\Cofein\vendor\twig\twig\lib\Twig\Environment.php(565): Twig_Environment->parse(Object(Twig_TokenStream))
#10 D:\Programs\Xampp\htdocs\Cofein\vendor\twig\twig\lib\Twig\Environment.php(331): Twig_Environment->compileSource('{% extends layo...', 'index.html.twig')
#11 D:\Programs\Xampp\htdocs\Cofein\vendor\twig\twig\lib\Twig\Environment.php(286): Twig_Environment->loadTemplate('index.html.twig')
#12 D:\Programs\Xampp\htdocs\Cofein\classes\Main.php(100): Twig_Environment->render('index.html.twig', Array)
#13 D:\Programs\Xampp\htdocs\Cofein\classes\Main.php(22): Main->render()
#14 D:\Programs\Xampp\htdocs\Cofein\classes\Main.php(139): Main->__construct()
#15 D:\Programs\Xampp\htdocs\Cofein\index.php(13): Main::getInstance()
#16 {main}


[15/03/16  12:12:57]
exception 'Twig_Error_Syntax' with message 'Unknown "dump" function in "index.html.twig" at line 3.' in D:\Programs\Xampp\htdocs\Cofein\vendor\twig\twig\lib\Twig\ExpressionParser.php:569
Stack trace:
#0 D:\Programs\Xampp\htdocs\Cofein\vendor\twig\twig\lib\Twig\ExpressionParser.php(351): Twig_ExpressionParser->getFunctionNodeClass('dump', 3)
#1 D:\Programs\Xampp\htdocs\Cofein\vendor\twig\twig\lib\Twig\ExpressionParser.php(144): Twig_ExpressionParser->getFunctionNode('dump', 3)
#2 D:\Programs\Xampp\htdocs\Cofein\vendor\twig\twig\lib\Twig\ExpressionParser.php(84): Twig_ExpressionParser->parsePrimaryExpression()
#3 D:\Programs\Xampp\htdocs\Cofein\vendor\twig\twig\lib\Twig\ExpressionParser.php(41): Twig_ExpressionParser->getPrimary()
#4 D:\Programs\Xampp\htdocs\Cofein\vendor\twig\twig\lib\Twig\Parser.php(147): Twig_ExpressionParser->parseExpression()
#5 D:\Programs\Xampp\htdocs\Cofein\vendor\twig\twig\lib\Twig\TokenParser\Block.php(38): Twig_Parser->subparse(Array, true)
#6 D:\Programs\Xampp\htdocs\Cofein\vendor\twig\twig\lib\Twig\Parser.php(190): Twig_TokenParser_Block->parse(Object(Twig_Token))
#7 D:\Programs\Xampp\htdocs\Cofein\vendor\twig\twig\lib\Twig\Parser.php(103): Twig_Parser->subparse(NULL, false)
#8 D:\Programs\Xampp\htdocs\Cofein\vendor\twig\twig\lib\Twig\Environment.php(513): Twig_Parser->parse(Object(Twig_TokenStream))
#9 D:\Programs\Xampp\htdocs\Cofein\vendor\twig\twig\lib\Twig\Environment.php(565): Twig_Environment->parse(Object(Twig_TokenStream))
#10 D:\Programs\Xampp\htdocs\Cofein\vendor\twig\twig\lib\Twig\Environment.php(331): Twig_Environment->compileSource('{% extends layo...', 'index.html.twig')
#11 D:\Programs\Xampp\htdocs\Cofein\vendor\twig\twig\lib\Twig\Environment.php(286): Twig_Environment->loadTemplate('index.html.twig')
#12 D:\Programs\Xampp\htdocs\Cofein\classes\Main.php(100): Twig_Environment->render('index.html.twig', Array)
#13 D:\Programs\Xampp\htdocs\Cofein\classes\Main.php(22): Main->render()
#14 D:\Programs\Xampp\htdocs\Cofein\classes\Main.php(139): Main->__construct()
#15 D:\Programs\Xampp\htdocs\Cofein\index.php(13): Main::getInstance()
#16 {main}


