views/img/gallery/My first gallery/img1.jpg
views/img/gallery/My first gallery/img2.jpg
views/img/gallery/My first gallery/img3.jpg
views/img/gallery/My first gallery/img4.jpg
views/img/gallery/My first gallery/img1.jpg
views/img/gallery/My first gallery/img2.jpg
views/img/gallery/My first gallery/img3.jpg
views/img/gallery/My first gallery/img4.jpg
